
> react-lightning-design-system@2.2.1 test /home/ubuntu/workspace
> npm-run-all test:jest test:storyshots


> react-lightning-design-system@2.2.1 test:jest /home/ubuntu/workspace
> jest


 RUNS  ...icon-spec.js
 RUNS  ...form-spec.js
 RUNS  ...picklist-spec.js
 RUNS  ...notification-spec.js
 RUNS  ...button-spec.js
 RUNS  ...text-spec.js
 RUNS  ...badge-spec.js

Test Suites: 0 of 8 total
Tests:       0 total
Snapshots:   0 total
Time:        0s, estimated 20s[K[1A[K[1A[K[1A[K[1A[K[1A[K[1A[K[1A[K[1A[K[1A[K[1A[K[1A[K[1A
 RUNS  ...icon-spec.js
 RUNS  ...form-spec.js
 RUNS  ...picklist-spec.js
 RUNS  ...notification-spec.js
 RUNS  ...button-spec.js
 RUNS  ...text-spec.js
 RUNS  ...badge-spec.js

Test Suites: 0 of 8 total
Tests:       0 total
Snapshots:   0 total
Time:        1s, estimated 20s[K[1A[K[1A[K[1A[K[1A[K[1A[K[1A[K[1A[K[1A[K[1A[K[1A[K[1A[K[1A
 RUNS  ...icon-spec.js
 RUNS  ...form-spec.js
 RUNS  ...picklist-spec.js
 RUNS  ...notification-spec.js
 RUNS  ...button-spec.js
 RUNS  ...text-spec.js
 RUNS  ...badge-spec.js

Test Suites: 0 of 8 total
Tests:       0 total
Snapshots:   0 total
Time:        2s, estimated 20s[K[1A[K[1A[K[1A[K[1A[K[1A[K[1A[K[1A[K[1A[K[1A[K[1A[K[1A[K[1A
 RUNS  ...icon-spec.js
 RUNS  ...form-spec.js
 RUNS  ...picklist-spec.js
 RUNS  ...notification-spec.js
 RUNS  ...button-spec.js
 RUNS  ...text-spec.js
 RUNS  ...badge-spec.js

Test Suites: 0 of 8 total
Tests:       0 total
Snapshots:   0 total
Time:        3s, estimated 20s[K[1A[K[1A[K[1A[K[1A[K[1A[K[1A[K[1A[K[1A[K[1A[K[1A[K[1A[K[1A
 RUNS  ...icon-spec.js
 RUNS  ...form-spec.js
 RUNS  ...picklist-spec.js
 RUNS  ...notification-spec.js
 RUNS  ...button-spec.js
 RUNS  ...text-spec.js
 RUNS  ...badge-spec.js

Test Suites: 0 of 8 total
Tests:       0 total
Snapshots:   0 total
Time:        4s, estimated 20s[K[1A[K[1A[K[1A[K[1A[K[1A[K[1A[K[1A[K[1A[K[1A[K[1A[K[1A[K[1A
 RUNS  ...icon-spec.js
 RUNS  ...form-spec.js
 RUNS  ...picklist-spec.js
 RUNS  ...notification-spec.js
 RUNS  ...button-spec.js
 RUNS  ...text-spec.js
 RUNS  ...badge-spec.js

Test Suites: 0 of 8 total
Tests:       0 total
Snapshots:   0 total
Time:        5s, estimated 20s[K[1A[K[1A[K[1A[K[1A[K[1A[K[1A[K[1A[K[1A[K[1A[K[1A[K[1A[K[1A
 RUNS  ...icon-spec.js
 RUNS  ...form-spec.js
 RUNS  ...picklist-spec.js
 RUNS  ...notification-spec.js
 RUNS  ...button-spec.js
 RUNS  ...text-spec.js
 RUNS  ...badge-spec.js

Test Suites: 0 of 8 total
Tests:       0 total
Snapshots:   0 total
Time:        6s, estimated 20s[K[1A[K[1A[K[1A[K[1A[K[1A[K[1A[K[1A[K[1A[K[1A[K[1A[K[1A[K[1A
 RUNS  ...icon-spec.js
 RUNS  ...form-spec.js
 RUNS  ...picklist-spec.js
 RUNS  ...notification-spec.js
 RUNS  ...button-spec.js
 RUNS  ...text-spec.js
 RUNS  ...badge-spec.js

Test Suites: 0 of 8 total
Tests:       0 total
Snapshots:   0 total
Time:        7s, estimated 20s[K[1A[K[1A[K[1A[K[1A[K[1A[K[1A[K[1A[K[1A[K[1A[K[1A[K[1A[K[1A
 RUNS  ...icon-spec.js
 RUNS  ...form-spec.js
 RUNS  ...picklist-spec.js
 RUNS  ...notification-spec.js
 RUNS  ...button-spec.js
 RUNS  ...text-spec.js
 RUNS  ...badge-spec.js

Test Suites: 0 of 8 total
Tests:       0 total
Snapshots:   0 total
Time:        8s, estimated 20s[K[1A[K[1A[K[1A[K[1A[K[1A[K[1A[K[1A[K[1A[K[1A[K[1A[K[1A[K[1A
 RUNS  ...icon-spec.js
 RUNS  ...form-spec.js
 RUNS  ...picklist-spec.js
 RUNS  ...notification-spec.js
 RUNS  ...button-spec.js
 RUNS  ...text-spec.js
 RUNS  ...badge-spec.js

Test Suites: 0 of 8 total
Tests:       0 total
Snapshots:   0 total
Time:        9s, estimated 20s[K[1A[K[1A[K[1A[K[1A[K[1A[K[1A[K[1A[K[1A[K[1A[K[1A[K[1A[K[1A
 RUNS  ...icon-spec.js
 RUNS  ...form-spec.js
 RUNS  ...picklist-spec.js
 RUNS  ...notification-spec.js
 RUNS  ...button-spec.js
 RUNS  ...text-spec.js
 RUNS  ...badge-spec.js

Test Suites: 0 of 8 total
Tests:       0 total
Snapshots:   0 total
Time:        10s, estimated 20s[K[1A[K[1A[K[1A[K[1A[K[1A[K[1A[K[1A[K[1A[K[1A[K[1A[K[1A[K[1A
 RUNS  ...icon-spec.js
 RUNS  ...form-spec.js
 RUNS  ...picklist-spec.js
 RUNS  ...notification-spec.js
 RUNS  ...button-spec.js
 RUNS  ...text-spec.js
 RUNS  ...badge-spec.js

Test Suites: 0 of 8 total
Tests:       0 total
Snapshots:   0 total
Time:        11s, estimated 20s[K[1A[K[1A[K[1A[K[1A[K[1A[K[1A[K[1A[K[1A[K[1A[K[1A[K[1A[K[1A
 RUNS  ...icon-spec.js
 RUNS  ...form-spec.js
 RUNS  ...picklist-spec.js
 RUNS  ...notification-spec.js
 RUNS  ...button-spec.js
 RUNS  ...text-spec.js
 RUNS  ...badge-spec.js

Test Suites: 0 of 8 total
Tests:       0 total
Snapshots:   0 total
Time:        12s, estimated 20s[K[1A[K[1A[K[1A[K[1A[K[1A[K[1A[K[1A[K[1A[K[1A[K[1A[K[1A[K[1A
 RUNS  ...icon-spec.js
 RUNS  ...form-spec.js
 RUNS  ...picklist-spec.js
 RUNS  ...notification-spec.js
 RUNS  ...button-spec.js
 RUNS  ...text-spec.js
 RUNS  ...badge-spec.js

Test Suites: 0 of 8 total
Tests:       0 total
Snapshots:   0 total
Time:        13s, estimated 20s[K[1A[K[1A[K[1A[K[1A[K[1A[K[1A[K[1A[K[1A[K[1A[K[1A[K[1A[K[1A
 RUNS  ...icon-spec.js
 RUNS  ...form-spec.js
 RUNS  ...picklist-spec.js
 RUNS  ...notification-spec.js
 RUNS  ...button-spec.js
 RUNS  ...text-spec.js
 RUNS  ...badge-spec.js

Test Suites: 0 of 8 total
Tests:       0 total
Snapshots:   0 total
Time:        14s, estimated 20s[K[1A[K[1A[K[1A[K[1A[K[1A[K[1A[K[1A[K[1A[K[1A[K[1A[K[1A[K[1A
 RUNS  ...icon-spec.js
 RUNS  ...form-spec.js
 RUNS  ...picklist-spec.js
 RUNS  ...notification-spec.js
 RUNS  ...button-spec.js
 RUNS  ...text-spec.js
 RUNS  ...badge-spec.js

Test Suites: 0 of 8 total
Tests:       0 total
Snapshots:   0 total
Time:        15s, estimated 20s[K[1A[K[1A[K[1A[K[1A[K[1A[K[1A[K[1A[K[1A[K[1A[K[1A[K[1A[K[1A
 RUNS  ...icon-spec.js
 RUNS  ...form-spec.js
 RUNS  ...picklist-spec.js
 RUNS  ...notification-spec.js
 RUNS  ...button-spec.js
 RUNS  ...text-spec.js
 RUNS  ...badge-spec.js

Test Suites: 0 of 8 total
Tests:       0 total
Snapshots:   0 total
Time:        16s, estimated 20s[K[1A[K[1A[K[1A[K[1A[K[1A[K[1A[K[1A[K[1A[K[1A[K[1A[K[1A[K[1A
 RUNS  ...icon-spec.js
 RUNS  ...form-spec.js
 RUNS  ...picklist-spec.js
 RUNS  ...notification-spec.js
 RUNS  ...button-spec.js
 RUNS  ...text-spec.js
 RUNS  ...badge-spec.js

Test Suites: 0 of 8 total
Tests:       0 total
Snapshots:   0 total
Time:        17s, estimated 20s[K[1A[K[1A[K[1A[K[1A[K[1A[K[1A[K[1A[K[1A[K[1A[K[1A[K[1A[K[1A
 RUNS  ...icon-spec.js
 RUNS  ...form-spec.js
 RUNS  ...picklist-spec.js
 RUNS  ...notification-spec.js
 RUNS  ...button-spec.js
 RUNS  ...text-spec.js
 RUNS  ...badge-spec.js

Test Suites: 0 of 8 total
Tests:       0 total
Snapshots:   0 total
Time:        18s, estimated 20s[K[1A[K[1A[K[1A[K[1A[K[1A[K[1A[K[1A[K[1A[K[1A[K[1A[K[1A[K[1A
 RUNS  ...icon-spec.js
 RUNS  ...form-spec.js
 RUNS  ...picklist-spec.js
 RUNS  ...notification-spec.js
 RUNS  ...button-spec.js
 RUNS  ...text-spec.js
 RUNS  ...badge-spec.js

Test Suites: 0 of 8 total
Tests:       0 total
Snapshots:   0 total
Time:        19s, estimated 20s[K[1A[K[1A[K[1A[K[1A[K[1A[K[1A[K[1A[K[1A[K[1A[K[1A[K[1A[K[1A
 RUNS  ...icon-spec.js
 RUNS  ...form-spec.js
 RUNS  ...picklist-spec.js
 RUNS  ...notification-spec.js
 RUNS  ...button-spec.js
 RUNS  ...text-spec.js
 RUNS  ...badge-spec.js

Test Suites: 0 of 8 total
Tests:       0 total
Snapshots:   0 total
Time:        20s[K[1A[K[1A[K[1A[K[1A[K[1A[K[1A[K[1A[K[1A[K[1A[K[1A[K[1A[K[1A
 RUNS  ...icon-spec.js
 RUNS  ...form-spec.js
 RUNS  ...picklist-spec.js
 RUNS  ...notification-spec.js
 RUNS  ...button-spec.js
 RUNS  ...text-spec.js
 RUNS  ...badge-spec.js

Test Suites: 0 of 8 total
Tests:       0 total
Snapshots:   0 total
Time:        21s[K[1A[K[1A[K[1A[K[1A[K[1A[K[1A[K[1A[K[1A[K[1A[K[1A[K[1A[K[1A
 RUNS  ...icon-spec.js
 RUNS  ...form-spec.js
 RUNS  ...picklist-spec.js
 RUNS  ...notification-spec.js
 RUNS  ...button-spec.js
 RUNS  ...text-spec.js
 RUNS  ...badge-spec.js

Test Suites: 0 of 8 total
Tests:       0 total
Snapshots:   0 total
Time:        22s[K[1A[K[1A[K[1A[K[1A[K[1A[K[1A[K[1A[K[1A[K[1A[K[1A[K[1A[K[1A
 RUNS  ...icon-spec.js
 RUNS  ...form-spec.js
 RUNS  ...picklist-spec.js
 RUNS  ...notification-spec.js
 RUNS  ...button-spec.js
 RUNS  ...text-spec.js
 RUNS  ...badge-spec.js

Test Suites: 0 of 8 total
Tests:       0 total
Snapshots:   0 total
Time:        23s[K[1A[K[1A[K[1A[K[1A[K[1A[K[1A[K[1A[K[1A[K[1A[K[1A[K[1A[K[1A
 RUNS  ...icon-spec.js
 RUNS  ...form-spec.js
 RUNS  ...picklist-spec.js
 RUNS  ...notification-spec.js
 RUNS  ...button-spec.js
 RUNS  ...text-spec.js
 RUNS  ...badge-spec.js

Test Suites: 0 of 8 total
Tests:       0 total
Snapshots:   0 total
Time:        24s[K[1A[K[1A[K[1A[K[1A[K[1A[K[1A[K[1A[K[1A[K[1A[K[1A[K[1A[K[1A
 RUNS  ...icon-spec.js
 RUNS  ...form-spec.js
 RUNS  ...picklist-spec.js
 RUNS  ...notification-spec.js
 RUNS  ...button-spec.js
 RUNS  ...text-spec.js
 RUNS  ...badge-spec.js

Test Suites: 0 of 8 total
Tests:       0 total
Snapshots:   0 total
Time:        25s[K[1A[K[1A[K[1A[K[1A[K[1A[K[1A[K[1A[K[1A[K[1A[K[1A[K[1A[K[1A
 RUNS  ...icon-spec.js
 RUNS  ...form-spec.js
 RUNS  ...picklist-spec.js
 RUNS  ...notification-spec.js
 RUNS  ...button-spec.js
 RUNS  ...text-spec.js
 RUNS  ...badge-spec.js

Test Suites: 0 of 8 total
Tests:       0 total
Snapshots:   0 total
Time:        26s[K[1A[K[1A[K[1A[K[1A[K[1A[K[1A[K[1A[K[1A[K[1A[K[1A[K[1A[K[1A
 RUNS  ...icon-spec.js
 RUNS  ...form-spec.js
 RUNS  ...picklist-spec.js
 RUNS  ...notification-spec.js
 RUNS  ...button-spec.js
 RUNS  ...text-spec.js
 RUNS  ...badge-spec.js

Test Suites: 0 of 8 total
Tests:       0 total
Snapshots:   0 total
Time:        27s[K[1A[K[1A[K[1A[K[1A[K[1A[K[1A[K[1A[K[1A[K[1A[K[1A[K[1A[K[1A
 RUNS  ...icon-spec.js
 RUNS  ...form-spec.js
 RUNS  ...picklist-spec.js
 RUNS  ...notification-spec.js
 RUNS  ...button-spec.js
 RUNS  ...text-spec.js
 RUNS  ...badge-spec.js

Test Suites: 0 of 8 total
Tests:       0 total
Snapshots:   0 total
Time:        28s[K[1A[K[1A[K[1A[K[1A[K[1A[K[1A[K[1A[K[1A[K[1A[K[1A[K[1A[K[1A
 RUNS  ...icon-spec.js
 RUNS  ...form-spec.js
 RUNS  ...picklist-spec.js
 RUNS  ...notification-spec.js
 RUNS  ...button-spec.js
 RUNS  ...text-spec.js
 RUNS  ...badge-spec.js

Test Suites: 0 of 8 total
Tests:       0 total
Snapshots:   0 total
Time:        29s[K[1A[K[1A[K[1A[K[1A[K[1A[K[1A[K[1A[K[1A[K[1A[K[1A[K[1A[K[1A
 RUNS  ...icon-spec.js
 RUNS  ...form-spec.js
 RUNS  ...picklist-spec.js
 RUNS  ...notification-spec.js
 RUNS  ...button-spec.js
 RUNS  ...text-spec.js
 RUNS  ...badge-spec.js

Test Suites: 0 of 8 total
Tests:       0 total
Snapshots:   0 total
Time:        30s[K[1A[K[1A[K[1A[K[1A[K[1A[K[1A[K[1A[K[1A[K[1A[K[1A[K[1A[K[1A
 RUNS  ...icon-spec.js
 RUNS  ...form-spec.js
 RUNS  ...picklist-spec.js
 RUNS  ...notification-spec.js
 RUNS  ...button-spec.js
 RUNS  ...text-spec.js
 RUNS  ...badge-spec.js

Test Suites: 0 of 8 total
Tests:       0 total
Snapshots:   0 total
Time:        30s[K[1A[K[1A[K[1A[K[1A[K[1A[K[1A[K[1A[K[1A[K[1A[K[1A[K[1A[K[1A
 RUNS  ...icon-spec.js
 RUNS  ...form-spec.js
 RUNS  ...picklist-spec.js
 RUNS  ...notification-spec.js
 RUNS  ...button-spec.js
 RUNS  ...text-spec.js
 RUNS  ...breadcrumbs-spec.js

Test Suites: 1 passed, 1 of 8 total
Tests:       4 passed, 4 total
Snapshots:   0 total
Time:        31s[K[1A[K[1A[K[1A[K[1A[K[1A[K[1A[K[1A[K[1A[K[1A[K[1A[K[1A[K[1A
 RUNS  ...icon-spec.js
 RUNS  ...form-spec.js
 RUNS  ...picklist-spec.js
 RUNS  ...notification-spec.js
 RUNS  ...button-spec.js
 RUNS  ...text-spec.js
 RUNS  ...breadcrumbs-spec.js

Test Suites: 1 passed, 1 of 8 total
Tests:       4 passed, 4 total
Snapshots:   0 total
Time:        31s[K[1A[K[1A[K[1A[K[1A[K[1A[K[1A[K[1A[K[1A[K[1A[K[1A[K[1A[K[1A
 RUNS  ...icon-spec.js
 RUNS  ...form-spec.js
 RUNS  ...picklist-spec.js
 RUNS  ...notification-spec.js
 RUNS  ...button-spec.js
 RUNS  ...text-spec.js
 RUNS  ...breadcrumbs-spec.js

Test Suites: 1 passed, 1 of 8 total
Tests:       4 passed, 4 total
Snapshots:   0 total
Time:        31s[K[1A[K[1A[K[1A[K[1A[K[1A[K[1A[K[1A[K[1A[K[1A[K[1A[K[1A[K[1A
 RUNS  ...icon-spec.js
 RUNS  ...picklist-spec.js
 RUNS  ...notification-spec.js
 RUNS  ...button-spec.js
 RUNS  ...text-spec.js
 RUNS  ...breadcrumbs-spec.js

Test Suites: 2 passed, 2 of 8 total
Tests:       5 passed, 5 total
Snapshots:   0 total
Time:        32s[K[1A[K[1A[K[1A[K[1A[K[1A[K[1A[K[1A[K[1A[K[1A[K[1A[K[1A
 RUNS  ...icon-spec.js
 RUNS  ...picklist-spec.js
 RUNS  ...notification-spec.js
 RUNS  ...button-spec.js
 RUNS  ...text-spec.js
 RUNS  ...breadcrumbs-spec.js

Test Suites: 2 passed, 2 of 8 total
Tests:       5 passed, 5 total
Snapshots:   0 total
Time:        32s[K[1A[K[1A[K[1A[K[1A[K[1A[K[1A[K[1A[K[1A[K[1A[K[1A[K[1A
 RUNS  ...icon-spec.js
 RUNS  ...picklist-spec.js
 RUNS  ...notification-spec.js
 RUNS  ...button-spec.js
 RUNS  ...breadcrumbs-spec.js

Test Suites: 3 passed, 3 of 8 total
Tests:       9 passed, 9 total
Snapshots:   0 total
Time:        32s[K[1A[K[1A[K[1A[K[1A[K[1A[K[1A[K[1A[K[1A[K[1A[K[1A
 RUNS  ...icon-spec.js
 RUNS  ...picklist-spec.js
 RUNS  ...notification-spec.js
 RUNS  ...button-spec.js
 RUNS  ...breadcrumbs-spec.js

Test Suites: 3 passed, 3 of 8 total
Tests:       9 passed, 9 total
Snapshots:   0 total
Time:        32s[K[1A[K[1A[K[1A[K[1A[K[1A[K[1A[K[1A[K[1A[K[1A[K[1A
 RUNS  ...icon-spec.js
 RUNS  ...picklist-spec.js
 RUNS  ...notification-spec.js
 RUNS  ...breadcrumbs-spec.js

Test Suites: 4 passed, 4 of 8 total
Tests:       28 passed, 28 total
Snapshots:   0 total
Time:        33s[K[1A[K[1A[K[1A[K[1A[K[1A[K[1A[K[1A[K[1A[K[1A
 RUNS  ...icon-spec.js
 RUNS  ...picklist-spec.js
 RUNS  ...notification-spec.js
 RUNS  ...breadcrumbs-spec.js

Test Suites: 4 passed, 4 of 8 total
Tests:       28 passed, 28 total
Snapshots:   0 total
Time:        33s[K[1A[K[1A[K[1A[K[1A[K[1A[K[1A[K[1A[K[1A[K[1A
 RUNS  ...picklist-spec.js
 RUNS  ...notification-spec.js
 RUNS  ...breadcrumbs-spec.js

Test Suites: 5 passed, 5 of 8 total
Tests:       32 passed, 32 total
Snapshots:   0 total
Time:        34s[K[1A[K[1A[K[1A[K[1A[K[1A[K[1A[K[1A[K[1A
 RUNS  ...picklist-spec.js
 RUNS  ...notification-spec.js
 RUNS  ...breadcrumbs-spec.js

Test Suites: 5 passed, 5 of 8 total
Tests:       32 passed, 32 total
Snapshots:   0 total
Time:        34s[K[1A[K[1A[K[1A[K[1A[K[1A[K[1A[K[1A[K[1A
 RUNS  ...picklist-spec.js
 RUNS  ...notification-spec.js
 RUNS  ...breadcrumbs-spec.js

Test Suites: 5 passed, 5 of 8 total
Tests:       32 passed, 32 total
Snapshots:   0 total
Time:        34s[K[1A[K[1A[K[1A[K[1A[K[1A[K[1A[K[1A[K[1A
 RUNS  ...notification-spec.js

Test Suites: 7 passed, 7 of 8 total
Tests:       41 passed, 41 total
Snapshots:   0 total
Time:        35s[K[1A[K[1A[K[1A[K[1A[K[1A[K[1A
 RUNS  ...notification-spec.js

Test Suites: 7 passed, 7 of 8 total
Tests:       41 passed, 41 total
Snapshots:   0 total
Time:        35s[K[1A[K[1A[K[1A[K[1A[K[1A[K[1A-----------------|----------|----------|----------|----------|----------------|
File             |  % Stmts | % Branch |  % Funcs |  % Lines |Uncovered Lines |
-----------------|----------|----------|----------|----------|----------------|
All files        |    69.41 |     55.7 |    67.05 |    69.67 |                |
 Badge.js        |      100 |      100 |      100 |      100 |                |
 BreadCrumbs.js  |      100 |      100 |      100 |      100 |                |
 Button.js       |      100 |    79.55 |      100 |      100 |                |
 DropdownMenu.js |    36.84 |    27.42 |    35.71 |    38.89 |... 149,152,153 |
 Form.js         |      100 |      100 |      100 |      100 |                |
 FormElement.js  |    89.66 |       40 |      100 |    89.66 |    147,148,149 |
 Icon.js         |    74.42 |    58.33 |       90 |    76.19 |... 179,185,186 |
 Notification.js |      100 |    76.92 |      100 |      100 |                |
 Picklist.js     |    58.56 |     52.7 |    65.38 |    58.56 |... 184,186,187 |
 Spinner.js      |    36.36 |        0 |        0 |    36.36 |... 19,25,39,41 |
 Text.js         |      100 |      100 |      100 |      100 |                |
 util.js         |     62.5 |       50 |    36.36 |       60 |... 59,60,61,63 |
-----------------|----------|----------|----------|----------|----------------|

> react-lightning-design-system@2.2.1 test:storyshots /home/ubuntu/workspace
> NODE_ENV=test storyshots

=> Loading custom .babelrc

Badge

✗ Default
  - Snapshot
  + Current story
  
  <div>
      <div
        style={
          Object {
            "position": "relative",
            "zIndex": 0,
          }
        }>
        <span
          className="slds-badge">
          Badge Label
        </span>
      </div>
      <a
        onClick={[Function]}
        style={
          Object {
            "background": "#28c",
            "borderRadius": "0 0 0 5px",
            "color": "#fff",
            "cursor": "pointer",
            "display": "block",
            "fontFamily": "sans-serif",
  -         "fontSize": 12,
  +         "fontSize": "12px",
            "padding": "5px 15px",
            "position": "fixed",
            "right": 0,
            "textDecoration": "none",
            "top": 0,
          }
        }>
        ?
      </a>
      <div
        style={
          Object {
            "background": "white",
            "bottom": 0,
            "display": "none",
            "left": 0,
            "overflow": "auto",
            "padding": "0 40px",
            "position": "absolute",
            "right": 0,
            "top": 0,
          }
        }>
        <a
          onClick={[Function]}
          style={
            Object {
              "background": "#28c",
              "borderRadius": "0 0 0 5px",
              "color": "#fff",
              "cursor": "pointer",
              "display": "block",
              "fontFamily": "sans-serif",
  -           "fontSize": 12,
  +           "fontSize": "12px",
              "padding": "5px 15px",
              "position": "fixed",
              "right": 0,
              "textDecoration": "none",
              "top": 0,
            }
          }>
          ×
        </a>
        <div
          style={undefined}>
          <div
            style={
              Object {
                "WebkitFontSmoothing": "antialiased",
                "color": "#444",
                "fontFamily": "
                  -apple-system, ".SFNSText-Regular", "San Francisco", "Roboto",
                  "Segoe UI", "Helvetica Neue", "Lucida Grande", sans-serif
                ",
  -             "fontSize": 15,
  +             "fontSize": "15px",
                "fontWeight": 300,
                "lineHeight": 1.45,
              }
            }>
            <div
              style={
                Object {
                  "borderBottom": "1px solid #eee",
                  "marginBottom": 10,
  +               "paddingTop": 10,
                }
              }>
              <h1
                style={
                  Object {
  -                 "fontSize": 35,
  -                 "margin": "20px 0 0 0",
  +                 "fontSize": "35px",
  +                 "margin": 0,
                    "padding": 0,
                  }
                }>
                Badge
              </h1>
              <h2
                style={
                  Object {
  -                 "fontSize": 22,
  +                 "fontSize": "22px",
                    "fontWeight": 400,
                    "margin": "0 0 10px 0",
                    "padding": 0,
                  }
                }>
                Default
              </h2>
            </div>
            <div
              style={
                Object {
                  "marginBottom": 0,
                }
              }>
              <p
                style={
                  Object {
                    "WebkitFontSmoothing": "antialiased",
                    "color": "#444",
                    "fontFamily": "
                      -apple-system, ".SFNSText-Regular", "San Francisco", "Roboto",
                      "Segoe UI", "Helvetica Neue", "Lucida Grande", sans-serif
                    ",
  -                 "fontSize": 15,
  +                 "fontSize": "15px",
                  }
                }>
                Default badge
              </p>
            </div>
            <div>
              <h1
                style={
                  Object {
                    "borderBottom": "1px solid #EEE",
  -                 "fontSize": 25,
  +                 "fontSize": "25px",
                    "margin": "20px 0 0 0",
                    "padding": "0 0 5px 0",
                  }
                }>
                Story Source
              </h1>
              <pre
                style={
                  Object {
                    "backgroundColor": "#fafafa",
                    "fontFamily": "Menlo, Monaco, "Courier New", monospace",
                    "fontSize": ".88em",
                    "lineHeight": 1.5,
                    "overflowX": "scroll",
                    "padding": ".5rem",
                  }
                }>
                <div>
                  <div
                    style={
                      Object {
                        "paddingLeft": 18,
                        "paddingRight": 3,
                      }
                    }>
                    <span
                      style={
                        Object {
                          "color": "#777",
                        }
                      }>
                      <
                      Badge
                    </span>
                    <span>
                      <span>
                         
                        <span
                          style={Object {}}>
                          onClick
                        </span>
                        <span>
                          =
                          <span
                            style={Object {}}>
                            <span>
                              {
                              <span
                                style={
                                  Object {
                                    "color": "#170",
                                  }
                                }>
  -                             anonymous()
  +                             click()
                              </span>
                              }
                            </span>
                          </span>
                        </span>
                        
                      </span>
                    </span>
                    <span
                      style={
                        Object {
                          "color": "#777",
                        }
                      }>
                      >
                    </span>
                  </div>
                  <div
                    style={
                      Object {
                        "paddingLeft": 33,
                        "paddingRight": 3,
                      }
                    }>
                    <span
                      style={
                        Object {
                          "color": "#777",
                        }
                      }>
                      Badge Label
                    </span>
                  </div>
                  <div
                    style={
                      Object {
                        "paddingLeft": 18,
                        "paddingRight": 3,
                      }
                    }>
                    <span
                      style={
                        Object {
                          "color": "#777",
                        }
                      }>
                      </
                      Badge
                      >
                    </span>
                  </div>
                </div>
              </pre>
            </div>
            <div>
              <h1
                style={
                  Object {
                    "borderBottom": "1px solid #EEE",
  -                 "fontSize": 25,
  +                 "fontSize": "25px",
                    "margin": "20px 0 0 0",
                    "padding": "0 0 5px 0",
                  }
                }>
                Prop Types
              </h1>
              <div>
                <h2
                  style={
                    Object {
                      "margin": "20px 0 0 0",
                    }
                  }>
                  "
                  Badge
                  " Component
                </h2>
                <table
                  style={
                    Object {
                      "borderCollapse": "separate",
                      "borderSpacing": "10px 5px",
                      "marginLeft": -10,
                    }
                  }>
                  <thead>
                    <tr>
                      <th>
                        property
                      </th>
                      <th>
                        propType
                      </th>
                      <th>
                        required
                      </th>
                      <th>
                        default
                      </th>
                    </tr>
                  </thead>
                  <tbody>
                    <tr>
                      <td>
                        children
                      </td>
                      <td>
                        node
                      </td>
                      <td>
                        no
                      </td>
                      <td>
                        -
                      </td>
                    </tr>
                    <tr>
                      <td>
                        label
                      </td>
                      <td>
                        string
                      </td>
                      <td>
                        no
                      </td>
                      <td>
                        -
                      </td>
                    </tr>
                    <tr>
                      <td>
                        type
                      </td>
                      <td>
                        other
                      </td>
                      <td>
                        no
                      </td>
                      <td>
                        -
                      </td>
                    </tr>
                  </tbody>
                </table>
              </div>
            </div>
          </div>
        </div>
      </div>
    </div>


BreadCrumbs

✗ Default
  - Snapshot
  + Current story
  
  <div>
      <div
        style={
          Object {
            "position": "relative",
            "zIndex": 0,
          }
        }>
        <nav
          role="navigation">
          <ol
            aria-labelledby="bread-crumb-label"
            className="slds-breadcrumb slds-list--horizontal">
            <li
              className="slds-list__item slds-text-heading--label"
              onClick={[Function]}>
              <a
                href={undefined}>
                Parent Entity
              </a>
            </li>
            <li
              className="slds-list__item slds-text-heading--label"
              onClick={[Function]}>
              <a
                href={undefined}>
                Parent Record Name
              </a>
            </li>
          </ol>
        </nav>
      </div>
      <a
        onClick={[Function]}
        style={
          Object {
            "background": "#28c",
            "borderRadius": "0 0 0 5px",
            "color": "#fff",
            "cursor": "pointer",
            "display": "block",
            "fontFamily": "sans-serif",
  -         "fontSize": 12,
  +         "fontSize": "12px",
            "padding": "5px 15px",
            "position": "fixed",
            "right": 0,
            "textDecoration": "none",
            "top": 0,
          }
        }>
        ?
      </a>
      <div
        style={
          Object {
            "background": "white",
            "bottom": 0,
            "display": "none",
            "left": 0,
            "overflow": "auto",
            "padding": "0 40px",
            "position": "absolute",
            "right": 0,
            "top": 0,
          }
        }>
        <a
          onClick={[Function]}
          style={
            Object {
              "background": "#28c",
              "borderRadius": "0 0 0 5px",
              "color": "#fff",
              "cursor": "pointer",
              "display": "block",
              "fontFamily": "sans-serif",
  -           "fontSize": 12,
  +           "fontSize": "12px",
              "padding": "5px 15px",
              "position": "fixed",
              "right": 0,
              "textDecoration": "none",
              "top": 0,
            }
          }>
          ×
        </a>
        <div
          style={undefined}>
          <div
            style={
              Object {
                "WebkitFontSmoothing": "antialiased",
                "color": "#444",
                "fontFamily": "
                  -apple-system, ".SFNSText-Regular", "San Francisco", "Roboto",
                  "Segoe UI", "Helvetica Neue", "Lucida Grande", sans-serif
                ",
  -             "fontSize": 15,
  +             "fontSize": "15px",
                "fontWeight": 300,
                "lineHeight": 1.45,
              }
            }>
            <div
              style={
                Object {
                  "borderBottom": "1px solid #eee",
                  "marginBottom": 10,
  +               "paddingTop": 10,
                }
              }>
              <h1
                style={
                  Object {
  -                 "fontSize": 35,
  -                 "margin": "20px 0 0 0",
  +                 "fontSize": "35px",
  +                 "margin": 0,
                    "padding": 0,
                  }
                }>
                BreadCrumbs
              </h1>
              <h2
                style={
                  Object {
  -                 "fontSize": 22,
  +                 "fontSize": "22px",
                    "fontWeight": 400,
                    "margin": "0 0 10px 0",
                    "padding": 0,
                  }
                }>
                Default
              </h2>
            </div>
            <div
              style={
                Object {
                  "marginBottom": 0,
                }
              }>
              <p
                style={
                  Object {
                    "WebkitFontSmoothing": "antialiased",
                    "color": "#444",
                    "fontFamily": "
                      -apple-system, ".SFNSText-Regular", "San Francisco", "Roboto",
                      "Segoe UI", "Helvetica Neue", "Lucida Grande", sans-serif
                    ",
  -                 "fontSize": 15,
  +                 "fontSize": "15px",
                  }
                }>
                Default BreadCrumbs
              </p>
            </div>
            <div>
              <h1
                style={
                  Object {
                    "borderBottom": "1px solid #EEE",
  -                 "fontSize": 25,
  +                 "fontSize": "25px",
                    "margin": "20px 0 0 0",
                    "padding": "0 0 5px 0",
                  }
                }>
                Story Source
              </h1>
              <pre
                style={
                  Object {
                    "backgroundColor": "#fafafa",
                    "fontFamily": "Menlo, Monaco, "Courier New", monospace",
                    "fontSize": ".88em",
                    "lineHeight": 1.5,
                    "overflowX": "scroll",
                    "padding": ".5rem",
                  }
                }>
                <div>
                  <div
                    style={
                      Object {
                        "paddingLeft": 18,
                        "paddingRight": 3,
                      }
                    }>
                    <span
                      style={
                        Object {
                          "color": "#777",
                        }
                      }>
                      <
                      BreadCrumbs
                    </span>
                    <span />
                    <span
                      style={
                        Object {
                          "color": "#777",
                        }
                      }>
                      >
                    </span>
                  </div>
                  <div>
                    <div
                      style={
                        Object {
                          "paddingLeft": 33,
                          "paddingRight": 3,
                        }
                      }>
                      <span
                        style={
                          Object {
                            "color": "#777",
                          }
                        }>
                        <
                        Crumb
                      </span>
                      <span>
                        <span>
                           
                          <span
                            style={Object {}}>
                            onClick
                          </span>
                          <span>
                            =
                            <span
                              style={Object {}}>
                              <span>
                                {
                                <span
                                  style={
                                    Object {
                                      "color": "#170",
                                    }
                                  }>
  -                               anonymous()
  +                               crumb1_click()
                                </span>
                                }
                              </span>
                            </span>
                          </span>
                          
                        </span>
                      </span>
                      <span
                        style={
                          Object {
                            "color": "#777",
                          }
                        }>
                        >
                      </span>
                    </div>
                    <div
                      style={
                        Object {
                          "paddingLeft": 48,
                          "paddingRight": 3,
                        }
                      }>
                      <span
                        style={
                          Object {
                            "color": "#777",
                          }
                        }>
                        Parent Entity
                      </span>
                    </div>
                    <div
                      style={
                        Object {
                          "paddingLeft": 33,
                          "paddingRight": 3,
                        }
                      }>
                      <span
                        style={
                          Object {
                            "color": "#777",
                          }
                        }>
                        </
                        Crumb
                        >
                      </span>
                    </div>
                  </div>
                  <div>
                    <div
                      style={
                        Object {
                          "paddingLeft": 33,
                          "paddingRight": 3,
                        }
                      }>
                      <span
                        style={
                          Object {
                            "color": "#777",
                          }
                        }>
                        <
                        Crumb
                      </span>
                      <span>
                        <span>
                           
                          <span
                            style={Object {}}>
                            onClick
                          </span>
                          <span>
                            =
                            <span
                              style={Object {}}>
                              <span>
                                {
                                <span
                                  style={
                                    Object {
                                      "color": "#170",
                                    }
                                  }>
  -                               anonymous()
  +                               crumb2_click()
                                </span>
                                }
                              </span>
                            </span>
                          </span>
                          
                        </span>
                      </span>
                      <span
                        style={
                          Object {
                            "color": "#777",
                          }
                        }>
                        >
                      </span>
                    </div>
                    <div
                      style={
                        Object {
                          "paddingLeft": 48,
                          "paddingRight": 3,
                        }
                      }>
                      <span
                        style={
                          Object {
                            "color": "#777",
                          }
                        }>
                        Parent Record Name
                      </span>
                    </div>
                    <div
                      style={
                        Object {
                          "paddingLeft": 33,
                          "paddingRight": 3,
                        }
                      }>
                      <span
                        style={
                          Object {
                            "color": "#777",
                          }
                        }>
                        </
                        Crumb
                        >
                      </span>
                    </div>
                  </div>
                  <div
                    style={
                      Object {
                        "paddingLeft": 18,
                        "paddingRight": 3,
                      }
                    }>
                    <span
                      style={
                        Object {
                          "color": "#777",
                        }
                      }>
                      </
                      BreadCrumbs
                      >
                    </span>
                  </div>
                </div>
              </pre>
            </div>
            <div>
              <h1
                style={
                  Object {
                    "borderBottom": "1px solid #EEE",
  -                 "fontSize": 25,
  +                 "fontSize": "25px",
                    "margin": "20px 0 0 0",
                    "padding": "0 0 5px 0",
                  }
                }>
                Prop Types
              </h1>
              <div>
                <h2
                  style={
                    Object {
                      "margin": "20px 0 0 0",
                    }
                  }>
                  "
                  BreadCrumbs
                  " Component
                </h2>
                <table
                  style={
                    Object {
                      "borderCollapse": "separate",
                      "borderSpacing": "10px 5px",
                      "marginLeft": -10,
                    }
                  }>
                  <thead>
                    <tr>
                      <th>
                        property
                      </th>
                      <th>
                        propType
                      </th>
                      <th>
                        required
                      </th>
                      <th>
                        default
                      </th>
                    </tr>
                  </thead>
                  <tbody>
                    <tr>
                      <td>
                        children
                      </td>
                      <td>
                        node
                      </td>
                      <td>
                        no
                      </td>
                      <td>
                        -
                      </td>
                    </tr>
                    <tr>
                      <td>
                        className
                      </td>
                      <td>
                        string
                      </td>
                      <td>
                        no
                      </td>
                      <td>
                        -
                      </td>
                    </tr>
                    <tr>
                      <td>
                        label
                      </td>
                      <td>
                        string
                      </td>
                      <td>
                        no
                      </td>
                      <td>
                        -
                      </td>
                    </tr>
                  </tbody>
                </table>
              </div>
              <div>
                <h2
                  style={
                    Object {
                      "margin": "20px 0 0 0",
                    }
                  }>
                  "
                  Crumb
                  " Component
                </h2>
                <table
                  style={
                    Object {
                      "borderCollapse": "separate",
                      "borderSpacing": "10px 5px",
                      "marginLeft": -10,
                    }
                  }>
                  <thead>
                    <tr>
                      <th>
                        property
                      </th>
                      <th>
                        propType
                      </th>
                      <th>
                        required
                      </th>
                      <th>
                        default
                      </th>
                    </tr>
                  </thead>
                  <tbody>
                    <tr>
                      <td>
                        children
                      </td>
                      <td>
                        node
                      </td>
                      <td>
                        no
                      </td>
                      <td>
                        -
                      </td>
                    </tr>
                    <tr>
                      <td>
                        className
                      </td>
                      <td>
                        string
                      </td>
                      <td>
                        no
                      </td>
                      <td>
                        -
                      </td>
                    </tr>
                    <tr>
                      <td>
                        href
                      </td>
                      <td>
                        string
                      </td>
                      <td>
                        no
                      </td>
                      <td>
                        -
                      </td>
                    </tr>
                  </tbody>
                </table>
              </div>
            </div>
          </div>
        </div>
      </div>
    </div>


Button

✗ Controlled with knobs
  - Snapshot
  + Current story
  
  <div>
      <div
        style={
          Object {
            "position": "relative",
            "zIndex": 0,
          }
        }>
        <div
          style={Object {}}>
          <button
            className="slds-button"
            disabled={false}
            onClick={[Function]}
            type="button">
            Button
          </button>
        </div>
      </div>
      <a
        onClick={[Function]}
        style={
          Object {
            "background": "#28c",
            "borderRadius": "0 0 0 5px",
            "color": "#fff",
            "cursor": "pointer",
            "display": "block",
            "fontFamily": "sans-serif",
  -         "fontSize": 12,
  +         "fontSize": "12px",
            "padding": "5px 15px",
            "position": "fixed",
            "right": 0,
            "textDecoration": "none",
            "top": 0,
          }
        }>
        ?
      </a>
      <div
        style={
          Object {
            "background": "white",
            "bottom": 0,
            "display": "none",
            "left": 0,
            "overflow": "auto",
            "padding": "0 40px",
            "position": "absolute",
            "right": 0,
            "top": 0,
          }
        }>
        <a
          onClick={[Function]}
          style={
            Object {
              "background": "#28c",
              "borderRadius": "0 0 0 5px",
              "color": "#fff",
              "cursor": "pointer",
              "display": "block",
              "fontFamily": "sans-serif",
  -           "fontSize": 12,
  +           "fontSize": "12px",
              "padding": "5px 15px",
              "position": "fixed",
              "right": 0,
              "textDecoration": "none",
              "top": 0,
            }
          }>
          ×
        </a>
        <div
          style={undefined}>
          <div
            style={
              Object {
                "WebkitFontSmoothing": "antialiased",
                "color": "#444",
                "fontFamily": "
                  -apple-system, ".SFNSText-Regular", "San Francisco", "Roboto",
                  "Segoe UI", "Helvetica Neue", "Lucida Grande", sans-serif
                ",
  -             "fontSize": 15,
  +             "fontSize": "15px",
                "fontWeight": 300,
                "lineHeight": 1.45,
              }
            }>
            <div
              style={
                Object {
                  "borderBottom": "1px solid #eee",
                  "marginBottom": 10,
  +               "paddingTop": 10,
                }
              }>
              <h1
                style={
                  Object {
  -                 "fontSize": 35,
  -                 "margin": "20px 0 0 0",
  +                 "fontSize": "35px",
  +                 "margin": 0,
                    "padding": 0,
                  }
                }>
                Button
              </h1>
              <h2
                style={
                  Object {
  -                 "fontSize": 22,
  +                 "fontSize": "22px",
                    "fontWeight": 400,
                    "margin": "0 0 10px 0",
                    "padding": 0,
                  }
                }>
                Controlled with knobs
              </h2>
            </div>
            <div
              style={
                Object {
                  "marginBottom": 0,
                }
              }>
              <p
                style={
                  Object {
                    "WebkitFontSmoothing": "antialiased",
                    "color": "#444",
                    "fontFamily": "
                      -apple-system, ".SFNSText-Regular", "San Francisco", "Roboto",
                      "Segoe UI", "Helvetica Neue", "Lucida Grande", sans-serif
                    ",
  -                 "fontSize": 15,
  +                 "fontSize": "15px",
                  }
                }>
                Button controlled with knobs
              </p>
            </div>
            <div>
              <h1
                style={
                  Object {
                    "borderBottom": "1px solid #EEE",
  -                 "fontSize": 25,
  +                 "fontSize": "25px",
                    "margin": "20px 0 0 0",
                    "padding": "0 0 5px 0",
                  }
                }>
                Story Source
              </h1>
              <pre
                style={
                  Object {
                    "backgroundColor": "#fafafa",
                    "fontFamily": "Menlo, Monaco, "Courier New", monospace",
                    "fontSize": ".88em",
                    "lineHeight": 1.5,
                    "overflowX": "scroll",
                    "padding": ".5rem",
                  }
                }>
                <div>
                  <div
                    style={
                      Object {
                        "paddingLeft": 18,
                        "paddingRight": 3,
                      }
                    }>
                    <span
                      style={
                        Object {
                          "color": "#777",
                        }
                      }>
                      <
                      div
                    </span>
                    <span>
                      <span>
                         
                        <span
                          style={Object {}}>
                          style
                        </span>
                        <span>
                          =
                          <span
                            style={Object {}}>
                            <span>
                              {
                              <span
                                style={
                                  Object {
                                    "color": "#666",
                                  }
                                }>
                                {
                                }
                              </span>
                              }
                            </span>
                          </span>
                        </span>
                        
                      </span>
                    </span>
                    <span
                      style={
                        Object {
                          "color": "#777",
                        }
                      }>
                      >
                    </span>
                  </div>
                  <div
                    style={
                      Object {
                        "paddingLeft": 33,
                        "paddingRight": 3,
                      }
                    }>
                    <span
                      style={
                        Object {
                          "color": "#777",
                        }
                      }>
                      <
                      Button
                    </span>
                    <span>
                      <span>
                        <span>
                          <br />
                            
                        </span>
                        <span
                          style={Object {}}>
                          type
                        </span>
                        <span>
                          =
                          <span
                            style={Object {}}>
                            <span>
                              {
                              <span
                                style={
                                  Object {
                                    "color": "#777",
                                  }
                                }>
                                undefined
                              </span>
                              }
                            </span>
                          </span>
                        </span>
                      </span>
                      <span>
                        <span>
                          <br />
                            
                        </span>
                        <span
                          style={Object {}}>
                          size
                        </span>
                        <span>
                          =
                          <span
                            style={Object {}}>
                            <span>
                              {
                              <span
                                style={
                                  Object {
                                    "color": "#777",
                                  }
                                }>
                                undefined
                              </span>
                              }
                            </span>
                          </span>
                        </span>
                      </span>
                      <span>
                        <span>
                          <br />
                            
                        </span>
                        <span
                          style={Object {}}>
                          label
                        </span>
                        <span>
                          =
                          <span
                            style={Object {}}>
                            <span
                              style={
                                Object {
                                  "color": "#22a",
                                  "wordBreak": "break-word",
                                }
                              }>
                              "
                              Button
                              "
                            </span>
                          </span>
                        </span>
                      </span>
                      <span>
                        <span>
                          <br />
                            
                        </span>
                        <span
                          style={Object {}}>
                          icon
                        </span>
                        <span>
                          =
                          <span
                            style={Object {}}>
                            <span>
                              {
                              <span
                                style={
                                  Object {
                                    "color": "#777",
                                  }
                                }>
                                undefined
                              </span>
                              }
                            </span>
                          </span>
                        </span>
                      </span>
                      <span>
                        <span>
                          <br />
                            
                        </span>
                        <span
                          style={Object {}}>
                          iconAlign
                        </span>
                        <span>
                          =
                          <span
                            style={Object {}}>
                            <span
                              style={
                                Object {
                                  "color": "#22a",
                                  "wordBreak": "break-word",
                                }
                              }>
                              "
                              left
                              "
                            </span>
                          </span>
                        </span>
                      </span>
                      <span>
                        <span>
                          <br />
                            
                        </span>
                        <span
                          style={Object {}}>
                          iconSize
                        </span>
                        <span>
                          =
                          <span
                            style={Object {}}>
                            <span>
                              {
                              <span
                                style={
                                  Object {
                                    "color": "#777",
                                  }
                                }>
                                undefined
                              </span>
                              }
                            </span>
                          </span>
                        </span>
                      </span>
                      <span>
                        <span>
                          <br />
                            
                        </span>
                        <span
                          style={Object {}}>
                          disabled
                        </span>
                        <span>
                          =
                          <span
                            style={Object {}}>
                            <span>
                              {
                              <span
                                style={
                                  Object {
                                    "color": "#a11",
                                  }
                                }>
                                false
                              </span>
                              }
                            </span>
                          </span>
                        </span>
                      </span>
                      <span>
                        <span>
                          <br />
                            
                        </span>
                        <span
                          style={Object {}}>
                          onClick
                        </span>
                        <span>
                          =
                          <span
                            style={Object {}}>
                            <span>
                              {
                              <span
                                style={
                                  Object {
                                    "color": "#170",
                                  }
                                }>
  -                             anonymous()
  +                             clicked()
                              </span>
                              }
                            </span>
                          </span>
                        </span>
                        <br />
                      </span>
                    </span>
                    <span
                      style={
                        Object {
                          "color": "#777",
                        }
                      }>
                      />
                    </span>
                  </div>
                  <div
                    style={
                      Object {
                        "paddingLeft": 18,
                        "paddingRight": 3,
                      }
                    }>
                    <span
                      style={
                        Object {
                          "color": "#777",
                        }
                      }>
                      </
                      div
                      >
                    </span>
                  </div>
                </div>
              </pre>
            </div>
            <div>
              <h1
                style={
                  Object {
                    "borderBottom": "1px solid #EEE",
  -                 "fontSize": 25,
  +                 "fontSize": "25px",
                    "margin": "20px 0 0 0",
                    "padding": "0 0 5px 0",
                  }
                }>
                Prop Types
              </h1>
              <div>
                <h2
                  style={
                    Object {
                      "margin": "20px 0 0 0",
                    }
                  }>
                  "
                  Button
                  " Component
                </h2>
                <table
                  style={
                    Object {
                      "borderCollapse": "separate",
                      "borderSpacing": "10px 5px",
                      "marginLeft": -10,
                    }
                  }>
                  <thead>
                    <tr>
                      <th>
                        property
                      </th>
                      <th>
                        propType
                      </th>
                      <th>
                        required
                      </th>
                      <th>
                        default
                      </th>
                    </tr>
                  </thead>
                  <tbody>
                    <tr>
                      <td>
                        loading
                      </td>
                      <td>
                        bool
                      </td>
                      <td>
                        no
                      </td>
                      <td>
                        -
                      </td>
                    </tr>
                    <tr>
                      <td>
                        buttonRef
                      </td>
                      <td>
                        func
                      </td>
                      <td>
                        no
                      </td>
                      <td>
                        -
                      </td>
                    </tr>
                    <tr>
                      <td>
                        alt
                      </td>
                      <td>
                        string
                      </td>
                      <td>
                        no
                      </td>
                      <td>
                        -
                      </td>
                    </tr>
                    <tr>
                      <td>
                        iconSize
                      </td>
                      <td>
                        other
                      </td>
                      <td>
                        no
                      </td>
                      <td>
                        -
                      </td>
                    </tr>
                    <tr>
                      <td>
                        className
                      </td>
                      <td>
                        string
                      </td>
                      <td>
                        no
                      </td>
                      <td>
                        -
                      </td>
                    </tr>
                    <tr>
                      <td>
                        children
                      </td>
                      <td>
                        node
                      </td>
                      <td>
                        no
                      </td>
                      <td>
                        -
                      </td>
                    </tr>
                    <tr>
                      <td>
                        iconAlign
                      </td>
                      <td>
                        other
                      </td>
                      <td>
                        no
                      </td>
                      <td>
                        -
                      </td>
                    </tr>
                    <tr>
                      <td>
                        selected
                      </td>
                      <td>
                        bool
                      </td>
                      <td>
                        no
                      </td>
                      <td>
                        -
                      </td>
                    </tr>
                    <tr>
                      <td>
                        label
                      </td>
                      <td>
                        node
                      </td>
                      <td>
                        no
                      </td>
                      <td>
                        -
                      </td>
                    </tr>
                    <tr>
                      <td>
                        icon
                      </td>
                      <td>
                        string
                      </td>
                      <td>
                        no
                      </td>
                      <td>
                        -
                      </td>
                    </tr>
                    <tr>
                      <td>
                        onClick
                      </td>
                      <td>
                        func
                      </td>
                      <td>
                        no
                      </td>
                      <td>
                        -
                      </td>
                    </tr>
                    <tr>
                      <td>
                        inverse
                      </td>
                      <td>
                        bool
                      </td>
                      <td>
                        no
                      </td>
                      <td>
                        -
                      </td>
                    </tr>
                    <tr>
                      <td>
                        iconMore
                      </td>
                      <td>
                        string
                      </td>
                      <td>
                        no
                      </td>
                      <td>
                        -
                      </td>
                    </tr>
                    <tr>
                      <td>
                        iconMoreSize
                      </td>
                      <td>
                        other
                      </td>
                      <td>
                        no
                      </td>
                      <td>
                        -
                      </td>
                    </tr>
                    <tr>
                      <td>
                        htmlType
                      </td>
                      <td>
                        string
                      </td>
                      <td>
                        no
                      </td>
                      <td>
                        -
                      </td>
                    </tr>
                    <tr>
                      <td>
                        size
                      </td>
                      <td>
                        other
                      </td>
                      <td>
                        no
                      </td>
                      <td>
                        -
                      </td>
                    </tr>
                    <tr>
                      <td>
                        type
                      </td>
                      <td>
                        other
                      </td>
                      <td>
                        no
                      </td>
                      <td>
                        -
                      </td>
                    </tr>
                  </tbody>
                </table>
              </div>
            </div>
          </div>
        </div>
      </div>
    </div>


✗ Reset
  - Snapshot
  + Current story
  
  <div>
      <div
        style={
          Object {
            "position": "relative",
            "zIndex": 0,
          }
        }>
        <button
          className="slds-button"
          onClick={[Function]}
          type="button">
          Reset
        </button>
      </div>
      <a
        onClick={[Function]}
        style={
          Object {
            "background": "#28c",
            "borderRadius": "0 0 0 5px",
            "color": "#fff",
            "cursor": "pointer",
            "display": "block",
            "fontFamily": "sans-serif",
  -         "fontSize": 12,
  +         "fontSize": "12px",
            "padding": "5px 15px",
            "position": "fixed",
            "right": 0,
            "textDecoration": "none",
            "top": 0,
          }
        }>
        ?
      </a>
      <div
        style={
          Object {
            "background": "white",
            "bottom": 0,
            "display": "none",
            "left": 0,
            "overflow": "auto",
            "padding": "0 40px",
            "position": "absolute",
            "right": 0,
            "top": 0,
          }
        }>
        <a
          onClick={[Function]}
          style={
            Object {
              "background": "#28c",
              "borderRadius": "0 0 0 5px",
              "color": "#fff",
              "cursor": "pointer",
              "display": "block",
              "fontFamily": "sans-serif",
  -           "fontSize": 12,
  +           "fontSize": "12px",
              "padding": "5px 15px",
              "position": "fixed",
              "right": 0,
              "textDecoration": "none",
              "top": 0,
            }
          }>
          ×
        </a>
        <div
          style={undefined}>
          <div
            style={
              Object {
                "WebkitFontSmoothing": "antialiased",
                "color": "#444",
                "fontFamily": "
                  -apple-system, ".SFNSText-Regular", "San Francisco", "Roboto",
                  "Segoe UI", "Helvetica Neue", "Lucida Grande", sans-serif
                ",
  -             "fontSize": 15,
  +             "fontSize": "15px",
                "fontWeight": 300,
                "lineHeight": 1.45,
              }
            }>
            <div
              style={
                Object {
                  "borderBottom": "1px solid #eee",
                  "marginBottom": 10,
  +               "paddingTop": 10,
                }
              }>
              <h1
                style={
                  Object {
  -                 "fontSize": 35,
  -                 "margin": "20px 0 0 0",
  +                 "fontSize": "35px",
  +                 "margin": 0,
                    "padding": 0,
                  }
                }>
                Button
              </h1>
              <h2
                style={
                  Object {
  -                 "fontSize": 22,
  +                 "fontSize": "22px",
                    "fontWeight": 400,
                    "margin": "0 0 10px 0",
                    "padding": 0,
                  }
                }>
                Reset
              </h2>
            </div>
            <div
              style={
                Object {
                  "marginBottom": 0,
                }
              }>
              <p
                style={
                  Object {
                    "WebkitFontSmoothing": "antialiased",
                    "color": "#444",
                    "fontFamily": "
                      -apple-system, ".SFNSText-Regular", "San Francisco", "Roboto",
                      "Segoe UI", "Helvetica Neue", "Lucida Grande", sans-serif
                    ",
  -                 "fontSize": 15,
  +                 "fontSize": "15px",
                  }
                }>
                Button with no type property assigned
              </p>
            </div>
            <div>
              <h1
                style={
                  Object {
                    "borderBottom": "1px solid #EEE",
  -                 "fontSize": 25,
  +                 "fontSize": "25px",
                    "margin": "20px 0 0 0",
                    "padding": "0 0 5px 0",
                  }
                }>
                Story Source
              </h1>
              <pre
                style={
                  Object {
                    "backgroundColor": "#fafafa",
                    "fontFamily": "Menlo, Monaco, "Courier New", monospace",
                    "fontSize": ".88em",
                    "lineHeight": 1.5,
                    "overflowX": "scroll",
                    "padding": ".5rem",
                  }
                }>
                <div>
                  <div
                    style={
                      Object {
                        "paddingLeft": 18,
                        "paddingRight": 3,
                      }
                    }>
                    <span
                      style={
                        Object {
                          "color": "#777",
                        }
                      }>
                      <
                      Button
                    </span>
                    <span>
                      <span>
                         
                        <span
                          style={Object {}}>
                          onClick
                        </span>
                        <span>
                          =
                          <span
                            style={Object {}}>
                            <span>
                              {
                              <span
                                style={
                                  Object {
                                    "color": "#170",
                                  }
                                }>
  -                             anonymous()
  +                             clicked()
                              </span>
                              }
                            </span>
                          </span>
                        </span>
                        
                      </span>
                    </span>
                    <span
                      style={
                        Object {
                          "color": "#777",
                        }
                      }>
                      >
                    </span>
                  </div>
                  <div
                    style={
                      Object {
                        "paddingLeft": 33,
                        "paddingRight": 3,
                      }
                    }>
                    <span
                      style={
                        Object {
                          "color": "#777",
                        }
                      }>
                      Reset
                    </span>
                  </div>
                  <div
                    style={
                      Object {
                        "paddingLeft": 18,
                        "paddingRight": 3,
                      }
                    }>
                    <span
                      style={
                        Object {
                          "color": "#777",
                        }
                      }>
                      </
                      Button
                      >
                    </span>
                  </div>
                </div>
              </pre>
            </div>
            <div>
              <h1
                style={
                  Object {
                    "borderBottom": "1px solid #EEE",
  -                 "fontSize": 25,
  +                 "fontSize": "25px",
                    "margin": "20px 0 0 0",
                    "padding": "0 0 5px 0",
                  }
                }>
                Prop Types
              </h1>
              <div>
                <h2
                  style={
                    Object {
                      "margin": "20px 0 0 0",
                    }
                  }>
                  "
                  Button
                  " Component
                </h2>
                <table
                  style={
                    Object {
                      "borderCollapse": "separate",
                      "borderSpacing": "10px 5px",
                      "marginLeft": -10,
                    }
                  }>
                  <thead>
                    <tr>
                      <th>
                        property
                      </th>
                      <th>
                        propType
                      </th>
                      <th>
                        required
                      </th>
                      <th>
                        default
                      </th>
                    </tr>
                  </thead>
                  <tbody>
                    <tr>
                      <td>
                        loading
                      </td>
                      <td>
                        bool
                      </td>
                      <td>
                        no
                      </td>
                      <td>
                        -
                      </td>
                    </tr>
                    <tr>
                      <td>
                        buttonRef
                      </td>
                      <td>
                        func
                      </td>
                      <td>
                        no
                      </td>
                      <td>
                        -
                      </td>
                    </tr>
                    <tr>
                      <td>
                        alt
                      </td>
                      <td>
                        string
                      </td>
                      <td>
                        no
                      </td>
                      <td>
                        -
                      </td>
                    </tr>
                    <tr>
                      <td>
                        iconSize
                      </td>
                      <td>
                        other
                      </td>
                      <td>
                        no
                      </td>
                      <td>
                        -
                      </td>
                    </tr>
                    <tr>
                      <td>
                        className
                      </td>
                      <td>
                        string
                      </td>
                      <td>
                        no
                      </td>
                      <td>
                        -
                      </td>
                    </tr>
                    <tr>
                      <td>
                        children
                      </td>
                      <td>
                        node
                      </td>
                      <td>
                        no
                      </td>
                      <td>
                        -
                      </td>
                    </tr>
                    <tr>
                      <td>
                        iconAlign
                      </td>
                      <td>
                        other
                      </td>
                      <td>
                        no
                      </td>
                      <td>
                        -
                      </td>
                    </tr>
                    <tr>
                      <td>
                        selected
                      </td>
                      <td>
                        bool
                      </td>
                      <td>
                        no
                      </td>
                      <td>
                        -
                      </td>
                    </tr>
                    <tr>
                      <td>
                        label
                      </td>
                      <td>
                        node
                      </td>
                      <td>
                        no
                      </td>
                      <td>
                        -
                      </td>
                    </tr>
                    <tr>
                      <td>
                        icon
                      </td>
                      <td>
                        string
                      </td>
                      <td>
                        no
                      </td>
                      <td>
                        -
                      </td>
                    </tr>
                    <tr>
                      <td>
                        onClick
                      </td>
                      <td>
                        func
                      </td>
                      <td>
                        no
                      </td>
                      <td>
                        -
                      </td>
                    </tr>
                    <tr>
                      <td>
                        inverse
                      </td>
                      <td>
                        bool
                      </td>
                      <td>
                        no
                      </td>
                      <td>
                        -
                      </td>
                    </tr>
                    <tr>
                      <td>
                        iconMore
                      </td>
                      <td>
                        string
                      </td>
                      <td>
                        no
                      </td>
                      <td>
                        -
                      </td>
                    </tr>
                    <tr>
                      <td>
                        iconMoreSize
                      </td>
                      <td>
                        other
                      </td>
                      <td>
                        no
                      </td>
                      <td>
                        -
                      </td>
                    </tr>
                    <tr>
                      <td>
                        htmlType
                      </td>
                      <td>
                        string
                      </td>
                      <td>
                        no
                      </td>
                      <td>
                        -
                      </td>
                    </tr>
                    <tr>
                      <td>
                        size
                      </td>
                      <td>
                        other
                      </td>
                      <td>
                        no
                      </td>
                      <td>
                        -
                      </td>
                    </tr>
                    <tr>
                      <td>
                        type
                      </td>
                      <td>
                        other
                      </td>
                      <td>
                        no
                      </td>
                      <td>
                        -
                      </td>
                    </tr>
                  </tbody>
                </table>
              </div>
            </div>
          </div>
        </div>
      </div>
    </div>


✗ Neutral
  - Snapshot
  + Current story
  
  <div>
      <div
        style={
          Object {
            "position": "relative",
            "zIndex": 0,
          }
        }>
        <button
          className="slds-button slds-button--neutral"
          onClick={[Function]}
          type="button">
          Neutral
        </button>
      </div>
      <a
        onClick={[Function]}
        style={
          Object {
            "background": "#28c",
            "borderRadius": "0 0 0 5px",
            "color": "#fff",
            "cursor": "pointer",
            "display": "block",
            "fontFamily": "sans-serif",
  -         "fontSize": 12,
  +         "fontSize": "12px",
            "padding": "5px 15px",
            "position": "fixed",
            "right": 0,
            "textDecoration": "none",
            "top": 0,
          }
        }>
        ?
      </a>
      <div
        style={
          Object {
            "background": "white",
            "bottom": 0,
            "display": "none",
            "left": 0,
            "overflow": "auto",
            "padding": "0 40px",
            "position": "absolute",
            "right": 0,
            "top": 0,
          }
        }>
        <a
          onClick={[Function]}
          style={
            Object {
              "background": "#28c",
              "borderRadius": "0 0 0 5px",
              "color": "#fff",
              "cursor": "pointer",
              "display": "block",
              "fontFamily": "sans-serif",
  -           "fontSize": 12,
  +           "fontSize": "12px",
              "padding": "5px 15px",
              "position": "fixed",
              "right": 0,
              "textDecoration": "none",
              "top": 0,
            }
          }>
          ×
        </a>
        <div
          style={undefined}>
          <div
            style={
              Object {
                "WebkitFontSmoothing": "antialiased",
                "color": "#444",
                "fontFamily": "
                  -apple-system, ".SFNSText-Regular", "San Francisco", "Roboto",
                  "Segoe UI", "Helvetica Neue", "Lucida Grande", sans-serif
                ",
  -             "fontSize": 15,
  +             "fontSize": "15px",
                "fontWeight": 300,
                "lineHeight": 1.45,
              }
            }>
            <div
              style={
                Object {
                  "borderBottom": "1px solid #eee",
                  "marginBottom": 10,
  +               "paddingTop": 10,
                }
              }>
              <h1
                style={
                  Object {
  -                 "fontSize": 35,
  -                 "margin": "20px 0 0 0",
  +                 "fontSize": "35px",
  +                 "margin": 0,
                    "padding": 0,
                  }
                }>
                Button
              </h1>
              <h2
                style={
                  Object {
  -                 "fontSize": 22,
  +                 "fontSize": "22px",
                    "fontWeight": 400,
                    "margin": "0 0 10px 0",
                    "padding": 0,
                  }
                }>
                Neutral
              </h2>
            </div>
            <div
              style={
                Object {
                  "marginBottom": 0,
                }
              }>
              <p
                style={
                  Object {
                    "WebkitFontSmoothing": "antialiased",
                    "color": "#444",
                    "fontFamily": "
                      -apple-system, ".SFNSText-Regular", "San Francisco", "Roboto",
                      "Segoe UI", "Helvetica Neue", "Lucida Grande", sans-serif
                    ",
  -                 "fontSize": 15,
  +                 "fontSize": "15px",
                  }
                }>
                Neutral type button
              </p>
            </div>
            <div>
              <h1
                style={
                  Object {
                    "borderBottom": "1px solid #EEE",
  -                 "fontSize": 25,
  +                 "fontSize": "25px",
                    "margin": "20px 0 0 0",
                    "padding": "0 0 5px 0",
                  }
                }>
                Story Source
              </h1>
              <pre
                style={
                  Object {
                    "backgroundColor": "#fafafa",
                    "fontFamily": "Menlo, Monaco, "Courier New", monospace",
                    "fontSize": ".88em",
                    "lineHeight": 1.5,
                    "overflowX": "scroll",
                    "padding": ".5rem",
                  }
                }>
                <div>
                  <div
                    style={
                      Object {
                        "paddingLeft": 18,
                        "paddingRight": 3,
                      }
                    }>
                    <span
                      style={
                        Object {
                          "color": "#777",
                        }
                      }>
                      <
                      Button
                    </span>
                    <span>
                      <span>
                         
                        <span
                          style={Object {}}>
                          type
                        </span>
                        <span>
                          =
                          <span
                            style={Object {}}>
                            <span
                              style={
                                Object {
                                  "color": "#22a",
                                  "wordBreak": "break-word",
                                }
                              }>
                              "
                              neutral
                              "
                            </span>
                          </span>
                        </span>
                      </span>
                      <span>
                         
                        <span
                          style={Object {}}>
                          onClick
                        </span>
                        <span>
                          =
                          <span
                            style={Object {}}>
                            <span>
                              {
                              <span
                                style={
                                  Object {
                                    "color": "#170",
                                  }
                                }>
  -                             anonymous()
  +                             neutral_clicked()
                              </span>
                              }
                            </span>
                          </span>
                        </span>
                        
                      </span>
                    </span>
                    <span
                      style={
                        Object {
                          "color": "#777",
                        }
                      }>
                      >
                    </span>
                  </div>
                  <div
                    style={
                      Object {
                        "paddingLeft": 33,
                        "paddingRight": 3,
                      }
                    }>
                    <span
                      style={
                        Object {
                          "color": "#777",
                        }
                      }>
                      Neutral
                    </span>
                  </div>
                  <div
                    style={
                      Object {
                        "paddingLeft": 18,
                        "paddingRight": 3,
                      }
                    }>
                    <span
                      style={
                        Object {
                          "color": "#777",
                        }
                      }>
                      </
                      Button
                      >
                    </span>
                  </div>
                </div>
              </pre>
            </div>
            <div>
              <h1
                style={
                  Object {
                    "borderBottom": "1px solid #EEE",
  -                 "fontSize": 25,
  +                 "fontSize": "25px",
                    "margin": "20px 0 0 0",
                    "padding": "0 0 5px 0",
                  }
                }>
                Prop Types
              </h1>
              <div>
                <h2
                  style={
                    Object {
                      "margin": "20px 0 0 0",
                    }
                  }>
                  "
                  Button
                  " Component
                </h2>
                <table
                  style={
                    Object {
                      "borderCollapse": "separate",
                      "borderSpacing": "10px 5px",
                      "marginLeft": -10,
                    }
                  }>
                  <thead>
                    <tr>
                      <th>
                        property
                      </th>
                      <th>
                        propType
                      </th>
                      <th>
                        required
                      </th>
                      <th>
                        default
                      </th>
                    </tr>
                  </thead>
                  <tbody>
                    <tr>
                      <td>
                        loading
                      </td>
                      <td>
                        bool
                      </td>
                      <td>
                        no
                      </td>
                      <td>
                        -
                      </td>
                    </tr>
                    <tr>
                      <td>
                        buttonRef
                      </td>
                      <td>
                        func
                      </td>
                      <td>
                        no
                      </td>
                      <td>
                        -
                      </td>
                    </tr>
                    <tr>
                      <td>
                        alt
                      </td>
                      <td>
                        string
                      </td>
                      <td>
                        no
                      </td>
                      <td>
                        -
                      </td>
                    </tr>
                    <tr>
                      <td>
                        iconSize
                      </td>
                      <td>
                        other
                      </td>
                      <td>
                        no
                      </td>
                      <td>
                        -
                      </td>
                    </tr>
                    <tr>
                      <td>
                        className
                      </td>
                      <td>
                        string
                      </td>
                      <td>
                        no
                      </td>
                      <td>
                        -
                      </td>
                    </tr>
                    <tr>
                      <td>
                        children
                      </td>
                      <td>
                        node
                      </td>
                      <td>
                        no
                      </td>
                      <td>
                        -
                      </td>
                    </tr>
                    <tr>
                      <td>
                        iconAlign
                      </td>
                      <td>
                        other
                      </td>
                      <td>
                        no
                      </td>
                      <td>
                        -
                      </td>
                    </tr>
                    <tr>
                      <td>
                        selected
                      </td>
                      <td>
                        bool
                      </td>
                      <td>
                        no
                      </td>
                      <td>
                        -
                      </td>
                    </tr>
                    <tr>
                      <td>
                        label
                      </td>
                      <td>
                        node
                      </td>
                      <td>
                        no
                      </td>
                      <td>
                        -
                      </td>
                    </tr>
                    <tr>
                      <td>
                        icon
                      </td>
                      <td>
                        string
                      </td>
                      <td>
                        no
                      </td>
                      <td>
                        -
                      </td>
                    </tr>
                    <tr>
                      <td>
                        onClick
                      </td>
                      <td>
                        func
                      </td>
                      <td>
                        no
                      </td>
                      <td>
                        -
                      </td>
                    </tr>
                    <tr>
                      <td>
                        inverse
                      </td>
                      <td>
                        bool
                      </td>
                      <td>
                        no
                      </td>
                      <td>
                        -
                      </td>
                    </tr>
                    <tr>
                      <td>
                        iconMore
                      </td>
                      <td>
                        string
                      </td>
                      <td>
                        no
                      </td>
                      <td>
                        -
                      </td>
                    </tr>
                    <tr>
                      <td>
                        iconMoreSize
                      </td>
                      <td>
                        other
                      </td>
                      <td>
                        no
                      </td>
                      <td>
                        -
                      </td>
                    </tr>
                    <tr>
                      <td>
                        htmlType
                      </td>
                      <td>
                        string
                      </td>
                      <td>
                        no
                      </td>
                      <td>
                        -
                      </td>
                    </tr>
                    <tr>
                      <td>
                        size
                      </td>
                      <td>
                        other
                      </td>
                      <td>
                        no
                      </td>
                      <td>
                        -
                      </td>
                    </tr>
                    <tr>
                      <td>
                        type
                      </td>
                      <td>
                        other
                      </td>
                      <td>
                        no
                      </td>
                      <td>
                        -
                      </td>
                    </tr>
                  </tbody>
                </table>
              </div>
            </div>
          </div>
        </div>
      </div>
    </div>


✗ Neutral disabled
  - Snapshot
  + Current story
  
  <div>
      <div
        style={
          Object {
            "position": "relative",
            "zIndex": 0,
          }
        }>
        <button
          className="slds-button slds-button--neutral"
          disabled={true}
          onClick={[Function]}
          type="button">
          Disabled Neutral
        </button>
      </div>
      <a
        onClick={[Function]}
        style={
          Object {
            "background": "#28c",
            "borderRadius": "0 0 0 5px",
            "color": "#fff",
            "cursor": "pointer",
            "display": "block",
            "fontFamily": "sans-serif",
  -         "fontSize": 12,
  +         "fontSize": "12px",
            "padding": "5px 15px",
            "position": "fixed",
            "right": 0,
            "textDecoration": "none",
            "top": 0,
          }
        }>
        ?
      </a>
      <div
        style={
          Object {
            "background": "white",
            "bottom": 0,
            "display": "none",
            "left": 0,
            "overflow": "auto",
            "padding": "0 40px",
            "position": "absolute",
            "right": 0,
            "top": 0,
          }
        }>
        <a
          onClick={[Function]}
          style={
            Object {
              "background": "#28c",
              "borderRadius": "0 0 0 5px",
              "color": "#fff",
              "cursor": "pointer",
              "display": "block",
              "fontFamily": "sans-serif",
  -           "fontSize": 12,
  +           "fontSize": "12px",
              "padding": "5px 15px",
              "position": "fixed",
              "right": 0,
              "textDecoration": "none",
              "top": 0,
            }
          }>
          ×
        </a>
        <div
          style={undefined}>
          <div
            style={
              Object {
                "WebkitFontSmoothing": "antialiased",
                "color": "#444",
                "fontFamily": "
                  -apple-system, ".SFNSText-Regular", "San Francisco", "Roboto",
                  "Segoe UI", "Helvetica Neue", "Lucida Grande", sans-serif
                ",
  -             "fontSize": 15,
  +             "fontSize": "15px",
                "fontWeight": 300,
                "lineHeight": 1.45,
              }
            }>
            <div
              style={
                Object {
                  "borderBottom": "1px solid #eee",
                  "marginBottom": 10,
  +               "paddingTop": 10,
                }
              }>
              <h1
                style={
                  Object {
  -                 "fontSize": 35,
  -                 "margin": "20px 0 0 0",
  +                 "fontSize": "35px",
  +                 "margin": 0,
                    "padding": 0,
                  }
                }>
                Button
              </h1>
              <h2
                style={
                  Object {
  -                 "fontSize": 22,
  +                 "fontSize": "22px",
                    "fontWeight": 400,
                    "margin": "0 0 10px 0",
                    "padding": 0,
                  }
                }>
                Neutral disabled
              </h2>
            </div>
            <div
              style={
                Object {
                  "marginBottom": 0,
                }
              }>
              <p
                style={
                  Object {
                    "WebkitFontSmoothing": "antialiased",
                    "color": "#444",
                    "fontFamily": "
                      -apple-system, ".SFNSText-Regular", "San Francisco", "Roboto",
                      "Segoe UI", "Helvetica Neue", "Lucida Grande", sans-serif
                    ",
  -                 "fontSize": 15,
  +                 "fontSize": "15px",
                  }
                }>
                Neutral type button but disabled
              </p>
            </div>
            <div>
              <h1
                style={
                  Object {
                    "borderBottom": "1px solid #EEE",
  -                 "fontSize": 25,
  +                 "fontSize": "25px",
                    "margin": "20px 0 0 0",
                    "padding": "0 0 5px 0",
                  }
                }>
                Story Source
              </h1>
              <pre
                style={
                  Object {
                    "backgroundColor": "#fafafa",
                    "fontFamily": "Menlo, Monaco, "Courier New", monospace",
                    "fontSize": ".88em",
                    "lineHeight": 1.5,
                    "overflowX": "scroll",
                    "padding": ".5rem",
                  }
                }>
                <div>
                  <div
                    style={
                      Object {
                        "paddingLeft": 18,
                        "paddingRight": 3,
                      }
                    }>
                    <span
                      style={
                        Object {
                          "color": "#777",
                        }
                      }>
                      <
                      Button
                    </span>
                    <span>
                      <span>
                         
                        <span
                          style={Object {}}>
                          type
                        </span>
                        <span>
                          =
                          <span
                            style={Object {}}>
                            <span
                              style={
                                Object {
                                  "color": "#22a",
                                  "wordBreak": "break-word",
                                }
                              }>
                              "
                              neutral
                              "
                            </span>
                          </span>
                        </span>
                      </span>
                      <span>
                         
                        <span
                          style={Object {}}>
                          disabled
                        </span>
                      </span>
                      <span>
                         
                        <span
                          style={Object {}}>
                          onClick
                        </span>
                        <span>
                          =
                          <span
                            style={Object {}}>
                            <span>
                              {
                              <span
                                style={
                                  Object {
                                    "color": "#170",
                                  }
                                }>
  -                             anonymous()
  +                             should_not_be_clicked()
                              </span>
                              }
                            </span>
                          </span>
                        </span>
                        
                      </span>
                    </span>
                    <span
                      style={
                        Object {
                          "color": "#777",
                        }
                      }>
                      >
                    </span>
                  </div>
                  <div
                    style={
                      Object {
                        "paddingLeft": 33,
                        "paddingRight": 3,
                      }
                    }>
                    <span
                      style={
                        Object {
                          "color": "#777",
                        }
                      }>
                      Disabled Neutral
                    </span>
                  </div>
                  <div
                    style={
                      Object {
                        "paddingLeft": 18,
                        "paddingRight": 3,
                      }
                    }>
                    <span
                      style={
                        Object {
                          "color": "#777",
                        }
                      }>
                      </
                      Button
                      >
                    </span>
                  </div>
                </div>
              </pre>
            </div>
            <div>
              <h1
                style={
                  Object {
                    "borderBottom": "1px solid #EEE",
  -                 "fontSize": 25,
  +                 "fontSize": "25px",
                    "margin": "20px 0 0 0",
                    "padding": "0 0 5px 0",
                  }
                }>
                Prop Types
              </h1>
              <div>
                <h2
                  style={
                    Object {
                      "margin": "20px 0 0 0",
                    }
                  }>
                  "
                  Button
                  " Component
                </h2>
                <table
                  style={
                    Object {
                      "borderCollapse": "separate",
                      "borderSpacing": "10px 5px",
                      "marginLeft": -10,
                    }
                  }>
                  <thead>
                    <tr>
                      <th>
                        property
                      </th>
                      <th>
                        propType
                      </th>
                      <th>
                        required
                      </th>
                      <th>
                        default
                      </th>
                    </tr>
                  </thead>
                  <tbody>
                    <tr>
                      <td>
                        loading
                      </td>
                      <td>
                        bool
                      </td>
                      <td>
                        no
                      </td>
                      <td>
                        -
                      </td>
                    </tr>
                    <tr>
                      <td>
                        buttonRef
                      </td>
                      <td>
                        func
                      </td>
                      <td>
                        no
                      </td>
                      <td>
                        -
                      </td>
                    </tr>
                    <tr>
                      <td>
                        alt
                      </td>
                      <td>
                        string
                      </td>
                      <td>
                        no
                      </td>
                      <td>
                        -
                      </td>
                    </tr>
                    <tr>
                      <td>
                        iconSize
                      </td>
                      <td>
                        other
                      </td>
                      <td>
                        no
                      </td>
                      <td>
                        -
                      </td>
                    </tr>
                    <tr>
                      <td>
                        className
                      </td>
                      <td>
                        string
                      </td>
                      <td>
                        no
                      </td>
                      <td>
                        -
                      </td>
                    </tr>
                    <tr>
                      <td>
                        children
                      </td>
                      <td>
                        node
                      </td>
                      <td>
                        no
                      </td>
                      <td>
                        -
                      </td>
                    </tr>
                    <tr>
                      <td>
                        iconAlign
                      </td>
                      <td>
                        other
                      </td>
                      <td>
                        no
                      </td>
                      <td>
                        -
                      </td>
                    </tr>
                    <tr>
                      <td>
                        selected
                      </td>
                      <td>
                        bool
                      </td>
                      <td>
                        no
                      </td>
                      <td>
                        -
                      </td>
                    </tr>
                    <tr>
                      <td>
                        label
                      </td>
                      <td>
                        node
                      </td>
                      <td>
                        no
                      </td>
                      <td>
                        -
                      </td>
                    </tr>
                    <tr>
                      <td>
                        icon
                      </td>
                      <td>
                        string
                      </td>
                      <td>
                        no
                      </td>
                      <td>
                        -
                      </td>
                    </tr>
                    <tr>
                      <td>
                        onClick
                      </td>
                      <td>
                        func
                      </td>
                      <td>
                        no
                      </td>
                      <td>
                        -
                      </td>
                    </tr>
                    <tr>
                      <td>
                        inverse
                      </td>
                      <td>
                        bool
                      </td>
                      <td>
                        no
                      </td>
                      <td>
                        -
                      </td>
                    </tr>
                    <tr>
                      <td>
                        iconMore
                      </td>
                      <td>
                        string
                      </td>
                      <td>
                        no
                      </td>
                      <td>
                        -
                      </td>
                    </tr>
                    <tr>
                      <td>
                        iconMoreSize
                      </td>
                      <td>
                        other
                      </td>
                      <td>
                        no
                      </td>
                      <td>
                        -
                      </td>
                    </tr>
                    <tr>
                      <td>
                        htmlType
                      </td>
                      <td>
                        string
                      </td>
                      <td>
                        no
                      </td>
                      <td>
                        -
                      </td>
                    </tr>
                    <tr>
                      <td>
                        size
                      </td>
                      <td>
                        other
                      </td>
                      <td>
                        no
                      </td>
                      <td>
                        -
                      </td>
                    </tr>
                    <tr>
                      <td>
                        type
                      </td>
                      <td>
                        other
                      </td>
                      <td>
                        no
                      </td>
                      <td>
                        -
                      </td>
                    </tr>
                  </tbody>
                </table>
              </div>
            </div>
          </div>
        </div>
      </div>
    </div>


✗ Brand
  - Snapshot
  + Current story
  
  <div>
      <div
        style={
          Object {
            "position": "relative",
            "zIndex": 0,
          }
        }>
        <button
          className="slds-button slds-button--brand"
          onClick={[Function]}
          type="button">
          Brand
        </button>
      </div>
      <a
        onClick={[Function]}
        style={
          Object {
            "background": "#28c",
            "borderRadius": "0 0 0 5px",
            "color": "#fff",
            "cursor": "pointer",
            "display": "block",
            "fontFamily": "sans-serif",
  -         "fontSize": 12,
  +         "fontSize": "12px",
            "padding": "5px 15px",
            "position": "fixed",
            "right": 0,
            "textDecoration": "none",
            "top": 0,
          }
        }>
        ?
      </a>
      <div
        style={
          Object {
            "background": "white",
            "bottom": 0,
            "display": "none",
            "left": 0,
            "overflow": "auto",
            "padding": "0 40px",
            "position": "absolute",
            "right": 0,
            "top": 0,
          }
        }>
        <a
          onClick={[Function]}
          style={
            Object {
              "background": "#28c",
              "borderRadius": "0 0 0 5px",
              "color": "#fff",
              "cursor": "pointer",
              "display": "block",
              "fontFamily": "sans-serif",
  -           "fontSize": 12,
  +           "fontSize": "12px",
              "padding": "5px 15px",
              "position": "fixed",
              "right": 0,
              "textDecoration": "none",
              "top": 0,
            }
          }>
          ×
        </a>
        <div
          style={undefined}>
          <div
            style={
              Object {
                "WebkitFontSmoothing": "antialiased",
                "color": "#444",
                "fontFamily": "
                  -apple-system, ".SFNSText-Regular", "San Francisco", "Roboto",
                  "Segoe UI", "Helvetica Neue", "Lucida Grande", sans-serif
                ",
  -             "fontSize": 15,
  +             "fontSize": "15px",
                "fontWeight": 300,
                "lineHeight": 1.45,
              }
            }>
            <div
              style={
                Object {
                  "borderBottom": "1px solid #eee",
                  "marginBottom": 10,
  +               "paddingTop": 10,
                }
              }>
              <h1
                style={
                  Object {
  -                 "fontSize": 35,
  -                 "margin": "20px 0 0 0",
  +                 "fontSize": "35px",
  +                 "margin": 0,
                    "padding": 0,
                  }
                }>
                Button
              </h1>
              <h2
                style={
                  Object {
  -                 "fontSize": 22,
  +                 "fontSize": "22px",
                    "fontWeight": 400,
                    "margin": "0 0 10px 0",
                    "padding": 0,
                  }
                }>
                Brand
              </h2>
            </div>
            <div
              style={
                Object {
                  "marginBottom": 0,
                }
              }>
              <p
                style={
                  Object {
                    "WebkitFontSmoothing": "antialiased",
                    "color": "#444",
                    "fontFamily": "
                      -apple-system, ".SFNSText-Regular", "San Francisco", "Roboto",
                      "Segoe UI", "Helvetica Neue", "Lucida Grande", sans-serif
                    ",
  -                 "fontSize": 15,
  +                 "fontSize": "15px",
                  }
                }>
                Brand type button
              </p>
            </div>
            <div>
              <h1
                style={
                  Object {
                    "borderBottom": "1px solid #EEE",
  -                 "fontSize": 25,
  +                 "fontSize": "25px",
                    "margin": "20px 0 0 0",
                    "padding": "0 0 5px 0",
                  }
                }>
                Story Source
              </h1>
              <pre
                style={
                  Object {
                    "backgroundColor": "#fafafa",
                    "fontFamily": "Menlo, Monaco, "Courier New", monospace",
                    "fontSize": ".88em",
                    "lineHeight": 1.5,
                    "overflowX": "scroll",
                    "padding": ".5rem",
                  }
                }>
                <div>
                  <div
                    style={
                      Object {
                        "paddingLeft": 18,
                        "paddingRight": 3,
                      }
                    }>
                    <span
                      style={
                        Object {
                          "color": "#777",
                        }
                      }>
                      <
                      Button
                    </span>
                    <span>
                      <span>
                         
                        <span
                          style={Object {}}>
                          type
                        </span>
                        <span>
                          =
                          <span
                            style={Object {}}>
                            <span
                              style={
                                Object {
                                  "color": "#22a",
                                  "wordBreak": "break-word",
                                }
                              }>
                              "
                              brand
                              "
                            </span>
                          </span>
                        </span>
                      </span>
                      <span>
                         
                        <span
                          style={Object {}}>
                          onClick
                        </span>
                        <span>
                          =
                          <span
                            style={Object {}}>
                            <span>
                              {
                              <span
                                style={
                                  Object {
                                    "color": "#170",
                                  }
                                }>
  -                             anonymous()
  +                             brand_clicked()
                              </span>
                              }
                            </span>
                          </span>
                        </span>
                        
                      </span>
                    </span>
                    <span
                      style={
                        Object {
                          "color": "#777",
                        }
                      }>
                      >
                    </span>
                  </div>
                  <div
                    style={
                      Object {
                        "paddingLeft": 33,
                        "paddingRight": 3,
                      }
                    }>
                    <span
                      style={
                        Object {
                          "color": "#777",
                        }
                      }>
                      Brand
                    </span>
                  </div>
                  <div
                    style={
                      Object {
                        "paddingLeft": 18,
                        "paddingRight": 3,
                      }
                    }>
                    <span
                      style={
                        Object {
                          "color": "#777",
                        }
                      }>
                      </
                      Button
                      >
                    </span>
                  </div>
                </div>
              </pre>
            </div>
            <div>
              <h1
                style={
                  Object {
                    "borderBottom": "1px solid #EEE",
  -                 "fontSize": 25,
  +                 "fontSize": "25px",
                    "margin": "20px 0 0 0",
                    "padding": "0 0 5px 0",
                  }
                }>
                Prop Types
              </h1>
              <div>
                <h2
                  style={
                    Object {
                      "margin": "20px 0 0 0",
                    }
                  }>
                  "
                  Button
                  " Component
                </h2>
                <table
                  style={
                    Object {
                      "borderCollapse": "separate",
                      "borderSpacing": "10px 5px",
                      "marginLeft": -10,
                    }
                  }>
                  <thead>
                    <tr>
                      <th>
                        property
                      </th>
                      <th>
                        propType
                      </th>
                      <th>
                        required
                      </th>
                      <th>
                        default
                      </th>
                    </tr>
                  </thead>
                  <tbody>
                    <tr>
                      <td>
                        loading
                      </td>
                      <td>
                        bool
                      </td>
                      <td>
                        no
                      </td>
                      <td>
                        -
                      </td>
                    </tr>
                    <tr>
                      <td>
                        buttonRef
                      </td>
                      <td>
                        func
                      </td>
                      <td>
                        no
                      </td>
                      <td>
                        -
                      </td>
                    </tr>
                    <tr>
                      <td>
                        alt
                      </td>
                      <td>
                        string
                      </td>
                      <td>
                        no
                      </td>
                      <td>
                        -
                      </td>
                    </tr>
                    <tr>
                      <td>
                        iconSize
                      </td>
                      <td>
                        other
                      </td>
                      <td>
                        no
                      </td>
                      <td>
                        -
                      </td>
                    </tr>
                    <tr>
                      <td>
                        className
                      </td>
                      <td>
                        string
                      </td>
                      <td>
                        no
                      </td>
                      <td>
                        -
                      </td>
                    </tr>
                    <tr>
                      <td>
                        children
                      </td>
                      <td>
                        node
                      </td>
                      <td>
                        no
                      </td>
                      <td>
                        -
                      </td>
                    </tr>
                    <tr>
                      <td>
                        iconAlign
                      </td>
                      <td>
                        other
                      </td>
                      <td>
                        no
                      </td>
                      <td>
                        -
                      </td>
                    </tr>
                    <tr>
                      <td>
                        selected
                      </td>
                      <td>
                        bool
                      </td>
                      <td>
                        no
                      </td>
                      <td>
                        -
                      </td>
                    </tr>
                    <tr>
                      <td>
                        label
                      </td>
                      <td>
                        node
                      </td>
                      <td>
                        no
                      </td>
                      <td>
                        -
                      </td>
                    </tr>
                    <tr>
                      <td>
                        icon
                      </td>
                      <td>
                        string
                      </td>
                      <td>
                        no
                      </td>
                      <td>
                        -
                      </td>
                    </tr>
                    <tr>
                      <td>
                        onClick
                      </td>
                      <td>
                        func
                      </td>
                      <td>
                        no
                      </td>
                      <td>
                        -
                      </td>
                    </tr>
                    <tr>
                      <td>
                        inverse
                      </td>
                      <td>
                        bool
                      </td>
                      <td>
                        no
                      </td>
                      <td>
                        -
                      </td>
                    </tr>
                    <tr>
                      <td>
                        iconMore
                      </td>
                      <td>
                        string
                      </td>
                      <td>
                        no
                      </td>
                      <td>
                        -
                      </td>
                    </tr>
                    <tr>
                      <td>
                        iconMoreSize
                      </td>
                      <td>
                        other
                      </td>
                      <td>
                        no
                      </td>
                      <td>
                        -
                      </td>
                    </tr>
                    <tr>
                      <td>
                        htmlType
                      </td>
                      <td>
                        string
                      </td>
                      <td>
                        no
                      </td>
                      <td>
                        -
                      </td>
                    </tr>
                    <tr>
                      <td>
                        size
                      </td>
                      <td>
                        other
                      </td>
                      <td>
                        no
                      </td>
                      <td>
                        -
                      </td>
                    </tr>
                    <tr>
                      <td>
                        type
                      </td>
                      <td>
                        other
                      </td>
                      <td>
                        no
                      </td>
                      <td>
                        -
                      </td>
                    </tr>
                  </tbody>
                </table>
              </div>
            </div>
          </div>
        </div>
      </div>
    </div>


✗ Brand disabled
  - Snapshot
  + Current story
  
  <div>
      <div
        style={
          Object {
            "position": "relative",
            "zIndex": 0,
          }
        }>
        <button
          className="slds-button slds-button--brand"
          disabled={true}
          onClick={[Function]}
          type="button">
          Disabled Brand
        </button>
      </div>
      <a
        onClick={[Function]}
        style={
          Object {
            "background": "#28c",
            "borderRadius": "0 0 0 5px",
            "color": "#fff",
            "cursor": "pointer",
            "display": "block",
            "fontFamily": "sans-serif",
  -         "fontSize": 12,
  +         "fontSize": "12px",
            "padding": "5px 15px",
            "position": "fixed",
            "right": 0,
            "textDecoration": "none",
            "top": 0,
          }
        }>
        ?
      </a>
      <div
        style={
          Object {
            "background": "white",
            "bottom": 0,
            "display": "none",
            "left": 0,
            "overflow": "auto",
            "padding": "0 40px",
            "position": "absolute",
            "right": 0,
            "top": 0,
          }
        }>
        <a
          onClick={[Function]}
          style={
            Object {
              "background": "#28c",
              "borderRadius": "0 0 0 5px",
              "color": "#fff",
              "cursor": "pointer",
              "display": "block",
              "fontFamily": "sans-serif",
  -           "fontSize": 12,
  +           "fontSize": "12px",
              "padding": "5px 15px",
              "position": "fixed",
              "right": 0,
              "textDecoration": "none",
              "top": 0,
            }
          }>
          ×
        </a>
        <div
          style={undefined}>
          <div
            style={
              Object {
                "WebkitFontSmoothing": "antialiased",
                "color": "#444",
                "fontFamily": "
                  -apple-system, ".SFNSText-Regular", "San Francisco", "Roboto",
                  "Segoe UI", "Helvetica Neue", "Lucida Grande", sans-serif
                ",
  -             "fontSize": 15,
  +             "fontSize": "15px",
                "fontWeight": 300,
                "lineHeight": 1.45,
              }
            }>
            <div
              style={
                Object {
                  "borderBottom": "1px solid #eee",
                  "marginBottom": 10,
  +               "paddingTop": 10,
                }
              }>
              <h1
                style={
                  Object {
  -                 "fontSize": 35,
  -                 "margin": "20px 0 0 0",
  +                 "fontSize": "35px",
  +                 "margin": 0,
                    "padding": 0,
                  }
                }>
                Button
              </h1>
              <h2
                style={
                  Object {
  -                 "fontSize": 22,
  +                 "fontSize": "22px",
                    "fontWeight": 400,
                    "margin": "0 0 10px 0",
                    "padding": 0,
                  }
                }>
                Brand disabled
              </h2>
            </div>
            <div
              style={
                Object {
                  "marginBottom": 0,
                }
              }>
              <p
                style={
                  Object {
                    "WebkitFontSmoothing": "antialiased",
                    "color": "#444",
                    "fontFamily": "
                      -apple-system, ".SFNSText-Regular", "San Francisco", "Roboto",
                      "Segoe UI", "Helvetica Neue", "Lucida Grande", sans-serif
                    ",
  -                 "fontSize": 15,
  +                 "fontSize": "15px",
                  }
                }>
                Brand type button but disabled
              </p>
            </div>
            <div>
              <h1
                style={
                  Object {
                    "borderBottom": "1px solid #EEE",
  -                 "fontSize": 25,
  +                 "fontSize": "25px",
                    "margin": "20px 0 0 0",
                    "padding": "0 0 5px 0",
                  }
                }>
                Story Source
              </h1>
              <pre
                style={
                  Object {
                    "backgroundColor": "#fafafa",
                    "fontFamily": "Menlo, Monaco, "Courier New", monospace",
                    "fontSize": ".88em",
                    "lineHeight": 1.5,
                    "overflowX": "scroll",
                    "padding": ".5rem",
                  }
                }>
                <div>
                  <div
                    style={
                      Object {
                        "paddingLeft": 18,
                        "paddingRight": 3,
                      }
                    }>
                    <span
                      style={
                        Object {
                          "color": "#777",
                        }
                      }>
                      <
                      Button
                    </span>
                    <span>
                      <span>
                         
                        <span
                          style={Object {}}>
                          type
                        </span>
                        <span>
                          =
                          <span
                            style={Object {}}>
                            <span
                              style={
                                Object {
                                  "color": "#22a",
                                  "wordBreak": "break-word",
                                }
                              }>
                              "
                              brand
                              "
                            </span>
                          </span>
                        </span>
                      </span>
                      <span>
                         
                        <span
                          style={Object {}}>
                          disabled
                        </span>
                      </span>
                      <span>
                         
                        <span
                          style={Object {}}>
                          onClick
                        </span>
                        <span>
                          =
                          <span
                            style={Object {}}>
                            <span>
                              {
                              <span
                                style={
                                  Object {
                                    "color": "#170",
                                  }
                                }>
  -                             anonymous()
  +                             should_not_be_clicked()
                              </span>
                              }
                            </span>
                          </span>
                        </span>
                        
                      </span>
                    </span>
                    <span
                      style={
                        Object {
                          "color": "#777",
                        }
                      }>
                      >
                    </span>
                  </div>
                  <div
                    style={
                      Object {
                        "paddingLeft": 33,
                        "paddingRight": 3,
                      }
                    }>
                    <span
                      style={
                        Object {
                          "color": "#777",
                        }
                      }>
                      Disabled Brand
                    </span>
                  </div>
                  <div
                    style={
                      Object {
                        "paddingLeft": 18,
                        "paddingRight": 3,
                      }
                    }>
                    <span
                      style={
                        Object {
                          "color": "#777",
                        }
                      }>
                      </
                      Button
                      >
                    </span>
                  </div>
                </div>
              </pre>
            </div>
            <div>
              <h1
                style={
                  Object {
                    "borderBottom": "1px solid #EEE",
  -                 "fontSize": 25,
  +                 "fontSize": "25px",
                    "margin": "20px 0 0 0",
                    "padding": "0 0 5px 0",
                  }
                }>
                Prop Types
              </h1>
              <div>
                <h2
                  style={
                    Object {
                      "margin": "20px 0 0 0",
                    }
                  }>
                  "
                  Button
                  " Component
                </h2>
                <table
                  style={
                    Object {
                      "borderCollapse": "separate",
                      "borderSpacing": "10px 5px",
                      "marginLeft": -10,
                    }
                  }>
                  <thead>
                    <tr>
                      <th>
                        property
                      </th>
                      <th>
                        propType
                      </th>
                      <th>
                        required
                      </th>
                      <th>
                        default
                      </th>
                    </tr>
                  </thead>
                  <tbody>
                    <tr>
                      <td>
                        loading
                      </td>
                      <td>
                        bool
                      </td>
                      <td>
                        no
                      </td>
                      <td>
                        -
                      </td>
                    </tr>
                    <tr>
                      <td>
                        buttonRef
                      </td>
                      <td>
                        func
                      </td>
                      <td>
                        no
                      </td>
                      <td>
                        -
                      </td>
                    </tr>
                    <tr>
                      <td>
                        alt
                      </td>
                      <td>
                        string
                      </td>
                      <td>
                        no
                      </td>
                      <td>
                        -
                      </td>
                    </tr>
                    <tr>
                      <td>
                        iconSize
                      </td>
                      <td>
                        other
                      </td>
                      <td>
                        no
                      </td>
                      <td>
                        -
                      </td>
                    </tr>
                    <tr>
                      <td>
                        className
                      </td>
                      <td>
                        string
                      </td>
                      <td>
                        no
                      </td>
                      <td>
                        -
                      </td>
                    </tr>
                    <tr>
                      <td>
                        children
                      </td>
                      <td>
                        node
                      </td>
                      <td>
                        no
                      </td>
                      <td>
                        -
                      </td>
                    </tr>
                    <tr>
                      <td>
                        iconAlign
                      </td>
                      <td>
                        other
                      </td>
                      <td>
                        no
                      </td>
                      <td>
                        -
                      </td>
                    </tr>
                    <tr>
                      <td>
                        selected
                      </td>
                      <td>
                        bool
                      </td>
                      <td>
                        no
                      </td>
                      <td>
                        -
                      </td>
                    </tr>
                    <tr>
                      <td>
                        label
                      </td>
                      <td>
                        node
                      </td>
                      <td>
                        no
                      </td>
                      <td>
                        -
                      </td>
                    </tr>
                    <tr>
                      <td>
                        icon
                      </td>
                      <td>
                        string
                      </td>
                      <td>
                        no
                      </td>
                      <td>
                        -
                      </td>
                    </tr>
                    <tr>
                      <td>
                        onClick
                      </td>
                      <td>
                        func
                      </td>
                      <td>
                        no
                      </td>
                      <td>
                        -
                      </td>
                    </tr>
                    <tr>
                      <td>
                        inverse
                      </td>
                      <td>
                        bool
                      </td>
                      <td>
                        no
                      </td>
                      <td>
                        -
                      </td>
                    </tr>
                    <tr>
                      <td>
                        iconMore
                      </td>
                      <td>
                        string
                      </td>
                      <td>
                        no
                      </td>
                      <td>
                        -
                      </td>
                    </tr>
                    <tr>
                      <td>
                        iconMoreSize
                      </td>
                      <td>
                        other
                      </td>
                      <td>
                        no
                      </td>
                      <td>
                        -
                      </td>
                    </tr>
                    <tr>
                      <td>
                        htmlType
                      </td>
                      <td>
                        string
                      </td>
                      <td>
                        no
                      </td>
                      <td>
                        -
                      </td>
                    </tr>
                    <tr>
                      <td>
                        size
                      </td>
                      <td>
                        other
                      </td>
                      <td>
                        no
                      </td>
                      <td>
                        -
                      </td>
                    </tr>
                    <tr>
                      <td>
                        type
                      </td>
                      <td>
                        other
                      </td>
                      <td>
                        no
                      </td>
                      <td>
                        -
                      </td>
                    </tr>
                  </tbody>
                </table>
              </div>
            </div>
          </div>
        </div>
      </div>
    </div>


✗ Destructive
  - Snapshot
  + Current story
  
  <div>
      <div
        style={
          Object {
            "position": "relative",
            "zIndex": 0,
          }
        }>
        <button
          className="slds-button slds-button--destructive"
          onClick={[Function]}
          type="button">
          Destructive
        </button>
      </div>
      <a
        onClick={[Function]}
        style={
          Object {
            "background": "#28c",
            "borderRadius": "0 0 0 5px",
            "color": "#fff",
            "cursor": "pointer",
            "display": "block",
            "fontFamily": "sans-serif",
  -         "fontSize": 12,
  +         "fontSize": "12px",
            "padding": "5px 15px",
            "position": "fixed",
            "right": 0,
            "textDecoration": "none",
            "top": 0,
          }
        }>
        ?
      </a>
      <div
        style={
          Object {
            "background": "white",
            "bottom": 0,
            "display": "none",
            "left": 0,
            "overflow": "auto",
            "padding": "0 40px",
            "position": "absolute",
            "right": 0,
            "top": 0,
          }
        }>
        <a
          onClick={[Function]}
          style={
            Object {
              "background": "#28c",
              "borderRadius": "0 0 0 5px",
              "color": "#fff",
              "cursor": "pointer",
              "display": "block",
              "fontFamily": "sans-serif",
  -           "fontSize": 12,
  +           "fontSize": "12px",
              "padding": "5px 15px",
              "position": "fixed",
              "right": 0,
              "textDecoration": "none",
              "top": 0,
            }
          }>
          ×
        </a>
        <div
          style={undefined}>
          <div
            style={
              Object {
                "WebkitFontSmoothing": "antialiased",
                "color": "#444",
                "fontFamily": "
                  -apple-system, ".SFNSText-Regular", "San Francisco", "Roboto",
                  "Segoe UI", "Helvetica Neue", "Lucida Grande", sans-serif
                ",
  -             "fontSize": 15,
  +             "fontSize": "15px",
                "fontWeight": 300,
                "lineHeight": 1.45,
              }
            }>
            <div
              style={
                Object {
                  "borderBottom": "1px solid #eee",
                  "marginBottom": 10,
  +               "paddingTop": 10,
                }
              }>
              <h1
                style={
                  Object {
  -                 "fontSize": 35,
  -                 "margin": "20px 0 0 0",
  +                 "fontSize": "35px",
  +                 "margin": 0,
                    "padding": 0,
                  }
                }>
                Button
              </h1>
              <h2
                style={
                  Object {
  -                 "fontSize": 22,
  +                 "fontSize": "22px",
                    "fontWeight": 400,
                    "margin": "0 0 10px 0",
                    "padding": 0,
                  }
                }>
                Destructive
              </h2>
            </div>
            <div
              style={
                Object {
                  "marginBottom": 0,
                }
              }>
              <p
                style={
                  Object {
                    "WebkitFontSmoothing": "antialiased",
                    "color": "#444",
                    "fontFamily": "
                      -apple-system, ".SFNSText-Regular", "San Francisco", "Roboto",
                      "Segoe UI", "Helvetica Neue", "Lucida Grande", sans-serif
                    ",
  -                 "fontSize": 15,
  +                 "fontSize": "15px",
                  }
                }>
                Destructive type button
              </p>
            </div>
            <div>
              <h1
                style={
                  Object {
                    "borderBottom": "1px solid #EEE",
  -                 "fontSize": 25,
  +                 "fontSize": "25px",
                    "margin": "20px 0 0 0",
                    "padding": "0 0 5px 0",
                  }
                }>
                Story Source
              </h1>
              <pre
                style={
                  Object {
                    "backgroundColor": "#fafafa",
                    "fontFamily": "Menlo, Monaco, "Courier New", monospace",
                    "fontSize": ".88em",
                    "lineHeight": 1.5,
                    "overflowX": "scroll",
                    "padding": ".5rem",
                  }
                }>
                <div>
                  <div
                    style={
                      Object {
                        "paddingLeft": 18,
                        "paddingRight": 3,
                      }
                    }>
                    <span
                      style={
                        Object {
                          "color": "#777",
                        }
                      }>
                      <
                      Button
                    </span>
                    <span>
                      <span>
                         
                        <span
                          style={Object {}}>
                          type
                        </span>
                        <span>
                          =
                          <span
                            style={Object {}}>
                            <span
                              style={
                                Object {
                                  "color": "#22a",
                                  "wordBreak": "break-word",
                                }
                              }>
                              "
                              destructive
                              "
                            </span>
                          </span>
                        </span>
                      </span>
                      <span>
                         
                        <span
                          style={Object {}}>
                          onClick
                        </span>
                        <span>
                          =
                          <span
                            style={Object {}}>
                            <span>
                              {
                              <span
                                style={
                                  Object {
                                    "color": "#170",
                                  }
                                }>
  -                             anonymous()
  +                             destructive_clicked()
                              </span>
                              }
                            </span>
                          </span>
                        </span>
                        
                      </span>
                    </span>
                    <span
                      style={
                        Object {
                          "color": "#777",
                        }
                      }>
                      >
                    </span>
                  </div>
                  <div
                    style={
                      Object {
                        "paddingLeft": 33,
                        "paddingRight": 3,
                      }
                    }>
                    <span
                      style={
                        Object {
                          "color": "#777",
                        }
                      }>
                      Destructive
                    </span>
                  </div>
                  <div
                    style={
                      Object {
                        "paddingLeft": 18,
                        "paddingRight": 3,
                      }
                    }>
                    <span
                      style={
                        Object {
                          "color": "#777",
                        }
                      }>
                      </
                      Button
                      >
                    </span>
                  </div>
                </div>
              </pre>
            </div>
            <div>
              <h1
                style={
                  Object {
                    "borderBottom": "1px solid #EEE",
  -                 "fontSize": 25,
  +                 "fontSize": "25px",
                    "margin": "20px 0 0 0",
                    "padding": "0 0 5px 0",
                  }
                }>
                Prop Types
              </h1>
              <div>
                <h2
                  style={
                    Object {
                      "margin": "20px 0 0 0",
                    }
                  }>
                  "
                  Button
                  " Component
                </h2>
                <table
                  style={
                    Object {
                      "borderCollapse": "separate",
                      "borderSpacing": "10px 5px",
                      "marginLeft": -10,
                    }
                  }>
                  <thead>
                    <tr>
                      <th>
                        property
                      </th>
                      <th>
                        propType
                      </th>
                      <th>
                        required
                      </th>
                      <th>
                        default
                      </th>
                    </tr>
                  </thead>
                  <tbody>
                    <tr>
                      <td>
                        loading
                      </td>
                      <td>
                        bool
                      </td>
                      <td>
                        no
                      </td>
                      <td>
                        -
                      </td>
                    </tr>
                    <tr>
                      <td>
                        buttonRef
                      </td>
                      <td>
                        func
                      </td>
                      <td>
                        no
                      </td>
                      <td>
                        -
                      </td>
                    </tr>
                    <tr>
                      <td>
                        alt
                      </td>
                      <td>
                        string
                      </td>
                      <td>
                        no
                      </td>
                      <td>
                        -
                      </td>
                    </tr>
                    <tr>
                      <td>
                        iconSize
                      </td>
                      <td>
                        other
                      </td>
                      <td>
                        no
                      </td>
                      <td>
                        -
                      </td>
                    </tr>
                    <tr>
                      <td>
                        className
                      </td>
                      <td>
                        string
                      </td>
                      <td>
                        no
                      </td>
                      <td>
                        -
                      </td>
                    </tr>
                    <tr>
                      <td>
                        children
                      </td>
                      <td>
                        node
                      </td>
                      <td>
                        no
                      </td>
                      <td>
                        -
                      </td>
                    </tr>
                    <tr>
                      <td>
                        iconAlign
                      </td>
                      <td>
                        other
                      </td>
                      <td>
                        no
                      </td>
                      <td>
                        -
                      </td>
                    </tr>
                    <tr>
                      <td>
                        selected
                      </td>
                      <td>
                        bool
                      </td>
                      <td>
                        no
                      </td>
                      <td>
                        -
                      </td>
                    </tr>
                    <tr>
                      <td>
                        label
                      </td>
                      <td>
                        node
                      </td>
                      <td>
                        no
                      </td>
                      <td>
                        -
                      </td>
                    </tr>
                    <tr>
                      <td>
                        icon
                      </td>
                      <td>
                        string
                      </td>
                      <td>
                        no
                      </td>
                      <td>
                        -
                      </td>
                    </tr>
                    <tr>
                      <td>
                        onClick
                      </td>
                      <td>
                        func
                      </td>
                      <td>
                        no
                      </td>
                      <td>
                        -
                      </td>
                    </tr>
                    <tr>
                      <td>
                        inverse
                      </td>
                      <td>
                        bool
                      </td>
                      <td>
                        no
                      </td>
                      <td>
                        -
                      </td>
                    </tr>
                    <tr>
                      <td>
                        iconMore
                      </td>
                      <td>
                        string
                      </td>
                      <td>
                        no
                      </td>
                      <td>
                        -
                      </td>
                    </tr>
                    <tr>
                      <td>
                        iconMoreSize
                      </td>
                      <td>
                        other
                      </td>
                      <td>
                        no
                      </td>
                      <td>
                        -
                      </td>
                    </tr>
                    <tr>
                      <td>
                        htmlType
                      </td>
                      <td>
                        string
                      </td>
                      <td>
                        no
                      </td>
                      <td>
                        -
                      </td>
                    </tr>
                    <tr>
                      <td>
                        size
                      </td>
                      <td>
                        other
                      </td>
                      <td>
                        no
                      </td>
                      <td>
                        -
                      </td>
                    </tr>
                    <tr>
                      <td>
                        type
                      </td>
                      <td>
                        other
                      </td>
                      <td>
                        no
                      </td>
                      <td>
                        -
                      </td>
                    </tr>
                  </tbody>
                </table>
              </div>
            </div>
          </div>
        </div>
      </div>
    </div>


✗ Destructive disabled
  - Snapshot
  + Current story
  
  <div>
      <div
        style={
          Object {
            "position": "relative",
            "zIndex": 0,
          }
        }>
        <button
          className="slds-button slds-button--destructive"
          disabled={true}
          onClick={[Function]}
          type="button">
          Disabled Destructive
        </button>
      </div>
      <a
        onClick={[Function]}
        style={
          Object {
            "background": "#28c",
            "borderRadius": "0 0 0 5px",
            "color": "#fff",
            "cursor": "pointer",
            "display": "block",
            "fontFamily": "sans-serif",
  -         "fontSize": 12,
  +         "fontSize": "12px",
            "padding": "5px 15px",
            "position": "fixed",
            "right": 0,
            "textDecoration": "none",
            "top": 0,
          }
        }>
        ?
      </a>
      <div
        style={
          Object {
            "background": "white",
            "bottom": 0,
            "display": "none",
            "left": 0,
            "overflow": "auto",
            "padding": "0 40px",
            "position": "absolute",
            "right": 0,
            "top": 0,
          }
        }>
        <a
          onClick={[Function]}
          style={
            Object {
              "background": "#28c",
              "borderRadius": "0 0 0 5px",
              "color": "#fff",
              "cursor": "pointer",
              "display": "block",
              "fontFamily": "sans-serif",
  -           "fontSize": 12,
  +           "fontSize": "12px",
              "padding": "5px 15px",
              "position": "fixed",
              "right": 0,
              "textDecoration": "none",
              "top": 0,
            }
          }>
          ×
        </a>
        <div
          style={undefined}>
          <div
            style={
              Object {
                "WebkitFontSmoothing": "antialiased",
                "color": "#444",
                "fontFamily": "
                  -apple-system, ".SFNSText-Regular", "San Francisco", "Roboto",
                  "Segoe UI", "Helvetica Neue", "Lucida Grande", sans-serif
                ",
  -             "fontSize": 15,
  +             "fontSize": "15px",
                "fontWeight": 300,
                "lineHeight": 1.45,
              }
            }>
            <div
              style={
                Object {
                  "borderBottom": "1px solid #eee",
                  "marginBottom": 10,
  +               "paddingTop": 10,
                }
              }>
              <h1
                style={
                  Object {
  -                 "fontSize": 35,
  -                 "margin": "20px 0 0 0",
  +                 "fontSize": "35px",
  +                 "margin": 0,
                    "padding": 0,
                  }
                }>
                Button
              </h1>
              <h2
                style={
                  Object {
  -                 "fontSize": 22,
  +                 "fontSize": "22px",
                    "fontWeight": 400,
                    "margin": "0 0 10px 0",
                    "padding": 0,
                  }
                }>
                Destructive disabled
              </h2>
            </div>
            <div
              style={
                Object {
                  "marginBottom": 0,
                }
              }>
              <p
                style={
                  Object {
                    "WebkitFontSmoothing": "antialiased",
                    "color": "#444",
                    "fontFamily": "
                      -apple-system, ".SFNSText-Regular", "San Francisco", "Roboto",
                      "Segoe UI", "Helvetica Neue", "Lucida Grande", sans-serif
                    ",
  -                 "fontSize": 15,
  +                 "fontSize": "15px",
                  }
                }>
                Destructive type button but disabled
              </p>
            </div>
            <div>
              <h1
                style={
                  Object {
                    "borderBottom": "1px solid #EEE",
  -                 "fontSize": 25,
  +                 "fontSize": "25px",
                    "margin": "20px 0 0 0",
                    "padding": "0 0 5px 0",
                  }
                }>
                Story Source
              </h1>
              <pre
                style={
                  Object {
                    "backgroundColor": "#fafafa",
                    "fontFamily": "Menlo, Monaco, "Courier New", monospace",
                    "fontSize": ".88em",
                    "lineHeight": 1.5,
                    "overflowX": "scroll",
                    "padding": ".5rem",
                  }
                }>
                <div>
                  <div
                    style={
                      Object {
                        "paddingLeft": 18,
                        "paddingRight": 3,
                      }
                    }>
                    <span
                      style={
                        Object {
                          "color": "#777",
                        }
                      }>
                      <
                      Button
                    </span>
                    <span>
                      <span>
                         
                        <span
                          style={Object {}}>
                          type
                        </span>
                        <span>
                          =
                          <span
                            style={Object {}}>
                            <span
                              style={
                                Object {
                                  "color": "#22a",
                                  "wordBreak": "break-word",
                                }
                              }>
                              "
                              destructive
                              "
                            </span>
                          </span>
                        </span>
                      </span>
                      <span>
                         
                        <span
                          style={Object {}}>
                          disabled
                        </span>
                      </span>
                      <span>
                         
                        <span
                          style={Object {}}>
                          onClick
                        </span>
                        <span>
                          =
                          <span
                            style={Object {}}>
                            <span>
                              {
                              <span
                                style={
                                  Object {
                                    "color": "#170",
                                  }
                                }>
  -                             anonymous()
  +                             should_not_be_clicked()
                              </span>
                              }
                            </span>
                          </span>
                        </span>
                        
                      </span>
                    </span>
                    <span
                      style={
                        Object {
                          "color": "#777",
                        }
                      }>
                      >
                    </span>
                  </div>
                  <div
                    style={
                      Object {
                        "paddingLeft": 33,
                        "paddingRight": 3,
                      }
                    }>
                    <span
                      style={
                        Object {
                          "color": "#777",
                        }
                      }>
                      Disabled Destructive
                    </span>
                  </div>
                  <div
                    style={
                      Object {
                        "paddingLeft": 18,
                        "paddingRight": 3,
                      }
                    }>
                    <span
                      style={
                        Object {
                          "color": "#777",
                        }
                      }>
                      </
                      Button
                      >
                    </span>
                  </div>
                </div>
              </pre>
            </div>
            <div>
              <h1
                style={
                  Object {
                    "borderBottom": "1px solid #EEE",
  -                 "fontSize": 25,
  +                 "fontSize": "25px",
                    "margin": "20px 0 0 0",
                    "padding": "0 0 5px 0",
                  }
                }>
                Prop Types
              </h1>
              <div>
                <h2
                  style={
                    Object {
                      "margin": "20px 0 0 0",
                    }
                  }>
                  "
                  Button
                  " Component
                </h2>
                <table
                  style={
                    Object {
                      "borderCollapse": "separate",
                      "borderSpacing": "10px 5px",
                      "marginLeft": -10,
                    }
                  }>
                  <thead>
                    <tr>
                      <th>
                        property
                      </th>
                      <th>
                        propType
                      </th>
                      <th>
                        required
                      </th>
                      <th>
                        default
                      </th>
                    </tr>
                  </thead>
                  <tbody>
                    <tr>
                      <td>
                        loading
                      </td>
                      <td>
                        bool
                      </td>
                      <td>
                        no
                      </td>
                      <td>
                        -
                      </td>
                    </tr>
                    <tr>
                      <td>
                        buttonRef
                      </td>
                      <td>
                        func
                      </td>
                      <td>
                        no
                      </td>
                      <td>
                        -
                      </td>
                    </tr>
                    <tr>
                      <td>
                        alt
                      </td>
                      <td>
                        string
                      </td>
                      <td>
                        no
                      </td>
                      <td>
                        -
                      </td>
                    </tr>
                    <tr>
                      <td>
                        iconSize
                      </td>
                      <td>
                        other
                      </td>
                      <td>
                        no
                      </td>
                      <td>
                        -
                      </td>
                    </tr>
                    <tr>
                      <td>
                        className
                      </td>
                      <td>
                        string
                      </td>
                      <td>
                        no
                      </td>
                      <td>
                        -
                      </td>
                    </tr>
                    <tr>
                      <td>
                        children
                      </td>
                      <td>
                        node
                      </td>
                      <td>
                        no
                      </td>
                      <td>
                        -
                      </td>
                    </tr>
                    <tr>
                      <td>
                        iconAlign
                      </td>
                      <td>
                        other
                      </td>
                      <td>
                        no
                      </td>
                      <td>
                        -
                      </td>
                    </tr>
                    <tr>
                      <td>
                        selected
                      </td>
                      <td>
                        bool
                      </td>
                      <td>
                        no
                      </td>
                      <td>
                        -
                      </td>
                    </tr>
                    <tr>
                      <td>
                        label
                      </td>
                      <td>
                        node
                      </td>
                      <td>
                        no
                      </td>
                      <td>
                        -
                      </td>
                    </tr>
                    <tr>
                      <td>
                        icon
                      </td>
                      <td>
                        string
                      </td>
                      <td>
                        no
                      </td>
                      <td>
                        -
                      </td>
                    </tr>
                    <tr>
                      <td>
                        onClick
                      </td>
                      <td>
                        func
                      </td>
                      <td>
                        no
                      </td>
                      <td>
                        -
                      </td>
                    </tr>
                    <tr>
                      <td>
                        inverse
                      </td>
                      <td>
                        bool
                      </td>
                      <td>
                        no
                      </td>
                      <td>
                        -
                      </td>
                    </tr>
                    <tr>
                      <td>
                        iconMore
                      </td>
                      <td>
                        string
                      </td>
                      <td>
                        no
                      </td>
                      <td>
                        -
                      </td>
                    </tr>
                    <tr>
                      <td>
                        iconMoreSize
                      </td>
                      <td>
                        other
                      </td>
                      <td>
                        no
                      </td>
                      <td>
                        -
                      </td>
                    </tr>
                    <tr>
                      <td>
                        htmlType
                      </td>
                      <td>
                        string
                      </td>
                      <td>
                        no
                      </td>
                      <td>
                        -
                      </td>
                    </tr>
                    <tr>
                      <td>
                        size
                      </td>
                      <td>
                        other
                      </td>
                      <td>
                        no
                      </td>
                      <td>
                        -
                      </td>
                    </tr>
                    <tr>
                      <td>
                        type
                      </td>
                      <td>
                        other
                      </td>
                      <td>
                        no
                      </td>
                      <td>
                        -
                      </td>
                    </tr>
                  </tbody>
                </table>
              </div>
            </div>
          </div>
        </div>
      </div>
    </div>


✗ Neutral with left icon
  - Snapshot
  + Current story
  
  <div>
      <div
        style={
          Object {
            "position": "relative",
            "zIndex": 0,
          }
        }>
        <button
          className="slds-button slds-button--neutral"
          onClick={[Function]}
          type="button">
          <svg
            aria-hidden={true}
            className="slds-button__icon slds-button__icon--left"
            dangerouslySetInnerHTML={
              Object {
                "__html": "<use xlink:href="/assets/icons/utility-sprite/svg/symbols.svg#download"></use>",
              }
            }
            style={undefined} />
          Button Neutral
        </button>
      </div>
      <a
        onClick={[Function]}
        style={
          Object {
            "background": "#28c",
            "borderRadius": "0 0 0 5px",
            "color": "#fff",
            "cursor": "pointer",
            "display": "block",
            "fontFamily": "sans-serif",
  -         "fontSize": 12,
  +         "fontSize": "12px",
            "padding": "5px 15px",
            "position": "fixed",
            "right": 0,
            "textDecoration": "none",
            "top": 0,
          }
        }>
        ?
      </a>
      <div
        style={
          Object {
            "background": "white",
            "bottom": 0,
            "display": "none",
            "left": 0,
            "overflow": "auto",
            "padding": "0 40px",
            "position": "absolute",
            "right": 0,
            "top": 0,
          }
        }>
        <a
          onClick={[Function]}
          style={
            Object {
              "background": "#28c",
              "borderRadius": "0 0 0 5px",
              "color": "#fff",
              "cursor": "pointer",
              "display": "block",
              "fontFamily": "sans-serif",
  -           "fontSize": 12,
  +           "fontSize": "12px",
              "padding": "5px 15px",
              "position": "fixed",
              "right": 0,
              "textDecoration": "none",
              "top": 0,
            }
          }>
          ×
        </a>
        <div
          style={undefined}>
          <div
            style={
              Object {
                "WebkitFontSmoothing": "antialiased",
                "color": "#444",
                "fontFamily": "
                  -apple-system, ".SFNSText-Regular", "San Francisco", "Roboto",
                  "Segoe UI", "Helvetica Neue", "Lucida Grande", sans-serif
                ",
  -             "fontSize": 15,
  +             "fontSize": "15px",
                "fontWeight": 300,
                "lineHeight": 1.45,
              }
            }>
            <div
              style={
                Object {
                  "borderBottom": "1px solid #eee",
                  "marginBottom": 10,
  +               "paddingTop": 10,
                }
              }>
              <h1
                style={
                  Object {
  -                 "fontSize": 35,
  -                 "margin": "20px 0 0 0",
  +                 "fontSize": "35px",
  +                 "margin": 0,
                    "padding": 0,
                  }
                }>
                Button
              </h1>
              <h2
                style={
                  Object {
  -                 "fontSize": 22,
  +                 "fontSize": "22px",
                    "fontWeight": 400,
                    "margin": "0 0 10px 0",
                    "padding": 0,
                  }
                }>
                Neutral with left icon
              </h2>
            </div>
            <div
              style={
                Object {
                  "marginBottom": 0,
                }
              }>
              <p
                style={
                  Object {
                    "WebkitFontSmoothing": "antialiased",
                    "color": "#444",
                    "fontFamily": "
                      -apple-system, ".SFNSText-Regular", "San Francisco", "Roboto",
                      "Segoe UI", "Helvetica Neue", "Lucida Grande", sans-serif
                    ",
  -                 "fontSize": 15,
  +                 "fontSize": "15px",
                  }
                }>
                Neutral type button with download icon in left side
              </p>
            </div>
            <div>
              <h1
                style={
                  Object {
                    "borderBottom": "1px solid #EEE",
  -                 "fontSize": 25,
  +                 "fontSize": "25px",
                    "margin": "20px 0 0 0",
                    "padding": "0 0 5px 0",
                  }
                }>
                Story Source
              </h1>
              <pre
                style={
                  Object {
                    "backgroundColor": "#fafafa",
                    "fontFamily": "Menlo, Monaco, "Courier New", monospace",
                    "fontSize": ".88em",
                    "lineHeight": 1.5,
                    "overflowX": "scroll",
                    "padding": ".5rem",
                  }
                }>
                <div>
                  <div
                    style={
                      Object {
                        "paddingLeft": 18,
                        "paddingRight": 3,
                      }
                    }>
                    <span
                      style={
                        Object {
                          "color": "#777",
                        }
                      }>
                      <
                      Button
                    </span>
                    <span>
                      <span>
                        <span>
                          <br />
                            
                        </span>
                        <span
                          style={Object {}}>
                          type
                        </span>
                        <span>
                          =
                          <span
                            style={Object {}}>
                            <span
                              style={
                                Object {
                                  "color": "#22a",
                                  "wordBreak": "break-word",
                                }
                              }>
                              "
                              neutral
                              "
                            </span>
                          </span>
                        </span>
                      </span>
                      <span>
                        <span>
                          <br />
                            
                        </span>
                        <span
                          style={Object {}}>
                          icon
                        </span>
                        <span>
                          =
                          <span
                            style={Object {}}>
                            <span
                              style={
                                Object {
                                  "color": "#22a",
                                  "wordBreak": "break-word",
                                }
                              }>
                              "
                              download
                              "
                            </span>
                          </span>
                        </span>
                      </span>
                      <span>
                        <span>
                          <br />
                            
                        </span>
                        <span
                          style={Object {}}>
                          iconAlign
                        </span>
                        <span>
                          =
                          <span
                            style={Object {}}>
                            <span
                              style={
                                Object {
                                  "color": "#22a",
                                  "wordBreak": "break-word",
                                }
                              }>
                              "
                              left
                              "
                            </span>
                          </span>
                        </span>
                      </span>
                      <span>
                        <span>
                          <br />
                            
                        </span>
                        <span
                          style={Object {}}>
                          onClick
                        </span>
                        <span>
                          =
                          <span
                            style={Object {}}>
                            <span>
                              {
                              <span
                                style={
                                  Object {
                                    "color": "#170",
                                  }
                                }>
  -                             anonymous()
  +                             neutral_button_icon_left_clicked()
                              </span>
                              }
                            </span>
                          </span>
                        </span>
                        <br />
                      </span>
                    </span>
                    <span
                      style={
                        Object {
                          "color": "#777",
                        }
                      }>
                      >
                    </span>
                  </div>
                  <div
                    style={
                      Object {
                        "paddingLeft": 33,
                        "paddingRight": 3,
                      }
                    }>
                    <span
                      style={
                        Object {
                          "color": "#777",
                        }
                      }>
                      Button Neutral
                    </span>
                  </div>
                  <div
                    style={
                      Object {
                        "paddingLeft": 18,
                        "paddingRight": 3,
                      }
                    }>
                    <span
                      style={
                        Object {
                          "color": "#777",
                        }
                      }>
                      </
                      Button
                      >
                    </span>
                  </div>
                </div>
              </pre>
            </div>
            <div>
              <h1
                style={
                  Object {
                    "borderBottom": "1px solid #EEE",
  -                 "fontSize": 25,
  +                 "fontSize": "25px",
                    "margin": "20px 0 0 0",
                    "padding": "0 0 5px 0",
                  }
                }>
                Prop Types
              </h1>
              <div>
                <h2
                  style={
                    Object {
                      "margin": "20px 0 0 0",
                    }
                  }>
                  "
                  Button
                  " Component
                </h2>
                <table
                  style={
                    Object {
                      "borderCollapse": "separate",
                      "borderSpacing": "10px 5px",
                      "marginLeft": -10,
                    }
                  }>
                  <thead>
                    <tr>
                      <th>
                        property
                      </th>
                      <th>
                        propType
                      </th>
                      <th>
                        required
                      </th>
                      <th>
                        default
                      </th>
                    </tr>
                  </thead>
                  <tbody>
                    <tr>
                      <td>
                        loading
                      </td>
                      <td>
                        bool
                      </td>
                      <td>
                        no
                      </td>
                      <td>
                        -
                      </td>
                    </tr>
                    <tr>
                      <td>
                        buttonRef
                      </td>
                      <td>
                        func
                      </td>
                      <td>
                        no
                      </td>
                      <td>
                        -
                      </td>
                    </tr>
                    <tr>
                      <td>
                        alt
                      </td>
                      <td>
                        string
                      </td>
                      <td>
                        no
                      </td>
                      <td>
                        -
                      </td>
                    </tr>
                    <tr>
                      <td>
                        iconSize
                      </td>
                      <td>
                        other
                      </td>
                      <td>
                        no
                      </td>
                      <td>
                        -
                      </td>
                    </tr>
                    <tr>
                      <td>
                        className
                      </td>
                      <td>
                        string
                      </td>
                      <td>
                        no
                      </td>
                      <td>
                        -
                      </td>
                    </tr>
                    <tr>
                      <td>
                        children
                      </td>
                      <td>
                        node
                      </td>
                      <td>
                        no
                      </td>
                      <td>
                        -
                      </td>
                    </tr>
                    <tr>
                      <td>
                        iconAlign
                      </td>
                      <td>
                        other
                      </td>
                      <td>
                        no
                      </td>
                      <td>
                        -
                      </td>
                    </tr>
                    <tr>
                      <td>
                        selected
                      </td>
                      <td>
                        bool
                      </td>
                      <td>
                        no
                      </td>
                      <td>
                        -
                      </td>
                    </tr>
                    <tr>
                      <td>
                        label
                      </td>
                      <td>
                        node
                      </td>
                      <td>
                        no
                      </td>
                      <td>
                        -
                      </td>
                    </tr>
                    <tr>
                      <td>
                        icon
                      </td>
                      <td>
                        string
                      </td>
                      <td>
                        no
                      </td>
                      <td>
                        -
                      </td>
                    </tr>
                    <tr>
                      <td>
                        onClick
                      </td>
                      <td>
                        func
                      </td>
                      <td>
                        no
                      </td>
                      <td>
                        -
                      </td>
                    </tr>
                    <tr>
                      <td>
                        inverse
                      </td>
                      <td>
                        bool
                      </td>
                      <td>
                        no
                      </td>
                      <td>
                        -
                      </td>
                    </tr>
                    <tr>
                      <td>
                        iconMore
                      </td>
                      <td>
                        string
                      </td>
                      <td>
                        no
                      </td>
                      <td>
                        -
                      </td>
                    </tr>
                    <tr>
                      <td>
                        iconMoreSize
                      </td>
                      <td>
                        other
                      </td>
                      <td>
                        no
                      </td>
                      <td>
                        -
                      </td>
                    </tr>
                    <tr>
                      <td>
                        htmlType
                      </td>
                      <td>
                        string
                      </td>
                      <td>
                        no
                      </td>
                      <td>
                        -
                      </td>
                    </tr>
                    <tr>
                      <td>
                        size
                      </td>
                      <td>
                        other
                      </td>
                      <td>
                        no
                      </td>
                      <td>
                        -
                      </td>
                    </tr>
                    <tr>
                      <td>
                        type
                      </td>
                      <td>
                        other
                      </td>
                      <td>
                        no
                      </td>
                      <td>
                        -
                      </td>
                    </tr>
                  </tbody>
                </table>
              </div>
            </div>
          </div>
        </div>
      </div>
    </div>


✗ Neutral with right icon
  - Snapshot
  + Current story
  
  <div>
      <div
        style={
          Object {
            "position": "relative",
            "zIndex": 0,
          }
        }>
        <button
          className="slds-button slds-button--neutral"
          onClick={[Function]}
          type="button">
          Button Neutral
          <svg
            aria-hidden={true}
            className="slds-button__icon slds-button__icon--right"
            dangerouslySetInnerHTML={
              Object {
                "__html": "<use xlink:href="/assets/icons/utility-sprite/svg/symbols.svg#down"></use>",
              }
            }
            style={undefined} />
        </button>
      </div>
      <a
        onClick={[Function]}
        style={
          Object {
            "background": "#28c",
            "borderRadius": "0 0 0 5px",
            "color": "#fff",
            "cursor": "pointer",
            "display": "block",
            "fontFamily": "sans-serif",
  -         "fontSize": 12,
  +         "fontSize": "12px",
            "padding": "5px 15px",
            "position": "fixed",
            "right": 0,
            "textDecoration": "none",
            "top": 0,
          }
        }>
        ?
      </a>
      <div
        style={
          Object {
            "background": "white",
            "bottom": 0,
            "display": "none",
            "left": 0,
            "overflow": "auto",
            "padding": "0 40px",
            "position": "absolute",
            "right": 0,
            "top": 0,
          }
        }>
        <a
          onClick={[Function]}
          style={
            Object {
              "background": "#28c",
              "borderRadius": "0 0 0 5px",
              "color": "#fff",
              "cursor": "pointer",
              "display": "block",
              "fontFamily": "sans-serif",
  -           "fontSize": 12,
  +           "fontSize": "12px",
              "padding": "5px 15px",
              "position": "fixed",
              "right": 0,
              "textDecoration": "none",
              "top": 0,
            }
          }>
          ×
        </a>
        <div
          style={undefined}>
          <div
            style={
              Object {
                "WebkitFontSmoothing": "antialiased",
                "color": "#444",
                "fontFamily": "
                  -apple-system, ".SFNSText-Regular", "San Francisco", "Roboto",
                  "Segoe UI", "Helvetica Neue", "Lucida Grande", sans-serif
                ",
  -             "fontSize": 15,
  +             "fontSize": "15px",
                "fontWeight": 300,
                "lineHeight": 1.45,
              }
            }>
            <div
              style={
                Object {
                  "borderBottom": "1px solid #eee",
                  "marginBottom": 10,
  +               "paddingTop": 10,
                }
              }>
              <h1
                style={
                  Object {
  -                 "fontSize": 35,
  -                 "margin": "20px 0 0 0",
  +                 "fontSize": "35px",
  +                 "margin": 0,
                    "padding": 0,
                  }
                }>
                Button
              </h1>
              <h2
                style={
                  Object {
  -                 "fontSize": 22,
  +                 "fontSize": "22px",
                    "fontWeight": 400,
                    "margin": "0 0 10px 0",
                    "padding": 0,
                  }
                }>
                Neutral with right icon
              </h2>
            </div>
            <div
              style={
                Object {
                  "marginBottom": 0,
                }
              }>
              <p
                style={
                  Object {
                    "WebkitFontSmoothing": "antialiased",
                    "color": "#444",
                    "fontFamily": "
                      -apple-system, ".SFNSText-Regular", "San Francisco", "Roboto",
                      "Segoe UI", "Helvetica Neue", "Lucida Grande", sans-serif
                    ",
  -                 "fontSize": 15,
  +                 "fontSize": "15px",
                  }
                }>
                Neutral type button with down icon in right side
              </p>
            </div>
            <div>
              <h1
                style={
                  Object {
                    "borderBottom": "1px solid #EEE",
  -                 "fontSize": 25,
  +                 "fontSize": "25px",
                    "margin": "20px 0 0 0",
                    "padding": "0 0 5px 0",
                  }
                }>
                Story Source
              </h1>
              <pre
                style={
                  Object {
                    "backgroundColor": "#fafafa",
                    "fontFamily": "Menlo, Monaco, "Courier New", monospace",
                    "fontSize": ".88em",
                    "lineHeight": 1.5,
                    "overflowX": "scroll",
                    "padding": ".5rem",
                  }
                }>
                <div>
                  <div
                    style={
                      Object {
                        "paddingLeft": 18,
                        "paddingRight": 3,
                      }
                    }>
                    <span
                      style={
                        Object {
                          "color": "#777",
                        }
                      }>
                      <
                      Button
                    </span>
                    <span>
                      <span>
                        <span>
                          <br />
                            
                        </span>
                        <span
                          style={Object {}}>
                          type
                        </span>
                        <span>
                          =
                          <span
                            style={Object {}}>
                            <span
                              style={
                                Object {
                                  "color": "#22a",
                                  "wordBreak": "break-word",
                                }
                              }>
                              "
                              neutral
                              "
                            </span>
                          </span>
                        </span>
                      </span>
                      <span>
                        <span>
                          <br />
                            
                        </span>
                        <span
                          style={Object {}}>
                          icon
                        </span>
                        <span>
                          =
                          <span
                            style={Object {}}>
                            <span
                              style={
                                Object {
                                  "color": "#22a",
                                  "wordBreak": "break-word",
                                }
                              }>
                              "
                              down
                              "
                            </span>
                          </span>
                        </span>
                      </span>
                      <span>
                        <span>
                          <br />
                            
                        </span>
                        <span
                          style={Object {}}>
                          iconAlign
                        </span>
                        <span>
                          =
                          <span
                            style={Object {}}>
                            <span
                              style={
                                Object {
                                  "color": "#22a",
                                  "wordBreak": "break-word",
                                }
                              }>
                              "
                              right
                              "
                            </span>
                          </span>
                        </span>
                      </span>
                      <span>
                        <span>
                          <br />
                            
                        </span>
                        <span
                          style={Object {}}>
                          onClick
                        </span>
                        <span>
                          =
                          <span
                            style={Object {}}>
                            <span>
                              {
                              <span
                                style={
                                  Object {
                                    "color": "#170",
                                  }
                                }>
  -                             anonymous()
  +                             neutral_button_icon_right_clicked()
                              </span>
                              }
                            </span>
                          </span>
                        </span>
                        <br />
                      </span>
                    </span>
                    <span
                      style={
                        Object {
                          "color": "#777",
                        }
                      }>
                      >
                    </span>
                  </div>
                  <div
                    style={
                      Object {
                        "paddingLeft": 33,
                        "paddingRight": 3,
                      }
                    }>
                    <span
                      style={
                        Object {
                          "color": "#777",
                        }
                      }>
                      Button Neutral
                    </span>
                  </div>
                  <div
                    style={
                      Object {
                        "paddingLeft": 18,
                        "paddingRight": 3,
                      }
                    }>
                    <span
                      style={
                        Object {
                          "color": "#777",
                        }
                      }>
                      </
                      Button
                      >
                    </span>
                  </div>
                </div>
              </pre>
            </div>
            <div>
              <h1
                style={
                  Object {
                    "borderBottom": "1px solid #EEE",
  -                 "fontSize": 25,
  +                 "fontSize": "25px",
                    "margin": "20px 0 0 0",
                    "padding": "0 0 5px 0",
                  }
                }>
                Prop Types
              </h1>
              <div>
                <h2
                  style={
                    Object {
                      "margin": "20px 0 0 0",
                    }
                  }>
                  "
                  Button
                  " Component
                </h2>
                <table
                  style={
                    Object {
                      "borderCollapse": "separate",
                      "borderSpacing": "10px 5px",
                      "marginLeft": -10,
                    }
                  }>
                  <thead>
                    <tr>
                      <th>
                        property
                      </th>
                      <th>
                        propType
                      </th>
                      <th>
                        required
                      </th>
                      <th>
                        default
                      </th>
                    </tr>
                  </thead>
                  <tbody>
                    <tr>
                      <td>
                        loading
                      </td>
                      <td>
                        bool
                      </td>
                      <td>
                        no
                      </td>
                      <td>
                        -
                      </td>
                    </tr>
                    <tr>
                      <td>
                        buttonRef
                      </td>
                      <td>
                        func
                      </td>
                      <td>
                        no
                      </td>
                      <td>
                        -
                      </td>
                    </tr>
                    <tr>
                      <td>
                        alt
                      </td>
                      <td>
                        string
                      </td>
                      <td>
                        no
                      </td>
                      <td>
                        -
                      </td>
                    </tr>
                    <tr>
                      <td>
                        iconSize
                      </td>
                      <td>
                        other
                      </td>
                      <td>
                        no
                      </td>
                      <td>
                        -
                      </td>
                    </tr>
                    <tr>
                      <td>
                        className
                      </td>
                      <td>
                        string
                      </td>
                      <td>
                        no
                      </td>
                      <td>
                        -
                      </td>
                    </tr>
                    <tr>
                      <td>
                        children
                      </td>
                      <td>
                        node
                      </td>
                      <td>
                        no
                      </td>
                      <td>
                        -
                      </td>
                    </tr>
                    <tr>
                      <td>
                        iconAlign
                      </td>
                      <td>
                        other
                      </td>
                      <td>
                        no
                      </td>
                      <td>
                        -
                      </td>
                    </tr>
                    <tr>
                      <td>
                        selected
                      </td>
                      <td>
                        bool
                      </td>
                      <td>
                        no
                      </td>
                      <td>
                        -
                      </td>
                    </tr>
                    <tr>
                      <td>
                        label
                      </td>
                      <td>
                        node
                      </td>
                      <td>
                        no
                      </td>
                      <td>
                        -
                      </td>
                    </tr>
                    <tr>
                      <td>
                        icon
                      </td>
                      <td>
                        string
                      </td>
                      <td>
                        no
                      </td>
                      <td>
                        -
                      </td>
                    </tr>
                    <tr>
                      <td>
                        onClick
                      </td>
                      <td>
                        func
                      </td>
                      <td>
                        no
                      </td>
                      <td>
                        -
                      </td>
                    </tr>
                    <tr>
                      <td>
                        inverse
                      </td>
                      <td>
                        bool
                      </td>
                      <td>
                        no
                      </td>
                      <td>
                        -
                      </td>
                    </tr>
                    <tr>
                      <td>
                        iconMore
                      </td>
                      <td>
                        string
                      </td>
                      <td>
                        no
                      </td>
                      <td>
                        -
                      </td>
                    </tr>
                    <tr>
                      <td>
                        iconMoreSize
                      </td>
                      <td>
                        other
                      </td>
                      <td>
                        no
                      </td>
                      <td>
                        -
                      </td>
                    </tr>
                    <tr>
                      <td>
                        htmlType
                      </td>
                      <td>
                        string
                      </td>
                      <td>
                        no
                      </td>
                      <td>
                        -
                      </td>
                    </tr>
                    <tr>
                      <td>
                        size
                      </td>
                      <td>
                        other
                      </td>
                      <td>
                        no
                      </td>
                      <td>
                        -
                      </td>
                    </tr>
                    <tr>
                      <td>
                        type
                      </td>
                      <td>
                        other
                      </td>
                      <td>
                        no
                      </td>
                      <td>
                        -
                      </td>
                    </tr>
                  </tbody>
                </table>
              </div>
            </div>
          </div>
        </div>
      </div>
    </div>


✗ Inverse
  - Snapshot
  + Current story
  
  <div>
      <div
        style={
          Object {
            "position": "relative",
            "zIndex": 0,
          }
        }>
        <div
          style={
            Object {
              "backgroundColor": "#16325c",
              "padding": 4,
            }
          }>
          <button
            className="slds-button slds-button--inverse"
            onClick={[Function]}
            type="button">
            Inverse
          </button>
        </div>
      </div>
      <a
        onClick={[Function]}
        style={
          Object {
            "background": "#28c",
            "borderRadius": "0 0 0 5px",
            "color": "#fff",
            "cursor": "pointer",
            "display": "block",
            "fontFamily": "sans-serif",
  -         "fontSize": 12,
  +         "fontSize": "12px",
            "padding": "5px 15px",
            "position": "fixed",
            "right": 0,
            "textDecoration": "none",
            "top": 0,
          }
        }>
        ?
      </a>
      <div
        style={
          Object {
            "background": "white",
            "bottom": 0,
            "display": "none",
            "left": 0,
            "overflow": "auto",
            "padding": "0 40px",
            "position": "absolute",
            "right": 0,
            "top": 0,
          }
        }>
        <a
          onClick={[Function]}
          style={
            Object {
              "background": "#28c",
              "borderRadius": "0 0 0 5px",
              "color": "#fff",
              "cursor": "pointer",
              "display": "block",
              "fontFamily": "sans-serif",
  -           "fontSize": 12,
  +           "fontSize": "12px",
              "padding": "5px 15px",
              "position": "fixed",
              "right": 0,
              "textDecoration": "none",
              "top": 0,
            }
          }>
          ×
        </a>
        <div
          style={undefined}>
          <div
            style={
              Object {
                "WebkitFontSmoothing": "antialiased",
                "color": "#444",
                "fontFamily": "
                  -apple-system, ".SFNSText-Regular", "San Francisco", "Roboto",
                  "Segoe UI", "Helvetica Neue", "Lucida Grande", sans-serif
                ",
  -             "fontSize": 15,
  +             "fontSize": "15px",
                "fontWeight": 300,
                "lineHeight": 1.45,
              }
            }>
            <div
              style={
                Object {
                  "borderBottom": "1px solid #eee",
                  "marginBottom": 10,
  +               "paddingTop": 10,
                }
              }>
              <h1
                style={
                  Object {
  -                 "fontSize": 35,
  -                 "margin": "20px 0 0 0",
  +                 "fontSize": "35px",
  +                 "margin": 0,
                    "padding": 0,
                  }
                }>
                Button
              </h1>
              <h2
                style={
                  Object {
  -                 "fontSize": 22,
  +                 "fontSize": "22px",
                    "fontWeight": 400,
                    "margin": "0 0 10px 0",
                    "padding": 0,
                  }
                }>
                Inverse
              </h2>
            </div>
            <div
              style={
                Object {
                  "marginBottom": 0,
                }
              }>
              <p
                style={
                  Object {
                    "WebkitFontSmoothing": "antialiased",
                    "color": "#444",
                    "fontFamily": "
                      -apple-system, ".SFNSText-Regular", "San Francisco", "Roboto",
                      "Segoe UI", "Helvetica Neue", "Lucida Grande", sans-serif
                    ",
  -                 "fontSize": 15,
  +                 "fontSize": "15px",
                  }
                }>
                Inverse type button in dark background
              </p>
            </div>
            <div>
              <h1
                style={
                  Object {
                    "borderBottom": "1px solid #EEE",
  -                 "fontSize": 25,
  +                 "fontSize": "25px",
                    "margin": "20px 0 0 0",
                    "padding": "0 0 5px 0",
                  }
                }>
                Story Source
              </h1>
              <pre
                style={
                  Object {
                    "backgroundColor": "#fafafa",
                    "fontFamily": "Menlo, Monaco, "Courier New", monospace",
                    "fontSize": ".88em",
                    "lineHeight": 1.5,
                    "overflowX": "scroll",
                    "padding": ".5rem",
                  }
                }>
                <div>
                  <div
                    style={
                      Object {
                        "paddingLeft": 18,
                        "paddingRight": 3,
                      }
                    }>
                    <span
                      style={
                        Object {
                          "color": "#777",
                        }
                      }>
                      <
                      div
                    </span>
                    <span>
                      <span>
                         
                        <span
                          style={Object {}}>
                          style
                        </span>
                        <span>
                          =
                          <span
                            style={Object {}}>
                            <span>
                              {
                              <span
                                style={
                                  Object {
                                    "color": "#666",
                                  }
                                }>
                                {
                                <span
                                  style={
                                    Object {
                                      "color": "#666",
                                    }
                                  }>
                                  backgroundColor
                                </span>
                                : 
                                <span
                                  style={
                                    Object {
                                      "color": "#22a",
                                      "wordBreak": "break-word",
                                    }
                                  }>
                                  "
                                  #16325c
                                  "
                                </span>
                                , 
                                <span
                                  style={
                                    Object {
                                      "color": "#666",
                                    }
                                  }>
                                  padding
                                </span>
                                : 
                                <span>
                                  {
                                  <span
                                    style={
                                      Object {
                                        "color": "#a11",
                                      }
                                    }>
                                    4
                                  </span>
                                  }
                                </span>
                                }
                              </span>
                              }
                            </span>
                          </span>
                        </span>
                        
                      </span>
                    </span>
                    <span
                      style={
                        Object {
                          "color": "#777",
                        }
                      }>
                      >
                    </span>
                  </div>
                  <div>
                    <div
                      style={
                        Object {
                          "paddingLeft": 33,
                          "paddingRight": 3,
                        }
                      }>
                      <span
                        style={
                          Object {
                            "color": "#777",
                          }
                        }>
                        <
                        Button
                      </span>
                      <span>
                        <span>
                           
                          <span
                            style={Object {}}>
                            type
                          </span>
                          <span>
                            =
                            <span
                              style={Object {}}>
                              <span
                                style={
                                  Object {
                                    "color": "#22a",
                                    "wordBreak": "break-word",
                                  }
                                }>
                                "
                                inverse
                                "
                              </span>
                            </span>
                          </span>
                        </span>
                        <span>
                           
                          <span
                            style={Object {}}>
                            onClick
                          </span>
                          <span>
                            =
                            <span
                              style={Object {}}>
                              <span>
                                {
                                <span
                                  style={
                                    Object {
                                      "color": "#170",
                                    }
                                  }>
  -                               anonymous()
  +                               inverse_button_clicked()
                                </span>
                                }
                              </span>
                            </span>
                          </span>
                          
                        </span>
                      </span>
                      <span
                        style={
                          Object {
                            "color": "#777",
                          }
                        }>
                        >
                      </span>
                    </div>
                    <div
                      style={
                        Object {
                          "paddingLeft": 48,
                          "paddingRight": 3,
                        }
                      }>
                      <span
                        style={
                          Object {
                            "color": "#777",
                          }
                        }>
                        Inverse
                      </span>
                    </div>
                    <div
                      style={
                        Object {
                          "paddingLeft": 33,
                          "paddingRight": 3,
                        }
                      }>
                      <span
                        style={
                          Object {
                            "color": "#777",
                          }
                        }>
                        </
                        Button
                        >
                      </span>
                    </div>
                  </div>
                  <div
                    style={
                      Object {
                        "paddingLeft": 18,
                        "paddingRight": 3,
                      }
                    }>
                    <span
                      style={
                        Object {
                          "color": "#777",
                        }
                      }>
                      </
                      div
                      >
                    </span>
                  </div>
                </div>
              </pre>
            </div>
            <div>
              <h1
                style={
                  Object {
                    "borderBottom": "1px solid #EEE",
  -                 "fontSize": 25,
  +                 "fontSize": "25px",
                    "margin": "20px 0 0 0",
                    "padding": "0 0 5px 0",
                  }
                }>
                Prop Types
              </h1>
              <div>
                <h2
                  style={
                    Object {
                      "margin": "20px 0 0 0",
                    }
                  }>
                  "
                  Button
                  " Component
                </h2>
                <table
                  style={
                    Object {
                      "borderCollapse": "separate",
                      "borderSpacing": "10px 5px",
                      "marginLeft": -10,
                    }
                  }>
                  <thead>
                    <tr>
                      <th>
                        property
                      </th>
                      <th>
                        propType
                      </th>
                      <th>
                        required
                      </th>
                      <th>
                        default
                      </th>
                    </tr>
                  </thead>
                  <tbody>
                    <tr>
                      <td>
                        loading
                      </td>
                      <td>
                        bool
                      </td>
                      <td>
                        no
                      </td>
                      <td>
                        -
                      </td>
                    </tr>
                    <tr>
                      <td>
                        buttonRef
                      </td>
                      <td>
                        func
                      </td>
                      <td>
                        no
                      </td>
                      <td>
                        -
                      </td>
                    </tr>
                    <tr>
                      <td>
                        alt
                      </td>
                      <td>
                        string
                      </td>
                      <td>
                        no
                      </td>
                      <td>
                        -
                      </td>
                    </tr>
                    <tr>
                      <td>
                        iconSize
                      </td>
                      <td>
                        other
                      </td>
                      <td>
                        no
                      </td>
                      <td>
                        -
                      </td>
                    </tr>
                    <tr>
                      <td>
                        className
                      </td>
                      <td>
                        string
                      </td>
                      <td>
                        no
                      </td>
                      <td>
                        -
                      </td>
                    </tr>
                    <tr>
                      <td>
                        children
                      </td>
                      <td>
                        node
                      </td>
                      <td>
                        no
                      </td>
                      <td>
                        -
                      </td>
                    </tr>
                    <tr>
                      <td>
                        iconAlign
                      </td>
                      <td>
                        other
                      </td>
                      <td>
                        no
                      </td>
                      <td>
                        -
                      </td>
                    </tr>
                    <tr>
                      <td>
                        selected
                      </td>
                      <td>
                        bool
                      </td>
                      <td>
                        no
                      </td>
                      <td>
                        -
                      </td>
                    </tr>
                    <tr>
                      <td>
                        label
                      </td>
                      <td>
                        node
                      </td>
                      <td>
                        no
                      </td>
                      <td>
                        -
                      </td>
                    </tr>
                    <tr>
                      <td>
                        icon
                      </td>
                      <td>
                        string
                      </td>
                      <td>
                        no
                      </td>
                      <td>
                        -
                      </td>
                    </tr>
                    <tr>
                      <td>
                        onClick
                      </td>
                      <td>
                        func
                      </td>
                      <td>
                        no
                      </td>
                      <td>
                        -
                      </td>
                    </tr>
                    <tr>
                      <td>
                        inverse
                      </td>
                      <td>
                        bool
                      </td>
                      <td>
                        no
                      </td>
                      <td>
                        -
                      </td>
                    </tr>
                    <tr>
                      <td>
                        iconMore
                      </td>
                      <td>
                        string
                      </td>
                      <td>
                        no
                      </td>
                      <td>
                        -
                      </td>
                    </tr>
                    <tr>
                      <td>
                        iconMoreSize
                      </td>
                      <td>
                        other
                      </td>
                      <td>
                        no
                      </td>
                      <td>
                        -
                      </td>
                    </tr>
                    <tr>
                      <td>
                        htmlType
                      </td>
                      <td>
                        string
                      </td>
                      <td>
                        no
                      </td>
                      <td>
                        -
                      </td>
                    </tr>
                    <tr>
                      <td>
                        size
                      </td>
                      <td>
                        other
                      </td>
                      <td>
                        no
                      </td>
                      <td>
                        -
                      </td>
                    </tr>
                    <tr>
                      <td>
                        type
                      </td>
                      <td>
                        other
                      </td>
                      <td>
                        no
                      </td>
                      <td>
                        -
                      </td>
                    </tr>
                  </tbody>
                </table>
              </div>
            </div>
          </div>
        </div>
      </div>
    </div>


✗ Inverse Disabled
  - Snapshot
  + Current story
  
  <div>
      <div
        style={
          Object {
            "position": "relative",
            "zIndex": 0,
          }
        }>
        <div
          style={
            Object {
              "backgroundColor": "#16325c",
              "padding": 4,
            }
          }>
          <button
            className="slds-button slds-button--inverse"
            disabled={true}
            onClick={[Function]}
            type="button">
            Disabled Inverse
          </button>
        </div>
      </div>
      <a
        onClick={[Function]}
        style={
          Object {
            "background": "#28c",
            "borderRadius": "0 0 0 5px",
            "color": "#fff",
            "cursor": "pointer",
            "display": "block",
            "fontFamily": "sans-serif",
  -         "fontSize": 12,
  +         "fontSize": "12px",
            "padding": "5px 15px",
            "position": "fixed",
            "right": 0,
            "textDecoration": "none",
            "top": 0,
          }
        }>
        ?
      </a>
      <div
        style={
          Object {
            "background": "white",
            "bottom": 0,
            "display": "none",
            "left": 0,
            "overflow": "auto",
            "padding": "0 40px",
            "position": "absolute",
            "right": 0,
            "top": 0,
          }
        }>
        <a
          onClick={[Function]}
          style={
            Object {
              "background": "#28c",
              "borderRadius": "0 0 0 5px",
              "color": "#fff",
              "cursor": "pointer",
              "display": "block",
              "fontFamily": "sans-serif",
  -           "fontSize": 12,
  +           "fontSize": "12px",
              "padding": "5px 15px",
              "position": "fixed",
              "right": 0,
              "textDecoration": "none",
              "top": 0,
            }
          }>
          ×
        </a>
        <div
          style={undefined}>
          <div
            style={
              Object {
                "WebkitFontSmoothing": "antialiased",
                "color": "#444",
                "fontFamily": "
                  -apple-system, ".SFNSText-Regular", "San Francisco", "Roboto",
                  "Segoe UI", "Helvetica Neue", "Lucida Grande", sans-serif
                ",
  -             "fontSize": 15,
  +             "fontSize": "15px",
                "fontWeight": 300,
                "lineHeight": 1.45,
              }
            }>
            <div
              style={
                Object {
                  "borderBottom": "1px solid #eee",
                  "marginBottom": 10,
  +               "paddingTop": 10,
                }
              }>
              <h1
                style={
                  Object {
  -                 "fontSize": 35,
  -                 "margin": "20px 0 0 0",
  +                 "fontSize": "35px",
  +                 "margin": 0,
                    "padding": 0,
                  }
                }>
                Button
              </h1>
              <h2
                style={
                  Object {
  -                 "fontSize": 22,
  +                 "fontSize": "22px",
                    "fontWeight": 400,
                    "margin": "0 0 10px 0",
                    "padding": 0,
                  }
                }>
                Inverse Disabled
              </h2>
            </div>
            <div
              style={
                Object {
                  "marginBottom": 0,
                }
              }>
              <p
                style={
                  Object {
                    "WebkitFontSmoothing": "antialiased",
                    "color": "#444",
                    "fontFamily": "
                      -apple-system, ".SFNSText-Regular", "San Francisco", "Roboto",
                      "Segoe UI", "Helvetica Neue", "Lucida Grande", sans-serif
                    ",
  -                 "fontSize": 15,
  +                 "fontSize": "15px",
                  }
                }>
                Inverse type button in dark background but disabled
              </p>
            </div>
            <div>
              <h1
                style={
                  Object {
                    "borderBottom": "1px solid #EEE",
  -                 "fontSize": 25,
  +                 "fontSize": "25px",
                    "margin": "20px 0 0 0",
                    "padding": "0 0 5px 0",
                  }
                }>
                Story Source
              </h1>
              <pre
                style={
                  Object {
                    "backgroundColor": "#fafafa",
                    "fontFamily": "Menlo, Monaco, "Courier New", monospace",
                    "fontSize": ".88em",
                    "lineHeight": 1.5,
                    "overflowX": "scroll",
                    "padding": ".5rem",
                  }
                }>
                <div>
                  <div
                    style={
                      Object {
                        "paddingLeft": 18,
                        "paddingRight": 3,
                      }
                    }>
                    <span
                      style={
                        Object {
                          "color": "#777",
                        }
                      }>
                      <
                      div
                    </span>
                    <span>
                      <span>
                         
                        <span
                          style={Object {}}>
                          style
                        </span>
                        <span>
                          =
                          <span
                            style={Object {}}>
                            <span>
                              {
                              <span
                                style={
                                  Object {
                                    "color": "#666",
                                  }
                                }>
                                {
                                <span
                                  style={
                                    Object {
                                      "color": "#666",
                                    }
                                  }>
                                  backgroundColor
                                </span>
                                : 
                                <span
                                  style={
                                    Object {
                                      "color": "#22a",
                                      "wordBreak": "break-word",
                                    }
                                  }>
                                  "
                                  #16325c
                                  "
                                </span>
                                , 
                                <span
                                  style={
                                    Object {
                                      "color": "#666",
                                    }
                                  }>
                                  padding
                                </span>
                                : 
                                <span>
                                  {
                                  <span
                                    style={
                                      Object {
                                        "color": "#a11",
                                      }
                                    }>
                                    4
                                  </span>
                                  }
                                </span>
                                }
                              </span>
                              }
                            </span>
                          </span>
                        </span>
                        
                      </span>
                    </span>
                    <span
                      style={
                        Object {
                          "color": "#777",
                        }
                      }>
                      >
                    </span>
                  </div>
                  <div>
                    <div
                      style={
                        Object {
                          "paddingLeft": 33,
                          "paddingRight": 3,
                        }
                      }>
                      <span
                        style={
                          Object {
                            "color": "#777",
                          }
                        }>
                        <
                        Button
                      </span>
                      <span>
                        <span>
                           
                          <span
                            style={Object {}}>
                            type
                          </span>
                          <span>
                            =
                            <span
                              style={Object {}}>
                              <span
                                style={
                                  Object {
                                    "color": "#22a",
                                    "wordBreak": "break-word",
                                  }
                                }>
                                "
                                inverse
                                "
                              </span>
                            </span>
                          </span>
                        </span>
                        <span>
                           
                          <span
                            style={Object {}}>
                            disabled
                          </span>
                        </span>
                        <span>
                           
                          <span
                            style={Object {}}>
                            onClick
                          </span>
                          <span>
                            =
                            <span
                              style={Object {}}>
                              <span>
                                {
                                <span
                                  style={
                                    Object {
                                      "color": "#170",
                                    }
                                  }>
  -                               anonymous()
  +                               should_not_be_clicked()
                                </span>
                                }
                              </span>
                            </span>
                          </span>
                          
                        </span>
                      </span>
                      <span
                        style={
                          Object {
                            "color": "#777",
                          }
                        }>
                        >
                      </span>
                    </div>
                    <div
                      style={
                        Object {
                          "paddingLeft": 48,
                          "paddingRight": 3,
                        }
                      }>
                      <span
                        style={
                          Object {
                            "color": "#777",
                          }
                        }>
                        Disabled Inverse
                      </span>
                    </div>
                    <div
                      style={
                        Object {
                          "paddingLeft": 33,
                          "paddingRight": 3,
                        }
                      }>
                      <span
                        style={
                          Object {
                            "color": "#777",
                          }
                        }>
                        </
                        Button
                        >
                      </span>
                    </div>
                  </div>
                  <div
                    style={
                      Object {
                        "paddingLeft": 18,
                        "paddingRight": 3,
                      }
                    }>
                    <span
                      style={
                        Object {
                          "color": "#777",
                        }
                      }>
                      </
                      div
                      >
                    </span>
                  </div>
                </div>
              </pre>
            </div>
            <div>
              <h1
                style={
                  Object {
                    "borderBottom": "1px solid #EEE",
  -                 "fontSize": 25,
  +                 "fontSize": "25px",
                    "margin": "20px 0 0 0",
                    "padding": "0 0 5px 0",
                  }
                }>
                Prop Types
              </h1>
              <div>
                <h2
                  style={
                    Object {
                      "margin": "20px 0 0 0",
                    }
                  }>
                  "
                  Button
                  " Component
                </h2>
                <table
                  style={
                    Object {
                      "borderCollapse": "separate",
                      "borderSpacing": "10px 5px",
                      "marginLeft": -10,
                    }
                  }>
                  <thead>
                    <tr>
                      <th>
                        property
                      </th>
                      <th>
                        propType
                      </th>
                      <th>
                        required
                      </th>
                      <th>
                        default
                      </th>
                    </tr>
                  </thead>
                  <tbody>
                    <tr>
                      <td>
                        loading
                      </td>
                      <td>
                        bool
                      </td>
                      <td>
                        no
                      </td>
                      <td>
                        -
                      </td>
                    </tr>
                    <tr>
                      <td>
                        buttonRef
                      </td>
                      <td>
                        func
                      </td>
                      <td>
                        no
                      </td>
                      <td>
                        -
                      </td>
                    </tr>
                    <tr>
                      <td>
                        alt
                      </td>
                      <td>
                        string
                      </td>
                      <td>
                        no
                      </td>
                      <td>
                        -
                      </td>
                    </tr>
                    <tr>
                      <td>
                        iconSize
                      </td>
                      <td>
                        other
                      </td>
                      <td>
                        no
                      </td>
                      <td>
                        -
                      </td>
                    </tr>
                    <tr>
                      <td>
                        className
                      </td>
                      <td>
                        string
                      </td>
                      <td>
                        no
                      </td>
                      <td>
                        -
                      </td>
                    </tr>
                    <tr>
                      <td>
                        children
                      </td>
                      <td>
                        node
                      </td>
                      <td>
                        no
                      </td>
                      <td>
                        -
                      </td>
                    </tr>
                    <tr>
                      <td>
                        iconAlign
                      </td>
                      <td>
                        other
                      </td>
                      <td>
                        no
                      </td>
                      <td>
                        -
                      </td>
                    </tr>
                    <tr>
                      <td>
                        selected
                      </td>
                      <td>
                        bool
                      </td>
                      <td>
                        no
                      </td>
                      <td>
                        -
                      </td>
                    </tr>
                    <tr>
                      <td>
                        label
                      </td>
                      <td>
                        node
                      </td>
                      <td>
                        no
                      </td>
                      <td>
                        -
                      </td>
                    </tr>
                    <tr>
                      <td>
                        icon
                      </td>
                      <td>
                        string
                      </td>
                      <td>
                        no
                      </td>
                      <td>
                        -
                      </td>
                    </tr>
                    <tr>
                      <td>
                        onClick
                      </td>
                      <td>
                        func
                      </td>
                      <td>
                        no
                      </td>
                      <td>
                        -
                      </td>
                    </tr>
                    <tr>
                      <td>
                        inverse
                      </td>
                      <td>
                        bool
                      </td>
                      <td>
                        no
                      </td>
                      <td>
                        -
                      </td>
                    </tr>
                    <tr>
                      <td>
                        iconMore
                      </td>
                      <td>
                        string
                      </td>
                      <td>
                        no
                      </td>
                      <td>
                        -
                      </td>
                    </tr>
                    <tr>
                      <td>
                        iconMoreSize
                      </td>
                      <td>
                        other
                      </td>
                      <td>
                        no
                      </td>
                      <td>
                        -
                      </td>
                    </tr>
                    <tr>
                      <td>
                        htmlType
                      </td>
                      <td>
                        string
                      </td>
                      <td>
                        no
                      </td>
                      <td>
                        -
                      </td>
                    </tr>
                    <tr>
                      <td>
                        size
                      </td>
                      <td>
                        other
                      </td>
                      <td>
                        no
                      </td>
                      <td>
                        -
                      </td>
                    </tr>
                    <tr>
                      <td>
                        type
                      </td>
                      <td>
                        other
                      </td>
                      <td>
                        no
                      </td>
                      <td>
                        -
                      </td>
                    </tr>
                  </tbody>
                </table>
              </div>
            </div>
          </div>
        </div>
      </div>
    </div>


✗ Button Icon
  - Snapshot
  + Current story
  
  <div>
      <div
        style={
          Object {
            "position": "relative",
            "zIndex": 0,
          }
        }>
        <button
          className="slds-button slds-button--icon"
          onClick={[Function]}
          type="button">
          <svg
            aria-hidden={true}
            className="slds-button__icon"
            dangerouslySetInnerHTML={
              Object {
                "__html": "<use xlink:href="/assets/icons/utility-sprite/svg/symbols.svg#settings"></use>",
              }
            }
            style={undefined} />
        </button>
      </div>
      <a
        onClick={[Function]}
        style={
          Object {
            "background": "#28c",
            "borderRadius": "0 0 0 5px",
            "color": "#fff",
            "cursor": "pointer",
            "display": "block",
            "fontFamily": "sans-serif",
  -         "fontSize": 12,
  +         "fontSize": "12px",
            "padding": "5px 15px",
            "position": "fixed",
            "right": 0,
            "textDecoration": "none",
            "top": 0,
          }
        }>
        ?
      </a>
      <div
        style={
          Object {
            "background": "white",
            "bottom": 0,
            "display": "none",
            "left": 0,
            "overflow": "auto",
            "padding": "0 40px",
            "position": "absolute",
            "right": 0,
            "top": 0,
          }
        }>
        <a
          onClick={[Function]}
          style={
            Object {
              "background": "#28c",
              "borderRadius": "0 0 0 5px",
              "color": "#fff",
              "cursor": "pointer",
              "display": "block",
              "fontFamily": "sans-serif",
  -           "fontSize": 12,
  +           "fontSize": "12px",
              "padding": "5px 15px",
              "position": "fixed",
              "right": 0,
              "textDecoration": "none",
              "top": 0,
            }
          }>
          ×
        </a>
        <div
          style={undefined}>
          <div
            style={
              Object {
                "WebkitFontSmoothing": "antialiased",
                "color": "#444",
                "fontFamily": "
                  -apple-system, ".SFNSText-Regular", "San Francisco", "Roboto",
                  "Segoe UI", "Helvetica Neue", "Lucida Grande", sans-serif
                ",
  -             "fontSize": 15,
  +             "fontSize": "15px",
                "fontWeight": 300,
                "lineHeight": 1.45,
              }
            }>
            <div
              style={
                Object {
                  "borderBottom": "1px solid #eee",
                  "marginBottom": 10,
  +               "paddingTop": 10,
                }
              }>
              <h1
                style={
                  Object {
  -                 "fontSize": 35,
  -                 "margin": "20px 0 0 0",
  +                 "fontSize": "35px",
  +                 "margin": 0,
                    "padding": 0,
                  }
                }>
                Button
              </h1>
              <h2
                style={
                  Object {
  -                 "fontSize": 22,
  +                 "fontSize": "22px",
                    "fontWeight": 400,
                    "margin": "0 0 10px 0",
                    "padding": 0,
                  }
                }>
                Button Icon
              </h2>
            </div>
            <div
              style={
                Object {
                  "marginBottom": 0,
                }
              }>
              <p
                style={
                  Object {
                    "WebkitFontSmoothing": "antialiased",
                    "color": "#444",
                    "fontFamily": "
                      -apple-system, ".SFNSText-Regular", "San Francisco", "Roboto",
                      "Segoe UI", "Helvetica Neue", "Lucida Grande", sans-serif
                    ",
  -                 "fontSize": 15,
  +                 "fontSize": "15px",
                  }
                }>
                Default button with icon
              </p>
            </div>
            <div>
              <h1
                style={
                  Object {
                    "borderBottom": "1px solid #EEE",
  -                 "fontSize": 25,
  +                 "fontSize": "25px",
                    "margin": "20px 0 0 0",
                    "padding": "0 0 5px 0",
                  }
                }>
                Story Source
              </h1>
              <pre
                style={
                  Object {
                    "backgroundColor": "#fafafa",
                    "fontFamily": "Menlo, Monaco, "Courier New", monospace",
                    "fontSize": ".88em",
                    "lineHeight": 1.5,
                    "overflowX": "scroll",
                    "padding": ".5rem",
                  }
                }>
                <div
                  style={
                    Object {
                      "paddingLeft": 18,
                      "paddingRight": 3,
                    }
                  }>
                  <span
                    style={
                      Object {
                        "color": "#777",
                      }
                    }>
                    <
                    Button
                  </span>
                  <span>
                    <span>
                       
                      <span
                        style={Object {}}>
                        type
                      </span>
                      <span>
                        =
                        <span
                          style={Object {}}>
                          <span
                            style={
                              Object {
                                "color": "#22a",
                                "wordBreak": "break-word",
                              }
                            }>
                            "
                            icon
                            "
                          </span>
                        </span>
                      </span>
                    </span>
                    <span>
                       
                      <span
                        style={Object {}}>
                        icon
                      </span>
                      <span>
                        =
                        <span
                          style={Object {}}>
                          <span
                            style={
                              Object {
                                "color": "#22a",
                                "wordBreak": "break-word",
                              }
                            }>
                            "
                            settings
                            "
                          </span>
                        </span>
                      </span>
                    </span>
                    <span>
                       
                      <span
                        style={Object {}}>
                        onClick
                      </span>
                      <span>
                        =
                        <span
                          style={Object {}}>
                          <span>
                            {
                            <span
                              style={
                                Object {
                                  "color": "#170",
                                }
                              }>
  -                           anonymous()
  +                           button_icon_clicked()
                            </span>
                            }
                          </span>
                        </span>
                      </span>
                       
                    </span>
                  </span>
                  <span
                    style={
                      Object {
                        "color": "#777",
                      }
                    }>
                    />
                  </span>
                </div>
              </pre>
            </div>
            <div>
              <h1
                style={
                  Object {
                    "borderBottom": "1px solid #EEE",
  -                 "fontSize": 25,
  +                 "fontSize": "25px",
                    "margin": "20px 0 0 0",
                    "padding": "0 0 5px 0",
                  }
                }>
                Prop Types
              </h1>
              <div>
                <h2
                  style={
                    Object {
                      "margin": "20px 0 0 0",
                    }
                  }>
                  "
                  Button
                  " Component
                </h2>
                <table
                  style={
                    Object {
                      "borderCollapse": "separate",
                      "borderSpacing": "10px 5px",
                      "marginLeft": -10,
                    }
                  }>
                  <thead>
                    <tr>
                      <th>
                        property
                      </th>
                      <th>
                        propType
                      </th>
                      <th>
                        required
                      </th>
                      <th>
                        default
                      </th>
                    </tr>
                  </thead>
                  <tbody>
                    <tr>
                      <td>
                        loading
                      </td>
                      <td>
                        bool
                      </td>
                      <td>
                        no
                      </td>
                      <td>
                        -
                      </td>
                    </tr>
                    <tr>
                      <td>
                        buttonRef
                      </td>
                      <td>
                        func
                      </td>
                      <td>
                        no
                      </td>
                      <td>
                        -
                      </td>
                    </tr>
                    <tr>
                      <td>
                        alt
                      </td>
                      <td>
                        string
                      </td>
                      <td>
                        no
                      </td>
                      <td>
                        -
                      </td>
                    </tr>
                    <tr>
                      <td>
                        iconSize
                      </td>
                      <td>
                        other
                      </td>
                      <td>
                        no
                      </td>
                      <td>
                        -
                      </td>
                    </tr>
                    <tr>
                      <td>
                        className
                      </td>
                      <td>
                        string
                      </td>
                      <td>
                        no
                      </td>
                      <td>
                        -
                      </td>
                    </tr>
                    <tr>
                      <td>
                        children
                      </td>
                      <td>
                        node
                      </td>
                      <td>
                        no
                      </td>
                      <td>
                        -
                      </td>
                    </tr>
                    <tr>
                      <td>
                        iconAlign
                      </td>
                      <td>
                        other
                      </td>
                      <td>
                        no
                      </td>
                      <td>
                        -
                      </td>
                    </tr>
                    <tr>
                      <td>
                        selected
                      </td>
                      <td>
                        bool
                      </td>
                      <td>
                        no
                      </td>
                      <td>
                        -
                      </td>
                    </tr>
                    <tr>
                      <td>
                        label
                      </td>
                      <td>
                        node
                      </td>
                      <td>
                        no
                      </td>
                      <td>
                        -
                      </td>
                    </tr>
                    <tr>
                      <td>
                        icon
                      </td>
                      <td>
                        string
                      </td>
                      <td>
                        no
                      </td>
                      <td>
                        -
                      </td>
                    </tr>
                    <tr>
                      <td>
                        onClick
                      </td>
                      <td>
                        func
                      </td>
                      <td>
                        no
                      </td>
                      <td>
                        -
                      </td>
                    </tr>
                    <tr>
                      <td>
                        inverse
                      </td>
                      <td>
                        bool
                      </td>
                      <td>
                        no
                      </td>
                      <td>
                        -
                      </td>
                    </tr>
                    <tr>
                      <td>
                        iconMore
                      </td>
                      <td>
                        string
                      </td>
                      <td>
                        no
                      </td>
                      <td>
                        -
                      </td>
                    </tr>
                    <tr>
                      <td>
                        iconMoreSize
                      </td>
                      <td>
                        other
                      </td>
                      <td>
                        no
                      </td>
                      <td>
                        -
                      </td>
                    </tr>
                    <tr>
                      <td>
                        htmlType
                      </td>
                      <td>
                        string
                      </td>
                      <td>
                        no
                      </td>
                      <td>
                        -
                      </td>
                    </tr>
                    <tr>
                      <td>
                        size
                      </td>
                      <td>
                        other
                      </td>
                      <td>
                        no
                      </td>
                      <td>
                        -
                      </td>
                    </tr>
                    <tr>
                      <td>
                        type
                      </td>
                      <td>
                        other
                      </td>
                      <td>
                        no
                      </td>
                      <td>
                        -
                      </td>
                    </tr>
                  </tbody>
                </table>
              </div>
            </div>
          </div>
        </div>
      </div>
    </div>


✗ Button Icon Container
  - Snapshot
  + Current story
  
  <div>
      <div
        style={
          Object {
            "position": "relative",
            "zIndex": 0,
          }
        }>
        <button
          className="slds-button slds-button--icon-container"
          onClick={[Function]}
          type="button">
          <svg
            aria-hidden={true}
            className="slds-button__icon"
            dangerouslySetInnerHTML={
              Object {
                "__html": "<use xlink:href="/assets/icons/utility-sprite/svg/symbols.svg#settings"></use>",
              }
            }
            style={undefined} />
        </button>
      </div>
      <a
        onClick={[Function]}
        style={
          Object {
            "background": "#28c",
            "borderRadius": "0 0 0 5px",
            "color": "#fff",
            "cursor": "pointer",
            "display": "block",
            "fontFamily": "sans-serif",
  -         "fontSize": 12,
  +         "fontSize": "12px",
            "padding": "5px 15px",
            "position": "fixed",
            "right": 0,
            "textDecoration": "none",
            "top": 0,
          }
        }>
        ?
      </a>
      <div
        style={
          Object {
            "background": "white",
            "bottom": 0,
            "display": "none",
            "left": 0,
            "overflow": "auto",
            "padding": "0 40px",
            "position": "absolute",
            "right": 0,
            "top": 0,
          }
        }>
        <a
          onClick={[Function]}
          style={
            Object {
              "background": "#28c",
              "borderRadius": "0 0 0 5px",
              "color": "#fff",
              "cursor": "pointer",
              "display": "block",
              "fontFamily": "sans-serif",
  -           "fontSize": 12,
  +           "fontSize": "12px",
              "padding": "5px 15px",
              "position": "fixed",
              "right": 0,
              "textDecoration": "none",
              "top": 0,
            }
          }>
          ×
        </a>
        <div
          style={undefined}>
          <div
            style={
              Object {
                "WebkitFontSmoothing": "antialiased",
                "color": "#444",
                "fontFamily": "
                  -apple-system, ".SFNSText-Regular", "San Francisco", "Roboto",
                  "Segoe UI", "Helvetica Neue", "Lucida Grande", sans-serif
                ",
  -             "fontSize": 15,
  +             "fontSize": "15px",
                "fontWeight": 300,
                "lineHeight": 1.45,
              }
            }>
            <div
              style={
                Object {
                  "borderBottom": "1px solid #eee",
                  "marginBottom": 10,
  +               "paddingTop": 10,
                }
              }>
              <h1
                style={
                  Object {
  -                 "fontSize": 35,
  -                 "margin": "20px 0 0 0",
  +                 "fontSize": "35px",
  +                 "margin": 0,
                    "padding": 0,
                  }
                }>
                Button
              </h1>
              <h2
                style={
                  Object {
  -                 "fontSize": 22,
  +                 "fontSize": "22px",
                    "fontWeight": 400,
                    "margin": "0 0 10px 0",
                    "padding": 0,
                  }
                }>
                Button Icon Container
              </h2>
            </div>
            <div
              style={
                Object {
                  "marginBottom": 0,
                }
              }>
              <p
                style={
                  Object {
                    "WebkitFontSmoothing": "antialiased",
                    "color": "#444",
                    "fontFamily": "
                      -apple-system, ".SFNSText-Regular", "San Francisco", "Roboto",
                      "Segoe UI", "Helvetica Neue", "Lucida Grande", sans-serif
                    ",
  -                 "fontSize": 15,
  +                 "fontSize": "15px",
                  }
                }>
                Button with icon in container
              </p>
            </div>
            <div>
              <h1
                style={
                  Object {
                    "borderBottom": "1px solid #EEE",
  -                 "fontSize": 25,
  +                 "fontSize": "25px",
                    "margin": "20px 0 0 0",
                    "padding": "0 0 5px 0",
                  }
                }>
                Story Source
              </h1>
              <pre
                style={
                  Object {
                    "backgroundColor": "#fafafa",
                    "fontFamily": "Menlo, Monaco, "Courier New", monospace",
                    "fontSize": ".88em",
                    "lineHeight": 1.5,
                    "overflowX": "scroll",
                    "padding": ".5rem",
                  }
                }>
                <div
                  style={
                    Object {
                      "paddingLeft": 18,
                      "paddingRight": 3,
                    }
                  }>
                  <span
                    style={
                      Object {
                        "color": "#777",
                      }
                    }>
                    <
                    Button
                  </span>
                  <span>
                    <span>
                       
                      <span
                        style={Object {}}>
                        type
                      </span>
                      <span>
                        =
                        <span
                          style={Object {}}>
                          <span
                            style={
                              Object {
                                "color": "#22a",
                                "wordBreak": "break-word",
                              }
                            }>
                            "
                            icon-container
                            "
                          </span>
                        </span>
                      </span>
                    </span>
                    <span>
                       
                      <span
                        style={Object {}}>
                        icon
                      </span>
                      <span>
                        =
                        <span
                          style={Object {}}>
                          <span
                            style={
                              Object {
                                "color": "#22a",
                                "wordBreak": "break-word",
                              }
                            }>
                            "
                            settings
                            "
                          </span>
                        </span>
                      </span>
                    </span>
                    <span>
                       
                      <span
                        style={Object {}}>
                        onClick
                      </span>
                      <span>
                        =
                        <span
                          style={Object {}}>
                          <span>
                            {
                            <span
                              style={
                                Object {
                                  "color": "#170",
                                }
                              }>
  -                           anonymous()
  +                           button_icon_container_button_clicked()
                            </span>
                            }
                          </span>
                        </span>
                      </span>
                       
                    </span>
                  </span>
                  <span
                    style={
                      Object {
                        "color": "#777",
                      }
                    }>
                    />
                  </span>
                </div>
              </pre>
            </div>
            <div>
              <h1
                style={
                  Object {
                    "borderBottom": "1px solid #EEE",
  -                 "fontSize": 25,
  +                 "fontSize": "25px",
                    "margin": "20px 0 0 0",
                    "padding": "0 0 5px 0",
                  }
                }>
                Prop Types
              </h1>
              <div>
                <h2
                  style={
                    Object {
                      "margin": "20px 0 0 0",
                    }
                  }>
                  "
                  Button
                  " Component
                </h2>
                <table
                  style={
                    Object {
                      "borderCollapse": "separate",
                      "borderSpacing": "10px 5px",
                      "marginLeft": -10,
                    }
                  }>
                  <thead>
                    <tr>
                      <th>
                        property
                      </th>
                      <th>
                        propType
                      </th>
                      <th>
                        required
                      </th>
                      <th>
                        default
                      </th>
                    </tr>
                  </thead>
                  <tbody>
                    <tr>
                      <td>
                        loading
                      </td>
                      <td>
                        bool
                      </td>
                      <td>
                        no
                      </td>
                      <td>
                        -
                      </td>
                    </tr>
                    <tr>
                      <td>
                        buttonRef
                      </td>
                      <td>
                        func
                      </td>
                      <td>
                        no
                      </td>
                      <td>
                        -
                      </td>
                    </tr>
                    <tr>
                      <td>
                        alt
                      </td>
                      <td>
                        string
                      </td>
                      <td>
                        no
                      </td>
                      <td>
                        -
                      </td>
                    </tr>
                    <tr>
                      <td>
                        iconSize
                      </td>
                      <td>
                        other
                      </td>
                      <td>
                        no
                      </td>
                      <td>
                        -
                      </td>
                    </tr>
                    <tr>
                      <td>
                        className
                      </td>
                      <td>
                        string
                      </td>
                      <td>
                        no
                      </td>
                      <td>
                        -
                      </td>
                    </tr>
                    <tr>
                      <td>
                        children
                      </td>
                      <td>
                        node
                      </td>
                      <td>
                        no
                      </td>
                      <td>
                        -
                      </td>
                    </tr>
                    <tr>
                      <td>
                        iconAlign
                      </td>
                      <td>
                        other
                      </td>
                      <td>
                        no
                      </td>
                      <td>
                        -
                      </td>
                    </tr>
                    <tr>
                      <td>
                        selected
                      </td>
                      <td>
                        bool
                      </td>
                      <td>
                        no
                      </td>
                      <td>
                        -
                      </td>
                    </tr>
                    <tr>
                      <td>
                        label
                      </td>
                      <td>
                        node
                      </td>
                      <td>
                        no
                      </td>
                      <td>
                        -
                      </td>
                    </tr>
                    <tr>
                      <td>
                        icon
                      </td>
                      <td>
                        string
                      </td>
                      <td>
                        no
                      </td>
                      <td>
                        -
                      </td>
                    </tr>
                    <tr>
                      <td>
                        onClick
                      </td>
                      <td>
                        func
                      </td>
                      <td>
                        no
                      </td>
                      <td>
                        -
                      </td>
                    </tr>
                    <tr>
                      <td>
                        inverse
                      </td>
                      <td>
                        bool
                      </td>
                      <td>
                        no
                      </td>
                      <td>
                        -
                      </td>
                    </tr>
                    <tr>
                      <td>
                        iconMore
                      </td>
                      <td>
                        string
                      </td>
                      <td>
                        no
                      </td>
                      <td>
                        -
                      </td>
                    </tr>
                    <tr>
                      <td>
                        iconMoreSize
                      </td>
                      <td>
                        other
                      </td>
                      <td>
                        no
                      </td>
                      <td>
                        -
                      </td>
                    </tr>
                    <tr>
                      <td>
                        htmlType
                      </td>
                      <td>
                        string
                      </td>
                      <td>
                        no
                      </td>
                      <td>
                        -
                      </td>
                    </tr>
                    <tr>
                      <td>
                        size
                      </td>
                      <td>
                        other
                      </td>
                      <td>
                        no
                      </td>
                      <td>
                        -
                      </td>
                    </tr>
                    <tr>
                      <td>
                        type
                      </td>
                      <td>
                        other
                      </td>
                      <td>
                        no
                      </td>
                      <td>
                        -
                      </td>
                    </tr>
                  </tbody>
                </table>
              </div>
            </div>
          </div>
        </div>
      </div>
    </div>


✗ Button Icon Border
  - Snapshot
  + Current story
  
  <div>
      <div
        style={
          Object {
            "position": "relative",
            "zIndex": 0,
          }
        }>
        <button
          className="slds-button slds-button--icon-border"
          onClick={[Function]}
          type="button">
          <svg
            aria-hidden={true}
            className="slds-button__icon"
            dangerouslySetInnerHTML={
              Object {
                "__html": "<use xlink:href="/assets/icons/utility-sprite/svg/symbols.svg#settings"></use>",
              }
            }
            style={undefined} />
        </button>
      </div>
      <a
        onClick={[Function]}
        style={
          Object {
            "background": "#28c",
            "borderRadius": "0 0 0 5px",
            "color": "#fff",
            "cursor": "pointer",
            "display": "block",
            "fontFamily": "sans-serif",
  -         "fontSize": 12,
  +         "fontSize": "12px",
            "padding": "5px 15px",
            "position": "fixed",
            "right": 0,
            "textDecoration": "none",
            "top": 0,
          }
        }>
        ?
      </a>
      <div
        style={
          Object {
            "background": "white",
            "bottom": 0,
            "display": "none",
            "left": 0,
            "overflow": "auto",
            "padding": "0 40px",
            "position": "absolute",
            "right": 0,
            "top": 0,
          }
        }>
        <a
          onClick={[Function]}
          style={
            Object {
              "background": "#28c",
              "borderRadius": "0 0 0 5px",
              "color": "#fff",
              "cursor": "pointer",
              "display": "block",
              "fontFamily": "sans-serif",
  -           "fontSize": 12,
  +           "fontSize": "12px",
              "padding": "5px 15px",
              "position": "fixed",
              "right": 0,
              "textDecoration": "none",
              "top": 0,
            }
          }>
          ×
        </a>
        <div
          style={undefined}>
          <div
            style={
              Object {
                "WebkitFontSmoothing": "antialiased",
                "color": "#444",
                "fontFamily": "
                  -apple-system, ".SFNSText-Regular", "San Francisco", "Roboto",
                  "Segoe UI", "Helvetica Neue", "Lucida Grande", sans-serif
                ",
  -             "fontSize": 15,
  +             "fontSize": "15px",
                "fontWeight": 300,
                "lineHeight": 1.45,
              }
            }>
            <div
              style={
                Object {
                  "borderBottom": "1px solid #eee",
                  "marginBottom": 10,
  +               "paddingTop": 10,
                }
              }>
              <h1
                style={
                  Object {
  -                 "fontSize": 35,
  -                 "margin": "20px 0 0 0",
  +                 "fontSize": "35px",
  +                 "margin": 0,
                    "padding": 0,
                  }
                }>
                Button
              </h1>
              <h2
                style={
                  Object {
  -                 "fontSize": 22,
  +                 "fontSize": "22px",
                    "fontWeight": 400,
                    "margin": "0 0 10px 0",
                    "padding": 0,
                  }
                }>
                Button Icon Border
              </h2>
            </div>
            <div
              style={
                Object {
                  "marginBottom": 0,
                }
              }>
              <p
                style={
                  Object {
                    "WebkitFontSmoothing": "antialiased",
                    "color": "#444",
                    "fontFamily": "
                      -apple-system, ".SFNSText-Regular", "San Francisco", "Roboto",
                      "Segoe UI", "Helvetica Neue", "Lucida Grande", sans-serif
                    ",
  -                 "fontSize": 15,
  +                 "fontSize": "15px",
                  }
                }>
                Button with icon of bordered
              </p>
            </div>
            <div>
              <h1
                style={
                  Object {
                    "borderBottom": "1px solid #EEE",
  -                 "fontSize": 25,
  +                 "fontSize": "25px",
                    "margin": "20px 0 0 0",
                    "padding": "0 0 5px 0",
                  }
                }>
                Story Source
              </h1>
              <pre
                style={
                  Object {
                    "backgroundColor": "#fafafa",
                    "fontFamily": "Menlo, Monaco, "Courier New", monospace",
                    "fontSize": ".88em",
                    "lineHeight": 1.5,
                    "overflowX": "scroll",
                    "padding": ".5rem",
                  }
                }>
                <div
                  style={
                    Object {
                      "paddingLeft": 18,
                      "paddingRight": 3,
                    }
                  }>
                  <span
                    style={
                      Object {
                        "color": "#777",
                      }
                    }>
                    <
                    Button
                  </span>
                  <span>
                    <span>
                       
                      <span
                        style={Object {}}>
                        type
                      </span>
                      <span>
                        =
                        <span
                          style={Object {}}>
                          <span
                            style={
                              Object {
                                "color": "#22a",
                                "wordBreak": "break-word",
                              }
                            }>
                            "
                            icon-border
                            "
                          </span>
                        </span>
                      </span>
                    </span>
                    <span>
                       
                      <span
                        style={Object {}}>
                        icon
                      </span>
                      <span>
                        =
                        <span
                          style={Object {}}>
                          <span
                            style={
                              Object {
                                "color": "#22a",
                                "wordBreak": "break-word",
                              }
                            }>
                            "
                            settings
                            "
                          </span>
                        </span>
                      </span>
                    </span>
                    <span>
                       
                      <span
                        style={Object {}}>
                        onClick
                      </span>
                      <span>
                        =
                        <span
                          style={Object {}}>
                          <span>
                            {
                            <span
                              style={
                                Object {
                                  "color": "#170",
                                }
                              }>
  -                           anonymous()
  +                           button_icon_border_clicked()
                            </span>
                            }
                          </span>
                        </span>
                      </span>
                       
                    </span>
                  </span>
                  <span
                    style={
                      Object {
                        "color": "#777",
                      }
                    }>
                    />
                  </span>
                </div>
              </pre>
            </div>
            <div>
              <h1
                style={
                  Object {
                    "borderBottom": "1px solid #EEE",
  -                 "fontSize": 25,
  +                 "fontSize": "25px",
                    "margin": "20px 0 0 0",
                    "padding": "0 0 5px 0",
                  }
                }>
                Prop Types
              </h1>
              <div>
                <h2
                  style={
                    Object {
                      "margin": "20px 0 0 0",
                    }
                  }>
                  "
                  Button
                  " Component
                </h2>
                <table
                  style={
                    Object {
                      "borderCollapse": "separate",
                      "borderSpacing": "10px 5px",
                      "marginLeft": -10,
                    }
                  }>
                  <thead>
                    <tr>
                      <th>
                        property
                      </th>
                      <th>
                        propType
                      </th>
                      <th>
                        required
                      </th>
                      <th>
                        default
                      </th>
                    </tr>
                  </thead>
                  <tbody>
                    <tr>
                      <td>
                        loading
                      </td>
                      <td>
                        bool
                      </td>
                      <td>
                        no
                      </td>
                      <td>
                        -
                      </td>
                    </tr>
                    <tr>
                      <td>
                        buttonRef
                      </td>
                      <td>
                        func
                      </td>
                      <td>
                        no
                      </td>
                      <td>
                        -
                      </td>
                    </tr>
                    <tr>
                      <td>
                        alt
                      </td>
                      <td>
                        string
                      </td>
                      <td>
                        no
                      </td>
                      <td>
                        -
                      </td>
                    </tr>
                    <tr>
                      <td>
                        iconSize
                      </td>
                      <td>
                        other
                      </td>
                      <td>
                        no
                      </td>
                      <td>
                        -
                      </td>
                    </tr>
                    <tr>
                      <td>
                        className
                      </td>
                      <td>
                        string
                      </td>
                      <td>
                        no
                      </td>
                      <td>
                        -
                      </td>
                    </tr>
                    <tr>
                      <td>
                        children
                      </td>
                      <td>
                        node
                      </td>
                      <td>
                        no
                      </td>
                      <td>
                        -
                      </td>
                    </tr>
                    <tr>
                      <td>
                        iconAlign
                      </td>
                      <td>
                        other
                      </td>
                      <td>
                        no
                      </td>
                      <td>
                        -
                      </td>
                    </tr>
                    <tr>
                      <td>
                        selected
                      </td>
                      <td>
                        bool
                      </td>
                      <td>
                        no
                      </td>
                      <td>
                        -
                      </td>
                    </tr>
                    <tr>
                      <td>
                        label
                      </td>
                      <td>
                        node
                      </td>
                      <td>
                        no
                      </td>
                      <td>
                        -
                      </td>
                    </tr>
                    <tr>
                      <td>
                        icon
                      </td>
                      <td>
                        string
                      </td>
                      <td>
                        no
                      </td>
                      <td>
                        -
                      </td>
                    </tr>
                    <tr>
                      <td>
                        onClick
                      </td>
                      <td>
                        func
                      </td>
                      <td>
                        no
                      </td>
                      <td>
                        -
                      </td>
                    </tr>
                    <tr>
                      <td>
                        inverse
                      </td>
                      <td>
                        bool
                      </td>
                      <td>
                        no
                      </td>
                      <td>
                        -
                      </td>
                    </tr>
                    <tr>
                      <td>
                        iconMore
                      </td>
                      <td>
                        string
                      </td>
                      <td>
                        no
                      </td>
                      <td>
                        -
                      </td>
                    </tr>
                    <tr>
                      <td>
                        iconMoreSize
                      </td>
                      <td>
                        other
                      </td>
                      <td>
                        no
                      </td>
                      <td>
                        -
                      </td>
                    </tr>
                    <tr>
                      <td>
                        htmlType
                      </td>
                      <td>
                        string
                      </td>
                      <td>
                        no
                      </td>
                      <td>
                        -
                      </td>
                    </tr>
                    <tr>
                      <td>
                        size
                      </td>
                      <td>
                        other
                      </td>
                      <td>
                        no
                      </td>
                      <td>
                        -
                      </td>
                    </tr>
                    <tr>
                      <td>
                        type
                      </td>
                      <td>
                        other
                      </td>
                      <td>
                        no
                      </td>
                      <td>
                        -
                      </td>
                    </tr>
                  </tbody>
                </table>
              </div>
            </div>
          </div>
        </div>
      </div>
    </div>


✗ Button Icon Border and Filled
  - Snapshot
  + Current story
  
  <div>
      <div
        style={
          Object {
            "position": "relative",
            "zIndex": 0,
          }
        }>
        <div
          style={
            Object {
              "backgroundColor": "#cccccc",
              "padding": 4,
            }
          }>
          <button
            className="slds-button slds-button--icon-border-filled"
            onClick={[Function]}
            type="button">
            <svg
              aria-hidden={true}
              className="slds-button__icon"
              dangerouslySetInnerHTML={
                Object {
                  "__html": "<use xlink:href="/assets/icons/utility-sprite/svg/symbols.svg#settings"></use>",
                }
              }
              style={undefined} />
          </button>
        </div>
      </div>
      <a
        onClick={[Function]}
        style={
          Object {
            "background": "#28c",
            "borderRadius": "0 0 0 5px",
            "color": "#fff",
            "cursor": "pointer",
            "display": "block",
            "fontFamily": "sans-serif",
  -         "fontSize": 12,
  +         "fontSize": "12px",
            "padding": "5px 15px",
            "position": "fixed",
            "right": 0,
            "textDecoration": "none",
            "top": 0,
          }
        }>
        ?
      </a>
      <div
        style={
          Object {
            "background": "white",
            "bottom": 0,
            "display": "none",
            "left": 0,
            "overflow": "auto",
            "padding": "0 40px",
            "position": "absolute",
            "right": 0,
            "top": 0,
          }
        }>
        <a
          onClick={[Function]}
          style={
            Object {
              "background": "#28c",
              "borderRadius": "0 0 0 5px",
              "color": "#fff",
              "cursor": "pointer",
              "display": "block",
              "fontFamily": "sans-serif",
  -           "fontSize": 12,
  +           "fontSize": "12px",
              "padding": "5px 15px",
              "position": "fixed",
              "right": 0,
              "textDecoration": "none",
              "top": 0,
            }
          }>
          ×
        </a>
        <div
          style={undefined}>
          <div
            style={
              Object {
                "WebkitFontSmoothing": "antialiased",
                "color": "#444",
                "fontFamily": "
                  -apple-system, ".SFNSText-Regular", "San Francisco", "Roboto",
                  "Segoe UI", "Helvetica Neue", "Lucida Grande", sans-serif
                ",
  -             "fontSize": 15,
  +             "fontSize": "15px",
                "fontWeight": 300,
                "lineHeight": 1.45,
              }
            }>
            <div
              style={
                Object {
                  "borderBottom": "1px solid #eee",
                  "marginBottom": 10,
  +               "paddingTop": 10,
                }
              }>
              <h1
                style={
                  Object {
  -                 "fontSize": 35,
  -                 "margin": "20px 0 0 0",
  +                 "fontSize": "35px",
  +                 "margin": 0,
                    "padding": 0,
                  }
                }>
                Button
              </h1>
              <h2
                style={
                  Object {
  -                 "fontSize": 22,
  +                 "fontSize": "22px",
                    "fontWeight": 400,
                    "margin": "0 0 10px 0",
                    "padding": 0,
                  }
                }>
                Button Icon Border and Filled
              </h2>
            </div>
            <div
              style={
                Object {
                  "marginBottom": 0,
                }
              }>
              <p
                style={
                  Object {
                    "WebkitFontSmoothing": "antialiased",
                    "color": "#444",
                    "fontFamily": "
                      -apple-system, ".SFNSText-Regular", "San Francisco", "Roboto",
                      "Segoe UI", "Helvetica Neue", "Lucida Grande", sans-serif
                    ",
  -                 "fontSize": 15,
  +                 "fontSize": "15px",
                  }
                }>
                Button with icon of bordered and filled with white
              </p>
            </div>
            <div>
              <h1
                style={
                  Object {
                    "borderBottom": "1px solid #EEE",
  -                 "fontSize": 25,
  +                 "fontSize": "25px",
                    "margin": "20px 0 0 0",
                    "padding": "0 0 5px 0",
                  }
                }>
                Story Source
              </h1>
              <pre
                style={
                  Object {
                    "backgroundColor": "#fafafa",
                    "fontFamily": "Menlo, Monaco, "Courier New", monospace",
                    "fontSize": ".88em",
                    "lineHeight": 1.5,
                    "overflowX": "scroll",
                    "padding": ".5rem",
                  }
                }>
                <div>
                  <div
                    style={
                      Object {
                        "paddingLeft": 18,
                        "paddingRight": 3,
                      }
                    }>
                    <span
                      style={
                        Object {
                          "color": "#777",
                        }
                      }>
                      <
                      div
                    </span>
                    <span>
                      <span>
                         
                        <span
                          style={Object {}}>
                          style
                        </span>
                        <span>
                          =
                          <span
                            style={Object {}}>
                            <span>
                              {
                              <span
                                style={
                                  Object {
                                    "color": "#666",
                                  }
                                }>
                                {
                                <span
                                  style={
                                    Object {
                                      "color": "#666",
                                    }
                                  }>
                                  backgroundColor
                                </span>
                                : 
                                <span
                                  style={
                                    Object {
                                      "color": "#22a",
                                      "wordBreak": "break-word",
                                    }
                                  }>
                                  "
                                  #cccccc
                                  "
                                </span>
                                , 
                                <span
                                  style={
                                    Object {
                                      "color": "#666",
                                    }
                                  }>
                                  padding
                                </span>
                                : 
                                <span>
                                  {
                                  <span
                                    style={
                                      Object {
                                        "color": "#a11",
                                      }
                                    }>
                                    4
                                  </span>
                                  }
                                </span>
                                }
                              </span>
                              }
                            </span>
                          </span>
                        </span>
                        
                      </span>
                    </span>
                    <span
                      style={
                        Object {
                          "color": "#777",
                        }
                      }>
                      >
                    </span>
                  </div>
                  <div
                    style={
                      Object {
                        "paddingLeft": 33,
                        "paddingRight": 3,
                      }
                    }>
                    <span
                      style={
                        Object {
                          "color": "#777",
                        }
                      }>
                      <
                      Button
                    </span>
                    <span>
                      <span>
                         
                        <span
                          style={Object {}}>
                          type
                        </span>
                        <span>
                          =
                          <span
                            style={Object {}}>
                            <span
                              style={
                                Object {
                                  "color": "#22a",
                                  "wordBreak": "break-word",
                                }
                              }>
                              "
                              icon-border-filled
                              "
                            </span>
                          </span>
                        </span>
                      </span>
                      <span>
                         
                        <span
                          style={Object {}}>
                          icon
                        </span>
                        <span>
                          =
                          <span
                            style={Object {}}>
                            <span
                              style={
                                Object {
                                  "color": "#22a",
                                  "wordBreak": "break-word",
                                }
                              }>
                              "
                              settings
                              "
                            </span>
                          </span>
                        </span>
                      </span>
                      <span>
                         
                        <span
                          style={Object {}}>
                          onClick
                        </span>
                        <span>
                          =
                          <span
                            style={Object {}}>
                            <span>
                              {
                              <span
                                style={
                                  Object {
                                    "color": "#170",
                                  }
                                }>
  -                             anonymous()
  +                             button_icon_border_and_filled_button_clicked()
                              </span>
                              }
                            </span>
                          </span>
                        </span>
                         
                      </span>
                    </span>
                    <span
                      style={
                        Object {
                          "color": "#777",
                        }
                      }>
                      />
                    </span>
                  </div>
                  <div
                    style={
                      Object {
                        "paddingLeft": 18,
                        "paddingRight": 3,
                      }
                    }>
                    <span
                      style={
                        Object {
                          "color": "#777",
                        }
                      }>
                      </
                      div
                      >
                    </span>
                  </div>
                </div>
              </pre>
            </div>
            <div>
              <h1
                style={
                  Object {
                    "borderBottom": "1px solid #EEE",
  -                 "fontSize": 25,
  +                 "fontSize": "25px",
                    "margin": "20px 0 0 0",
                    "padding": "0 0 5px 0",
                  }
                }>
                Prop Types
              </h1>
              <div>
                <h2
                  style={
                    Object {
                      "margin": "20px 0 0 0",
                    }
                  }>
                  "
                  Button
                  " Component
                </h2>
                <table
                  style={
                    Object {
                      "borderCollapse": "separate",
                      "borderSpacing": "10px 5px",
                      "marginLeft": -10,
                    }
                  }>
                  <thead>
                    <tr>
                      <th>
                        property
                      </th>
                      <th>
                        propType
                      </th>
                      <th>
                        required
                      </th>
                      <th>
                        default
                      </th>
                    </tr>
                  </thead>
                  <tbody>
                    <tr>
                      <td>
                        loading
                      </td>
                      <td>
                        bool
                      </td>
                      <td>
                        no
                      </td>
                      <td>
                        -
                      </td>
                    </tr>
                    <tr>
                      <td>
                        buttonRef
                      </td>
                      <td>
                        func
                      </td>
                      <td>
                        no
                      </td>
                      <td>
                        -
                      </td>
                    </tr>
                    <tr>
                      <td>
                        alt
                      </td>
                      <td>
                        string
                      </td>
                      <td>
                        no
                      </td>
                      <td>
                        -
                      </td>
                    </tr>
                    <tr>
                      <td>
                        iconSize
                      </td>
                      <td>
                        other
                      </td>
                      <td>
                        no
                      </td>
                      <td>
                        -
                      </td>
                    </tr>
                    <tr>
                      <td>
                        className
                      </td>
                      <td>
                        string
                      </td>
                      <td>
                        no
                      </td>
                      <td>
                        -
                      </td>
                    </tr>
                    <tr>
                      <td>
                        children
                      </td>
                      <td>
                        node
                      </td>
                      <td>
                        no
                      </td>
                      <td>
                        -
                      </td>
                    </tr>
                    <tr>
                      <td>
                        iconAlign
                      </td>
                      <td>
                        other
                      </td>
                      <td>
                        no
                      </td>
                      <td>
                        -
                      </td>
                    </tr>
                    <tr>
                      <td>
                        selected
                      </td>
                      <td>
                        bool
                      </td>
                      <td>
                        no
                      </td>
                      <td>
                        -
                      </td>
                    </tr>
                    <tr>
                      <td>
                        label
                      </td>
                      <td>
                        node
                      </td>
                      <td>
                        no
                      </td>
                      <td>
                        -
                      </td>
                    </tr>
                    <tr>
                      <td>
                        icon
                      </td>
                      <td>
                        string
                      </td>
                      <td>
                        no
                      </td>
                      <td>
                        -
                      </td>
                    </tr>
                    <tr>
                      <td>
                        onClick
                      </td>
                      <td>
                        func
                      </td>
                      <td>
                        no
                      </td>
                      <td>
                        -
                      </td>
                    </tr>
                    <tr>
                      <td>
                        inverse
                      </td>
                      <td>
                        bool
                      </td>
                      <td>
                        no
                      </td>
                      <td>
                        -
                      </td>
                    </tr>
                    <tr>
                      <td>
                        iconMore
                      </td>
                      <td>
                        string
                      </td>
                      <td>
                        no
                      </td>
                      <td>
                        -
                      </td>
                    </tr>
                    <tr>
                      <td>
                        iconMoreSize
                      </td>
                      <td>
                        other
                      </td>
                      <td>
                        no
                      </td>
                      <td>
                        -
                      </td>
                    </tr>
                    <tr>
                      <td>
                        htmlType
                      </td>
                      <td>
                        string
                      </td>
                      <td>
                        no
                      </td>
                      <td>
                        -
                      </td>
                    </tr>
                    <tr>
                      <td>
                        size
                      </td>
                      <td>
                        other
                      </td>
                      <td>
                        no
                      </td>
                      <td>
                        -
                      </td>
                    </tr>
                    <tr>
                      <td>
                        type
                      </td>
                      <td>
                        other
                      </td>
                      <td>
                        no
                      </td>
                      <td>
                        -
                      </td>
                    </tr>
                  </tbody>
                </table>
              </div>
            </div>
          </div>
        </div>
      </div>
    </div>


✗ Button Icon Inverse
  - Snapshot
  + Current story
  
  <div>
      <div
        style={
          Object {
            "position": "relative",
            "zIndex": 0,
          }
        }>
        <div
          style={
            Object {
              "backgroundColor": "#16325c",
              "padding": 4,
            }
          }>
          <button
            className="slds-button slds-button--icon-inverse"
            onClick={[Function]}
            type="button">
            <svg
              aria-hidden={true}
              className="slds-button__icon slds-button__icon--inverse"
              dangerouslySetInnerHTML={
                Object {
                  "__html": "<use xlink:href="/assets/icons/utility-sprite/svg/symbols.svg#close"></use>",
                }
              }
              style={undefined} />
          </button>
        </div>
      </div>
      <a
        onClick={[Function]}
        style={
          Object {
            "background": "#28c",
            "borderRadius": "0 0 0 5px",
            "color": "#fff",
            "cursor": "pointer",
            "display": "block",
            "fontFamily": "sans-serif",
  -         "fontSize": 12,
  +         "fontSize": "12px",
            "padding": "5px 15px",
            "position": "fixed",
            "right": 0,
            "textDecoration": "none",
            "top": 0,
          }
        }>
        ?
      </a>
      <div
        style={
          Object {
            "background": "white",
            "bottom": 0,
            "display": "none",
            "left": 0,
            "overflow": "auto",
            "padding": "0 40px",
            "position": "absolute",
            "right": 0,
            "top": 0,
          }
        }>
        <a
          onClick={[Function]}
          style={
            Object {
              "background": "#28c",
              "borderRadius": "0 0 0 5px",
              "color": "#fff",
              "cursor": "pointer",
              "display": "block",
              "fontFamily": "sans-serif",
  -           "fontSize": 12,
  +           "fontSize": "12px",
              "padding": "5px 15px",
              "position": "fixed",
              "right": 0,
              "textDecoration": "none",
              "top": 0,
            }
          }>
          ×
        </a>
        <div
          style={undefined}>
          <div
            style={
              Object {
                "WebkitFontSmoothing": "antialiased",
                "color": "#444",
                "fontFamily": "
                  -apple-system, ".SFNSText-Regular", "San Francisco", "Roboto",
                  "Segoe UI", "Helvetica Neue", "Lucida Grande", sans-serif
                ",
  -             "fontSize": 15,
  +             "fontSize": "15px",
                "fontWeight": 300,
                "lineHeight": 1.45,
              }
            }>
            <div
              style={
                Object {
                  "borderBottom": "1px solid #eee",
                  "marginBottom": 10,
  +               "paddingTop": 10,
                }
              }>
              <h1
                style={
                  Object {
  -                 "fontSize": 35,
  -                 "margin": "20px 0 0 0",
  +                 "fontSize": "35px",
  +                 "margin": 0,
                    "padding": 0,
                  }
                }>
                Button
              </h1>
              <h2
                style={
                  Object {
  -                 "fontSize": 22,
  +                 "fontSize": "22px",
                    "fontWeight": 400,
                    "margin": "0 0 10px 0",
                    "padding": 0,
                  }
                }>
                Button Icon Inverse
              </h2>
            </div>
            <div
              style={
                Object {
                  "marginBottom": 0,
                }
              }>
              <p
                style={
                  Object {
                    "WebkitFontSmoothing": "antialiased",
                    "color": "#444",
                    "fontFamily": "
                      -apple-system, ".SFNSText-Regular", "San Francisco", "Roboto",
                      "Segoe UI", "Helvetica Neue", "Lucida Grande", sans-serif
                    ",
  -                 "fontSize": 15,
  +                 "fontSize": "15px",
                  }
                }>
                Button with icon in dark background
              </p>
            </div>
            <div>
              <h1
                style={
                  Object {
                    "borderBottom": "1px solid #EEE",
  -                 "fontSize": 25,
  +                 "fontSize": "25px",
                    "margin": "20px 0 0 0",
                    "padding": "0 0 5px 0",
                  }
                }>
                Story Source
              </h1>
              <pre
                style={
                  Object {
                    "backgroundColor": "#fafafa",
                    "fontFamily": "Menlo, Monaco, "Courier New", monospace",
                    "fontSize": ".88em",
                    "lineHeight": 1.5,
                    "overflowX": "scroll",
                    "padding": ".5rem",
                  }
                }>
                <div>
                  <div
                    style={
                      Object {
                        "paddingLeft": 18,
                        "paddingRight": 3,
                      }
                    }>
                    <span
                      style={
                        Object {
                          "color": "#777",
                        }
                      }>
                      <
                      div
                    </span>
                    <span>
                      <span>
                         
                        <span
                          style={Object {}}>
                          style
                        </span>
                        <span>
                          =
                          <span
                            style={Object {}}>
                            <span>
                              {
                              <span
                                style={
                                  Object {
                                    "color": "#666",
                                  }
                                }>
                                {
                                <span
                                  style={
                                    Object {
                                      "color": "#666",
                                    }
                                  }>
                                  backgroundColor
                                </span>
                                : 
                                <span
                                  style={
                                    Object {
                                      "color": "#22a",
                                      "wordBreak": "break-word",
                                    }
                                  }>
                                  "
                                  #16325c
                                  "
                                </span>
                                , 
                                <span
                                  style={
                                    Object {
                                      "color": "#666",
                                    }
                                  }>
                                  padding
                                </span>
                                : 
                                <span>
                                  {
                                  <span
                                    style={
                                      Object {
                                        "color": "#a11",
                                      }
                                    }>
                                    4
                                  </span>
                                  }
                                </span>
                                }
                              </span>
                              }
                            </span>
                          </span>
                        </span>
                        
                      </span>
                    </span>
                    <span
                      style={
                        Object {
                          "color": "#777",
                        }
                      }>
                      >
                    </span>
                  </div>
                  <div
                    style={
                      Object {
                        "paddingLeft": 33,
                        "paddingRight": 3,
                      }
                    }>
                    <span
                      style={
                        Object {
                          "color": "#777",
                        }
                      }>
                      <
                      Button
                    </span>
                    <span>
                      <span>
                         
                        <span
                          style={Object {}}>
                          type
                        </span>
                        <span>
                          =
                          <span
                            style={Object {}}>
                            <span
                              style={
                                Object {
                                  "color": "#22a",
                                  "wordBreak": "break-word",
                                }
                              }>
                              "
                              icon-inverse
                              "
                            </span>
                          </span>
                        </span>
                      </span>
                      <span>
                         
                        <span
                          style={Object {}}>
                          icon
                        </span>
                        <span>
                          =
                          <span
                            style={Object {}}>
                            <span
                              style={
                                Object {
                                  "color": "#22a",
                                  "wordBreak": "break-word",
                                }
                              }>
                              "
                              close
                              "
                            </span>
                          </span>
                        </span>
                      </span>
                      <span>
                         
                        <span
                          style={Object {}}>
                          onClick
                        </span>
                        <span>
                          =
                          <span
                            style={Object {}}>
                            <span>
                              {
                              <span
                                style={
                                  Object {
                                    "color": "#170",
                                  }
                                }>
  -                             anonymous()
  +                             button_icon_inverse_button_clicked()
                              </span>
                              }
                            </span>
                          </span>
                        </span>
                         
                      </span>
                    </span>
                    <span
                      style={
                        Object {
                          "color": "#777",
                        }
                      }>
                      />
                    </span>
                  </div>
                  <div
                    style={
                      Object {
                        "paddingLeft": 18,
                        "paddingRight": 3,
                      }
                    }>
                    <span
                      style={
                        Object {
                          "color": "#777",
                        }
                      }>
                      </
                      div
                      >
                    </span>
                  </div>
                </div>
              </pre>
            </div>
            <div>
              <h1
                style={
                  Object {
                    "borderBottom": "1px solid #EEE",
  -                 "fontSize": 25,
  +                 "fontSize": "25px",
                    "margin": "20px 0 0 0",
                    "padding": "0 0 5px 0",
                  }
                }>
                Prop Types
              </h1>
              <div>
                <h2
                  style={
                    Object {
                      "margin": "20px 0 0 0",
                    }
                  }>
                  "
                  Button
                  " Component
                </h2>
                <table
                  style={
                    Object {
                      "borderCollapse": "separate",
                      "borderSpacing": "10px 5px",
                      "marginLeft": -10,
                    }
                  }>
                  <thead>
                    <tr>
                      <th>
                        property
                      </th>
                      <th>
                        propType
                      </th>
                      <th>
                        required
                      </th>
                      <th>
                        default
                      </th>
                    </tr>
                  </thead>
                  <tbody>
                    <tr>
                      <td>
                        loading
                      </td>
                      <td>
                        bool
                      </td>
                      <td>
                        no
                      </td>
                      <td>
                        -
                      </td>
                    </tr>
                    <tr>
                      <td>
                        buttonRef
                      </td>
                      <td>
                        func
                      </td>
                      <td>
                        no
                      </td>
                      <td>
                        -
                      </td>
                    </tr>
                    <tr>
                      <td>
                        alt
                      </td>
                      <td>
                        string
                      </td>
                      <td>
                        no
                      </td>
                      <td>
                        -
                      </td>
                    </tr>
                    <tr>
                      <td>
                        iconSize
                      </td>
                      <td>
                        other
                      </td>
                      <td>
                        no
                      </td>
                      <td>
                        -
                      </td>
                    </tr>
                    <tr>
                      <td>
                        className
                      </td>
                      <td>
                        string
                      </td>
                      <td>
                        no
                      </td>
                      <td>
                        -
                      </td>
                    </tr>
                    <tr>
                      <td>
                        children
                      </td>
                      <td>
                        node
                      </td>
                      <td>
                        no
                      </td>
                      <td>
                        -
                      </td>
                    </tr>
                    <tr>
                      <td>
                        iconAlign
                      </td>
                      <td>
                        other
                      </td>
                      <td>
                        no
                      </td>
                      <td>
                        -
                      </td>
                    </tr>
                    <tr>
                      <td>
                        selected
                      </td>
                      <td>
                        bool
                      </td>
                      <td>
                        no
                      </td>
                      <td>
                        -
                      </td>
                    </tr>
                    <tr>
                      <td>
                        label
                      </td>
                      <td>
                        node
                      </td>
                      <td>
                        no
                      </td>
                      <td>
                        -
                      </td>
                    </tr>
                    <tr>
                      <td>
                        icon
                      </td>
                      <td>
                        string
                      </td>
                      <td>
                        no
                      </td>
                      <td>
                        -
                      </td>
                    </tr>
                    <tr>
                      <td>
                        onClick
                      </td>
                      <td>
                        func
                      </td>
                      <td>
                        no
                      </td>
                      <td>
                        -
                      </td>
                    </tr>
                    <tr>
                      <td>
                        inverse
                      </td>
                      <td>
                        bool
                      </td>
                      <td>
                        no
                      </td>
                      <td>
                        -
                      </td>
                    </tr>
                    <tr>
                      <td>
                        iconMore
                      </td>
                      <td>
                        string
                      </td>
                      <td>
                        no
                      </td>
                      <td>
                        -
                      </td>
                    </tr>
                    <tr>
                      <td>
                        iconMoreSize
                      </td>
                      <td>
                        other
                      </td>
                      <td>
                        no
                      </td>
                      <td>
                        -
                      </td>
                    </tr>
                    <tr>
                      <td>
                        htmlType
                      </td>
                      <td>
                        string
                      </td>
                      <td>
                        no
                      </td>
                      <td>
                        -
                      </td>
                    </tr>
                    <tr>
                      <td>
                        size
                      </td>
                      <td>
                        other
                      </td>
                      <td>
                        no
                      </td>
                      <td>
                        -
                      </td>
                    </tr>
                    <tr>
                      <td>
                        type
                      </td>
                      <td>
                        other
                      </td>
                      <td>
                        no
                      </td>
                      <td>
                        -
                      </td>
                    </tr>
                  </tbody>
                </table>
              </div>
            </div>
          </div>
        </div>
      </div>
    </div>


✗ Button Icon Inverse in dark background
  - Snapshot
  + Current story
  
  <div>
      <div
        style={
          Object {
            "position": "relative",
            "zIndex": 0,
          }
        }>
        <div
          style={
            Object {
              "backgroundColor": "#16325c",
              "padding": 4,
            }
          }>
          <button
            className="slds-button slds-button--icon-inverse"
            disabled={true}
            onClick={[Function]}
            type="button">
            <svg
              aria-hidden={true}
              className="slds-button__icon slds-button__icon--inverse"
              dangerouslySetInnerHTML={
                Object {
                  "__html": "<use xlink:href="/assets/icons/utility-sprite/svg/symbols.svg#close"></use>",
                }
              }
              style={undefined} />
          </button>
        </div>
      </div>
      <a
        onClick={[Function]}
        style={
          Object {
            "background": "#28c",
            "borderRadius": "0 0 0 5px",
            "color": "#fff",
            "cursor": "pointer",
            "display": "block",
            "fontFamily": "sans-serif",
  -         "fontSize": 12,
  +         "fontSize": "12px",
            "padding": "5px 15px",
            "position": "fixed",
            "right": 0,
            "textDecoration": "none",
            "top": 0,
          }
        }>
        ?
      </a>
      <div
        style={
          Object {
            "background": "white",
            "bottom": 0,
            "display": "none",
            "left": 0,
            "overflow": "auto",
            "padding": "0 40px",
            "position": "absolute",
            "right": 0,
            "top": 0,
          }
        }>
        <a
          onClick={[Function]}
          style={
            Object {
              "background": "#28c",
              "borderRadius": "0 0 0 5px",
              "color": "#fff",
              "cursor": "pointer",
              "display": "block",
              "fontFamily": "sans-serif",
  -           "fontSize": 12,
  +           "fontSize": "12px",
              "padding": "5px 15px",
              "position": "fixed",
              "right": 0,
              "textDecoration": "none",
              "top": 0,
            }
          }>
          ×
        </a>
        <div
          style={undefined}>
          <div
            style={
              Object {
                "WebkitFontSmoothing": "antialiased",
                "color": "#444",
                "fontFamily": "
                  -apple-system, ".SFNSText-Regular", "San Francisco", "Roboto",
                  "Segoe UI", "Helvetica Neue", "Lucida Grande", sans-serif
                ",
  -             "fontSize": 15,
  +             "fontSize": "15px",
                "fontWeight": 300,
                "lineHeight": 1.45,
              }
            }>
            <div
              style={
                Object {
                  "borderBottom": "1px solid #eee",
                  "marginBottom": 10,
  +               "paddingTop": 10,
                }
              }>
              <h1
                style={
                  Object {
  -                 "fontSize": 35,
  -                 "margin": "20px 0 0 0",
  +                 "fontSize": "35px",
  +                 "margin": 0,
                    "padding": 0,
                  }
                }>
                Button
              </h1>
              <h2
                style={
                  Object {
  -                 "fontSize": 22,
  +                 "fontSize": "22px",
                    "fontWeight": 400,
                    "margin": "0 0 10px 0",
                    "padding": 0,
                  }
                }>
                Button Icon Inverse in dark background
              </h2>
            </div>
            <div
              style={
                Object {
                  "marginBottom": 0,
                }
              }>
              <p
                style={
                  Object {
                    "WebkitFontSmoothing": "antialiased",
                    "color": "#444",
                    "fontFamily": "
                      -apple-system, ".SFNSText-Regular", "San Francisco", "Roboto",
                      "Segoe UI", "Helvetica Neue", "Lucida Grande", sans-serif
                    ",
  -                 "fontSize": 15,
  +                 "fontSize": "15px",
                  }
                }>
                Button with icon in dark background
              </p>
            </div>
            <div>
              <h1
                style={
                  Object {
                    "borderBottom": "1px solid #EEE",
  -                 "fontSize": 25,
  +                 "fontSize": "25px",
                    "margin": "20px 0 0 0",
                    "padding": "0 0 5px 0",
                  }
                }>
                Story Source
              </h1>
              <pre
                style={
                  Object {
                    "backgroundColor": "#fafafa",
                    "fontFamily": "Menlo, Monaco, "Courier New", monospace",
                    "fontSize": ".88em",
                    "lineHeight": 1.5,
                    "overflowX": "scroll",
                    "padding": ".5rem",
                  }
                }>
                <div>
                  <div
                    style={
                      Object {
                        "paddingLeft": 18,
                        "paddingRight": 3,
                      }
                    }>
                    <span
                      style={
                        Object {
                          "color": "#777",
                        }
                      }>
                      <
                      div
                    </span>
                    <span>
                      <span>
                         
                        <span
                          style={Object {}}>
                          style
                        </span>
                        <span>
                          =
                          <span
                            style={Object {}}>
                            <span>
                              {
                              <span
                                style={
                                  Object {
                                    "color": "#666",
                                  }
                                }>
                                {
                                <span
                                  style={
                                    Object {
                                      "color": "#666",
                                    }
                                  }>
                                  backgroundColor
                                </span>
                                : 
                                <span
                                  style={
                                    Object {
                                      "color": "#22a",
                                      "wordBreak": "break-word",
                                    }
                                  }>
                                  "
                                  #16325c
                                  "
                                </span>
                                , 
                                <span
                                  style={
                                    Object {
                                      "color": "#666",
                                    }
                                  }>
                                  padding
                                </span>
                                : 
                                <span>
                                  {
                                  <span
                                    style={
                                      Object {
                                        "color": "#a11",
                                      }
                                    }>
                                    4
                                  </span>
                                  }
                                </span>
                                }
                              </span>
                              }
                            </span>
                          </span>
                        </span>
                        
                      </span>
                    </span>
                    <span
                      style={
                        Object {
                          "color": "#777",
                        }
                      }>
                      >
                    </span>
                  </div>
                  <div
                    style={
                      Object {
                        "paddingLeft": 33,
                        "paddingRight": 3,
                      }
                    }>
                    <span
                      style={
                        Object {
                          "color": "#777",
                        }
                      }>
                      <
                      Button
                    </span>
                    <span>
                      <span>
                        <span>
                          <br />
                            
                        </span>
                        <span
                          style={Object {}}>
                          type
                        </span>
                        <span>
                          =
                          <span
                            style={Object {}}>
                            <span
                              style={
                                Object {
                                  "color": "#22a",
                                  "wordBreak": "break-word",
                                }
                              }>
                              "
                              icon-inverse
                              "
                            </span>
                          </span>
                        </span>
                      </span>
                      <span>
                        <span>
                          <br />
                            
                        </span>
                        <span
                          style={Object {}}>
                          icon
                        </span>
                        <span>
                          =
                          <span
                            style={Object {}}>
                            <span
                              style={
                                Object {
                                  "color": "#22a",
                                  "wordBreak": "break-word",
                                }
                              }>
                              "
                              close
                              "
                            </span>
                          </span>
                        </span>
                      </span>
                      <span>
                        <span>
                          <br />
                            
                        </span>
                        <span
                          style={Object {}}>
                          disabled
                        </span>
                      </span>
                      <span>
                        <span>
                          <br />
                            
                        </span>
                        <span
                          style={Object {}}>
                          onClick
                        </span>
                        <span>
                          =
                          <span
                            style={Object {}}>
                            <span>
                              {
                              <span
                                style={
                                  Object {
                                    "color": "#170",
                                  }
                                }>
  -                             anonymous()
  +                             should_not_be_clicked()
                              </span>
                              }
                            </span>
                          </span>
                        </span>
                        <br />
                      </span>
                    </span>
                    <span
                      style={
                        Object {
                          "color": "#777",
                        }
                      }>
                      />
                    </span>
                  </div>
                  <div
                    style={
                      Object {
                        "paddingLeft": 18,
                        "paddingRight": 3,
                      }
                    }>
                    <span
                      style={
                        Object {
                          "color": "#777",
                        }
                      }>
                      </
                      div
                      >
                    </span>
                  </div>
                </div>
              </pre>
            </div>
            <div>
              <h1
                style={
                  Object {
                    "borderBottom": "1px solid #EEE",
  -                 "fontSize": 25,
  +                 "fontSize": "25px",
                    "margin": "20px 0 0 0",
                    "padding": "0 0 5px 0",
                  }
                }>
                Prop Types
              </h1>
              <div>
                <h2
                  style={
                    Object {
                      "margin": "20px 0 0 0",
                    }
                  }>
                  "
                  Button
                  " Component
                </h2>
                <table
                  style={
                    Object {
                      "borderCollapse": "separate",
                      "borderSpacing": "10px 5px",
                      "marginLeft": -10,
                    }
                  }>
                  <thead>
                    <tr>
                      <th>
                        property
                      </th>
                      <th>
                        propType
                      </th>
                      <th>
                        required
                      </th>
                      <th>
                        default
                      </th>
                    </tr>
                  </thead>
                  <tbody>
                    <tr>
                      <td>
                        loading
                      </td>
                      <td>
                        bool
                      </td>
                      <td>
                        no
                      </td>
                      <td>
                        -
                      </td>
                    </tr>
                    <tr>
                      <td>
                        buttonRef
                      </td>
                      <td>
                        func
                      </td>
                      <td>
                        no
                      </td>
                      <td>
                        -
                      </td>
                    </tr>
                    <tr>
                      <td>
                        alt
                      </td>
                      <td>
                        string
                      </td>
                      <td>
                        no
                      </td>
                      <td>
                        -
                      </td>
                    </tr>
                    <tr>
                      <td>
                        iconSize
                      </td>
                      <td>
                        other
                      </td>
                      <td>
                        no
                      </td>
                      <td>
                        -
                      </td>
                    </tr>
                    <tr>
                      <td>
                        className
                      </td>
                      <td>
                        string
                      </td>
                      <td>
                        no
                      </td>
                      <td>
                        -
                      </td>
                    </tr>
                    <tr>
                      <td>
                        children
                      </td>
                      <td>
                        node
                      </td>
                      <td>
                        no
                      </td>
                      <td>
                        -
                      </td>
                    </tr>
                    <tr>
                      <td>
                        iconAlign
                      </td>
                      <td>
                        other
                      </td>
                      <td>
                        no
                      </td>
                      <td>
                        -
                      </td>
                    </tr>
                    <tr>
                      <td>
                        selected
                      </td>
                      <td>
                        bool
                      </td>
                      <td>
                        no
                      </td>
                      <td>
                        -
                      </td>
                    </tr>
                    <tr>
                      <td>
                        label
                      </td>
                      <td>
                        node
                      </td>
                      <td>
                        no
                      </td>
                      <td>
                        -
                      </td>
                    </tr>
                    <tr>
                      <td>
                        icon
                      </td>
                      <td>
                        string
                      </td>
                      <td>
                        no
                      </td>
                      <td>
                        -
                      </td>
                    </tr>
                    <tr>
                      <td>
                        onClick
                      </td>
                      <td>
                        func
                      </td>
                      <td>
                        no
                      </td>
                      <td>
                        -
                      </td>
                    </tr>
                    <tr>
                      <td>
                        inverse
                      </td>
                      <td>
                        bool
                      </td>
                      <td>
                        no
                      </td>
                      <td>
                        -
                      </td>
                    </tr>
                    <tr>
                      <td>
                        iconMore
                      </td>
                      <td>
                        string
                      </td>
                      <td>
                        no
                      </td>
                      <td>
                        -
                      </td>
                    </tr>
                    <tr>
                      <td>
                        iconMoreSize
                      </td>
                      <td>
                        other
                      </td>
                      <td>
                        no
                      </td>
                      <td>
                        -
                      </td>
                    </tr>
                    <tr>
                      <td>
                        htmlType
                      </td>
                      <td>
                        string
                      </td>
                      <td>
                        no
                      </td>
                      <td>
                        -
                      </td>
                    </tr>
                    <tr>
                      <td>
                        size
                      </td>
                      <td>
                        other
                      </td>
                      <td>
                        no
                      </td>
                      <td>
                        -
                      </td>
                    </tr>
                    <tr>
                      <td>
                        type
                      </td>
                      <td>
                        other
                      </td>
                      <td>
                        no
                      </td>
                      <td>
                        -
                      </td>
                    </tr>
                  </tbody>
                </table>
              </div>
            </div>
          </div>
        </div>
      </div>
    </div>


DropdownButton

✗ Controlled with knobs
  - Snapshot
  + Current story
  
  <div>
      <div
        style={
          Object {
            "position": "relative",
            "zIndex": 0,
          }
        }>
        <div
          style={Object {}}>
          <div
            className="slds-dropdown-trigger slds-button-space-left"
            style={undefined}>
            <button
              aria-haspopup={true}
              className="slds-button"
              disabled={false}
              onBlur={[Function]}
              onClick={[Function]}
              onKeyDown={[Function]}
              type="button">
              Dropdown Button
              <svg
                aria-hidden={true}
                className="slds-button__icon slds-button__icon--right slds-button__icon--small"
                dangerouslySetInnerHTML={
                  Object {
                    "__html": "<use xlink:href="/assets/icons/utility-sprite/svg/symbols.svg#down"></use>",
                  }
                }
                style={undefined} />
            </button>
          </div>
        </div>
      </div>
      <a
        onClick={[Function]}
        style={
          Object {
            "background": "#28c",
            "borderRadius": "0 0 0 5px",
            "color": "#fff",
            "cursor": "pointer",
            "display": "block",
            "fontFamily": "sans-serif",
  -         "fontSize": 12,
  +         "fontSize": "12px",
            "padding": "5px 15px",
            "position": "fixed",
            "right": 0,
            "textDecoration": "none",
            "top": 0,
          }
        }>
        ?
      </a>
      <div
        style={
          Object {
            "background": "white",
            "bottom": 0,
            "display": "none",
            "left": 0,
            "overflow": "auto",
            "padding": "0 40px",
            "position": "absolute",
            "right": 0,
            "top": 0,
          }
        }>
        <a
          onClick={[Function]}
          style={
            Object {
              "background": "#28c",
              "borderRadius": "0 0 0 5px",
              "color": "#fff",
              "cursor": "pointer",
              "display": "block",
              "fontFamily": "sans-serif",
  -           "fontSize": 12,
  +           "fontSize": "12px",
              "padding": "5px 15px",
              "position": "fixed",
              "right": 0,
              "textDecoration": "none",
              "top": 0,
            }
          }>
          ×
        </a>
        <div
          style={undefined}>
          <div
            style={
              Object {
                "WebkitFontSmoothing": "antialiased",
                "color": "#444",
                "fontFamily": "
                  -apple-system, ".SFNSText-Regular", "San Francisco", "Roboto",
                  "Segoe UI", "Helvetica Neue", "Lucida Grande", sans-serif
                ",
  -             "fontSize": 15,
  +             "fontSize": "15px",
                "fontWeight": 300,
                "lineHeight": 1.45,
              }
            }>
            <div
              style={
                Object {
                  "borderBottom": "1px solid #eee",
                  "marginBottom": 10,
  +               "paddingTop": 10,
                }
              }>
              <h1
                style={
                  Object {
  -                 "fontSize": 35,
  -                 "margin": "20px 0 0 0",
  +                 "fontSize": "35px",
  +                 "margin": 0,
                    "padding": 0,
                  }
                }>
                DropdownButton
              </h1>
              <h2
                style={
                  Object {
  -                 "fontSize": 22,
  +                 "fontSize": "22px",
                    "fontWeight": 400,
                    "margin": "0 0 10px 0",
                    "padding": 0,
                  }
                }>
                Controlled with knobs
              </h2>
            </div>
            <div
              style={
                Object {
                  "marginBottom": 0,
                }
              }>
              <p
                style={
                  Object {
                    "WebkitFontSmoothing": "antialiased",
                    "color": "#444",
                    "fontFamily": "
                      -apple-system, ".SFNSText-Regular", "San Francisco", "Roboto",
                      "Segoe UI", "Helvetica Neue", "Lucida Grande", sans-serif
                    ",
  -                 "fontSize": 15,
  +                 "fontSize": "15px",
                  }
                }>
                Dropdown button controlled with knobs
              </p>
            </div>
            <div>
              <h1
                style={
                  Object {
                    "borderBottom": "1px solid #EEE",
  -                 "fontSize": 25,
  +                 "fontSize": "25px",
                    "margin": "20px 0 0 0",
                    "padding": "0 0 5px 0",
                  }
                }>
                Story Source
              </h1>
              <pre
                style={
                  Object {
                    "backgroundColor": "#fafafa",
                    "fontFamily": "Menlo, Monaco, "Courier New", monospace",
                    "fontSize": ".88em",
                    "lineHeight": 1.5,
                    "overflowX": "scroll",
                    "padding": ".5rem",
                  }
                }>
                <div>
                  <div
                    style={
                      Object {
                        "paddingLeft": 18,
                        "paddingRight": 3,
                      }
                    }>
                    <span
                      style={
                        Object {
                          "color": "#777",
                        }
                      }>
                      <
                      div
                    </span>
                    <span>
                      <span>
                         
                        <span
                          style={Object {}}>
                          style
                        </span>
                        <span>
                          =
                          <span
                            style={Object {}}>
                            <span>
                              {
                              <span
                                style={
                                  Object {
                                    "color": "#666",
                                  }
                                }>
                                {
                                }
                              </span>
                              }
                            </span>
                          </span>
                        </span>
                        
                      </span>
                    </span>
                    <span
                      style={
                        Object {
                          "color": "#777",
                        }
                      }>
                      >
                    </span>
                  </div>
                  <div>
                    <div
                      style={
                        Object {
                          "paddingLeft": 33,
                          "paddingRight": 3,
                        }
                      }>
                      <span
                        style={
                          Object {
                            "color": "#777",
                          }
                        }>
                        <
                        DropdownButton
                      </span>
                      <span>
                        <span>
                          <span>
                            <br />
                              
                          </span>
                          <span
                            style={Object {}}>
                            type
                          </span>
                          <span>
                            =
                            <span
                              style={Object {}}>
                              <span>
                                {
                                <span
                                  style={
                                    Object {
                                      "color": "#777",
                                    }
                                  }>
                                  undefined
                                </span>
                                }
                              </span>
                            </span>
                          </span>
                        </span>
                        <span>
                          <span>
                            <br />
                              
                          </span>
                          <span
                            style={Object {}}>
                            size
                          </span>
                          <span>
                            =
                            <span
                              style={Object {}}>
                              <span>
                                {
                                <span
                                  style={
                                    Object {
                                      "color": "#777",
                                    }
                                  }>
                                  undefined
                                </span>
                                }
                              </span>
                            </span>
                          </span>
                        </span>
                        <span>
                          <span>
                            <br />
                              
                          </span>
                          <span
                            style={Object {}}>
                            label
                          </span>
                          <span>
                            =
                            <span
                              style={Object {}}>
                              <span
                                style={
                                  Object {
                                    "color": "#22a",
                                    "wordBreak": "break-word",
                                  }
                                }>
                                "
                                Dropdown Button
                                "
                              </span>
                            </span>
                          </span>
                        </span>
                        <span>
                          <span>
                            <br />
                              
                          </span>
                          <span
                            style={Object {}}>
                            icon
                          </span>
                          <span>
                            =
                            <span
                              style={Object {}}>
                              <span>
                                {
                                <span
                                  style={
                                    Object {
                                      "color": "#777",
                                    }
                                  }>
                                  undefined
                                </span>
                                }
                              </span>
                            </span>
                          </span>
                        </span>
                        <span>
                          <span>
                            <br />
                              
                          </span>
                          <span
                            style={Object {}}>
                            iconAlign
                          </span>
                          <span>
                            =
                            <span
                              style={Object {}}>
                              <span
                                style={
                                  Object {
                                    "color": "#22a",
                                    "wordBreak": "break-word",
                                  }
                                }>
                                "
                                left
                                "
                              </span>
                            </span>
                          </span>
                        </span>
                        <span>
                          <span>
                            <br />
                              
                          </span>
                          <span
                            style={Object {}}>
                            iconSize
                          </span>
                          <span>
                            =
                            <span
                              style={Object {}}>
                              <span>
                                {
                                <span
                                  style={
                                    Object {
                                      "color": "#777",
                                    }
                                  }>
                                  undefined
                                </span>
                                }
                              </span>
                            </span>
                          </span>
                        </span>
                        <span>
                          <span>
                            <br />
                              
                          </span>
                          <span
                            style={Object {}}>
                            menuSize
                          </span>
                          <span>
                            =
                            <span
                              style={Object {}}>
                              <span>
                                {
                                <span
                                  style={
                                    Object {
                                      "color": "#777",
                                    }
                                  }>
                                  undefined
                                </span>
                                }
                              </span>
                            </span>
                          </span>
                        </span>
                        <span>
                          <span>
                            <br />
                              
                          </span>
                          <span
                            style={Object {}}>
                            menuAlign
                          </span>
                          <span>
                            =
                            <span
                              style={Object {}}>
                              <span>
                                {
                                <span
                                  style={
                                    Object {
                                      "color": "#777",
                                    }
                                  }>
                                  undefined
                                </span>
                                }
                              </span>
                            </span>
                          </span>
                        </span>
                        <span>
                          <span>
                            <br />
                              
                          </span>
                          <span
                            style={Object {}}>
                            disabled
                          </span>
                          <span>
                            =
                            <span
                              style={Object {}}>
                              <span>
                                {
                                <span
                                  style={
                                    Object {
                                      "color": "#a11",
                                    }
                                  }>
                                  false
                                </span>
                                }
                              </span>
                            </span>
                          </span>
                        </span>
                        <span>
                          <span>
                            <br />
                              
                          </span>
                          <span
                            style={Object {}}>
                            hoverPopup
                          </span>
                          <span>
                            =
                            <span
                              style={Object {}}>
                              <span>
                                {
                                <span
                                  style={
                                    Object {
                                      "color": "#a11",
                                    }
                                  }>
                                  false
                                </span>
                                }
                              </span>
                            </span>
                          </span>
                        </span>
                        <span>
                          <span>
                            <br />
                              
                          </span>
                          <span
                            style={Object {}}>
                            nubbinTop
                          </span>
                          <span>
                            =
                            <span
                              style={Object {}}>
                              <span>
                                {
                                <span
                                  style={
                                    Object {
                                      "color": "#a11",
                                    }
                                  }>
                                  false
                                </span>
                                }
                              </span>
                            </span>
                          </span>
                        </span>
                        <span>
                          <span>
                            <br />
                              
                          </span>
                          <span
                            style={Object {}}>
                            onClick
                          </span>
                          <span>
                            =
                            <span
                              style={Object {}}>
                              <span>
                                {
                                <span
                                  style={
                                    Object {
                                      "color": "#170",
                                    }
                                  }>
  -                               anonymous()
  +                               click()
                                </span>
                                }
                              </span>
                            </span>
                          </span>
                        </span>
                        <span>
                          <span>
                            <br />
                              
                          </span>
                          <span
                            style={Object {}}>
                            onMenuItemClick
                          </span>
                          <span>
                            =
                            <span
                              style={Object {}}>
                              <span>
                                {
                                <span
                                  style={
                                    Object {
                                      "color": "#170",
                                    }
                                  }>
  -                               anonymous()
  +                               menuItemClick()
                                </span>
                                }
                              </span>
                            </span>
                          </span>
                          <br />
                        </span>
                      </span>
                      <span
                        style={
                          Object {
                            "color": "#777",
                          }
                        }>
                        >
                      </span>
                    </div>
                    <div>
                      <div
                        style={
                          Object {
                            "paddingLeft": 48,
                            "paddingRight": 3,
                          }
                        }>
                        <span
                          style={
                            Object {
                              "color": "#777",
                            }
                          }>
                          <
                          DropdownMenuItem
                        </span>
                        <span>
                          <span>
                             
                            <span
                              style={Object {}}>
                              icon
                            </span>
                            <span>
                              =
                              <span
                                style={Object {}}>
                                <span>
                                  {
                                  <span
                                    style={
                                      Object {
                                        "color": "#777",
                                      }
                                    }>
                                    undefined
                                  </span>
                                  }
                                </span>
                              </span>
                            </span>
                          </span>
                          <span>
                             
                            <span
                              style={Object {}}>
                              iconRight
                            </span>
                            <span>
                              =
                              <span
                                style={Object {}}>
                                <span>
                                  {
                                  <span
                                    style={
                                      Object {
                                        "color": "#777",
                                      }
                                    }>
                                    undefined
                                  </span>
                                  }
                                </span>
                              </span>
                            </span>
                          </span>
                          <span>
                             
                            <span
                              style={Object {}}>
                              disabled
                            </span>
                            <span>
                              =
                              <span
                                style={Object {}}>
                                <span>
                                  {
                                  <span
                                    style={
                                      Object {
                                        "color": "#777",
                                      }
                                    }>
                                    undefined
                                  </span>
                                  }
                                </span>
                              </span>
                            </span>
                            
                          </span>
                        </span>
                        <span
                          style={
                            Object {
                              "color": "#777",
                            }
                          }>
                          >
                        </span>
                      </div>
                      <div
                        style={
                          Object {
                            "paddingLeft": 63,
                            "paddingRight": 3,
                          }
                        }>
                        <span
                          style={
                            Object {
                              "color": "#777",
                            }
                          }>
                          Menu Item One
                        </span>
                      </div>
                      <div
                        style={
                          Object {
                            "paddingLeft": 48,
                            "paddingRight": 3,
                          }
                        }>
                        <span
                          style={
                            Object {
                              "color": "#777",
                            }
                          }>
                          </
                          DropdownMenuItem
                          >
                        </span>
                      </div>
                    </div>
                    <div>
                      <div
                        style={
                          Object {
                            "paddingLeft": 48,
                            "paddingRight": 3,
                          }
                        }>
                        <span
                          style={
                            Object {
                              "color": "#777",
                            }
                          }>
                          <
                          DropdownMenuItem
                        </span>
                        <span>
                          <span>
                             
                            <span
                              style={Object {}}>
                              icon
                            </span>
                            <span>
                              =
                              <span
                                style={Object {}}>
                                <span>
                                  {
                                  <span
                                    style={
                                      Object {
                                        "color": "#777",
                                      }
                                    }>
                                    undefined
                                  </span>
                                  }
                                </span>
                              </span>
                            </span>
                          </span>
                          <span>
                             
                            <span
                              style={Object {}}>
                              iconRight
                            </span>
                            <span>
                              =
                              <span
                                style={Object {}}>
                                <span>
                                  {
                                  <span
                                    style={
                                      Object {
                                        "color": "#777",
                                      }
                                    }>
                                    undefined
                                  </span>
                                  }
                                </span>
                              </span>
                            </span>
                          </span>
                          <span>
                             
                            <span
                              style={Object {}}>
                              disabled
                            </span>
                            <span>
                              =
                              <span
                                style={Object {}}>
                                <span>
                                  {
                                  <span
                                    style={
                                      Object {
                                        "color": "#777",
                                      }
                                    }>
                                    undefined
                                  </span>
                                  }
                                </span>
                              </span>
                            </span>
                            
                          </span>
                        </span>
                        <span
                          style={
                            Object {
                              "color": "#777",
                            }
                          }>
                          >
                        </span>
                      </div>
                      <div
                        style={
                          Object {
                            "paddingLeft": 63,
                            "paddingRight": 3,
                          }
                        }>
                        <span
                          style={
                            Object {
                              "color": "#777",
                            }
                          }>
                          Menu Item Two
                        </span>
                      </div>
                      <div
                        style={
                          Object {
                            "paddingLeft": 48,
                            "paddingRight": 3,
                          }
                        }>
                        <span
                          style={
                            Object {
                              "color": "#777",
                            }
                          }>
                          </
                          DropdownMenuItem
                          >
                        </span>
                      </div>
                    </div>
                    <div>
                      <div
                        style={
                          Object {
                            "paddingLeft": 48,
                            "paddingRight": 3,
                          }
                        }>
                        <span
                          style={
                            Object {
                              "color": "#777",
                            }
                          }>
                          <
                          DropdownMenuItem
                        </span>
                        <span>
                          <span>
                             
                            <span
                              style={Object {}}>
                              icon
                            </span>
                            <span>
                              =
                              <span
                                style={Object {}}>
                                <span>
                                  {
                                  <span
                                    style={
                                      Object {
                                        "color": "#777",
                                      }
                                    }>
                                    undefined
                                  </span>
                                  }
                                </span>
                              </span>
                            </span>
                          </span>
                          <span>
                             
                            <span
                              style={Object {}}>
                              iconRight
                            </span>
                            <span>
                              =
                              <span
                                style={Object {}}>
                                <span>
                                  {
                                  <span
                                    style={
                                      Object {
                                        "color": "#777",
                                      }
                                    }>
                                    undefined
                                  </span>
                                  }
                                </span>
                              </span>
                            </span>
                          </span>
                          <span>
                             
                            <span
                              style={Object {}}>
                              disabled
                            </span>
                            <span>
                              =
                              <span
                                style={Object {}}>
                                <span>
                                  {
                                  <span
                                    style={
                                      Object {
                                        "color": "#777",
                                      }
                                    }>
                                    undefined
                                  </span>
                                  }
                                </span>
                              </span>
                            </span>
                            
                          </span>
                        </span>
                        <span
                          style={
                            Object {
                              "color": "#777",
                            }
                          }>
                          >
                        </span>
                      </div>
                      <div
                        style={
                          Object {
                            "paddingLeft": 63,
                            "paddingRight": 3,
                          }
                        }>
                        <span
                          style={
                            Object {
                              "color": "#777",
                            }
                          }>
                          Menu Item Three
                        </span>
                      </div>
                      <div
                        style={
                          Object {
                            "paddingLeft": 48,
                            "paddingRight": 3,
                          }
                        }>
                        <span
                          style={
                            Object {
                              "color": "#777",
                            }
                          }>
                          </
                          DropdownMenuItem
                          >
                        </span>
                      </div>
                    </div>
                    <div
                      style={
                        Object {
                          "paddingLeft": 33,
                          "paddingRight": 3,
                        }
                      }>
                      <span
                        style={
                          Object {
                            "color": "#777",
                          }
                        }>
                        </
                        DropdownButton
                        >
                      </span>
                    </div>
                  </div>
                  <div
                    style={
                      Object {
                        "paddingLeft": 18,
                        "paddingRight": 3,
                      }
                    }>
                    <span
                      style={
                        Object {
                          "color": "#777",
                        }
                      }>
                      </
                      div
                      >
                    </span>
                  </div>
                </div>
              </pre>
            </div>
            <div>
              <h1
                style={
                  Object {
                    "borderBottom": "1px solid #EEE",
  -                 "fontSize": 25,
  +                 "fontSize": "25px",
                    "margin": "20px 0 0 0",
                    "padding": "0 0 5px 0",
                  }
                }>
                Prop Types
              </h1>
              <div>
                <h2
                  style={
                    Object {
                      "margin": "20px 0 0 0",
                    }
                  }>
                  "
                  DropdownButton
                  " Component
                </h2>
                <table
                  style={
                    Object {
                      "borderCollapse": "separate",
                      "borderSpacing": "10px 5px",
                      "marginLeft": -10,
                    }
                  }>
                  <thead>
                    <tr>
                      <th>
                        property
                      </th>
                      <th>
                        propType
                      </th>
                      <th>
                        required
                      </th>
                      <th>
                        default
                      </th>
                    </tr>
                  </thead>
                  <tbody>
                    <tr>
                      <td>
                        onBlur
                      </td>
                      <td>
                        func
                      </td>
                      <td>
                        no
                      </td>
                      <td>
                        -
                      </td>
                    </tr>
                    <tr>
                      <td>
                        className
                      </td>
                      <td>
                        string
                      </td>
                      <td>
                        no
                      </td>
                      <td>
                        -
                      </td>
                    </tr>
                    <tr>
                      <td>
                        children
                      </td>
                      <td>
                        node
                      </td>
                      <td>
                        no
                      </td>
                      <td>
                        -
                      </td>
                    </tr>
                    <tr>
                      <td>
                        onClick
                      </td>
                      <td>
                        func
                      </td>
                      <td>
                        no
                      </td>
                      <td>
                        -
                      </td>
                    </tr>
                    <tr>
                      <td>
                        icon
                      </td>
                      <td>
                        string
                      </td>
                      <td>
                        no
                      </td>
                      <td>
                        -
                      </td>
                    </tr>
                    <tr>
                      <td>
                        grouped
                      </td>
                      <td>
                        bool
                      </td>
                      <td>
                        no
                      </td>
                      <td>
                        -
                      </td>
                    </tr>
                    <tr>
                      <td>
                        hoverPopup
                      </td>
                      <td>
                        bool
                      </td>
                      <td>
                        no
                      </td>
                      <td>
                        -
                      </td>
                    </tr>
                    <tr>
                      <td>
                        menuSize
                      </td>
                      <td>
                        other
                      </td>
                      <td>
                        no
                      </td>
                      <td>
                        -
                      </td>
                    </tr>
                    <tr>
                      <td>
                        menuStyle
                      </td>
                      <td>
                        object
                      </td>
                      <td>
                        no
                      </td>
                      <td>
                        -
                      </td>
                    </tr>
                    <tr>
                      <td>
                        label
                      </td>
                      <td>
                        node
                      </td>
                      <td>
                        no
                      </td>
                      <td>
                        -
                      </td>
                    </tr>
                    <tr>
                      <td>
                        menuAlign
                      </td>
                      <td>
                        other
                      </td>
                      <td>
                        no
                      </td>
                      <td>
                        -
                      </td>
                    </tr>
                    <tr>
                      <td>
                        isLastInGroup
                      </td>
                      <td>
                        bool
                      </td>
                      <td>
                        no
                      </td>
                      <td>
                        -
                      </td>
                    </tr>
                    <tr>
                      <td>
                        menuHeader
                      </td>
                      <td>
                        string
                      </td>
                      <td>
                        no
                      </td>
                      <td>
                        -
                      </td>
                    </tr>
                    <tr>
                      <td>
                        isFirstInGroup
                      </td>
                      <td>
                        bool
                      </td>
                      <td>
                        no
                      </td>
                      <td>
                        -
                      </td>
                    </tr>
                    <tr>
                      <td>
                        nubbinTop
                      </td>
                      <td>
                        bool
                      </td>
                      <td>
                        no
                      </td>
                      <td>
                        -
                      </td>
                    </tr>
                    <tr>
                      <td>
                        onMenuItemClick
                      </td>
                      <td>
                        func
                      </td>
                      <td>
                        no
                      </td>
                      <td>
                        -
                      </td>
                    </tr>
                    <tr>
                      <td>
                        style
                      </td>
                      <td>
                        object
                      </td>
                      <td>
                        no
                      </td>
                      <td>
                        -
                      </td>
                    </tr>
                    <tr>
                      <td>
                        type
                      </td>
                      <td>
                        string
                      </td>
                      <td>
                        no
                      </td>
                      <td>
                        -
                      </td>
                    </tr>
                  </tbody>
                </table>
              </div>
              <div>
                <h2
                  style={
                    Object {
                      "margin": "20px 0 0 0",
                    }
                  }>
                  "
                  DropdownMenuItem
                  " Component
                </h2>
                <table
                  style={
                    Object {
                      "borderCollapse": "separate",
                      "borderSpacing": "10px 5px",
                      "marginLeft": -10,
                    }
                  }>
                  <thead>
                    <tr>
                      <th>
                        property
                      </th>
                      <th>
                        propType
                      </th>
                      <th>
                        required
                      </th>
                      <th>
                        default
                      </th>
                    </tr>
                  </thead>
                  <tbody>
                    <tr>
                      <td>
                        tabIndex
                      </td>
                      <td>
                        number
                      </td>
                      <td>
                        no
                      </td>
                      <td>
                        -
                      </td>
                    </tr>
                    <tr>
                      <td>
                        children
                      </td>
                      <td>
                        node
                      </td>
                      <td>
                        no
                      </td>
                      <td>
                        -
                      </td>
                    </tr>
                    <tr>
                      <td>
                        className
                      </td>
                      <td>
                        string
                      </td>
                      <td>
                        no
                      </td>
                      <td>
                        -
                      </td>
                    </tr>
                    <tr>
                      <td>
                        disabled
                      </td>
                      <td>
                        bool
                      </td>
                      <td>
                        no
                      </td>
                      <td>
                        -
                      </td>
                    </tr>
                    <tr>
                      <td>
                        divider
                      </td>
                      <td>
                        other
                      </td>
                      <td>
                        no
                      </td>
                      <td>
                        -
                      </td>
                    </tr>
                    <tr>
                      <td>
                        icon
                      </td>
                      <td>
                        string
                      </td>
                      <td>
                        no
                      </td>
                      <td>
                        -
                      </td>
                    </tr>
                    <tr>
                      <td>
                        iconRight
                      </td>
                      <td>
                        string
                      </td>
                      <td>
                        no
                      </td>
                      <td>
                        -
                      </td>
                    </tr>
                    <tr>
                      <td>
                        label
                      </td>
                      <td>
                        string
                      </td>
                      <td>
                        no
                      </td>
                      <td>
                        -
                      </td>
                    </tr>
                    <tr>
                      <td>
                        onBlur
                      </td>
                      <td>
                        func
                      </td>
                      <td>
                        no
                      </td>
                      <td>
                        -
                      </td>
                    </tr>
                    <tr>
                      <td>
                        onClick
                      </td>
                      <td>
                        func
                      </td>
                      <td>
                        no
                      </td>
                      <td>
                        -
                      </td>
                    </tr>
                    <tr>
                      <td>
                        onFocus
                      </td>
                      <td>
                        func
                      </td>
                      <td>
                        no
                      </td>
                      <td>
                        -
                      </td>
                    </tr>
                    <tr>
                      <td>
                        selected
                      </td>
                      <td>
                        bool
                      </td>
                      <td>
                        no
                      </td>
                      <td>
                        -
                      </td>
                    </tr>
                  </tbody>
                </table>
              </div>
            </div>
          </div>
        </div>
      </div>
    </div>


✗ Default
  - Snapshot
  + Current story
  
  <div>
      <div
        style={
          Object {
            "position": "relative",
            "zIndex": 0,
          }
        }>
        <div
          className="slds-dropdown-trigger slds-button-space-left"
          style={undefined}>
          <button
            aria-haspopup={true}
            className="slds-button"
            onBlur={[Function]}
            onClick={[Function]}
            onKeyDown={[Function]}
            type="button">
            Dropdown Button
            <svg
              aria-hidden={true}
              className="slds-button__icon slds-button__icon--right slds-button__icon--small"
              dangerouslySetInnerHTML={
                Object {
                  "__html": "<use xlink:href="/assets/icons/utility-sprite/svg/symbols.svg#down"></use>",
                }
              }
              style={undefined} />
          </button>
        </div>
      </div>
      <a
        onClick={[Function]}
        style={
          Object {
            "background": "#28c",
            "borderRadius": "0 0 0 5px",
            "color": "#fff",
            "cursor": "pointer",
            "display": "block",
            "fontFamily": "sans-serif",
  -         "fontSize": 12,
  +         "fontSize": "12px",
            "padding": "5px 15px",
            "position": "fixed",
            "right": 0,
            "textDecoration": "none",
            "top": 0,
          }
        }>
        ?
      </a>
      <div
        style={
          Object {
            "background": "white",
            "bottom": 0,
            "display": "none",
            "left": 0,
            "overflow": "auto",
            "padding": "0 40px",
            "position": "absolute",
            "right": 0,
            "top": 0,
          }
        }>
        <a
          onClick={[Function]}
          style={
            Object {
              "background": "#28c",
              "borderRadius": "0 0 0 5px",
              "color": "#fff",
              "cursor": "pointer",
              "display": "block",
              "fontFamily": "sans-serif",
  -           "fontSize": 12,
  +           "fontSize": "12px",
              "padding": "5px 15px",
              "position": "fixed",
              "right": 0,
              "textDecoration": "none",
              "top": 0,
            }
          }>
          ×
        </a>
        <div
          style={undefined}>
          <div
            style={
              Object {
                "WebkitFontSmoothing": "antialiased",
                "color": "#444",
                "fontFamily": "
                  -apple-system, ".SFNSText-Regular", "San Francisco", "Roboto",
                  "Segoe UI", "Helvetica Neue", "Lucida Grande", sans-serif
                ",
  -             "fontSize": 15,
  +             "fontSize": "15px",
                "fontWeight": 300,
                "lineHeight": 1.45,
              }
            }>
            <div
              style={
                Object {
                  "borderBottom": "1px solid #eee",
                  "marginBottom": 10,
  +               "paddingTop": 10,
                }
              }>
              <h1
                style={
                  Object {
  -                 "fontSize": 35,
  -                 "margin": "20px 0 0 0",
  +                 "fontSize": "35px",
  +                 "margin": 0,
                    "padding": 0,
                  }
                }>
                DropdownButton
              </h1>
              <h2
                style={
                  Object {
  -                 "fontSize": 22,
  +                 "fontSize": "22px",
                    "fontWeight": 400,
                    "margin": "0 0 10px 0",
                    "padding": 0,
                  }
                }>
                Default
              </h2>
            </div>
            <div
              style={
                Object {
                  "marginBottom": 0,
                }
              }>
              <p
                style={
                  Object {
                    "WebkitFontSmoothing": "antialiased",
                    "color": "#444",
                    "fontFamily": "
                      -apple-system, ".SFNSText-Regular", "San Francisco", "Roboto",
                      "Segoe UI", "Helvetica Neue", "Lucida Grande", sans-serif
                    ",
  -                 "fontSize": 15,
  +                 "fontSize": "15px",
                  }
                }>
                Dropdown button with menu items
              </p>
            </div>
            <div>
              <h1
                style={
                  Object {
                    "borderBottom": "1px solid #EEE",
  -                 "fontSize": 25,
  +                 "fontSize": "25px",
                    "margin": "20px 0 0 0",
                    "padding": "0 0 5px 0",
                  }
                }>
                Story Source
              </h1>
              <pre
                style={
                  Object {
                    "backgroundColor": "#fafafa",
                    "fontFamily": "Menlo, Monaco, "Courier New", monospace",
                    "fontSize": ".88em",
                    "lineHeight": 1.5,
                    "overflowX": "scroll",
                    "padding": ".5rem",
                  }
                }>
                <div>
                  <div
                    style={
                      Object {
                        "paddingLeft": 18,
                        "paddingRight": 3,
                      }
                    }>
                    <span
                      style={
                        Object {
                          "color": "#777",
                        }
                      }>
                      <
                      DropdownButton
                    </span>
                    <span>
                      <span>
                         
                        <span
                          style={Object {}}>
                          label
                        </span>
                        <span>
                          =
                          <span
                            style={Object {}}>
                            <span
                              style={
                                Object {
                                  "color": "#22a",
                                  "wordBreak": "break-word",
                                }
                              }>
                              "
                              Dropdown Button
                              "
                            </span>
                          </span>
                        </span>
                      </span>
                      <span>
                         
                        <span
                          style={Object {}}>
                          onMenuItemClick
                        </span>
                        <span>
                          =
                          <span
                            style={Object {}}>
                            <span>
                              {
                              <span
                                style={
                                  Object {
                                    "color": "#170",
                                  }
                                }>
  -                             anonymous()
  +                             menuItemClick()
                              </span>
                              }
                            </span>
                          </span>
                        </span>
                        
                      </span>
                    </span>
                    <span
                      style={
                        Object {
                          "color": "#777",
                        }
                      }>
                      >
                    </span>
                  </div>
                  <div>
                    <div
                      style={
                        Object {
                          "paddingLeft": 33,
                          "paddingRight": 3,
                        }
                      }>
                      <span
                        style={
                          Object {
                            "color": "#777",
                          }
                        }>
                        <
                        DropdownMenuItem
                      </span>
                      <span />
                      <span
                        style={
                          Object {
                            "color": "#777",
                          }
                        }>
                        >
                      </span>
                    </div>
                    <div
                      style={
                        Object {
                          "paddingLeft": 48,
                          "paddingRight": 3,
                        }
                      }>
                      <span
                        style={
                          Object {
                            "color": "#777",
                          }
                        }>
                        Menu Item One
                      </span>
                    </div>
                    <div
                      style={
                        Object {
                          "paddingLeft": 33,
                          "paddingRight": 3,
                        }
                      }>
                      <span
                        style={
                          Object {
                            "color": "#777",
                          }
                        }>
                        </
                        DropdownMenuItem
                        >
                      </span>
                    </div>
                  </div>
                  <div>
                    <div
                      style={
                        Object {
                          "paddingLeft": 33,
                          "paddingRight": 3,
                        }
                      }>
                      <span
                        style={
                          Object {
                            "color": "#777",
                          }
                        }>
                        <
                        DropdownMenuItem
                      </span>
                      <span>
                        <span>
                           
                          <span
                            style={Object {}}>
                            disabled
                          </span>
                          
                        </span>
                      </span>
                      <span
                        style={
                          Object {
                            "color": "#777",
                          }
                        }>
                        >
                      </span>
                    </div>
                    <div
                      style={
                        Object {
                          "paddingLeft": 48,
                          "paddingRight": 3,
                        }
                      }>
                      <span
                        style={
                          Object {
                            "color": "#777",
                          }
                        }>
                        Menu Item Two
                      </span>
                    </div>
                    <div
                      style={
                        Object {
                          "paddingLeft": 33,
                          "paddingRight": 3,
                        }
                      }>
                      <span
                        style={
                          Object {
                            "color": "#777",
                          }
                        }>
                        </
                        DropdownMenuItem
                        >
                      </span>
                    </div>
                  </div>
                  <div>
                    <div
                      style={
                        Object {
                          "paddingLeft": 33,
                          "paddingRight": 3,
                        }
                      }>
                      <span
                        style={
                          Object {
                            "color": "#777",
                          }
                        }>
                        <
                        DropdownMenuItem
                      </span>
                      <span />
                      <span
                        style={
                          Object {
                            "color": "#777",
                          }
                        }>
                        >
                      </span>
                    </div>
                    <div
                      style={
                        Object {
                          "paddingLeft": 48,
                          "paddingRight": 3,
                        }
                      }>
                      <span
                        style={
                          Object {
                            "color": "#777",
                          }
                        }>
                        Menu Item Three
                      </span>
                    </div>
                    <div
                      style={
                        Object {
                          "paddingLeft": 33,
                          "paddingRight": 3,
                        }
                      }>
                      <span
                        style={
                          Object {
                            "color": "#777",
                          }
                        }>
                        </
                        DropdownMenuItem
                        >
                      </span>
                    </div>
                  </div>
                  <div>
                    <div
                      style={
                        Object {
                          "paddingLeft": 33,
                          "paddingRight": 3,
                        }
                      }>
                      <span
                        style={
                          Object {
                            "color": "#777",
                          }
                        }>
                        <
                        DropdownMenuItem
                      </span>
                      <span>
                        <span>
                           
                          <span
                            style={Object {}}>
                            divider
                          </span>
                          <span>
                            =
                            <span
                              style={Object {}}>
                              <span
                                style={
                                  Object {
                                    "color": "#22a",
                                    "wordBreak": "break-word",
                                  }
                                }>
                                "
                                top
                                "
                              </span>
                            </span>
                          </span>
                          
                        </span>
                      </span>
                      <span
                        style={
                          Object {
                            "color": "#777",
                          }
                        }>
                        >
                      </span>
                    </div>
                    <div
                      style={
                        Object {
                          "paddingLeft": 48,
                          "paddingRight": 3,
                        }
                      }>
                      <span
                        style={
                          Object {
                            "color": "#777",
                          }
                        }>
                        Menu Item Four
                      </span>
                    </div>
                    <div
                      style={
                        Object {
                          "paddingLeft": 33,
                          "paddingRight": 3,
                        }
                      }>
                      <span
                        style={
                          Object {
                            "color": "#777",
                          }
                        }>
                        </
                        DropdownMenuItem
                        >
                      </span>
                    </div>
                  </div>
                  <div
                    style={
                      Object {
                        "paddingLeft": 18,
                        "paddingRight": 3,
                      }
                    }>
                    <span
                      style={
                        Object {
                          "color": "#777",
                        }
                      }>
                      </
                      DropdownButton
                      >
                    </span>
                  </div>
                </div>
              </pre>
            </div>
            <div>
              <h1
                style={
                  Object {
                    "borderBottom": "1px solid #EEE",
  -                 "fontSize": 25,
  +                 "fontSize": "25px",
                    "margin": "20px 0 0 0",
                    "padding": "0 0 5px 0",
                  }
                }>
                Prop Types
              </h1>
              <div>
                <h2
                  style={
                    Object {
                      "margin": "20px 0 0 0",
                    }
                  }>
                  "
                  DropdownButton
                  " Component
                </h2>
                <table
                  style={
                    Object {
                      "borderCollapse": "separate",
                      "borderSpacing": "10px 5px",
                      "marginLeft": -10,
                    }
                  }>
                  <thead>
                    <tr>
                      <th>
                        property
                      </th>
                      <th>
                        propType
                      </th>
                      <th>
                        required
                      </th>
                      <th>
                        default
                      </th>
                    </tr>
                  </thead>
                  <tbody>
                    <tr>
                      <td>
                        onBlur
                      </td>
                      <td>
                        func
                      </td>
                      <td>
                        no
                      </td>
                      <td>
                        -
                      </td>
                    </tr>
                    <tr>
                      <td>
                        className
                      </td>
                      <td>
                        string
                      </td>
                      <td>
                        no
                      </td>
                      <td>
                        -
                      </td>
                    </tr>
                    <tr>
                      <td>
                        children
                      </td>
                      <td>
                        node
                      </td>
                      <td>
                        no
                      </td>
                      <td>
                        -
                      </td>
                    </tr>
                    <tr>
                      <td>
                        onClick
                      </td>
                      <td>
                        func
                      </td>
                      <td>
                        no
                      </td>
                      <td>
                        -
                      </td>
                    </tr>
                    <tr>
                      <td>
                        icon
                      </td>
                      <td>
                        string
                      </td>
                      <td>
                        no
                      </td>
                      <td>
                        -
                      </td>
                    </tr>
                    <tr>
                      <td>
                        grouped
                      </td>
                      <td>
                        bool
                      </td>
                      <td>
                        no
                      </td>
                      <td>
                        -
                      </td>
                    </tr>
                    <tr>
                      <td>
                        hoverPopup
                      </td>
                      <td>
                        bool
                      </td>
                      <td>
                        no
                      </td>
                      <td>
                        -
                      </td>
                    </tr>
                    <tr>
                      <td>
                        menuSize
                      </td>
                      <td>
                        other
                      </td>
                      <td>
                        no
                      </td>
                      <td>
                        -
                      </td>
                    </tr>
                    <tr>
                      <td>
                        menuStyle
                      </td>
                      <td>
                        object
                      </td>
                      <td>
                        no
                      </td>
                      <td>
                        -
                      </td>
                    </tr>
                    <tr>
                      <td>
                        label
                      </td>
                      <td>
                        node
                      </td>
                      <td>
                        no
                      </td>
                      <td>
                        -
                      </td>
                    </tr>
                    <tr>
                      <td>
                        menuAlign
                      </td>
                      <td>
                        other
                      </td>
                      <td>
                        no
                      </td>
                      <td>
                        -
                      </td>
                    </tr>
                    <tr>
                      <td>
                        isLastInGroup
                      </td>
                      <td>
                        bool
                      </td>
                      <td>
                        no
                      </td>
                      <td>
                        -
                      </td>
                    </tr>
                    <tr>
                      <td>
                        menuHeader
                      </td>
                      <td>
                        string
                      </td>
                      <td>
                        no
                      </td>
                      <td>
                        -
                      </td>
                    </tr>
                    <tr>
                      <td>
                        isFirstInGroup
                      </td>
                      <td>
                        bool
                      </td>
                      <td>
                        no
                      </td>
                      <td>
                        -
                      </td>
                    </tr>
                    <tr>
                      <td>
                        nubbinTop
                      </td>
                      <td>
                        bool
                      </td>
                      <td>
                        no
                      </td>
                      <td>
                        -
                      </td>
                    </tr>
                    <tr>
                      <td>
                        onMenuItemClick
                      </td>
                      <td>
                        func
                      </td>
                      <td>
                        no
                      </td>
                      <td>
                        -
                      </td>
                    </tr>
                    <tr>
                      <td>
                        style
                      </td>
                      <td>
                        object
                      </td>
                      <td>
                        no
                      </td>
                      <td>
                        -
                      </td>
                    </tr>
                    <tr>
                      <td>
                        type
                      </td>
                      <td>
                        string
                      </td>
                      <td>
                        no
                      </td>
                      <td>
                        -
                      </td>
                    </tr>
                  </tbody>
                </table>
              </div>
              <div>
                <h2
                  style={
                    Object {
                      "margin": "20px 0 0 0",
                    }
                  }>
                  "
                  DropdownMenuItem
                  " Component
                </h2>
                <table
                  style={
                    Object {
                      "borderCollapse": "separate",
                      "borderSpacing": "10px 5px",
                      "marginLeft": -10,
                    }
                  }>
                  <thead>
                    <tr>
                      <th>
                        property
                      </th>
                      <th>
                        propType
                      </th>
                      <th>
                        required
                      </th>
                      <th>
                        default
                      </th>
                    </tr>
                  </thead>
                  <tbody>
                    <tr>
                      <td>
                        tabIndex
                      </td>
                      <td>
                        number
                      </td>
                      <td>
                        no
                      </td>
                      <td>
                        -
                      </td>
                    </tr>
                    <tr>
                      <td>
                        children
                      </td>
                      <td>
                        node
                      </td>
                      <td>
                        no
                      </td>
                      <td>
                        -
                      </td>
                    </tr>
                    <tr>
                      <td>
                        className
                      </td>
                      <td>
                        string
                      </td>
                      <td>
                        no
                      </td>
                      <td>
                        -
                      </td>
                    </tr>
                    <tr>
                      <td>
                        disabled
                      </td>
                      <td>
                        bool
                      </td>
                      <td>
                        no
                      </td>
                      <td>
                        -
                      </td>
                    </tr>
                    <tr>
                      <td>
                        divider
                      </td>
                      <td>
                        other
                      </td>
                      <td>
                        no
                      </td>
                      <td>
                        -
                      </td>
                    </tr>
                    <tr>
                      <td>
                        icon
                      </td>
                      <td>
                        string
                      </td>
                      <td>
                        no
                      </td>
                      <td>
                        -
                      </td>
                    </tr>
                    <tr>
                      <td>
                        iconRight
                      </td>
                      <td>
                        string
                      </td>
                      <td>
                        no
                      </td>
                      <td>
                        -
                      </td>
                    </tr>
                    <tr>
                      <td>
                        label
                      </td>
                      <td>
                        string
                      </td>
                      <td>
                        no
                      </td>
                      <td>
                        -
                      </td>
                    </tr>
                    <tr>
                      <td>
                        onBlur
                      </td>
                      <td>
                        func
                      </td>
                      <td>
                        no
                      </td>
                      <td>
                        -
                      </td>
                    </tr>
                    <tr>
                      <td>
                        onClick
                      </td>
                      <td>
                        func
                      </td>
                      <td>
                        no
                      </td>
                      <td>
                        -
                      </td>
                    </tr>
                    <tr>
                      <td>
                        onFocus
                      </td>
                      <td>
                        func
                      </td>
                      <td>
                        no
                      </td>
                      <td>
                        -
                      </td>
                    </tr>
                    <tr>
                      <td>
                        selected
                      </td>
                      <td>
                        bool
                      </td>
                      <td>
                        no
                      </td>
                      <td>
                        -
                      </td>
                    </tr>
                  </tbody>
                </table>
              </div>
            </div>
          </div>
        </div>
      </div>
    </div>


✗ Neutral
  - Snapshot
  + Current story
  
  <div>
      <div
        style={
          Object {
            "position": "relative",
            "zIndex": 0,
          }
        }>
        <div
          className="slds-dropdown-trigger slds-button-space-left"
          style={undefined}>
          <button
            aria-haspopup={true}
            className="slds-button slds-button--neutral"
            onBlur={[Function]}
            onClick={[Function]}
            onKeyDown={[Function]}
            type="button">
            Dropdown Button
            <svg
              aria-hidden={true}
              className="slds-button__icon slds-button__icon--right slds-button__icon--small"
              dangerouslySetInnerHTML={
                Object {
                  "__html": "<use xlink:href="/assets/icons/utility-sprite/svg/symbols.svg#down"></use>",
                }
              }
              style={undefined} />
          </button>
        </div>
      </div>
      <a
        onClick={[Function]}
        style={
          Object {
            "background": "#28c",
            "borderRadius": "0 0 0 5px",
            "color": "#fff",
            "cursor": "pointer",
            "display": "block",
            "fontFamily": "sans-serif",
  -         "fontSize": 12,
  +         "fontSize": "12px",
            "padding": "5px 15px",
            "position": "fixed",
            "right": 0,
            "textDecoration": "none",
            "top": 0,
          }
        }>
        ?
      </a>
      <div
        style={
          Object {
            "background": "white",
            "bottom": 0,
            "display": "none",
            "left": 0,
            "overflow": "auto",
            "padding": "0 40px",
            "position": "absolute",
            "right": 0,
            "top": 0,
          }
        }>
        <a
          onClick={[Function]}
          style={
            Object {
              "background": "#28c",
              "borderRadius": "0 0 0 5px",
              "color": "#fff",
              "cursor": "pointer",
              "display": "block",
              "fontFamily": "sans-serif",
  -           "fontSize": 12,
  +           "fontSize": "12px",
              "padding": "5px 15px",
              "position": "fixed",
              "right": 0,
              "textDecoration": "none",
              "top": 0,
            }
          }>
          ×
        </a>
        <div
          style={undefined}>
          <div
            style={
              Object {
                "WebkitFontSmoothing": "antialiased",
                "color": "#444",
                "fontFamily": "
                  -apple-system, ".SFNSText-Regular", "San Francisco", "Roboto",
                  "Segoe UI", "Helvetica Neue", "Lucida Grande", sans-serif
                ",
  -             "fontSize": 15,
  +             "fontSize": "15px",
                "fontWeight": 300,
                "lineHeight": 1.45,
              }
            }>
            <div
              style={
                Object {
                  "borderBottom": "1px solid #eee",
                  "marginBottom": 10,
  +               "paddingTop": 10,
                }
              }>
              <h1
                style={
                  Object {
  -                 "fontSize": 35,
  -                 "margin": "20px 0 0 0",
  +                 "fontSize": "35px",
  +                 "margin": 0,
                    "padding": 0,
                  }
                }>
                DropdownButton
              </h1>
              <h2
                style={
                  Object {
  -                 "fontSize": 22,
  +                 "fontSize": "22px",
                    "fontWeight": 400,
                    "margin": "0 0 10px 0",
                    "padding": 0,
                  }
                }>
                Neutral
              </h2>
            </div>
            <div
              style={
                Object {
                  "marginBottom": 0,
                }
              }>
              <p
                style={
                  Object {
                    "WebkitFontSmoothing": "antialiased",
                    "color": "#444",
                    "fontFamily": "
                      -apple-system, ".SFNSText-Regular", "San Francisco", "Roboto",
                      "Segoe UI", "Helvetica Neue", "Lucida Grande", sans-serif
                    ",
  -                 "fontSize": 15,
  +                 "fontSize": "15px",
                  }
                }>
                Neutral dropdown button
              </p>
            </div>
            <div>
              <h1
                style={
                  Object {
                    "borderBottom": "1px solid #EEE",
  -                 "fontSize": 25,
  +                 "fontSize": "25px",
                    "margin": "20px 0 0 0",
                    "padding": "0 0 5px 0",
                  }
                }>
                Story Source
              </h1>
              <pre
                style={
                  Object {
                    "backgroundColor": "#fafafa",
                    "fontFamily": "Menlo, Monaco, "Courier New", monospace",
                    "fontSize": ".88em",
                    "lineHeight": 1.5,
                    "overflowX": "scroll",
                    "padding": ".5rem",
                  }
                }>
                <div>
                  <div
                    style={
                      Object {
                        "paddingLeft": 18,
                        "paddingRight": 3,
                      }
                    }>
                    <span
                      style={
                        Object {
                          "color": "#777",
                        }
                      }>
                      <
                      DropdownButton
                    </span>
                    <span>
                      <span>
                         
                        <span
                          style={Object {}}>
                          type
                        </span>
                        <span>
                          =
                          <span
                            style={Object {}}>
                            <span
                              style={
                                Object {
                                  "color": "#22a",
                                  "wordBreak": "break-word",
                                }
                              }>
                              "
                              neutral
                              "
                            </span>
                          </span>
                        </span>
                      </span>
                      <span>
                         
                        <span
                          style={Object {}}>
                          label
                        </span>
                        <span>
                          =
                          <span
                            style={Object {}}>
                            <span
                              style={
                                Object {
                                  "color": "#22a",
                                  "wordBreak": "break-word",
                                }
                              }>
                              "
                              Dropdown Button
                              "
                            </span>
                          </span>
                        </span>
                      </span>
                      <span>
                         
                        <span
                          style={Object {}}>
                          onMenuItemClick
                        </span>
                        <span>
                          =
                          <span
                            style={Object {}}>
                            <span>
                              {
                              <span
                                style={
                                  Object {
                                    "color": "#170",
                                  }
                                }>
  -                             anonymous()
  +                             menuItemClick()
                              </span>
                              }
                            </span>
                          </span>
                        </span>
                        
                      </span>
                    </span>
                    <span
                      style={
                        Object {
                          "color": "#777",
                        }
                      }>
                      >
                    </span>
                  </div>
                  <div>
                    <div
                      style={
                        Object {
                          "paddingLeft": 33,
                          "paddingRight": 3,
                        }
                      }>
                      <span
                        style={
                          Object {
                            "color": "#777",
                          }
                        }>
                        <
                        DropdownMenuItem
                      </span>
                      <span />
                      <span
                        style={
                          Object {
                            "color": "#777",
                          }
                        }>
                        >
                      </span>
                    </div>
                    <div
                      style={
                        Object {
                          "paddingLeft": 48,
                          "paddingRight": 3,
                        }
                      }>
                      <span
                        style={
                          Object {
                            "color": "#777",
                          }
                        }>
                        Menu Item One
                      </span>
                    </div>
                    <div
                      style={
                        Object {
                          "paddingLeft": 33,
                          "paddingRight": 3,
                        }
                      }>
                      <span
                        style={
                          Object {
                            "color": "#777",
                          }
                        }>
                        </
                        DropdownMenuItem
                        >
                      </span>
                    </div>
                  </div>
                  <div>
                    <div
                      style={
                        Object {
                          "paddingLeft": 33,
                          "paddingRight": 3,
                        }
                      }>
                      <span
                        style={
                          Object {
                            "color": "#777",
                          }
                        }>
                        <
                        DropdownMenuItem
                      </span>
                      <span>
                        <span>
                           
                          <span
                            style={Object {}}>
                            disabled
                          </span>
                          
                        </span>
                      </span>
                      <span
                        style={
                          Object {
                            "color": "#777",
                          }
                        }>
                        >
                      </span>
                    </div>
                    <div
                      style={
                        Object {
                          "paddingLeft": 48,
                          "paddingRight": 3,
                        }
                      }>
                      <span
                        style={
                          Object {
                            "color": "#777",
                          }
                        }>
                        Menu Item Two
                      </span>
                    </div>
                    <div
                      style={
                        Object {
                          "paddingLeft": 33,
                          "paddingRight": 3,
                        }
                      }>
                      <span
                        style={
                          Object {
                            "color": "#777",
                          }
                        }>
                        </
                        DropdownMenuItem
                        >
                      </span>
                    </div>
                  </div>
                  <div>
                    <div
                      style={
                        Object {
                          "paddingLeft": 33,
                          "paddingRight": 3,
                        }
                      }>
                      <span
                        style={
                          Object {
                            "color": "#777",
                          }
                        }>
                        <
                        DropdownMenuItem
                      </span>
                      <span />
                      <span
                        style={
                          Object {
                            "color": "#777",
                          }
                        }>
                        >
                      </span>
                    </div>
                    <div
                      style={
                        Object {
                          "paddingLeft": 48,
                          "paddingRight": 3,
                        }
                      }>
                      <span
                        style={
                          Object {
                            "color": "#777",
                          }
                        }>
                        Menu Item Three
                      </span>
                    </div>
                    <div
                      style={
                        Object {
                          "paddingLeft": 33,
                          "paddingRight": 3,
                        }
                      }>
                      <span
                        style={
                          Object {
                            "color": "#777",
                          }
                        }>
                        </
                        DropdownMenuItem
                        >
                      </span>
                    </div>
                  </div>
                  <div>
                    <div
                      style={
                        Object {
                          "paddingLeft": 33,
                          "paddingRight": 3,
                        }
                      }>
                      <span
                        style={
                          Object {
                            "color": "#777",
                          }
                        }>
                        <
                        DropdownMenuItem
                      </span>
                      <span>
                        <span>
                           
                          <span
                            style={Object {}}>
                            divider
                          </span>
                          <span>
                            =
                            <span
                              style={Object {}}>
                              <span
                                style={
                                  Object {
                                    "color": "#22a",
                                    "wordBreak": "break-word",
                                  }
                                }>
                                "
                                top
                                "
                              </span>
                            </span>
                          </span>
                          
                        </span>
                      </span>
                      <span
                        style={
                          Object {
                            "color": "#777",
                          }
                        }>
                        >
                      </span>
                    </div>
                    <div
                      style={
                        Object {
                          "paddingLeft": 48,
                          "paddingRight": 3,
                        }
                      }>
                      <span
                        style={
                          Object {
                            "color": "#777",
                          }
                        }>
                        Menu Item Four
                      </span>
                    </div>
                    <div
                      style={
                        Object {
                          "paddingLeft": 33,
                          "paddingRight": 3,
                        }
                      }>
                      <span
                        style={
                          Object {
                            "color": "#777",
                          }
                        }>
                        </
                        DropdownMenuItem
                        >
                      </span>
                    </div>
                  </div>
                  <div
                    style={
                      Object {
                        "paddingLeft": 18,
                        "paddingRight": 3,
                      }
                    }>
                    <span
                      style={
                        Object {
                          "color": "#777",
                        }
                      }>
                      </
                      DropdownButton
                      >
                    </span>
                  </div>
                </div>
              </pre>
            </div>
            <div>
              <h1
                style={
                  Object {
                    "borderBottom": "1px solid #EEE",
  -                 "fontSize": 25,
  +                 "fontSize": "25px",
                    "margin": "20px 0 0 0",
                    "padding": "0 0 5px 0",
                  }
                }>
                Prop Types
              </h1>
              <div>
                <h2
                  style={
                    Object {
                      "margin": "20px 0 0 0",
                    }
                  }>
                  "
                  DropdownButton
                  " Component
                </h2>
                <table
                  style={
                    Object {
                      "borderCollapse": "separate",
                      "borderSpacing": "10px 5px",
                      "marginLeft": -10,
                    }
                  }>
                  <thead>
                    <tr>
                      <th>
                        property
                      </th>
                      <th>
                        propType
                      </th>
                      <th>
                        required
                      </th>
                      <th>
                        default
                      </th>
                    </tr>
                  </thead>
                  <tbody>
                    <tr>
                      <td>
                        onBlur
                      </td>
                      <td>
                        func
                      </td>
                      <td>
                        no
                      </td>
                      <td>
                        -
                      </td>
                    </tr>
                    <tr>
                      <td>
                        className
                      </td>
                      <td>
                        string
                      </td>
                      <td>
                        no
                      </td>
                      <td>
                        -
                      </td>
                    </tr>
                    <tr>
                      <td>
                        children
                      </td>
                      <td>
                        node
                      </td>
                      <td>
                        no
                      </td>
                      <td>
                        -
                      </td>
                    </tr>
                    <tr>
                      <td>
                        onClick
                      </td>
                      <td>
                        func
                      </td>
                      <td>
                        no
                      </td>
                      <td>
                        -
                      </td>
                    </tr>
                    <tr>
                      <td>
                        icon
                      </td>
                      <td>
                        string
                      </td>
                      <td>
                        no
                      </td>
                      <td>
                        -
                      </td>
                    </tr>
                    <tr>
                      <td>
                        grouped
                      </td>
                      <td>
                        bool
                      </td>
                      <td>
                        no
                      </td>
                      <td>
                        -
                      </td>
                    </tr>
                    <tr>
                      <td>
                        hoverPopup
                      </td>
                      <td>
                        bool
                      </td>
                      <td>
                        no
                      </td>
                      <td>
                        -
                      </td>
                    </tr>
                    <tr>
                      <td>
                        menuSize
                      </td>
                      <td>
                        other
                      </td>
                      <td>
                        no
                      </td>
                      <td>
                        -
                      </td>
                    </tr>
                    <tr>
                      <td>
                        menuStyle
                      </td>
                      <td>
                        object
                      </td>
                      <td>
                        no
                      </td>
                      <td>
                        -
                      </td>
                    </tr>
                    <tr>
                      <td>
                        label
                      </td>
                      <td>
                        node
                      </td>
                      <td>
                        no
                      </td>
                      <td>
                        -
                      </td>
                    </tr>
                    <tr>
                      <td>
                        menuAlign
                      </td>
                      <td>
                        other
                      </td>
                      <td>
                        no
                      </td>
                      <td>
                        -
                      </td>
                    </tr>
                    <tr>
                      <td>
                        isLastInGroup
                      </td>
                      <td>
                        bool
                      </td>
                      <td>
                        no
                      </td>
                      <td>
                        -
                      </td>
                    </tr>
                    <tr>
                      <td>
                        menuHeader
                      </td>
                      <td>
                        string
                      </td>
                      <td>
                        no
                      </td>
                      <td>
                        -
                      </td>
                    </tr>
                    <tr>
                      <td>
                        isFirstInGroup
                      </td>
                      <td>
                        bool
                      </td>
                      <td>
                        no
                      </td>
                      <td>
                        -
                      </td>
                    </tr>
                    <tr>
                      <td>
                        nubbinTop
                      </td>
                      <td>
                        bool
                      </td>
                      <td>
                        no
                      </td>
                      <td>
                        -
                      </td>
                    </tr>
                    <tr>
                      <td>
                        onMenuItemClick
                      </td>
                      <td>
                        func
                      </td>
                      <td>
                        no
                      </td>
                      <td>
                        -
                      </td>
                    </tr>
                    <tr>
                      <td>
                        style
                      </td>
                      <td>
                        object
                      </td>
                      <td>
                        no
                      </td>
                      <td>
                        -
                      </td>
                    </tr>
                    <tr>
                      <td>
                        type
                      </td>
                      <td>
                        string
                      </td>
                      <td>
                        no
                      </td>
                      <td>
                        -
                      </td>
                    </tr>
                  </tbody>
                </table>
              </div>
              <div>
                <h2
                  style={
                    Object {
                      "margin": "20px 0 0 0",
                    }
                  }>
                  "
                  DropdownMenuItem
                  " Component
                </h2>
                <table
                  style={
                    Object {
                      "borderCollapse": "separate",
                      "borderSpacing": "10px 5px",
                      "marginLeft": -10,
                    }
                  }>
                  <thead>
                    <tr>
                      <th>
                        property
                      </th>
                      <th>
                        propType
                      </th>
                      <th>
                        required
                      </th>
                      <th>
                        default
                      </th>
                    </tr>
                  </thead>
                  <tbody>
                    <tr>
                      <td>
                        tabIndex
                      </td>
                      <td>
                        number
                      </td>
                      <td>
                        no
                      </td>
                      <td>
                        -
                      </td>
                    </tr>
                    <tr>
                      <td>
                        children
                      </td>
                      <td>
                        node
                      </td>
                      <td>
                        no
                      </td>
                      <td>
                        -
                      </td>
                    </tr>
                    <tr>
                      <td>
                        className
                      </td>
                      <td>
                        string
                      </td>
                      <td>
                        no
                      </td>
                      <td>
                        -
                      </td>
                    </tr>
                    <tr>
                      <td>
                        disabled
                      </td>
                      <td>
                        bool
                      </td>
                      <td>
                        no
                      </td>
                      <td>
                        -
                      </td>
                    </tr>
                    <tr>
                      <td>
                        divider
                      </td>
                      <td>
                        other
                      </td>
                      <td>
                        no
                      </td>
                      <td>
                        -
                      </td>
                    </tr>
                    <tr>
                      <td>
                        icon
                      </td>
                      <td>
                        string
                      </td>
                      <td>
                        no
                      </td>
                      <td>
                        -
                      </td>
                    </tr>
                    <tr>
                      <td>
                        iconRight
                      </td>
                      <td>
                        string
                      </td>
                      <td>
                        no
                      </td>
                      <td>
                        -
                      </td>
                    </tr>
                    <tr>
                      <td>
                        label
                      </td>
                      <td>
                        string
                      </td>
                      <td>
                        no
                      </td>
                      <td>
                        -
                      </td>
                    </tr>
                    <tr>
                      <td>
                        onBlur
                      </td>
                      <td>
                        func
                      </td>
                      <td>
                        no
                      </td>
                      <td>
                        -
                      </td>
                    </tr>
                    <tr>
                      <td>
                        onClick
                      </td>
                      <td>
                        func
                      </td>
                      <td>
                        no
                      </td>
                      <td>
                        -
                      </td>
                    </tr>
                    <tr>
                      <td>
                        onFocus
                      </td>
                      <td>
                        func
                      </td>
                      <td>
                        no
                      </td>
                      <td>
                        -
                      </td>
                    </tr>
                    <tr>
                      <td>
                        selected
                      </td>
                      <td>
                        bool
                      </td>
                      <td>
                        no
                      </td>
                      <td>
                        -
                      </td>
                    </tr>
                  </tbody>
                </table>
              </div>
            </div>
          </div>
        </div>
      </div>
    </div>


✗ Icon Bare
  - Snapshot
  + Current story
  
  <div>
      <div
        style={
          Object {
            "position": "relative",
            "zIndex": 0,
          }
        }>
        <div
          className="slds-dropdown-trigger slds-button-space-left"
          style={undefined}>
          <button
            aria-haspopup={true}
            className="slds-button slds-button--icon-bare"
            onBlur={[Function]}
            onClick={[Function]}
            onKeyDown={[Function]}
            type="button">
            <svg
              aria-hidden={true}
              className="slds-button__icon"
              dangerouslySetInnerHTML={
                Object {
                  "__html": "<use xlink:href="/assets/icons/utility-sprite/svg/symbols.svg#settings"></use>",
                }
              }
              style={undefined} />
          </button>
        </div>
      </div>
      <a
        onClick={[Function]}
        style={
          Object {
            "background": "#28c",
            "borderRadius": "0 0 0 5px",
            "color": "#fff",
            "cursor": "pointer",
            "display": "block",
            "fontFamily": "sans-serif",
  -         "fontSize": 12,
  +         "fontSize": "12px",
            "padding": "5px 15px",
            "position": "fixed",
            "right": 0,
            "textDecoration": "none",
            "top": 0,
          }
        }>
        ?
      </a>
      <div
        style={
          Object {
            "background": "white",
            "bottom": 0,
            "display": "none",
            "left": 0,
            "overflow": "auto",
            "padding": "0 40px",
            "position": "absolute",
            "right": 0,
            "top": 0,
          }
        }>
        <a
          onClick={[Function]}
          style={
            Object {
              "background": "#28c",
              "borderRadius": "0 0 0 5px",
              "color": "#fff",
              "cursor": "pointer",
              "display": "block",
              "fontFamily": "sans-serif",
  -           "fontSize": 12,
  +           "fontSize": "12px",
              "padding": "5px 15px",
              "position": "fixed",
              "right": 0,
              "textDecoration": "none",
              "top": 0,
            }
          }>
          ×
        </a>
        <div
          style={undefined}>
          <div
            style={
              Object {
                "WebkitFontSmoothing": "antialiased",
                "color": "#444",
                "fontFamily": "
                  -apple-system, ".SFNSText-Regular", "San Francisco", "Roboto",
                  "Segoe UI", "Helvetica Neue", "Lucida Grande", sans-serif
                ",
  -             "fontSize": 15,
  +             "fontSize": "15px",
                "fontWeight": 300,
                "lineHeight": 1.45,
              }
            }>
            <div
              style={
                Object {
                  "borderBottom": "1px solid #eee",
                  "marginBottom": 10,
  +               "paddingTop": 10,
                }
              }>
              <h1
                style={
                  Object {
  -                 "fontSize": 35,
  -                 "margin": "20px 0 0 0",
  +                 "fontSize": "35px",
  +                 "margin": 0,
                    "padding": 0,
                  }
                }>
                DropdownButton
              </h1>
              <h2
                style={
                  Object {
  -                 "fontSize": 22,
  +                 "fontSize": "22px",
                    "fontWeight": 400,
                    "margin": "0 0 10px 0",
                    "padding": 0,
                  }
                }>
                Icon Bare
              </h2>
            </div>
            <div
              style={
                Object {
                  "marginBottom": 0,
                }
              }>
              <p
                style={
                  Object {
                    "WebkitFontSmoothing": "antialiased",
                    "color": "#444",
                    "fontFamily": "
                      -apple-system, ".SFNSText-Regular", "San Francisco", "Roboto",
                      "Segoe UI", "Helvetica Neue", "Lucida Grande", sans-serif
                    ",
  -                 "fontSize": 15,
  +                 "fontSize": "15px",
                  }
                }>
                Icon bare dropdown button
              </p>
            </div>
            <div>
              <h1
                style={
                  Object {
                    "borderBottom": "1px solid #EEE",
  -                 "fontSize": 25,
  +                 "fontSize": "25px",
                    "margin": "20px 0 0 0",
                    "padding": "0 0 5px 0",
                  }
                }>
                Story Source
              </h1>
              <pre
                style={
                  Object {
                    "backgroundColor": "#fafafa",
                    "fontFamily": "Menlo, Monaco, "Courier New", monospace",
                    "fontSize": ".88em",
                    "lineHeight": 1.5,
                    "overflowX": "scroll",
                    "padding": ".5rem",
                  }
                }>
                <div>
                  <div
                    style={
                      Object {
                        "paddingLeft": 18,
                        "paddingRight": 3,
                      }
                    }>
                    <span
                      style={
                        Object {
                          "color": "#777",
                        }
                      }>
                      <
                      DropdownButton
                    </span>
                    <span>
                      <span>
                         
                        <span
                          style={Object {}}>
                          type
                        </span>
                        <span>
                          =
                          <span
                            style={Object {}}>
                            <span
                              style={
                                Object {
                                  "color": "#22a",
                                  "wordBreak": "break-word",
                                }
                              }>
                              "
                              icon-bare
                              "
                            </span>
                          </span>
                        </span>
                      </span>
                      <span>
                         
                        <span
                          style={Object {}}>
                          icon
                        </span>
                        <span>
                          =
                          <span
                            style={Object {}}>
                            <span
                              style={
                                Object {
                                  "color": "#22a",
                                  "wordBreak": "break-word",
                                }
                              }>
                              "
                              settings
                              "
                            </span>
                          </span>
                        </span>
                      </span>
                      <span>
                         
                        <span
                          style={Object {}}>
                          onMenuItemClick
                        </span>
                        <span>
                          =
                          <span
                            style={Object {}}>
                            <span>
                              {
                              <span
                                style={
                                  Object {
                                    "color": "#170",
                                  }
                                }>
  -                             anonymous()
  +                             menuItemClick()
                              </span>
                              }
                            </span>
                          </span>
                        </span>
                        
                      </span>
                    </span>
                    <span
                      style={
                        Object {
                          "color": "#777",
                        }
                      }>
                      >
                    </span>
                  </div>
                  <div>
                    <div
                      style={
                        Object {
                          "paddingLeft": 33,
                          "paddingRight": 3,
                        }
                      }>
                      <span
                        style={
                          Object {
                            "color": "#777",
                          }
                        }>
                        <
                        DropdownMenuItem
                      </span>
                      <span />
                      <span
                        style={
                          Object {
                            "color": "#777",
                          }
                        }>
                        >
                      </span>
                    </div>
                    <div
                      style={
                        Object {
                          "paddingLeft": 48,
                          "paddingRight": 3,
                        }
                      }>
                      <span
                        style={
                          Object {
                            "color": "#777",
                          }
                        }>
                        Menu Item One
                      </span>
                    </div>
                    <div
                      style={
                        Object {
                          "paddingLeft": 33,
                          "paddingRight": 3,
                        }
                      }>
                      <span
                        style={
                          Object {
                            "color": "#777",
                          }
                        }>
                        </
                        DropdownMenuItem
                        >
                      </span>
                    </div>
                  </div>
                  <div>
                    <div
                      style={
                        Object {
                          "paddingLeft": 33,
                          "paddingRight": 3,
                        }
                      }>
                      <span
                        style={
                          Object {
                            "color": "#777",
                          }
                        }>
                        <
                        DropdownMenuItem
                      </span>
                      <span>
                        <span>
                           
                          <span
                            style={Object {}}>
                            disabled
                          </span>
                          
                        </span>
                      </span>
                      <span
                        style={
                          Object {
                            "color": "#777",
                          }
                        }>
                        >
                      </span>
                    </div>
                    <div
                      style={
                        Object {
                          "paddingLeft": 48,
                          "paddingRight": 3,
                        }
                      }>
                      <span
                        style={
                          Object {
                            "color": "#777",
                          }
                        }>
                        Menu Item Two
                      </span>
                    </div>
                    <div
                      style={
                        Object {
                          "paddingLeft": 33,
                          "paddingRight": 3,
                        }
                      }>
                      <span
                        style={
                          Object {
                            "color": "#777",
                          }
                        }>
                        </
                        DropdownMenuItem
                        >
                      </span>
                    </div>
                  </div>
                  <div>
                    <div
                      style={
                        Object {
                          "paddingLeft": 33,
                          "paddingRight": 3,
                        }
                      }>
                      <span
                        style={
                          Object {
                            "color": "#777",
                          }
                        }>
                        <
                        DropdownMenuItem
                      </span>
                      <span />
                      <span
                        style={
                          Object {
                            "color": "#777",
                          }
                        }>
                        >
                      </span>
                    </div>
                    <div
                      style={
                        Object {
                          "paddingLeft": 48,
                          "paddingRight": 3,
                        }
                      }>
                      <span
                        style={
                          Object {
                            "color": "#777",
                          }
                        }>
                        Menu Item Three
                      </span>
                    </div>
                    <div
                      style={
                        Object {
                          "paddingLeft": 33,
                          "paddingRight": 3,
                        }
                      }>
                      <span
                        style={
                          Object {
                            "color": "#777",
                          }
                        }>
                        </
                        DropdownMenuItem
                        >
                      </span>
                    </div>
                  </div>
                  <div>
                    <div
                      style={
                        Object {
                          "paddingLeft": 33,
                          "paddingRight": 3,
                        }
                      }>
                      <span
                        style={
                          Object {
                            "color": "#777",
                          }
                        }>
                        <
                        DropdownMenuItem
                      </span>
                      <span>
                        <span>
                           
                          <span
                            style={Object {}}>
                            divider
                          </span>
                          <span>
                            =
                            <span
                              style={Object {}}>
                              <span
                                style={
                                  Object {
                                    "color": "#22a",
                                    "wordBreak": "break-word",
                                  }
                                }>
                                "
                                top
                                "
                              </span>
                            </span>
                          </span>
                          
                        </span>
                      </span>
                      <span
                        style={
                          Object {
                            "color": "#777",
                          }
                        }>
                        >
                      </span>
                    </div>
                    <div
                      style={
                        Object {
                          "paddingLeft": 48,
                          "paddingRight": 3,
                        }
                      }>
                      <span
                        style={
                          Object {
                            "color": "#777",
                          }
                        }>
                        Menu Item Four
                      </span>
                    </div>
                    <div
                      style={
                        Object {
                          "paddingLeft": 33,
                          "paddingRight": 3,
                        }
                      }>
                      <span
                        style={
                          Object {
                            "color": "#777",
                          }
                        }>
                        </
                        DropdownMenuItem
                        >
                      </span>
                    </div>
                  </div>
                  <div
                    style={
                      Object {
                        "paddingLeft": 18,
                        "paddingRight": 3,
                      }
                    }>
                    <span
                      style={
                        Object {
                          "color": "#777",
                        }
                      }>
                      </
                      DropdownButton
                      >
                    </span>
                  </div>
                </div>
              </pre>
            </div>
            <div>
              <h1
                style={
                  Object {
                    "borderBottom": "1px solid #EEE",
  -                 "fontSize": 25,
  +                 "fontSize": "25px",
                    "margin": "20px 0 0 0",
                    "padding": "0 0 5px 0",
                  }
                }>
                Prop Types
              </h1>
              <div>
                <h2
                  style={
                    Object {
                      "margin": "20px 0 0 0",
                    }
                  }>
                  "
                  DropdownButton
                  " Component
                </h2>
                <table
                  style={
                    Object {
                      "borderCollapse": "separate",
                      "borderSpacing": "10px 5px",
                      "marginLeft": -10,
                    }
                  }>
                  <thead>
                    <tr>
                      <th>
                        property
                      </th>
                      <th>
                        propType
                      </th>
                      <th>
                        required
                      </th>
                      <th>
                        default
                      </th>
                    </tr>
                  </thead>
                  <tbody>
                    <tr>
                      <td>
                        onBlur
                      </td>
                      <td>
                        func
                      </td>
                      <td>
                        no
                      </td>
                      <td>
                        -
                      </td>
                    </tr>
                    <tr>
                      <td>
                        className
                      </td>
                      <td>
                        string
                      </td>
                      <td>
                        no
                      </td>
                      <td>
                        -
                      </td>
                    </tr>
                    <tr>
                      <td>
                        children
                      </td>
                      <td>
                        node
                      </td>
                      <td>
                        no
                      </td>
                      <td>
                        -
                      </td>
                    </tr>
                    <tr>
                      <td>
                        onClick
                      </td>
                      <td>
                        func
                      </td>
                      <td>
                        no
                      </td>
                      <td>
                        -
                      </td>
                    </tr>
                    <tr>
                      <td>
                        icon
                      </td>
                      <td>
                        string
                      </td>
                      <td>
                        no
                      </td>
                      <td>
                        -
                      </td>
                    </tr>
                    <tr>
                      <td>
                        grouped
                      </td>
                      <td>
                        bool
                      </td>
                      <td>
                        no
                      </td>
                      <td>
                        -
                      </td>
                    </tr>
                    <tr>
                      <td>
                        hoverPopup
                      </td>
                      <td>
                        bool
                      </td>
                      <td>
                        no
                      </td>
                      <td>
                        -
                      </td>
                    </tr>
                    <tr>
                      <td>
                        menuSize
                      </td>
                      <td>
                        other
                      </td>
                      <td>
                        no
                      </td>
                      <td>
                        -
                      </td>
                    </tr>
                    <tr>
                      <td>
                        menuStyle
                      </td>
                      <td>
                        object
                      </td>
                      <td>
                        no
                      </td>
                      <td>
                        -
                      </td>
                    </tr>
                    <tr>
                      <td>
                        label
                      </td>
                      <td>
                        node
                      </td>
                      <td>
                        no
                      </td>
                      <td>
                        -
                      </td>
                    </tr>
                    <tr>
                      <td>
                        menuAlign
                      </td>
                      <td>
                        other
                      </td>
                      <td>
                        no
                      </td>
                      <td>
                        -
                      </td>
                    </tr>
                    <tr>
                      <td>
                        isLastInGroup
                      </td>
                      <td>
                        bool
                      </td>
                      <td>
                        no
                      </td>
                      <td>
                        -
                      </td>
                    </tr>
                    <tr>
                      <td>
                        menuHeader
                      </td>
                      <td>
                        string
                      </td>
                      <td>
                        no
                      </td>
                      <td>
                        -
                      </td>
                    </tr>
                    <tr>
                      <td>
                        isFirstInGroup
                      </td>
                      <td>
                        bool
                      </td>
                      <td>
                        no
                      </td>
                      <td>
                        -
                      </td>
                    </tr>
                    <tr>
                      <td>
                        nubbinTop
                      </td>
                      <td>
                        bool
                      </td>
                      <td>
                        no
                      </td>
                      <td>
                        -
                      </td>
                    </tr>
                    <tr>
                      <td>
                        onMenuItemClick
                      </td>
                      <td>
                        func
                      </td>
                      <td>
                        no
                      </td>
                      <td>
                        -
                      </td>
                    </tr>
                    <tr>
                      <td>
                        style
                      </td>
                      <td>
                        object
                      </td>
                      <td>
                        no
                      </td>
                      <td>
                        -
                      </td>
                    </tr>
                    <tr>
                      <td>
                        type
                      </td>
                      <td>
                        string
                      </td>
                      <td>
                        no
                      </td>
                      <td>
                        -
                      </td>
                    </tr>
                  </tbody>
                </table>
              </div>
              <div>
                <h2
                  style={
                    Object {
                      "margin": "20px 0 0 0",
                    }
                  }>
                  "
                  DropdownMenuItem
                  " Component
                </h2>
                <table
                  style={
                    Object {
                      "borderCollapse": "separate",
                      "borderSpacing": "10px 5px",
                      "marginLeft": -10,
                    }
                  }>
                  <thead>
                    <tr>
                      <th>
                        property
                      </th>
                      <th>
                        propType
                      </th>
                      <th>
                        required
                      </th>
                      <th>
                        default
                      </th>
                    </tr>
                  </thead>
                  <tbody>
                    <tr>
                      <td>
                        tabIndex
                      </td>
                      <td>
                        number
                      </td>
                      <td>
                        no
                      </td>
                      <td>
                        -
                      </td>
                    </tr>
                    <tr>
                      <td>
                        children
                      </td>
                      <td>
                        node
                      </td>
                      <td>
                        no
                      </td>
                      <td>
                        -
                      </td>
                    </tr>
                    <tr>
                      <td>
                        className
                      </td>
                      <td>
                        string
                      </td>
                      <td>
                        no
                      </td>
                      <td>
                        -
                      </td>
                    </tr>
                    <tr>
                      <td>
                        disabled
                      </td>
                      <td>
                        bool
                      </td>
                      <td>
                        no
                      </td>
                      <td>
                        -
                      </td>
                    </tr>
                    <tr>
                      <td>
                        divider
                      </td>
                      <td>
                        other
                      </td>
                      <td>
                        no
                      </td>
                      <td>
                        -
                      </td>
                    </tr>
                    <tr>
                      <td>
                        icon
                      </td>
                      <td>
                        string
                      </td>
                      <td>
                        no
                      </td>
                      <td>
                        -
                      </td>
                    </tr>
                    <tr>
                      <td>
                        iconRight
                      </td>
                      <td>
                        string
                      </td>
                      <td>
                        no
                      </td>
                      <td>
                        -
                      </td>
                    </tr>
                    <tr>
                      <td>
                        label
                      </td>
                      <td>
                        string
                      </td>
                      <td>
                        no
                      </td>
                      <td>
                        -
                      </td>
                    </tr>
                    <tr>
                      <td>
                        onBlur
                      </td>
                      <td>
                        func
                      </td>
                      <td>
                        no
                      </td>
                      <td>
                        -
                      </td>
                    </tr>
                    <tr>
                      <td>
                        onClick
                      </td>
                      <td>
                        func
                      </td>
                      <td>
                        no
                      </td>
                      <td>
                        -
                      </td>
                    </tr>
                    <tr>
                      <td>
                        onFocus
                      </td>
                      <td>
                        func
                      </td>
                      <td>
                        no
                      </td>
                      <td>
                        -
                      </td>
                    </tr>
                    <tr>
                      <td>
                        selected
                      </td>
                      <td>
                        bool
                      </td>
                      <td>
                        no
                      </td>
                      <td>
                        -
                      </td>
                    </tr>
                  </tbody>
                </table>
              </div>
            </div>
          </div>
        </div>
      </div>
    </div>


✗ Icon More
  - Snapshot
  + Current story
  
  <div>
      <div
        style={
          Object {
            "position": "relative",
            "zIndex": 0,
          }
        }>
        <div
          className="slds-dropdown-trigger slds-button-space-left"
          style={undefined}>
          <button
            aria-haspopup={true}
            className="slds-button slds-button--icon-more"
            onBlur={[Function]}
            onClick={[Function]}
            onKeyDown={[Function]}
            type="button">
            <svg
              aria-hidden={true}
              className="slds-button__icon"
              dangerouslySetInnerHTML={
                Object {
                  "__html": "<use xlink:href="/assets/icons/utility-sprite/svg/symbols.svg#settings"></use>",
                }
              }
              style={undefined} />
            <svg
              aria-hidden={true}
              className="slds-button__icon slds-button__icon--right slds-button__icon--x-small"
              dangerouslySetInnerHTML={
                Object {
                  "__html": "<use xlink:href="/assets/icons/utility-sprite/svg/symbols.svg#down"></use>",
                }
              }
              style={undefined} />
          </button>
        </div>
      </div>
      <a
        onClick={[Function]}
        style={
          Object {
            "background": "#28c",
            "borderRadius": "0 0 0 5px",
            "color": "#fff",
            "cursor": "pointer",
            "display": "block",
            "fontFamily": "sans-serif",
  -         "fontSize": 12,
  +         "fontSize": "12px",
            "padding": "5px 15px",
            "position": "fixed",
            "right": 0,
            "textDecoration": "none",
            "top": 0,
          }
        }>
        ?
      </a>
      <div
        style={
          Object {
            "background": "white",
            "bottom": 0,
            "display": "none",
            "left": 0,
            "overflow": "auto",
            "padding": "0 40px",
            "position": "absolute",
            "right": 0,
            "top": 0,
          }
        }>
        <a
          onClick={[Function]}
          style={
            Object {
              "background": "#28c",
              "borderRadius": "0 0 0 5px",
              "color": "#fff",
              "cursor": "pointer",
              "display": "block",
              "fontFamily": "sans-serif",
  -           "fontSize": 12,
  +           "fontSize": "12px",
              "padding": "5px 15px",
              "position": "fixed",
              "right": 0,
              "textDecoration": "none",
              "top": 0,
            }
          }>
          ×
        </a>
        <div
          style={undefined}>
          <div
            style={
              Object {
                "WebkitFontSmoothing": "antialiased",
                "color": "#444",
                "fontFamily": "
                  -apple-system, ".SFNSText-Regular", "San Francisco", "Roboto",
                  "Segoe UI", "Helvetica Neue", "Lucida Grande", sans-serif
                ",
  -             "fontSize": 15,
  +             "fontSize": "15px",
                "fontWeight": 300,
                "lineHeight": 1.45,
              }
            }>
            <div
              style={
                Object {
                  "borderBottom": "1px solid #eee",
                  "marginBottom": 10,
  +               "paddingTop": 10,
                }
              }>
              <h1
                style={
                  Object {
  -                 "fontSize": 35,
  -                 "margin": "20px 0 0 0",
  +                 "fontSize": "35px",
  +                 "margin": 0,
                    "padding": 0,
                  }
                }>
                DropdownButton
              </h1>
              <h2
                style={
                  Object {
  -                 "fontSize": 22,
  +                 "fontSize": "22px",
                    "fontWeight": 400,
                    "margin": "0 0 10px 0",
                    "padding": 0,
                  }
                }>
                Icon More
              </h2>
            </div>
            <div
              style={
                Object {
                  "marginBottom": 0,
                }
              }>
              <p
                style={
                  Object {
                    "WebkitFontSmoothing": "antialiased",
                    "color": "#444",
                    "fontFamily": "
                      -apple-system, ".SFNSText-Regular", "San Francisco", "Roboto",
                      "Segoe UI", "Helvetica Neue", "Lucida Grande", sans-serif
                    ",
  -                 "fontSize": 15,
  +                 "fontSize": "15px",
                  }
                }>
                Icon and more dropdown button
              </p>
            </div>
            <div>
              <h1
                style={
                  Object {
                    "borderBottom": "1px solid #EEE",
  -                 "fontSize": 25,
  +                 "fontSize": "25px",
                    "margin": "20px 0 0 0",
                    "padding": "0 0 5px 0",
                  }
                }>
                Story Source
              </h1>
              <pre
                style={
                  Object {
                    "backgroundColor": "#fafafa",
                    "fontFamily": "Menlo, Monaco, "Courier New", monospace",
                    "fontSize": ".88em",
                    "lineHeight": 1.5,
                    "overflowX": "scroll",
                    "padding": ".5rem",
                  }
                }>
                <div>
                  <div
                    style={
                      Object {
                        "paddingLeft": 18,
                        "paddingRight": 3,
                      }
                    }>
                    <span
                      style={
                        Object {
                          "color": "#777",
                        }
                      }>
                      <
                      DropdownButton
                    </span>
                    <span>
                      <span>
                         
                        <span
                          style={Object {}}>
                          type
                        </span>
                        <span>
                          =
                          <span
                            style={Object {}}>
                            <span
                              style={
                                Object {
                                  "color": "#22a",
                                  "wordBreak": "break-word",
                                }
                              }>
                              "
                              icon-more
                              "
                            </span>
                          </span>
                        </span>
                      </span>
                      <span>
                         
                        <span
                          style={Object {}}>
                          icon
                        </span>
                        <span>
                          =
                          <span
                            style={Object {}}>
                            <span
                              style={
                                Object {
                                  "color": "#22a",
                                  "wordBreak": "break-word",
                                }
                              }>
                              "
                              settings
                              "
                            </span>
                          </span>
                        </span>
                      </span>
                      <span>
                         
                        <span
                          style={Object {}}>
                          onMenuItemClick
                        </span>
                        <span>
                          =
                          <span
                            style={Object {}}>
                            <span>
                              {
                              <span
                                style={
                                  Object {
                                    "color": "#170",
                                  }
                                }>
  -                             anonymous()
  +                             menuItemClick()
                              </span>
                              }
                            </span>
                          </span>
                        </span>
                        
                      </span>
                    </span>
                    <span
                      style={
                        Object {
                          "color": "#777",
                        }
                      }>
                      >
                    </span>
                  </div>
                  <div>
                    <div
                      style={
                        Object {
                          "paddingLeft": 33,
                          "paddingRight": 3,
                        }
                      }>
                      <span
                        style={
                          Object {
                            "color": "#777",
                          }
                        }>
                        <
                        DropdownMenuItem
                      </span>
                      <span />
                      <span
                        style={
                          Object {
                            "color": "#777",
                          }
                        }>
                        >
                      </span>
                    </div>
                    <div
                      style={
                        Object {
                          "paddingLeft": 48,
                          "paddingRight": 3,
                        }
                      }>
                      <span
                        style={
                          Object {
                            "color": "#777",
                          }
                        }>
                        Menu Item One
                      </span>
                    </div>
                    <div
                      style={
                        Object {
                          "paddingLeft": 33,
                          "paddingRight": 3,
                        }
                      }>
                      <span
                        style={
                          Object {
                            "color": "#777",
                          }
                        }>
                        </
                        DropdownMenuItem
                        >
                      </span>
                    </div>
                  </div>
                  <div>
                    <div
                      style={
                        Object {
                          "paddingLeft": 33,
                          "paddingRight": 3,
                        }
                      }>
                      <span
                        style={
                          Object {
                            "color": "#777",
                          }
                        }>
                        <
                        DropdownMenuItem
                      </span>
                      <span>
                        <span>
                           
                          <span
                            style={Object {}}>
                            disabled
                          </span>
                          
                        </span>
                      </span>
                      <span
                        style={
                          Object {
                            "color": "#777",
                          }
                        }>
                        >
                      </span>
                    </div>
                    <div
                      style={
                        Object {
                          "paddingLeft": 48,
                          "paddingRight": 3,
                        }
                      }>
                      <span
                        style={
                          Object {
                            "color": "#777",
                          }
                        }>
                        Menu Item Two
                      </span>
                    </div>
                    <div
                      style={
                        Object {
                          "paddingLeft": 33,
                          "paddingRight": 3,
                        }
                      }>
                      <span
                        style={
                          Object {
                            "color": "#777",
                          }
                        }>
                        </
                        DropdownMenuItem
                        >
                      </span>
                    </div>
                  </div>
                  <div>
                    <div
                      style={
                        Object {
                          "paddingLeft": 33,
                          "paddingRight": 3,
                        }
                      }>
                      <span
                        style={
                          Object {
                            "color": "#777",
                          }
                        }>
                        <
                        DropdownMenuItem
                      </span>
                      <span />
                      <span
                        style={
                          Object {
                            "color": "#777",
                          }
                        }>
                        >
                      </span>
                    </div>
                    <div
                      style={
                        Object {
                          "paddingLeft": 48,
                          "paddingRight": 3,
                        }
                      }>
                      <span
                        style={
                          Object {
                            "color": "#777",
                          }
                        }>
                        Menu Item Three
                      </span>
                    </div>
                    <div
                      style={
                        Object {
                          "paddingLeft": 33,
                          "paddingRight": 3,
                        }
                      }>
                      <span
                        style={
                          Object {
                            "color": "#777",
                          }
                        }>
                        </
                        DropdownMenuItem
                        >
                      </span>
                    </div>
                  </div>
                  <div>
                    <div
                      style={
                        Object {
                          "paddingLeft": 33,
                          "paddingRight": 3,
                        }
                      }>
                      <span
                        style={
                          Object {
                            "color": "#777",
                          }
                        }>
                        <
                        DropdownMenuItem
                      </span>
                      <span>
                        <span>
                           
                          <span
                            style={Object {}}>
                            divider
                          </span>
                          <span>
                            =
                            <span
                              style={Object {}}>
                              <span
                                style={
                                  Object {
                                    "color": "#22a",
                                    "wordBreak": "break-word",
                                  }
                                }>
                                "
                                top
                                "
                              </span>
                            </span>
                          </span>
                          
                        </span>
                      </span>
                      <span
                        style={
                          Object {
                            "color": "#777",
                          }
                        }>
                        >
                      </span>
                    </div>
                    <div
                      style={
                        Object {
                          "paddingLeft": 48,
                          "paddingRight": 3,
                        }
                      }>
                      <span
                        style={
                          Object {
                            "color": "#777",
                          }
                        }>
                        Menu Item Four
                      </span>
                    </div>
                    <div
                      style={
                        Object {
                          "paddingLeft": 33,
                          "paddingRight": 3,
                        }
                      }>
                      <span
                        style={
                          Object {
                            "color": "#777",
                          }
                        }>
                        </
                        DropdownMenuItem
                        >
                      </span>
                    </div>
                  </div>
                  <div
                    style={
                      Object {
                        "paddingLeft": 18,
                        "paddingRight": 3,
                      }
                    }>
                    <span
                      style={
                        Object {
                          "color": "#777",
                        }
                      }>
                      </
                      DropdownButton
                      >
                    </span>
                  </div>
                </div>
              </pre>
            </div>
            <div>
              <h1
                style={
                  Object {
                    "borderBottom": "1px solid #EEE",
  -                 "fontSize": 25,
  +                 "fontSize": "25px",
                    "margin": "20px 0 0 0",
                    "padding": "0 0 5px 0",
                  }
                }>
                Prop Types
              </h1>
              <div>
                <h2
                  style={
                    Object {
                      "margin": "20px 0 0 0",
                    }
                  }>
                  "
                  DropdownButton
                  " Component
                </h2>
                <table
                  style={
                    Object {
                      "borderCollapse": "separate",
                      "borderSpacing": "10px 5px",
                      "marginLeft": -10,
                    }
                  }>
                  <thead>
                    <tr>
                      <th>
                        property
                      </th>
                      <th>
                        propType
                      </th>
                      <th>
                        required
                      </th>
                      <th>
                        default
                      </th>
                    </tr>
                  </thead>
                  <tbody>
                    <tr>
                      <td>
                        onBlur
                      </td>
                      <td>
                        func
                      </td>
                      <td>
                        no
                      </td>
                      <td>
                        -
                      </td>
                    </tr>
                    <tr>
                      <td>
                        className
                      </td>
                      <td>
                        string
                      </td>
                      <td>
                        no
                      </td>
                      <td>
                        -
                      </td>
                    </tr>
                    <tr>
                      <td>
                        children
                      </td>
                      <td>
                        node
                      </td>
                      <td>
                        no
                      </td>
                      <td>
                        -
                      </td>
                    </tr>
                    <tr>
                      <td>
                        onClick
                      </td>
                      <td>
                        func
                      </td>
                      <td>
                        no
                      </td>
                      <td>
                        -
                      </td>
                    </tr>
                    <tr>
                      <td>
                        icon
                      </td>
                      <td>
                        string
                      </td>
                      <td>
                        no
                      </td>
                      <td>
                        -
                      </td>
                    </tr>
                    <tr>
                      <td>
                        grouped
                      </td>
                      <td>
                        bool
                      </td>
                      <td>
                        no
                      </td>
                      <td>
                        -
                      </td>
                    </tr>
                    <tr>
                      <td>
                        hoverPopup
                      </td>
                      <td>
                        bool
                      </td>
                      <td>
                        no
                      </td>
                      <td>
                        -
                      </td>
                    </tr>
                    <tr>
                      <td>
                        menuSize
                      </td>
                      <td>
                        other
                      </td>
                      <td>
                        no
                      </td>
                      <td>
                        -
                      </td>
                    </tr>
                    <tr>
                      <td>
                        menuStyle
                      </td>
                      <td>
                        object
                      </td>
                      <td>
                        no
                      </td>
                      <td>
                        -
                      </td>
                    </tr>
                    <tr>
                      <td>
                        label
                      </td>
                      <td>
                        node
                      </td>
                      <td>
                        no
                      </td>
                      <td>
                        -
                      </td>
                    </tr>
                    <tr>
                      <td>
                        menuAlign
                      </td>
                      <td>
                        other
                      </td>
                      <td>
                        no
                      </td>
                      <td>
                        -
                      </td>
                    </tr>
                    <tr>
                      <td>
                        isLastInGroup
                      </td>
                      <td>
                        bool
                      </td>
                      <td>
                        no
                      </td>
                      <td>
                        -
                      </td>
                    </tr>
                    <tr>
                      <td>
                        menuHeader
                      </td>
                      <td>
                        string
                      </td>
                      <td>
                        no
                      </td>
                      <td>
                        -
                      </td>
                    </tr>
                    <tr>
                      <td>
                        isFirstInGroup
                      </td>
                      <td>
                        bool
                      </td>
                      <td>
                        no
                      </td>
                      <td>
                        -
                      </td>
                    </tr>
                    <tr>
                      <td>
                        nubbinTop
                      </td>
                      <td>
                        bool
                      </td>
                      <td>
                        no
                      </td>
                      <td>
                        -
                      </td>
                    </tr>
                    <tr>
                      <td>
                        onMenuItemClick
                      </td>
                      <td>
                        func
                      </td>
                      <td>
                        no
                      </td>
                      <td>
                        -
                      </td>
                    </tr>
                    <tr>
                      <td>
                        style
                      </td>
                      <td>
                        object
                      </td>
                      <td>
                        no
                      </td>
                      <td>
                        -
                      </td>
                    </tr>
                    <tr>
                      <td>
                        type
                      </td>
                      <td>
                        string
                      </td>
                      <td>
                        no
                      </td>
                      <td>
                        -
                      </td>
                    </tr>
                  </tbody>
                </table>
              </div>
              <div>
                <h2
                  style={
                    Object {
                      "margin": "20px 0 0 0",
                    }
                  }>
                  "
                  DropdownMenuItem
                  " Component
                </h2>
                <table
                  style={
                    Object {
                      "borderCollapse": "separate",
                      "borderSpacing": "10px 5px",
                      "marginLeft": -10,
                    }
                  }>
                  <thead>
                    <tr>
                      <th>
                        property
                      </th>
                      <th>
                        propType
                      </th>
                      <th>
                        required
                      </th>
                      <th>
                        default
                      </th>
                    </tr>
                  </thead>
                  <tbody>
                    <tr>
                      <td>
                        tabIndex
                      </td>
                      <td>
                        number
                      </td>
                      <td>
                        no
                      </td>
                      <td>
                        -
                      </td>
                    </tr>
                    <tr>
                      <td>
                        children
                      </td>
                      <td>
                        node
                      </td>
                      <td>
                        no
                      </td>
                      <td>
                        -
                      </td>
                    </tr>
                    <tr>
                      <td>
                        className
                      </td>
                      <td>
                        string
                      </td>
                      <td>
                        no
                      </td>
                      <td>
                        -
                      </td>
                    </tr>
                    <tr>
                      <td>
                        disabled
                      </td>
                      <td>
                        bool
                      </td>
                      <td>
                        no
                      </td>
                      <td>
                        -
                      </td>
                    </tr>
                    <tr>
                      <td>
                        divider
                      </td>
                      <td>
                        other
                      </td>
                      <td>
                        no
                      </td>
                      <td>
                        -
                      </td>
                    </tr>
                    <tr>
                      <td>
                        icon
                      </td>
                      <td>
                        string
                      </td>
                      <td>
                        no
                      </td>
                      <td>
                        -
                      </td>
                    </tr>
                    <tr>
                      <td>
                        iconRight
                      </td>
                      <td>
                        string
                      </td>
                      <td>
                        no
                      </td>
                      <td>
                        -
                      </td>
                    </tr>
                    <tr>
                      <td>
                        label
                      </td>
                      <td>
                        string
                      </td>
                      <td>
                        no
                      </td>
                      <td>
                        -
                      </td>
                    </tr>
                    <tr>
                      <td>
                        onBlur
                      </td>
                      <td>
                        func
                      </td>
                      <td>
                        no
                      </td>
                      <td>
                        -
                      </td>
                    </tr>
                    <tr>
                      <td>
                        onClick
                      </td>
                      <td>
                        func
                      </td>
                      <td>
                        no
                      </td>
                      <td>
                        -
                      </td>
                    </tr>
                    <tr>
                      <td>
                        onFocus
                      </td>
                      <td>
                        func
                      </td>
                      <td>
                        no
                      </td>
                      <td>
                        -
                      </td>
                    </tr>
                    <tr>
                      <td>
                        selected
                      </td>
                      <td>
                        bool
                      </td>
                      <td>
                        no
                      </td>
                      <td>
                        -
                      </td>
                    </tr>
                  </tbody>
                </table>
              </div>
            </div>
          </div>
        </div>
      </div>
    </div>


✗ Left icon
  - Snapshot
  + Current story
  
  <div>
      <div
        style={
          Object {
            "position": "relative",
            "zIndex": 0,
          }
        }>
        <div
          className="slds-dropdown-trigger slds-button-space-left"
          style={undefined}>
          <button
            aria-haspopup={true}
            className="slds-button slds-button--icon-border"
            onBlur={[Function]}
            onClick={[Function]}
            onKeyDown={[Function]}
            type="button">
            <svg
              aria-hidden={true}
              className="slds-button__icon"
              dangerouslySetInnerHTML={
                Object {
                  "__html": "<use xlink:href="/assets/icons/utility-sprite/svg/symbols.svg#down"></use>",
                }
              }
              style={undefined} />
          </button>
        </div>
      </div>
      <a
        onClick={[Function]}
        style={
          Object {
            "background": "#28c",
            "borderRadius": "0 0 0 5px",
            "color": "#fff",
            "cursor": "pointer",
            "display": "block",
            "fontFamily": "sans-serif",
  -         "fontSize": 12,
  +         "fontSize": "12px",
            "padding": "5px 15px",
            "position": "fixed",
            "right": 0,
            "textDecoration": "none",
            "top": 0,
          }
        }>
        ?
      </a>
      <div
        style={
          Object {
            "background": "white",
            "bottom": 0,
            "display": "none",
            "left": 0,
            "overflow": "auto",
            "padding": "0 40px",
            "position": "absolute",
            "right": 0,
            "top": 0,
          }
        }>
        <a
          onClick={[Function]}
          style={
            Object {
              "background": "#28c",
              "borderRadius": "0 0 0 5px",
              "color": "#fff",
              "cursor": "pointer",
              "display": "block",
              "fontFamily": "sans-serif",
  -           "fontSize": 12,
  +           "fontSize": "12px",
              "padding": "5px 15px",
              "position": "fixed",
              "right": 0,
              "textDecoration": "none",
              "top": 0,
            }
          }>
          ×
        </a>
        <div
          style={undefined}>
          <div
            style={
              Object {
                "WebkitFontSmoothing": "antialiased",
                "color": "#444",
                "fontFamily": "
                  -apple-system, ".SFNSText-Regular", "San Francisco", "Roboto",
                  "Segoe UI", "Helvetica Neue", "Lucida Grande", sans-serif
                ",
  -             "fontSize": 15,
  +             "fontSize": "15px",
                "fontWeight": 300,
                "lineHeight": 1.45,
              }
            }>
            <div
              style={
                Object {
                  "borderBottom": "1px solid #eee",
                  "marginBottom": 10,
  +               "paddingTop": 10,
                }
              }>
              <h1
                style={
                  Object {
  -                 "fontSize": 35,
  -                 "margin": "20px 0 0 0",
  +                 "fontSize": "35px",
  +                 "margin": 0,
                    "padding": 0,
                  }
                }>
                DropdownButton
              </h1>
              <h2
                style={
                  Object {
  -                 "fontSize": 22,
  +                 "fontSize": "22px",
                    "fontWeight": 400,
                    "margin": "0 0 10px 0",
                    "padding": 0,
                  }
                }>
                Left icon
              </h2>
            </div>
            <div
              style={
                Object {
                  "marginBottom": 0,
                }
              }>
              <p
                style={
                  Object {
                    "WebkitFontSmoothing": "antialiased",
                    "color": "#444",
                    "fontFamily": "
                      -apple-system, ".SFNSText-Regular", "San Francisco", "Roboto",
                      "Segoe UI", "Helvetica Neue", "Lucida Grande", sans-serif
                    ",
  -                 "fontSize": 15,
  +                 "fontSize": "15px",
                  }
                }>
                Dropdown button with icon in left side of menu items
              </p>
            </div>
            <div>
              <h1
                style={
                  Object {
                    "borderBottom": "1px solid #EEE",
  -                 "fontSize": 25,
  +                 "fontSize": "25px",
                    "margin": "20px 0 0 0",
                    "padding": "0 0 5px 0",
                  }
                }>
                Story Source
              </h1>
              <pre
                style={
                  Object {
                    "backgroundColor": "#fafafa",
                    "fontFamily": "Menlo, Monaco, "Courier New", monospace",
                    "fontSize": ".88em",
                    "lineHeight": 1.5,
                    "overflowX": "scroll",
                    "padding": ".5rem",
                  }
                }>
                <div>
                  <div
                    style={
                      Object {
                        "paddingLeft": 18,
                        "paddingRight": 3,
                      }
                    }>
                    <span
                      style={
                        Object {
                          "color": "#777",
                        }
                      }>
                      <
                      DropdownButton
                    </span>
                    <span>
                      <span>
                         
                        <span
                          style={Object {}}>
                          type
                        </span>
                        <span>
                          =
                          <span
                            style={Object {}}>
                            <span
                              style={
                                Object {
                                  "color": "#22a",
                                  "wordBreak": "break-word",
                                }
                              }>
                              "
                              icon-border
                              "
                            </span>
                          </span>
                        </span>
                      </span>
                      <span>
                         
                        <span
                          style={Object {}}>
                          icon
                        </span>
                        <span>
                          =
                          <span
                            style={Object {}}>
                            <span
                              style={
                                Object {
                                  "color": "#22a",
                                  "wordBreak": "break-word",
                                }
                              }>
                              "
                              down
                              "
                            </span>
                          </span>
                        </span>
                      </span>
                      <span>
                         
                        <span
                          style={Object {}}>
                          onMenuItemClick
                        </span>
                        <span>
                          =
                          <span
                            style={Object {}}>
                            <span>
                              {
                              <span
                                style={
                                  Object {
                                    "color": "#170",
                                  }
                                }>
  -                             anonymous()
  +                             menuItemClick()
                              </span>
                              }
                            </span>
                          </span>
                        </span>
                        
                      </span>
                    </span>
                    <span
                      style={
                        Object {
                          "color": "#777",
                        }
                      }>
                      >
                    </span>
                  </div>
                  <div>
                    <div
                      style={
                        Object {
                          "paddingLeft": 33,
                          "paddingRight": 3,
                        }
                      }>
                      <span
                        style={
                          Object {
                            "color": "#777",
                          }
                        }>
                        <
                        DropdownMenuItem
                      </span>
                      <span>
                        <span>
                           
                          <span
                            style={Object {}}>
                            icon
                          </span>
                          <span>
                            =
                            <span
                              style={Object {}}>
                              <span
                                style={
                                  Object {
                                    "color": "#22a",
                                    "wordBreak": "break-word",
                                  }
                                }>
                                "
                                check
                                "
                              </span>
                            </span>
                          </span>
                          
                        </span>
                      </span>
                      <span
                        style={
                          Object {
                            "color": "#777",
                          }
                        }>
                        >
                      </span>
                    </div>
                    <div
                      style={
                        Object {
                          "paddingLeft": 48,
                          "paddingRight": 3,
                        }
                      }>
                      <span
                        style={
                          Object {
                            "color": "#777",
                          }
                        }>
                        Menu Item One
                      </span>
                    </div>
                    <div
                      style={
                        Object {
                          "paddingLeft": 33,
                          "paddingRight": 3,
                        }
                      }>
                      <span
                        style={
                          Object {
                            "color": "#777",
                          }
                        }>
                        </
                        DropdownMenuItem
                        >
                      </span>
                    </div>
                  </div>
                  <div>
                    <div
                      style={
                        Object {
                          "paddingLeft": 33,
                          "paddingRight": 3,
                        }
                      }>
                      <span
                        style={
                          Object {
                            "color": "#777",
                          }
                        }>
                        <
                        DropdownMenuItem
                      </span>
                      <span>
                        <span>
                           
                          <span
                            style={Object {}}>
                            icon
                          </span>
                          <span>
                            =
                            <span
                              style={Object {}}>
                              <span
                                style={
                                  Object {
                                    "color": "#22a",
                                    "wordBreak": "break-word",
                                  }
                                }>
                                "
                                none
                                "
                              </span>
                            </span>
                          </span>
                          
                        </span>
                      </span>
                      <span
                        style={
                          Object {
                            "color": "#777",
                          }
                        }>
                        >
                      </span>
                    </div>
                    <div
                      style={
                        Object {
                          "paddingLeft": 48,
                          "paddingRight": 3,
                        }
                      }>
                      <span
                        style={
                          Object {
                            "color": "#777",
                          }
                        }>
                        Menu Item Two
                      </span>
                    </div>
                    <div
                      style={
                        Object {
                          "paddingLeft": 33,
                          "paddingRight": 3,
                        }
                      }>
                      <span
                        style={
                          Object {
                            "color": "#777",
                          }
                        }>
                        </
                        DropdownMenuItem
                        >
                      </span>
                    </div>
                  </div>
                  <div>
                    <div
                      style={
                        Object {
                          "paddingLeft": 33,
                          "paddingRight": 3,
                        }
                      }>
                      <span
                        style={
                          Object {
                            "color": "#777",
                          }
                        }>
                        <
                        DropdownMenuItem
                      </span>
                      <span>
                        <span>
                           
                          <span
                            style={Object {}}>
                            icon
                          </span>
                          <span>
                            =
                            <span
                              style={Object {}}>
                              <span
                                style={
                                  Object {
                                    "color": "#22a",
                                    "wordBreak": "break-word",
                                  }
                                }>
                                "
                                none
                                "
                              </span>
                            </span>
                          </span>
                          
                        </span>
                      </span>
                      <span
                        style={
                          Object {
                            "color": "#777",
                          }
                        }>
                        >
                      </span>
                    </div>
                    <div
                      style={
                        Object {
                          "paddingLeft": 48,
                          "paddingRight": 3,
                        }
                      }>
                      <span
                        style={
                          Object {
                            "color": "#777",
                          }
                        }>
                        Menu Item Three
                      </span>
                    </div>
                    <div
                      style={
                        Object {
                          "paddingLeft": 33,
                          "paddingRight": 3,
                        }
                      }>
                      <span
                        style={
                          Object {
                            "color": "#777",
                          }
                        }>
                        </
                        DropdownMenuItem
                        >
                      </span>
                    </div>
                  </div>
                  <div
                    style={
                      Object {
                        "paddingLeft": 18,
                        "paddingRight": 3,
                      }
                    }>
                    <span
                      style={
                        Object {
                          "color": "#777",
                        }
                      }>
                      </
                      DropdownButton
                      >
                    </span>
                  </div>
                </div>
              </pre>
            </div>
            <div>
              <h1
                style={
                  Object {
                    "borderBottom": "1px solid #EEE",
  -                 "fontSize": 25,
  +                 "fontSize": "25px",
                    "margin": "20px 0 0 0",
                    "padding": "0 0 5px 0",
                  }
                }>
                Prop Types
              </h1>
              <div>
                <h2
                  style={
                    Object {
                      "margin": "20px 0 0 0",
                    }
                  }>
                  "
                  DropdownButton
                  " Component
                </h2>
                <table
                  style={
                    Object {
                      "borderCollapse": "separate",
                      "borderSpacing": "10px 5px",
                      "marginLeft": -10,
                    }
                  }>
                  <thead>
                    <tr>
                      <th>
                        property
                      </th>
                      <th>
                        propType
                      </th>
                      <th>
                        required
                      </th>
                      <th>
                        default
                      </th>
                    </tr>
                  </thead>
                  <tbody>
                    <tr>
                      <td>
                        onBlur
                      </td>
                      <td>
                        func
                      </td>
                      <td>
                        no
                      </td>
                      <td>
                        -
                      </td>
                    </tr>
                    <tr>
                      <td>
                        className
                      </td>
                      <td>
                        string
                      </td>
                      <td>
                        no
                      </td>
                      <td>
                        -
                      </td>
                    </tr>
                    <tr>
                      <td>
                        children
                      </td>
                      <td>
                        node
                      </td>
                      <td>
                        no
                      </td>
                      <td>
                        -
                      </td>
                    </tr>
                    <tr>
                      <td>
                        onClick
                      </td>
                      <td>
                        func
                      </td>
                      <td>
                        no
                      </td>
                      <td>
                        -
                      </td>
                    </tr>
                    <tr>
                      <td>
                        icon
                      </td>
                      <td>
                        string
                      </td>
                      <td>
                        no
                      </td>
                      <td>
                        -
                      </td>
                    </tr>
                    <tr>
                      <td>
                        grouped
                      </td>
                      <td>
                        bool
                      </td>
                      <td>
                        no
                      </td>
                      <td>
                        -
                      </td>
                    </tr>
                    <tr>
                      <td>
                        hoverPopup
                      </td>
                      <td>
                        bool
                      </td>
                      <td>
                        no
                      </td>
                      <td>
                        -
                      </td>
                    </tr>
                    <tr>
                      <td>
                        menuSize
                      </td>
                      <td>
                        other
                      </td>
                      <td>
                        no
                      </td>
                      <td>
                        -
                      </td>
                    </tr>
                    <tr>
                      <td>
                        menuStyle
                      </td>
                      <td>
                        object
                      </td>
                      <td>
                        no
                      </td>
                      <td>
                        -
                      </td>
                    </tr>
                    <tr>
                      <td>
                        label
                      </td>
                      <td>
                        node
                      </td>
                      <td>
                        no
                      </td>
                      <td>
                        -
                      </td>
                    </tr>
                    <tr>
                      <td>
                        menuAlign
                      </td>
                      <td>
                        other
                      </td>
                      <td>
                        no
                      </td>
                      <td>
                        -
                      </td>
                    </tr>
                    <tr>
                      <td>
                        isLastInGroup
                      </td>
                      <td>
                        bool
                      </td>
                      <td>
                        no
                      </td>
                      <td>
                        -
                      </td>
                    </tr>
                    <tr>
                      <td>
                        menuHeader
                      </td>
                      <td>
                        string
                      </td>
                      <td>
                        no
                      </td>
                      <td>
                        -
                      </td>
                    </tr>
                    <tr>
                      <td>
                        isFirstInGroup
                      </td>
                      <td>
                        bool
                      </td>
                      <td>
                        no
                      </td>
                      <td>
                        -
                      </td>
                    </tr>
                    <tr>
                      <td>
                        nubbinTop
                      </td>
                      <td>
                        bool
                      </td>
                      <td>
                        no
                      </td>
                      <td>
                        -
                      </td>
                    </tr>
                    <tr>
                      <td>
                        onMenuItemClick
                      </td>
                      <td>
                        func
                      </td>
                      <td>
                        no
                      </td>
                      <td>
                        -
                      </td>
                    </tr>
                    <tr>
                      <td>
                        style
                      </td>
                      <td>
                        object
                      </td>
                      <td>
                        no
                      </td>
                      <td>
                        -
                      </td>
                    </tr>
                    <tr>
                      <td>
                        type
                      </td>
                      <td>
                        string
                      </td>
                      <td>
                        no
                      </td>
                      <td>
                        -
                      </td>
                    </tr>
                  </tbody>
                </table>
              </div>
              <div>
                <h2
                  style={
                    Object {
                      "margin": "20px 0 0 0",
                    }
                  }>
                  "
                  DropdownMenuItem
                  " Component
                </h2>
                <table
                  style={
                    Object {
                      "borderCollapse": "separate",
                      "borderSpacing": "10px 5px",
                      "marginLeft": -10,
                    }
                  }>
                  <thead>
                    <tr>
                      <th>
                        property
                      </th>
                      <th>
                        propType
                      </th>
                      <th>
                        required
                      </th>
                      <th>
                        default
                      </th>
                    </tr>
                  </thead>
                  <tbody>
                    <tr>
                      <td>
                        tabIndex
                      </td>
                      <td>
                        number
                      </td>
                      <td>
                        no
                      </td>
                      <td>
                        -
                      </td>
                    </tr>
                    <tr>
                      <td>
                        children
                      </td>
                      <td>
                        node
                      </td>
                      <td>
                        no
                      </td>
                      <td>
                        -
                      </td>
                    </tr>
                    <tr>
                      <td>
                        className
                      </td>
                      <td>
                        string
                      </td>
                      <td>
                        no
                      </td>
                      <td>
                        -
                      </td>
                    </tr>
                    <tr>
                      <td>
                        disabled
                      </td>
                      <td>
                        bool
                      </td>
                      <td>
                        no
                      </td>
                      <td>
                        -
                      </td>
                    </tr>
                    <tr>
                      <td>
                        divider
                      </td>
                      <td>
                        other
                      </td>
                      <td>
                        no
                      </td>
                      <td>
                        -
                      </td>
                    </tr>
                    <tr>
                      <td>
                        icon
                      </td>
                      <td>
                        string
                      </td>
                      <td>
                        no
                      </td>
                      <td>
                        -
                      </td>
                    </tr>
                    <tr>
                      <td>
                        iconRight
                      </td>
                      <td>
                        string
                      </td>
                      <td>
                        no
                      </td>
                      <td>
                        -
                      </td>
                    </tr>
                    <tr>
                      <td>
                        label
                      </td>
                      <td>
                        string
                      </td>
                      <td>
                        no
                      </td>
                      <td>
                        -
                      </td>
                    </tr>
                    <tr>
                      <td>
                        onBlur
                      </td>
                      <td>
                        func
                      </td>
                      <td>
                        no
                      </td>
                      <td>
                        -
                      </td>
                    </tr>
                    <tr>
                      <td>
                        onClick
                      </td>
                      <td>
                        func
                      </td>
                      <td>
                        no
                      </td>
                      <td>
                        -
                      </td>
                    </tr>
                    <tr>
                      <td>
                        onFocus
                      </td>
                      <td>
                        func
                      </td>
                      <td>
                        no
                      </td>
                      <td>
                        -
                      </td>
                    </tr>
                    <tr>
                      <td>
                        selected
                      </td>
                      <td>
                        bool
                      </td>
                      <td>
                        no
                      </td>
                      <td>
                        -
                      </td>
                    </tr>
                  </tbody>
                </table>
              </div>
            </div>
          </div>
        </div>
      </div>
    </div>


✗ Right icon
  - Snapshot
  + Current story
  
  <div>
      <div
        style={
          Object {
            "position": "relative",
            "zIndex": 0,
          }
        }>
        <div
          className="slds-dropdown-trigger slds-button-space-left"
          style={undefined}>
          <button
            aria-haspopup={true}
            className="slds-button slds-button--icon-border"
            onBlur={[Function]}
            onClick={[Function]}
            onKeyDown={[Function]}
            type="button">
            <svg
              aria-hidden={true}
              className="slds-button__icon"
              dangerouslySetInnerHTML={
                Object {
                  "__html": "<use xlink:href="/assets/icons/utility-sprite/svg/symbols.svg#down"></use>",
                }
              }
              style={undefined} />
          </button>
        </div>
      </div>
      <a
        onClick={[Function]}
        style={
          Object {
            "background": "#28c",
            "borderRadius": "0 0 0 5px",
            "color": "#fff",
            "cursor": "pointer",
            "display": "block",
            "fontFamily": "sans-serif",
  -         "fontSize": 12,
  +         "fontSize": "12px",
            "padding": "5px 15px",
            "position": "fixed",
            "right": 0,
            "textDecoration": "none",
            "top": 0,
          }
        }>
        ?
      </a>
      <div
        style={
          Object {
            "background": "white",
            "bottom": 0,
            "display": "none",
            "left": 0,
            "overflow": "auto",
            "padding": "0 40px",
            "position": "absolute",
            "right": 0,
            "top": 0,
          }
        }>
        <a
          onClick={[Function]}
          style={
            Object {
              "background": "#28c",
              "borderRadius": "0 0 0 5px",
              "color": "#fff",
              "cursor": "pointer",
              "display": "block",
              "fontFamily": "sans-serif",
  -           "fontSize": 12,
  +           "fontSize": "12px",
              "padding": "5px 15px",
              "position": "fixed",
              "right": 0,
              "textDecoration": "none",
              "top": 0,
            }
          }>
          ×
        </a>
        <div
          style={undefined}>
          <div
            style={
              Object {
                "WebkitFontSmoothing": "antialiased",
                "color": "#444",
                "fontFamily": "
                  -apple-system, ".SFNSText-Regular", "San Francisco", "Roboto",
                  "Segoe UI", "Helvetica Neue", "Lucida Grande", sans-serif
                ",
  -             "fontSize": 15,
  +             "fontSize": "15px",
                "fontWeight": 300,
                "lineHeight": 1.45,
              }
            }>
            <div
              style={
                Object {
                  "borderBottom": "1px solid #eee",
                  "marginBottom": 10,
  +               "paddingTop": 10,
                }
              }>
              <h1
                style={
                  Object {
  -                 "fontSize": 35,
  -                 "margin": "20px 0 0 0",
  +                 "fontSize": "35px",
  +                 "margin": 0,
                    "padding": 0,
                  }
                }>
                DropdownButton
              </h1>
              <h2
                style={
                  Object {
  -                 "fontSize": 22,
  +                 "fontSize": "22px",
                    "fontWeight": 400,
                    "margin": "0 0 10px 0",
                    "padding": 0,
                  }
                }>
                Right icon
              </h2>
            </div>
            <div
              style={
                Object {
                  "marginBottom": 0,
                }
              }>
              <p
                style={
                  Object {
                    "WebkitFontSmoothing": "antialiased",
                    "color": "#444",
                    "fontFamily": "
                      -apple-system, ".SFNSText-Regular", "San Francisco", "Roboto",
                      "Segoe UI", "Helvetica Neue", "Lucida Grande", sans-serif
                    ",
  -                 "fontSize": 15,
  +                 "fontSize": "15px",
                  }
                }>
                Dropdown button with icon in right side of menu items
              </p>
            </div>
            <div>
              <h1
                style={
                  Object {
                    "borderBottom": "1px solid #EEE",
  -                 "fontSize": 25,
  +                 "fontSize": "25px",
                    "margin": "20px 0 0 0",
                    "padding": "0 0 5px 0",
                  }
                }>
                Story Source
              </h1>
              <pre
                style={
                  Object {
                    "backgroundColor": "#fafafa",
                    "fontFamily": "Menlo, Monaco, "Courier New", monospace",
                    "fontSize": ".88em",
                    "lineHeight": 1.5,
                    "overflowX": "scroll",
                    "padding": ".5rem",
                  }
                }>
                <div>
                  <div
                    style={
                      Object {
                        "paddingLeft": 18,
                        "paddingRight": 3,
                      }
                    }>
                    <span
                      style={
                        Object {
                          "color": "#777",
                        }
                      }>
                      <
                      DropdownButton
                    </span>
                    <span>
                      <span>
                         
                        <span
                          style={Object {}}>
                          type
                        </span>
                        <span>
                          =
                          <span
                            style={Object {}}>
                            <span
                              style={
                                Object {
                                  "color": "#22a",
                                  "wordBreak": "break-word",
                                }
                              }>
                              "
                              icon-border
                              "
                            </span>
                          </span>
                        </span>
                      </span>
                      <span>
                         
                        <span
                          style={Object {}}>
                          icon
                        </span>
                        <span>
                          =
                          <span
                            style={Object {}}>
                            <span
                              style={
                                Object {
                                  "color": "#22a",
                                  "wordBreak": "break-word",
                                }
                              }>
                              "
                              down
                              "
                            </span>
                          </span>
                        </span>
                      </span>
                      <span>
                         
                        <span
                          style={Object {}}>
                          onMenuItemClick
                        </span>
                        <span>
                          =
                          <span
                            style={Object {}}>
                            <span>
                              {
                              <span
                                style={
                                  Object {
                                    "color": "#170",
                                  }
                                }>
  -                             anonymous()
  +                             menuItemClick()
                              </span>
                              }
                            </span>
                          </span>
                        </span>
                        
                      </span>
                    </span>
                    <span
                      style={
                        Object {
                          "color": "#777",
                        }
                      }>
                      >
                    </span>
                  </div>
                  <div>
                    <div
                      style={
                        Object {
                          "paddingLeft": 33,
                          "paddingRight": 3,
                        }
                      }>
                      <span
                        style={
                          Object {
                            "color": "#777",
                          }
                        }>
                        <
                        DropdownMenuItem
                      </span>
                      <span>
                        <span>
                           
                          <span
                            style={Object {}}>
                            iconRight
                          </span>
                          <span>
                            =
                            <span
                              style={Object {}}>
                              <span
                                style={
                                  Object {
                                    "color": "#22a",
                                    "wordBreak": "break-word",
                                  }
                                }>
                                "
                                table
                                "
                              </span>
                            </span>
                          </span>
                          
                        </span>
                      </span>
                      <span
                        style={
                          Object {
                            "color": "#777",
                          }
                        }>
                        >
                      </span>
                    </div>
                    <div
                      style={
                        Object {
                          "paddingLeft": 48,
                          "paddingRight": 3,
                        }
                      }>
                      <span
                        style={
                          Object {
                            "color": "#777",
                          }
                        }>
                        Menu Item One
                      </span>
                    </div>
                    <div
                      style={
                        Object {
                          "paddingLeft": 33,
                          "paddingRight": 3,
                        }
                      }>
                      <span
                        style={
                          Object {
                            "color": "#777",
                          }
                        }>
                        </
                        DropdownMenuItem
                        >
                      </span>
                    </div>
                  </div>
                  <div>
                    <div
                      style={
                        Object {
                          "paddingLeft": 33,
                          "paddingRight": 3,
                        }
                      }>
                      <span
                        style={
                          Object {
                            "color": "#777",
                          }
                        }>
                        <
                        DropdownMenuItem
                      </span>
                      <span>
                        <span>
                           
                          <span
                            style={Object {}}>
                            iconRight
                          </span>
                          <span>
                            =
                            <span
                              style={Object {}}>
                              <span
                                style={
                                  Object {
                                    "color": "#22a",
                                    "wordBreak": "break-word",
                                  }
                                }>
                                "
                                kanban
                                "
                              </span>
                            </span>
                          </span>
                          
                        </span>
                      </span>
                      <span
                        style={
                          Object {
                            "color": "#777",
                          }
                        }>
                        >
                      </span>
                    </div>
                    <div
                      style={
                        Object {
                          "paddingLeft": 48,
                          "paddingRight": 3,
                        }
                      }>
                      <span
                        style={
                          Object {
                            "color": "#777",
                          }
                        }>
                        Menu Item Two
                      </span>
                    </div>
                    <div
                      style={
                        Object {
                          "paddingLeft": 33,
                          "paddingRight": 3,
                        }
                      }>
                      <span
                        style={
                          Object {
                            "color": "#777",
                          }
                        }>
                        </
                        DropdownMenuItem
                        >
                      </span>
                    </div>
                  </div>
                  <div>
                    <div
                      style={
                        Object {
                          "paddingLeft": 33,
                          "paddingRight": 3,
                        }
                      }>
                      <span
                        style={
                          Object {
                            "color": "#777",
                          }
                        }>
                        <
                        DropdownMenuItem
                      </span>
                      <span>
                        <span>
                           
                          <span
                            style={Object {}}>
                            iconRight
                          </span>
                          <span>
                            =
                            <span
                              style={Object {}}>
                              <span
                                style={
                                  Object {
                                    "color": "#22a",
                                    "wordBreak": "break-word",
                                  }
                                }>
                                "
                                side_list
                                "
                              </span>
                            </span>
                          </span>
                          
                        </span>
                      </span>
                      <span
                        style={
                          Object {
                            "color": "#777",
                          }
                        }>
                        >
                      </span>
                    </div>
                    <div
                      style={
                        Object {
                          "paddingLeft": 48,
                          "paddingRight": 3,
                        }
                      }>
                      <span
                        style={
                          Object {
                            "color": "#777",
                          }
                        }>
                        Menu Item Three
                      </span>
                    </div>
                    <div
                      style={
                        Object {
                          "paddingLeft": 33,
                          "paddingRight": 3,
                        }
                      }>
                      <span
                        style={
                          Object {
                            "color": "#777",
                          }
                        }>
                        </
                        DropdownMenuItem
                        >
                      </span>
                    </div>
                  </div>
                  <div
                    style={
                      Object {
                        "paddingLeft": 18,
                        "paddingRight": 3,
                      }
                    }>
                    <span
                      style={
                        Object {
                          "color": "#777",
                        }
                      }>
                      </
                      DropdownButton
                      >
                    </span>
                  </div>
                </div>
              </pre>
            </div>
            <div>
              <h1
                style={
                  Object {
                    "borderBottom": "1px solid #EEE",
  -                 "fontSize": 25,
  +                 "fontSize": "25px",
                    "margin": "20px 0 0 0",
                    "padding": "0 0 5px 0",
                  }
                }>
                Prop Types
              </h1>
              <div>
                <h2
                  style={
                    Object {
                      "margin": "20px 0 0 0",
                    }
                  }>
                  "
                  DropdownButton
                  " Component
                </h2>
                <table
                  style={
                    Object {
                      "borderCollapse": "separate",
                      "borderSpacing": "10px 5px",
                      "marginLeft": -10,
                    }
                  }>
                  <thead>
                    <tr>
                      <th>
                        property
                      </th>
                      <th>
                        propType
                      </th>
                      <th>
                        required
                      </th>
                      <th>
                        default
                      </th>
                    </tr>
                  </thead>
                  <tbody>
                    <tr>
                      <td>
                        onBlur
                      </td>
                      <td>
                        func
                      </td>
                      <td>
                        no
                      </td>
                      <td>
                        -
                      </td>
                    </tr>
                    <tr>
                      <td>
                        className
                      </td>
                      <td>
                        string
                      </td>
                      <td>
                        no
                      </td>
                      <td>
                        -
                      </td>
                    </tr>
                    <tr>
                      <td>
                        children
                      </td>
                      <td>
                        node
                      </td>
                      <td>
                        no
                      </td>
                      <td>
                        -
                      </td>
                    </tr>
                    <tr>
                      <td>
                        onClick
                      </td>
                      <td>
                        func
                      </td>
                      <td>
                        no
                      </td>
                      <td>
                        -
                      </td>
                    </tr>
                    <tr>
                      <td>
                        icon
                      </td>
                      <td>
                        string
                      </td>
                      <td>
                        no
                      </td>
                      <td>
                        -
                      </td>
                    </tr>
                    <tr>
                      <td>
                        grouped
                      </td>
                      <td>
                        bool
                      </td>
                      <td>
                        no
                      </td>
                      <td>
                        -
                      </td>
                    </tr>
                    <tr>
                      <td>
                        hoverPopup
                      </td>
                      <td>
                        bool
                      </td>
                      <td>
                        no
                      </td>
                      <td>
                        -
                      </td>
                    </tr>
                    <tr>
                      <td>
                        menuSize
                      </td>
                      <td>
                        other
                      </td>
                      <td>
                        no
                      </td>
                      <td>
                        -
                      </td>
                    </tr>
                    <tr>
                      <td>
                        menuStyle
                      </td>
                      <td>
                        object
                      </td>
                      <td>
                        no
                      </td>
                      <td>
                        -
                      </td>
                    </tr>
                    <tr>
                      <td>
                        label
                      </td>
                      <td>
                        node
                      </td>
                      <td>
                        no
                      </td>
                      <td>
                        -
                      </td>
                    </tr>
                    <tr>
                      <td>
                        menuAlign
                      </td>
                      <td>
                        other
                      </td>
                      <td>
                        no
                      </td>
                      <td>
                        -
                      </td>
                    </tr>
                    <tr>
                      <td>
                        isLastInGroup
                      </td>
                      <td>
                        bool
                      </td>
                      <td>
                        no
                      </td>
                      <td>
                        -
                      </td>
                    </tr>
                    <tr>
                      <td>
                        menuHeader
                      </td>
                      <td>
                        string
                      </td>
                      <td>
                        no
                      </td>
                      <td>
                        -
                      </td>
                    </tr>
                    <tr>
                      <td>
                        isFirstInGroup
                      </td>
                      <td>
                        bool
                      </td>
                      <td>
                        no
                      </td>
                      <td>
                        -
                      </td>
                    </tr>
                    <tr>
                      <td>
                        nubbinTop
                      </td>
                      <td>
                        bool
                      </td>
                      <td>
                        no
                      </td>
                      <td>
                        -
                      </td>
                    </tr>
                    <tr>
                      <td>
                        onMenuItemClick
                      </td>
                      <td>
                        func
                      </td>
                      <td>
                        no
                      </td>
                      <td>
                        -
                      </td>
                    </tr>
                    <tr>
                      <td>
                        style
                      </td>
                      <td>
                        object
                      </td>
                      <td>
                        no
                      </td>
                      <td>
                        -
                      </td>
                    </tr>
                    <tr>
                      <td>
                        type
                      </td>
                      <td>
                        string
                      </td>
                      <td>
                        no
                      </td>
                      <td>
                        -
                      </td>
                    </tr>
                  </tbody>
                </table>
              </div>
              <div>
                <h2
                  style={
                    Object {
                      "margin": "20px 0 0 0",
                    }
                  }>
                  "
                  DropdownMenuItem
                  " Component
                </h2>
                <table
                  style={
                    Object {
                      "borderCollapse": "separate",
                      "borderSpacing": "10px 5px",
                      "marginLeft": -10,
                    }
                  }>
                  <thead>
                    <tr>
                      <th>
                        property
                      </th>
                      <th>
                        propType
                      </th>
                      <th>
                        required
                      </th>
                      <th>
                        default
                      </th>
                    </tr>
                  </thead>
                  <tbody>
                    <tr>
                      <td>
                        tabIndex
                      </td>
                      <td>
                        number
                      </td>
                      <td>
                        no
                      </td>
                      <td>
                        -
                      </td>
                    </tr>
                    <tr>
                      <td>
                        children
                      </td>
                      <td>
                        node
                      </td>
                      <td>
                        no
                      </td>
                      <td>
                        -
                      </td>
                    </tr>
                    <tr>
                      <td>
                        className
                      </td>
                      <td>
                        string
                      </td>
                      <td>
                        no
                      </td>
                      <td>
                        -
                      </td>
                    </tr>
                    <tr>
                      <td>
                        disabled
                      </td>
                      <td>
                        bool
                      </td>
                      <td>
                        no
                      </td>
                      <td>
                        -
                      </td>
                    </tr>
                    <tr>
                      <td>
                        divider
                      </td>
                      <td>
                        other
                      </td>
                      <td>
                        no
                      </td>
                      <td>
                        -
                      </td>
                    </tr>
                    <tr>
                      <td>
                        icon
                      </td>
                      <td>
                        string
                      </td>
                      <td>
                        no
                      </td>
                      <td>
                        -
                      </td>
                    </tr>
                    <tr>
                      <td>
                        iconRight
                      </td>
                      <td>
                        string
                      </td>
                      <td>
                        no
                      </td>
                      <td>
                        -
                      </td>
                    </tr>
                    <tr>
                      <td>
                        label
                      </td>
                      <td>
                        string
                      </td>
                      <td>
                        no
                      </td>
                      <td>
                        -
                      </td>
                    </tr>
                    <tr>
                      <td>
                        onBlur
                      </td>
                      <td>
                        func
                      </td>
                      <td>
                        no
                      </td>
                      <td>
                        -
                      </td>
                    </tr>
                    <tr>
                      <td>
                        onClick
                      </td>
                      <td>
                        func
                      </td>
                      <td>
                        no
                      </td>
                      <td>
                        -
                      </td>
                    </tr>
                    <tr>
                      <td>
                        onFocus
                      </td>
                      <td>
                        func
                      </td>
                      <td>
                        no
                      </td>
                      <td>
                        -
                      </td>
                    </tr>
                    <tr>
                      <td>
                        selected
                      </td>
                      <td>
                        bool
                      </td>
                      <td>
                        no
                      </td>
                      <td>
                        -
                      </td>
                    </tr>
                  </tbody>
                </table>
              </div>
            </div>
          </div>
        </div>
      </div>
    </div>


✗ Left/Right icon
  - Snapshot
  + Current story
  
  <div>
      <div
        style={
          Object {
            "position": "relative",
            "zIndex": 0,
          }
        }>
        <div
          className="slds-dropdown-trigger slds-button-space-left"
          style={undefined}>
          <button
            aria-haspopup={true}
            className="slds-button slds-button--icon-border"
            onBlur={[Function]}
            onClick={[Function]}
            onKeyDown={[Function]}
            type="button">
            <svg
              aria-hidden={true}
              className="slds-button__icon"
              dangerouslySetInnerHTML={
                Object {
                  "__html": "<use xlink:href="/assets/icons/utility-sprite/svg/symbols.svg#down"></use>",
                }
              }
              style={undefined} />
          </button>
        </div>
      </div>
      <a
        onClick={[Function]}
        style={
          Object {
            "background": "#28c",
            "borderRadius": "0 0 0 5px",
            "color": "#fff",
            "cursor": "pointer",
            "display": "block",
            "fontFamily": "sans-serif",
  -         "fontSize": 12,
  +         "fontSize": "12px",
            "padding": "5px 15px",
            "position": "fixed",
            "right": 0,
            "textDecoration": "none",
            "top": 0,
          }
        }>
        ?
      </a>
      <div
        style={
          Object {
            "background": "white",
            "bottom": 0,
            "display": "none",
            "left": 0,
            "overflow": "auto",
            "padding": "0 40px",
            "position": "absolute",
            "right": 0,
            "top": 0,
          }
        }>
        <a
          onClick={[Function]}
          style={
            Object {
              "background": "#28c",
              "borderRadius": "0 0 0 5px",
              "color": "#fff",
              "cursor": "pointer",
              "display": "block",
              "fontFamily": "sans-serif",
  -           "fontSize": 12,
  +           "fontSize": "12px",
              "padding": "5px 15px",
              "position": "fixed",
              "right": 0,
              "textDecoration": "none",
              "top": 0,
            }
          }>
          ×
        </a>
        <div
          style={undefined}>
          <div
            style={
              Object {
                "WebkitFontSmoothing": "antialiased",
                "color": "#444",
                "fontFamily": "
                  -apple-system, ".SFNSText-Regular", "San Francisco", "Roboto",
                  "Segoe UI", "Helvetica Neue", "Lucida Grande", sans-serif
                ",
  -             "fontSize": 15,
  +             "fontSize": "15px",
                "fontWeight": 300,
                "lineHeight": 1.45,
              }
            }>
            <div
              style={
                Object {
                  "borderBottom": "1px solid #eee",
                  "marginBottom": 10,
  +               "paddingTop": 10,
                }
              }>
              <h1
                style={
                  Object {
  -                 "fontSize": 35,
  -                 "margin": "20px 0 0 0",
  +                 "fontSize": "35px",
  +                 "margin": 0,
                    "padding": 0,
                  }
                }>
                DropdownButton
              </h1>
              <h2
                style={
                  Object {
  -                 "fontSize": 22,
  +                 "fontSize": "22px",
                    "fontWeight": 400,
                    "margin": "0 0 10px 0",
                    "padding": 0,
                  }
                }>
                Left/Right icon
              </h2>
            </div>
            <div
              style={
                Object {
                  "marginBottom": 0,
                }
              }>
              <p
                style={
                  Object {
                    "WebkitFontSmoothing": "antialiased",
                    "color": "#444",
                    "fontFamily": "
                      -apple-system, ".SFNSText-Regular", "San Francisco", "Roboto",
                      "Segoe UI", "Helvetica Neue", "Lucida Grande", sans-serif
                    ",
  -                 "fontSize": 15,
  +                 "fontSize": "15px",
                  }
                }>
                Dropdown button with icon in left/right side of menu items
              </p>
            </div>
            <div>
              <h1
                style={
                  Object {
                    "borderBottom": "1px solid #EEE",
  -                 "fontSize": 25,
  +                 "fontSize": "25px",
                    "margin": "20px 0 0 0",
                    "padding": "0 0 5px 0",
                  }
                }>
                Story Source
              </h1>
              <pre
                style={
                  Object {
                    "backgroundColor": "#fafafa",
                    "fontFamily": "Menlo, Monaco, "Courier New", monospace",
                    "fontSize": ".88em",
                    "lineHeight": 1.5,
                    "overflowX": "scroll",
                    "padding": ".5rem",
                  }
                }>
                <div>
                  <div
                    style={
                      Object {
                        "paddingLeft": 18,
                        "paddingRight": 3,
                      }
                    }>
                    <span
                      style={
                        Object {
                          "color": "#777",
                        }
                      }>
                      <
                      DropdownButton
                    </span>
                    <span>
                      <span>
                         
                        <span
                          style={Object {}}>
                          type
                        </span>
                        <span>
                          =
                          <span
                            style={Object {}}>
                            <span
                              style={
                                Object {
                                  "color": "#22a",
                                  "wordBreak": "break-word",
                                }
                              }>
                              "
                              icon-border
                              "
                            </span>
                          </span>
                        </span>
                      </span>
                      <span>
                         
                        <span
                          style={Object {}}>
                          icon
                        </span>
                        <span>
                          =
                          <span
                            style={Object {}}>
                            <span
                              style={
                                Object {
                                  "color": "#22a",
                                  "wordBreak": "break-word",
                                }
                              }>
                              "
                              down
                              "
                            </span>
                          </span>
                        </span>
                      </span>
                      <span>
                         
                        <span
                          style={Object {}}>
                          onMenuItemClick
                        </span>
                        <span>
                          =
                          <span
                            style={Object {}}>
                            <span>
                              {
                              <span
                                style={
                                  Object {
                                    "color": "#170",
                                  }
                                }>
  -                             anonymous()
  +                             menuItemClick()
                              </span>
                              }
                            </span>
                          </span>
                        </span>
                        
                      </span>
                    </span>
                    <span
                      style={
                        Object {
                          "color": "#777",
                        }
                      }>
                      >
                    </span>
                  </div>
                  <div>
                    <div
                      style={
                        Object {
                          "paddingLeft": 33,
                          "paddingRight": 3,
                        }
                      }>
                      <span
                        style={
                          Object {
                            "color": "#777",
                          }
                        }>
                        <
                        DropdownMenuItem
                      </span>
                      <span>
                        <span>
                           
                          <span
                            style={Object {}}>
                            icon
                          </span>
                          <span>
                            =
                            <span
                              style={Object {}}>
                              <span
                                style={
                                  Object {
                                    "color": "#22a",
                                    "wordBreak": "break-word",
                                  }
                                }>
                                "
                                check
                                "
                              </span>
                            </span>
                          </span>
                        </span>
                        <span>
                           
                          <span
                            style={Object {}}>
                            iconRight
                          </span>
                          <span>
                            =
                            <span
                              style={Object {}}>
                              <span
                                style={
                                  Object {
                                    "color": "#22a",
                                    "wordBreak": "break-word",
                                  }
                                }>
                                "
                                table
                                "
                              </span>
                            </span>
                          </span>
                          
                        </span>
                      </span>
                      <span
                        style={
                          Object {
                            "color": "#777",
                          }
                        }>
                        >
                      </span>
                    </div>
                    <div
                      style={
                        Object {
                          "paddingLeft": 48,
                          "paddingRight": 3,
                        }
                      }>
                      <span
                        style={
                          Object {
                            "color": "#777",
                          }
                        }>
                        Menu Item One
                      </span>
                    </div>
                    <div
                      style={
                        Object {
                          "paddingLeft": 33,
                          "paddingRight": 3,
                        }
                      }>
                      <span
                        style={
                          Object {
                            "color": "#777",
                          }
                        }>
                        </
                        DropdownMenuItem
                        >
                      </span>
                    </div>
                  </div>
                  <div>
                    <div
                      style={
                        Object {
                          "paddingLeft": 33,
                          "paddingRight": 3,
                        }
                      }>
                      <span
                        style={
                          Object {
                            "color": "#777",
                          }
                        }>
                        <
                        DropdownMenuItem
                      </span>
                      <span>
                        <span>
                           
                          <span
                            style={Object {}}>
                            icon
                          </span>
                          <span>
                            =
                            <span
                              style={Object {}}>
                              <span
                                style={
                                  Object {
                                    "color": "#22a",
                                    "wordBreak": "break-word",
                                  }
                                }>
                                "
                                none
                                "
                              </span>
                            </span>
                          </span>
                        </span>
                        <span>
                           
                          <span
                            style={Object {}}>
                            iconRight
                          </span>
                          <span>
                            =
                            <span
                              style={Object {}}>
                              <span
                                style={
                                  Object {
                                    "color": "#22a",
                                    "wordBreak": "break-word",
                                  }
                                }>
                                "
                                kanban
                                "
                              </span>
                            </span>
                          </span>
                          
                        </span>
                      </span>
                      <span
                        style={
                          Object {
                            "color": "#777",
                          }
                        }>
                        >
                      </span>
                    </div>
                    <div
                      style={
                        Object {
                          "paddingLeft": 48,
                          "paddingRight": 3,
                        }
                      }>
                      <span
                        style={
                          Object {
                            "color": "#777",
                          }
                        }>
                        Menu Item Two
                      </span>
                    </div>
                    <div
                      style={
                        Object {
                          "paddingLeft": 33,
                          "paddingRight": 3,
                        }
                      }>
                      <span
                        style={
                          Object {
                            "color": "#777",
                          }
                        }>
                        </
                        DropdownMenuItem
                        >
                      </span>
                    </div>
                  </div>
                  <div>
                    <div
                      style={
                        Object {
                          "paddingLeft": 33,
                          "paddingRight": 3,
                        }
                      }>
                      <span
                        style={
                          Object {
                            "color": "#777",
                          }
                        }>
                        <
                        DropdownMenuItem
                      </span>
                      <span>
                        <span>
                           
                          <span
                            style={Object {}}>
                            icon
                          </span>
                          <span>
                            =
                            <span
                              style={Object {}}>
                              <span
                                style={
                                  Object {
                                    "color": "#22a",
                                    "wordBreak": "break-word",
                                  }
                                }>
                                "
                                none
                                "
                              </span>
                            </span>
                          </span>
                        </span>
                        <span>
                           
                          <span
                            style={Object {}}>
                            iconRight
                          </span>
                          <span>
                            =
                            <span
                              style={Object {}}>
                              <span
                                style={
                                  Object {
                                    "color": "#22a",
                                    "wordBreak": "break-word",
                                  }
                                }>
                                "
                                side_list
                                "
                              </span>
                            </span>
                          </span>
                          
                        </span>
                      </span>
                      <span
                        style={
                          Object {
                            "color": "#777",
                          }
                        }>
                        >
                      </span>
                    </div>
                    <div
                      style={
                        Object {
                          "paddingLeft": 48,
                          "paddingRight": 3,
                        }
                      }>
                      <span
                        style={
                          Object {
                            "color": "#777",
                          }
                        }>
                        Menu Item Three
                      </span>
                    </div>
                    <div
                      style={
                        Object {
                          "paddingLeft": 33,
                          "paddingRight": 3,
                        }
                      }>
                      <span
                        style={
                          Object {
                            "color": "#777",
                          }
                        }>
                        </
                        DropdownMenuItem
                        >
                      </span>
                    </div>
                  </div>
                  <div
                    style={
                      Object {
                        "paddingLeft": 18,
                        "paddingRight": 3,
                      }
                    }>
                    <span
                      style={
                        Object {
                          "color": "#777",
                        }
                      }>
                      </
                      DropdownButton
                      >
                    </span>
                  </div>
                </div>
              </pre>
            </div>
            <div>
              <h1
                style={
                  Object {
                    "borderBottom": "1px solid #EEE",
  -                 "fontSize": 25,
  +                 "fontSize": "25px",
                    "margin": "20px 0 0 0",
                    "padding": "0 0 5px 0",
                  }
                }>
                Prop Types
              </h1>
              <div>
                <h2
                  style={
                    Object {
                      "margin": "20px 0 0 0",
                    }
                  }>
                  "
                  DropdownButton
                  " Component
                </h2>
                <table
                  style={
                    Object {
                      "borderCollapse": "separate",
                      "borderSpacing": "10px 5px",
                      "marginLeft": -10,
                    }
                  }>
                  <thead>
                    <tr>
                      <th>
                        property
                      </th>
                      <th>
                        propType
                      </th>
                      <th>
                        required
                      </th>
                      <th>
                        default
                      </th>
                    </tr>
                  </thead>
                  <tbody>
                    <tr>
                      <td>
                        onBlur
                      </td>
                      <td>
                        func
                      </td>
                      <td>
                        no
                      </td>
                      <td>
                        -
                      </td>
                    </tr>
                    <tr>
                      <td>
                        className
                      </td>
                      <td>
                        string
                      </td>
                      <td>
                        no
                      </td>
                      <td>
                        -
                      </td>
                    </tr>
                    <tr>
                      <td>
                        children
                      </td>
                      <td>
                        node
                      </td>
                      <td>
                        no
                      </td>
                      <td>
                        -
                      </td>
                    </tr>
                    <tr>
                      <td>
                        onClick
                      </td>
                      <td>
                        func
                      </td>
                      <td>
                        no
                      </td>
                      <td>
                        -
                      </td>
                    </tr>
                    <tr>
                      <td>
                        icon
                      </td>
                      <td>
                        string
                      </td>
                      <td>
                        no
                      </td>
                      <td>
                        -
                      </td>
                    </tr>
                    <tr>
                      <td>
                        grouped
                      </td>
                      <td>
                        bool
                      </td>
                      <td>
                        no
                      </td>
                      <td>
                        -
                      </td>
                    </tr>
                    <tr>
                      <td>
                        hoverPopup
                      </td>
                      <td>
                        bool
                      </td>
                      <td>
                        no
                      </td>
                      <td>
                        -
                      </td>
                    </tr>
                    <tr>
                      <td>
                        menuSize
                      </td>
                      <td>
                        other
                      </td>
                      <td>
                        no
                      </td>
                      <td>
                        -
                      </td>
                    </tr>
                    <tr>
                      <td>
                        menuStyle
                      </td>
                      <td>
                        object
                      </td>
                      <td>
                        no
                      </td>
                      <td>
                        -
                      </td>
                    </tr>
                    <tr>
                      <td>
                        label
                      </td>
                      <td>
                        node
                      </td>
                      <td>
                        no
                      </td>
                      <td>
                        -
                      </td>
                    </tr>
                    <tr>
                      <td>
                        menuAlign
                      </td>
                      <td>
                        other
                      </td>
                      <td>
                        no
                      </td>
                      <td>
                        -
                      </td>
                    </tr>
                    <tr>
                      <td>
                        isLastInGroup
                      </td>
                      <td>
                        bool
                      </td>
                      <td>
                        no
                      </td>
                      <td>
                        -
                      </td>
                    </tr>
                    <tr>
                      <td>
                        menuHeader
                      </td>
                      <td>
                        string
                      </td>
                      <td>
                        no
                      </td>
                      <td>
                        -
                      </td>
                    </tr>
                    <tr>
                      <td>
                        isFirstInGroup
                      </td>
                      <td>
                        bool
                      </td>
                      <td>
                        no
                      </td>
                      <td>
                        -
                      </td>
                    </tr>
                    <tr>
                      <td>
                        nubbinTop
                      </td>
                      <td>
                        bool
                      </td>
                      <td>
                        no
                      </td>
                      <td>
                        -
                      </td>
                    </tr>
                    <tr>
                      <td>
                        onMenuItemClick
                      </td>
                      <td>
                        func
                      </td>
                      <td>
                        no
                      </td>
                      <td>
                        -
                      </td>
                    </tr>
                    <tr>
                      <td>
                        style
                      </td>
                      <td>
                        object
                      </td>
                      <td>
                        no
                      </td>
                      <td>
                        -
                      </td>
                    </tr>
                    <tr>
                      <td>
                        type
                      </td>
                      <td>
                        string
                      </td>
                      <td>
                        no
                      </td>
                      <td>
                        -
                      </td>
                    </tr>
                  </tbody>
                </table>
              </div>
              <div>
                <h2
                  style={
                    Object {
                      "margin": "20px 0 0 0",
                    }
                  }>
                  "
                  DropdownMenuItem
                  " Component
                </h2>
                <table
                  style={
                    Object {
                      "borderCollapse": "separate",
                      "borderSpacing": "10px 5px",
                      "marginLeft": -10,
                    }
                  }>
                  <thead>
                    <tr>
                      <th>
                        property
                      </th>
                      <th>
                        propType
                      </th>
                      <th>
                        required
                      </th>
                      <th>
                        default
                      </th>
                    </tr>
                  </thead>
                  <tbody>
                    <tr>
                      <td>
                        tabIndex
                      </td>
                      <td>
                        number
                      </td>
                      <td>
                        no
                      </td>
                      <td>
                        -
                      </td>
                    </tr>
                    <tr>
                      <td>
                        children
                      </td>
                      <td>
                        node
                      </td>
                      <td>
                        no
                      </td>
                      <td>
                        -
                      </td>
                    </tr>
                    <tr>
                      <td>
                        className
                      </td>
                      <td>
                        string
                      </td>
                      <td>
                        no
                      </td>
                      <td>
                        -
                      </td>
                    </tr>
                    <tr>
                      <td>
                        disabled
                      </td>
                      <td>
                        bool
                      </td>
                      <td>
                        no
                      </td>
                      <td>
                        -
                      </td>
                    </tr>
                    <tr>
                      <td>
                        divider
                      </td>
                      <td>
                        other
                      </td>
                      <td>
                        no
                      </td>
                      <td>
                        -
                      </td>
                    </tr>
                    <tr>
                      <td>
                        icon
                      </td>
                      <td>
                        string
                      </td>
                      <td>
                        no
                      </td>
                      <td>
                        -
                      </td>
                    </tr>
                    <tr>
                      <td>
                        iconRight
                      </td>
                      <td>
                        string
                      </td>
                      <td>
                        no
                      </td>
                      <td>
                        -
                      </td>
                    </tr>
                    <tr>
                      <td>
                        label
                      </td>
                      <td>
                        string
                      </td>
                      <td>
                        no
                      </td>
                      <td>
                        -
                      </td>
                    </tr>
                    <tr>
                      <td>
                        onBlur
                      </td>
                      <td>
                        func
                      </td>
                      <td>
                        no
                      </td>
                      <td>
                        -
                      </td>
                    </tr>
                    <tr>
                      <td>
                        onClick
                      </td>
                      <td>
                        func
                      </td>
                      <td>
                        no
                      </td>
                      <td>
                        -
                      </td>
                    </tr>
                    <tr>
                      <td>
                        onFocus
                      </td>
                      <td>
                        func
                      </td>
                      <td>
                        no
                      </td>
                      <td>
                        -
                      </td>
                    </tr>
                    <tr>
                      <td>
                        selected
                      </td>
                      <td>
                        bool
                      </td>
                      <td>
                        no
                      </td>
                      <td>
                        -
                      </td>
                    </tr>
                  </tbody>
                </table>
              </div>
            </div>
          </div>
        </div>
      </div>
    </div>


✗ Right aligned menu
  - Snapshot
  + Current story
  
  <div>
      <div
        style={
          Object {
            "position": "relative",
            "zIndex": 0,
          }
        }>
        <div
          style={
            Object {
              "paddingLeft": 200,
            }
          }>
          <div
            className="slds-dropdown-trigger slds-button-space-left"
            style={undefined}>
            <button
              aria-haspopup={true}
              className="slds-button slds-button--icon-border"
              onBlur={[Function]}
              onClick={[Function]}
              onKeyDown={[Function]}
              type="button">
              <svg
                aria-hidden={true}
                className="slds-button__icon"
                dangerouslySetInnerHTML={
                  Object {
                    "__html": "<use xlink:href="/assets/icons/utility-sprite/svg/symbols.svg#down"></use>",
                  }
                }
                style={undefined} />
            </button>
          </div>
        </div>
      </div>
      <a
        onClick={[Function]}
        style={
          Object {
            "background": "#28c",
            "borderRadius": "0 0 0 5px",
            "color": "#fff",
            "cursor": "pointer",
            "display": "block",
            "fontFamily": "sans-serif",
  -         "fontSize": 12,
  +         "fontSize": "12px",
            "padding": "5px 15px",
            "position": "fixed",
            "right": 0,
            "textDecoration": "none",
            "top": 0,
          }
        }>
        ?
      </a>
      <div
        style={
          Object {
            "background": "white",
            "bottom": 0,
            "display": "none",
            "left": 0,
            "overflow": "auto",
            "padding": "0 40px",
            "position": "absolute",
            "right": 0,
            "top": 0,
          }
        }>
        <a
          onClick={[Function]}
          style={
            Object {
              "background": "#28c",
              "borderRadius": "0 0 0 5px",
              "color": "#fff",
              "cursor": "pointer",
              "display": "block",
              "fontFamily": "sans-serif",
  -           "fontSize": 12,
  +           "fontSize": "12px",
              "padding": "5px 15px",
              "position": "fixed",
              "right": 0,
              "textDecoration": "none",
              "top": 0,
            }
          }>
          ×
        </a>
        <div
          style={undefined}>
          <div
            style={
              Object {
                "WebkitFontSmoothing": "antialiased",
                "color": "#444",
                "fontFamily": "
                  -apple-system, ".SFNSText-Regular", "San Francisco", "Roboto",
                  "Segoe UI", "Helvetica Neue", "Lucida Grande", sans-serif
                ",
  -             "fontSize": 15,
  +             "fontSize": "15px",
                "fontWeight": 300,
                "lineHeight": 1.45,
              }
            }>
            <div
              style={
                Object {
                  "borderBottom": "1px solid #eee",
                  "marginBottom": 10,
  +               "paddingTop": 10,
                }
              }>
              <h1
                style={
                  Object {
  -                 "fontSize": 35,
  -                 "margin": "20px 0 0 0",
  +                 "fontSize": "35px",
  +                 "margin": 0,
                    "padding": 0,
                  }
                }>
                DropdownButton
              </h1>
              <h2
                style={
                  Object {
  -                 "fontSize": 22,
  +                 "fontSize": "22px",
                    "fontWeight": 400,
                    "margin": "0 0 10px 0",
                    "padding": 0,
                  }
                }>
                Right aligned menu
              </h2>
            </div>
            <div
              style={
                Object {
                  "marginBottom": 0,
                }
              }>
              <p
                style={
                  Object {
                    "WebkitFontSmoothing": "antialiased",
                    "color": "#444",
                    "fontFamily": "
                      -apple-system, ".SFNSText-Regular", "San Francisco", "Roboto",
                      "Segoe UI", "Helvetica Neue", "Lucida Grande", sans-serif
                    ",
  -                 "fontSize": 15,
  +                 "fontSize": "15px",
                  }
                }>
                Dropdown
              </p>
            </div>
            <div>
              <h1
                style={
                  Object {
                    "borderBottom": "1px solid #EEE",
  -                 "fontSize": 25,
  +                 "fontSize": "25px",
                    "margin": "20px 0 0 0",
                    "padding": "0 0 5px 0",
                  }
                }>
                Story Source
              </h1>
              <pre
                style={
                  Object {
                    "backgroundColor": "#fafafa",
                    "fontFamily": "Menlo, Monaco, "Courier New", monospace",
                    "fontSize": ".88em",
                    "lineHeight": 1.5,
                    "overflowX": "scroll",
                    "padding": ".5rem",
                  }
                }>
                <div>
                  <div
                    style={
                      Object {
                        "paddingLeft": 18,
                        "paddingRight": 3,
                      }
                    }>
                    <span
                      style={
                        Object {
                          "color": "#777",
                        }
                      }>
                      <
                      div
                    </span>
                    <span>
                      <span>
                         
                        <span
                          style={Object {}}>
                          style
                        </span>
                        <span>
                          =
                          <span
                            style={Object {}}>
                            <span>
                              {
                              <span
                                style={
                                  Object {
                                    "color": "#666",
                                  }
                                }>
                                {
                                <span
                                  style={
                                    Object {
                                      "color": "#666",
                                    }
                                  }>
                                  paddingLeft
                                </span>
                                : 
                                <span>
                                  {
                                  <span
                                    style={
                                      Object {
                                        "color": "#a11",
                                      }
                                    }>
                                    200
                                  </span>
                                  }
                                </span>
                                }
                              </span>
                              }
                            </span>
                          </span>
                        </span>
                        
                      </span>
                    </span>
                    <span
                      style={
                        Object {
                          "color": "#777",
                        }
                      }>
                      >
                    </span>
                  </div>
                  <div>
                    <div
                      style={
                        Object {
                          "paddingLeft": 33,
                          "paddingRight": 3,
                        }
                      }>
                      <span
                        style={
                          Object {
                            "color": "#777",
                          }
                        }>
                        <
                        DropdownButton
                      </span>
                      <span>
                        <span>
                          <span>
                            <br />
                              
                          </span>
                          <span
                            style={Object {}}>
                            type
                          </span>
                          <span>
                            =
                            <span
                              style={Object {}}>
                              <span
                                style={
                                  Object {
                                    "color": "#22a",
                                    "wordBreak": "break-word",
                                  }
                                }>
                                "
                                icon-border
                                "
                              </span>
                            </span>
                          </span>
                        </span>
                        <span>
                          <span>
                            <br />
                              
                          </span>
                          <span
                            style={Object {}}>
                            icon
                          </span>
                          <span>
                            =
                            <span
                              style={Object {}}>
                              <span
                                style={
                                  Object {
                                    "color": "#22a",
                                    "wordBreak": "break-word",
                                  }
                                }>
                                "
                                down
                                "
                              </span>
                            </span>
                          </span>
                        </span>
                        <span>
                          <span>
                            <br />
                              
                          </span>
                          <span
                            style={Object {}}>
                            menuAlign
                          </span>
                          <span>
                            =
                            <span
                              style={Object {}}>
                              <span
                                style={
                                  Object {
                                    "color": "#22a",
                                    "wordBreak": "break-word",
                                  }
                                }>
                                "
                                right
                                "
                              </span>
                            </span>
                          </span>
                        </span>
                        <span>
                          <span>
                            <br />
                              
                          </span>
                          <span
                            style={Object {}}>
                            onMenuItemClick
                          </span>
                          <span>
                            =
                            <span
                              style={Object {}}>
                              <span>
                                {
                                <span
                                  style={
                                    Object {
                                      "color": "#170",
                                    }
                                  }>
  -                               anonymous()
  +                               menuItemClick()
                                </span>
                                }
                              </span>
                            </span>
                          </span>
                          <br />
                        </span>
                      </span>
                      <span
                        style={
                          Object {
                            "color": "#777",
                          }
                        }>
                        >
                      </span>
                    </div>
                    <div>
                      <div
                        style={
                          Object {
                            "paddingLeft": 48,
                            "paddingRight": 3,
                          }
                        }>
                        <span
                          style={
                            Object {
                              "color": "#777",
                            }
                          }>
                          <
                          DropdownMenuItem
                        </span>
                        <span />
                        <span
                          style={
                            Object {
                              "color": "#777",
                            }
                          }>
                          >
                        </span>
                      </div>
                      <div
                        style={
                          Object {
                            "paddingLeft": 63,
                            "paddingRight": 3,
                          }
                        }>
                        <span
                          style={
                            Object {
                              "color": "#777",
                            }
                          }>
                          Menu Item One
                        </span>
                      </div>
                      <div
                        style={
                          Object {
                            "paddingLeft": 48,
                            "paddingRight": 3,
                          }
                        }>
                        <span
                          style={
                            Object {
                              "color": "#777",
                            }
                          }>
                          </
                          DropdownMenuItem
                          >
                        </span>
                      </div>
                    </div>
                    <div>
                      <div
                        style={
                          Object {
                            "paddingLeft": 48,
                            "paddingRight": 3,
                          }
                        }>
                        <span
                          style={
                            Object {
                              "color": "#777",
                            }
                          }>
                          <
                          DropdownMenuItem
                        </span>
                        <span>
                          <span>
                             
                            <span
                              style={Object {}}>
                              disabled
                            </span>
                            
                          </span>
                        </span>
                        <span
                          style={
                            Object {
                              "color": "#777",
                            }
                          }>
                          >
                        </span>
                      </div>
                      <div
                        style={
                          Object {
                            "paddingLeft": 63,
                            "paddingRight": 3,
                          }
                        }>
                        <span
                          style={
                            Object {
                              "color": "#777",
                            }
                          }>
                          Menu Item Two
                        </span>
                      </div>
                      <div
                        style={
                          Object {
                            "paddingLeft": 48,
                            "paddingRight": 3,
                          }
                        }>
                        <span
                          style={
                            Object {
                              "color": "#777",
                            }
                          }>
                          </
                          DropdownMenuItem
                          >
                        </span>
                      </div>
                    </div>
                    <div>
                      <div
                        style={
                          Object {
                            "paddingLeft": 48,
                            "paddingRight": 3,
                          }
                        }>
                        <span
                          style={
                            Object {
                              "color": "#777",
                            }
                          }>
                          <
                          DropdownMenuItem
                        </span>
                        <span />
                        <span
                          style={
                            Object {
                              "color": "#777",
                            }
                          }>
                          >
                        </span>
                      </div>
                      <div
                        style={
                          Object {
                            "paddingLeft": 63,
                            "paddingRight": 3,
                          }
                        }>
                        <span
                          style={
                            Object {
                              "color": "#777",
                            }
                          }>
                          Menu Item Three
                        </span>
                      </div>
                      <div
                        style={
                          Object {
                            "paddingLeft": 48,
                            "paddingRight": 3,
                          }
                        }>
                        <span
                          style={
                            Object {
                              "color": "#777",
                            }
                          }>
                          </
                          DropdownMenuItem
                          >
                        </span>
                      </div>
                    </div>
                    <div>
                      <div
                        style={
                          Object {
                            "paddingLeft": 48,
                            "paddingRight": 3,
                          }
                        }>
                        <span
                          style={
                            Object {
                              "color": "#777",
                            }
                          }>
                          <
                          DropdownMenuItem
                        </span>
                        <span>
                          <span>
                             
                            <span
                              style={Object {}}>
                              divider
                            </span>
                            <span>
                              =
                              <span
                                style={Object {}}>
                                <span
                                  style={
                                    Object {
                                      "color": "#22a",
                                      "wordBreak": "break-word",
                                    }
                                  }>
                                  "
                                  top
                                  "
                                </span>
                              </span>
                            </span>
                            
                          </span>
                        </span>
                        <span
                          style={
                            Object {
                              "color": "#777",
                            }
                          }>
                          >
                        </span>
                      </div>
                      <div
                        style={
                          Object {
                            "paddingLeft": 63,
                            "paddingRight": 3,
                          }
                        }>
                        <span
                          style={
                            Object {
                              "color": "#777",
                            }
                          }>
                          Menu Item Four
                        </span>
                      </div>
                      <div
                        style={
                          Object {
                            "paddingLeft": 48,
                            "paddingRight": 3,
                          }
                        }>
                        <span
                          style={
                            Object {
                              "color": "#777",
                            }
                          }>
                          </
                          DropdownMenuItem
                          >
                        </span>
                      </div>
                    </div>
                    <div
                      style={
                        Object {
                          "paddingLeft": 33,
                          "paddingRight": 3,
                        }
                      }>
                      <span
                        style={
                          Object {
                            "color": "#777",
                          }
                        }>
                        </
                        DropdownButton
                        >
                      </span>
                    </div>
                  </div>
                  <div
                    style={
                      Object {
                        "paddingLeft": 18,
                        "paddingRight": 3,
                      }
                    }>
                    <span
                      style={
                        Object {
                          "color": "#777",
                        }
                      }>
                      </
                      div
                      >
                    </span>
                  </div>
                </div>
              </pre>
            </div>
            <div>
              <h1
                style={
                  Object {
                    "borderBottom": "1px solid #EEE",
  -                 "fontSize": 25,
  +                 "fontSize": "25px",
                    "margin": "20px 0 0 0",
                    "padding": "0 0 5px 0",
                  }
                }>
                Prop Types
              </h1>
              <div>
                <h2
                  style={
                    Object {
                      "margin": "20px 0 0 0",
                    }
                  }>
                  "
                  DropdownButton
                  " Component
                </h2>
                <table
                  style={
                    Object {
                      "borderCollapse": "separate",
                      "borderSpacing": "10px 5px",
                      "marginLeft": -10,
                    }
                  }>
                  <thead>
                    <tr>
                      <th>
                        property
                      </th>
                      <th>
                        propType
                      </th>
                      <th>
                        required
                      </th>
                      <th>
                        default
                      </th>
                    </tr>
                  </thead>
                  <tbody>
                    <tr>
                      <td>
                        onBlur
                      </td>
                      <td>
                        func
                      </td>
                      <td>
                        no
                      </td>
                      <td>
                        -
                      </td>
                    </tr>
                    <tr>
                      <td>
                        className
                      </td>
                      <td>
                        string
                      </td>
                      <td>
                        no
                      </td>
                      <td>
                        -
                      </td>
                    </tr>
                    <tr>
                      <td>
                        children
                      </td>
                      <td>
                        node
                      </td>
                      <td>
                        no
                      </td>
                      <td>
                        -
                      </td>
                    </tr>
                    <tr>
                      <td>
                        onClick
                      </td>
                      <td>
                        func
                      </td>
                      <td>
                        no
                      </td>
                      <td>
                        -
                      </td>
                    </tr>
                    <tr>
                      <td>
                        icon
                      </td>
                      <td>
                        string
                      </td>
                      <td>
                        no
                      </td>
                      <td>
                        -
                      </td>
                    </tr>
                    <tr>
                      <td>
                        grouped
                      </td>
                      <td>
                        bool
                      </td>
                      <td>
                        no
                      </td>
                      <td>
                        -
                      </td>
                    </tr>
                    <tr>
                      <td>
                        hoverPopup
                      </td>
                      <td>
                        bool
                      </td>
                      <td>
                        no
                      </td>
                      <td>
                        -
                      </td>
                    </tr>
                    <tr>
                      <td>
                        menuSize
                      </td>
                      <td>
                        other
                      </td>
                      <td>
                        no
                      </td>
                      <td>
                        -
                      </td>
                    </tr>
                    <tr>
                      <td>
                        menuStyle
                      </td>
                      <td>
                        object
                      </td>
                      <td>
                        no
                      </td>
                      <td>
                        -
                      </td>
                    </tr>
                    <tr>
                      <td>
                        label
                      </td>
                      <td>
                        node
                      </td>
                      <td>
                        no
                      </td>
                      <td>
                        -
                      </td>
                    </tr>
                    <tr>
                      <td>
                        menuAlign
                      </td>
                      <td>
                        other
                      </td>
                      <td>
                        no
                      </td>
                      <td>
                        -
                      </td>
                    </tr>
                    <tr>
                      <td>
                        isLastInGroup
                      </td>
                      <td>
                        bool
                      </td>
                      <td>
                        no
                      </td>
                      <td>
                        -
                      </td>
                    </tr>
                    <tr>
                      <td>
                        menuHeader
                      </td>
                      <td>
                        string
                      </td>
                      <td>
                        no
                      </td>
                      <td>
                        -
                      </td>
                    </tr>
                    <tr>
                      <td>
                        isFirstInGroup
                      </td>
                      <td>
                        bool
                      </td>
                      <td>
                        no
                      </td>
                      <td>
                        -
                      </td>
                    </tr>
                    <tr>
                      <td>
                        nubbinTop
                      </td>
                      <td>
                        bool
                      </td>
                      <td>
                        no
                      </td>
                      <td>
                        -
                      </td>
                    </tr>
                    <tr>
                      <td>
                        onMenuItemClick
                      </td>
                      <td>
                        func
                      </td>
                      <td>
                        no
                      </td>
                      <td>
                        -
                      </td>
                    </tr>
                    <tr>
                      <td>
                        style
                      </td>
                      <td>
                        object
                      </td>
                      <td>
                        no
                      </td>
                      <td>
                        -
                      </td>
                    </tr>
                    <tr>
                      <td>
                        type
                      </td>
                      <td>
                        string
                      </td>
                      <td>
                        no
                      </td>
                      <td>
                        -
                      </td>
                    </tr>
                  </tbody>
                </table>
              </div>
              <div>
                <h2
                  style={
                    Object {
                      "margin": "20px 0 0 0",
                    }
                  }>
                  "
                  DropdownMenuItem
                  " Component
                </h2>
                <table
                  style={
                    Object {
                      "borderCollapse": "separate",
                      "borderSpacing": "10px 5px",
                      "marginLeft": -10,
                    }
                  }>
                  <thead>
                    <tr>
                      <th>
                        property
                      </th>
                      <th>
                        propType
                      </th>
                      <th>
                        required
                      </th>
                      <th>
                        default
                      </th>
                    </tr>
                  </thead>
                  <tbody>
                    <tr>
                      <td>
                        tabIndex
                      </td>
                      <td>
                        number
                      </td>
                      <td>
                        no
                      </td>
                      <td>
                        -
                      </td>
                    </tr>
                    <tr>
                      <td>
                        children
                      </td>
                      <td>
                        node
                      </td>
                      <td>
                        no
                      </td>
                      <td>
                        -
                      </td>
                    </tr>
                    <tr>
                      <td>
                        className
                      </td>
                      <td>
                        string
                      </td>
                      <td>
                        no
                      </td>
                      <td>
                        -
                      </td>
                    </tr>
                    <tr>
                      <td>
                        disabled
                      </td>
                      <td>
                        bool
                      </td>
                      <td>
                        no
                      </td>
                      <td>
                        -
                      </td>
                    </tr>
                    <tr>
                      <td>
                        divider
                      </td>
                      <td>
                        other
                      </td>
                      <td>
                        no
                      </td>
                      <td>
                        -
                      </td>
                    </tr>
                    <tr>
                      <td>
                        icon
                      </td>
                      <td>
                        string
                      </td>
                      <td>
                        no
                      </td>
                      <td>
                        -
                      </td>
                    </tr>
                    <tr>
                      <td>
                        iconRight
                      </td>
                      <td>
                        string
                      </td>
                      <td>
                        no
                      </td>
                      <td>
                        -
                      </td>
                    </tr>
                    <tr>
                      <td>
                        label
                      </td>
                      <td>
                        string
                      </td>
                      <td>
                        no
                      </td>
                      <td>
                        -
                      </td>
                    </tr>
                    <tr>
                      <td>
                        onBlur
                      </td>
                      <td>
                        func
                      </td>
                      <td>
                        no
                      </td>
                      <td>
                        -
                      </td>
                    </tr>
                    <tr>
                      <td>
                        onClick
                      </td>
                      <td>
                        func
                      </td>
                      <td>
                        no
                      </td>
                      <td>
                        -
                      </td>
                    </tr>
                    <tr>
                      <td>
                        onFocus
                      </td>
                      <td>
                        func
                      </td>
                      <td>
                        no
                      </td>
                      <td>
                        -
                      </td>
                    </tr>
                    <tr>
                      <td>
                        selected
                      </td>
                      <td>
                        bool
                      </td>
                      <td>
                        no
                      </td>
                      <td>
                        -
                      </td>
                    </tr>
                  </tbody>
                </table>
              </div>
            </div>
          </div>
        </div>
      </div>
    </div>


✗ Hover Popup
  - Snapshot
  + Current story
  
  <div>
      <div
        style={
          Object {
            "position": "relative",
            "zIndex": 0,
          }
        }>
        <div
          className="slds-dropdown-trigger slds-button-space-left"
          style={undefined}>
          <button
            aria-haspopup={true}
            className="slds-button slds-button--neutral"
            onBlur={[Function]}
            onClick={[Function]}
            onKeyDown={[Function]}
            type="button">
            Dropdown Button
            <svg
              aria-hidden={true}
              className="slds-button__icon slds-button__icon--right slds-button__icon--small"
              dangerouslySetInnerHTML={
                Object {
                  "__html": "<use xlink:href="/assets/icons/utility-sprite/svg/symbols.svg#down"></use>",
                }
              }
              style={undefined} />
          </button>
          <div
            className="slds-dropdown slds-dropdown--menu slds-dropdown--left"
            onKeyDown={[Function]}
            style={
              Object {
                "transition": "none",
              }
            }>
            <ul
              className="slds-dropdown__list"
              role="menu">
              <li
                className="slds-dropdown__item"
                disabled={undefined}>
                <a
                  aria-disabled={undefined}
                  className="slds-truncate react-slds-menuitem"
                  onBlur={[Function]}
                  onClick={[Function]}
                  onFocus={[Function]}
                  onKeyDown={[Function]}
                  role="menuitem"
                  tabIndex={0}>
                  <p
                    className="slds-truncate">
                    Menu Item One
                  </p>
                </a>
              </li>
              <li
                className="slds-dropdown__item"
                disabled={true}>
                <a
                  aria-disabled={true}
                  className="slds-truncate react-slds-menuitem"
                  onBlur={[Function]}
                  onClick={null}
                  onFocus={[Function]}
                  onKeyDown={null}
                  role="menuitem"
                  tabIndex={null}>
                  <p
                    className="slds-truncate">
                    Menu Item Two
                  </p>
                </a>
              </li>
              <li
                className="slds-dropdown__item"
                disabled={undefined}>
                <a
                  aria-disabled={undefined}
                  className="slds-truncate react-slds-menuitem"
                  onBlur={[Function]}
                  onClick={[Function]}
                  onFocus={[Function]}
                  onKeyDown={[Function]}
                  role="menuitem"
                  tabIndex={0}>
                  <p
                    className="slds-truncate">
                    Menu Item Three
                  </p>
                </a>
              </li>
              <li
                className="slds-dropdown__item slds-has-divider--top-space"
                disabled={undefined}>
                <a
                  aria-disabled={undefined}
                  className="slds-truncate react-slds-menuitem"
                  onBlur={[Function]}
                  onClick={[Function]}
                  onFocus={[Function]}
                  onKeyDown={[Function]}
                  role="menuitem"
                  tabIndex={0}>
                  <p
                    className="slds-truncate">
                    Menu Item Four
                  </p>
                </a>
              </li>
            </ul>
          </div>
        </div>
      </div>
      <a
        onClick={[Function]}
        style={
          Object {
            "background": "#28c",
            "borderRadius": "0 0 0 5px",
            "color": "#fff",
            "cursor": "pointer",
            "display": "block",
            "fontFamily": "sans-serif",
  -         "fontSize": 12,
  +         "fontSize": "12px",
            "padding": "5px 15px",
            "position": "fixed",
            "right": 0,
            "textDecoration": "none",
            "top": 0,
          }
        }>
        ?
      </a>
      <div
        style={
          Object {
            "background": "white",
            "bottom": 0,
            "display": "none",
            "left": 0,
            "overflow": "auto",
            "padding": "0 40px",
            "position": "absolute",
            "right": 0,
            "top": 0,
          }
        }>
        <a
          onClick={[Function]}
          style={
            Object {
              "background": "#28c",
              "borderRadius": "0 0 0 5px",
              "color": "#fff",
              "cursor": "pointer",
              "display": "block",
              "fontFamily": "sans-serif",
  -           "fontSize": 12,
  +           "fontSize": "12px",
              "padding": "5px 15px",
              "position": "fixed",
              "right": 0,
              "textDecoration": "none",
              "top": 0,
            }
          }>
          ×
        </a>
        <div
          style={undefined}>
          <div
            style={
              Object {
                "WebkitFontSmoothing": "antialiased",
                "color": "#444",
                "fontFamily": "
                  -apple-system, ".SFNSText-Regular", "San Francisco", "Roboto",
                  "Segoe UI", "Helvetica Neue", "Lucida Grande", sans-serif
                ",
  -             "fontSize": 15,
  +             "fontSize": "15px",
                "fontWeight": 300,
                "lineHeight": 1.45,
              }
            }>
            <div
              style={
                Object {
                  "borderBottom": "1px solid #eee",
                  "marginBottom": 10,
  +               "paddingTop": 10,
                }
              }>
              <h1
                style={
                  Object {
  -                 "fontSize": 35,
  -                 "margin": "20px 0 0 0",
  +                 "fontSize": "35px",
  +                 "margin": 0,
                    "padding": 0,
                  }
                }>
                DropdownButton
              </h1>
              <h2
                style={
                  Object {
  -                 "fontSize": 22,
  +                 "fontSize": "22px",
                    "fontWeight": 400,
                    "margin": "0 0 10px 0",
                    "padding": 0,
                  }
                }>
                Hover Popup
              </h2>
            </div>
            <div
              style={
                Object {
                  "marginBottom": 0,
                }
              }>
              <p
                style={
                  Object {
                    "WebkitFontSmoothing": "antialiased",
                    "color": "#444",
                    "fontFamily": "
                      -apple-system, ".SFNSText-Regular", "San Francisco", "Roboto",
                      "Segoe UI", "Helvetica Neue", "Lucida Grande", sans-serif
                    ",
  -                 "fontSize": 15,
  +                 "fontSize": "15px",
                  }
                }>
                Dropdown is rendered in hover event
              </p>
            </div>
            <div>
              <h1
                style={
                  Object {
                    "borderBottom": "1px solid #EEE",
  -                 "fontSize": 25,
  +                 "fontSize": "25px",
                    "margin": "20px 0 0 0",
                    "padding": "0 0 5px 0",
                  }
                }>
                Story Source
              </h1>
              <pre
                style={
                  Object {
                    "backgroundColor": "#fafafa",
                    "fontFamily": "Menlo, Monaco, "Courier New", monospace",
                    "fontSize": ".88em",
                    "lineHeight": 1.5,
                    "overflowX": "scroll",
                    "padding": ".5rem",
                  }
                }>
                <div>
                  <div
                    style={
                      Object {
                        "paddingLeft": 18,
                        "paddingRight": 3,
                      }
                    }>
                    <span
                      style={
                        Object {
                          "color": "#777",
                        }
                      }>
                      <
                      DropdownButton
                    </span>
                    <span>
                      <span>
                        <span>
                          <br />
                            
                        </span>
                        <span
                          style={Object {}}>
                          type
                        </span>
                        <span>
                          =
                          <span
                            style={Object {}}>
                            <span
                              style={
                                Object {
                                  "color": "#22a",
                                  "wordBreak": "break-word",
                                }
                              }>
                              "
                              neutral
                              "
                            </span>
                          </span>
                        </span>
                      </span>
                      <span>
                        <span>
                          <br />
                            
                        </span>
                        <span
                          style={Object {}}>
                          label
                        </span>
                        <span>
                          =
                          <span
                            style={Object {}}>
                            <span
                              style={
                                Object {
                                  "color": "#22a",
                                  "wordBreak": "break-word",
                                }
                              }>
                              "
                              Dropdown Button
                              "
                            </span>
                          </span>
                        </span>
                      </span>
                      <span>
                        <span>
                          <br />
                            
                        </span>
                        <span
                          style={Object {}}>
                          hoverPopup
                        </span>
                      </span>
                      <span>
                        <span>
                          <br />
                            
                        </span>
                        <span
                          style={Object {}}>
                          onMenuItemClick
                        </span>
                        <span>
                          =
                          <span
                            style={Object {}}>
                            <span>
                              {
                              <span
                                style={
                                  Object {
                                    "color": "#170",
                                  }
                                }>
  -                             anonymous()
  +                             menuItemClick()
                              </span>
                              }
                            </span>
                          </span>
                        </span>
                        <br />
                      </span>
                    </span>
                    <span
                      style={
                        Object {
                          "color": "#777",
                        }
                      }>
                      >
                    </span>
                  </div>
                  <div>
                    <div
                      style={
                        Object {
                          "paddingLeft": 33,
                          "paddingRight": 3,
                        }
                      }>
                      <span
                        style={
                          Object {
                            "color": "#777",
                          }
                        }>
                        <
                        DropdownMenuItem
                      </span>
                      <span />
                      <span
                        style={
                          Object {
                            "color": "#777",
                          }
                        }>
                        >
                      </span>
                    </div>
                    <div
                      style={
                        Object {
                          "paddingLeft": 48,
                          "paddingRight": 3,
                        }
                      }>
                      <span
                        style={
                          Object {
                            "color": "#777",
                          }
                        }>
                        Menu Item One
                      </span>
                    </div>
                    <div
                      style={
                        Object {
                          "paddingLeft": 33,
                          "paddingRight": 3,
                        }
                      }>
                      <span
                        style={
                          Object {
                            "color": "#777",
                          }
                        }>
                        </
                        DropdownMenuItem
                        >
                      </span>
                    </div>
                  </div>
                  <div>
                    <div
                      style={
                        Object {
                          "paddingLeft": 33,
                          "paddingRight": 3,
                        }
                      }>
                      <span
                        style={
                          Object {
                            "color": "#777",
                          }
                        }>
                        <
                        DropdownMenuItem
                      </span>
                      <span>
                        <span>
                           
                          <span
                            style={Object {}}>
                            disabled
                          </span>
                          
                        </span>
                      </span>
                      <span
                        style={
                          Object {
                            "color": "#777",
                          }
                        }>
                        >
                      </span>
                    </div>
                    <div
                      style={
                        Object {
                          "paddingLeft": 48,
                          "paddingRight": 3,
                        }
                      }>
                      <span
                        style={
                          Object {
                            "color": "#777",
                          }
                        }>
                        Menu Item Two
                      </span>
                    </div>
                    <div
                      style={
                        Object {
                          "paddingLeft": 33,
                          "paddingRight": 3,
                        }
                      }>
                      <span
                        style={
                          Object {
                            "color": "#777",
                          }
                        }>
                        </
                        DropdownMenuItem
                        >
                      </span>
                    </div>
                  </div>
                  <div>
                    <div
                      style={
                        Object {
                          "paddingLeft": 33,
                          "paddingRight": 3,
                        }
                      }>
                      <span
                        style={
                          Object {
                            "color": "#777",
                          }
                        }>
                        <
                        DropdownMenuItem
                      </span>
                      <span />
                      <span
                        style={
                          Object {
                            "color": "#777",
                          }
                        }>
                        >
                      </span>
                    </div>
                    <div
                      style={
                        Object {
                          "paddingLeft": 48,
                          "paddingRight": 3,
                        }
                      }>
                      <span
                        style={
                          Object {
                            "color": "#777",
                          }
                        }>
                        Menu Item Three
                      </span>
                    </div>
                    <div
                      style={
                        Object {
                          "paddingLeft": 33,
                          "paddingRight": 3,
                        }
                      }>
                      <span
                        style={
                          Object {
                            "color": "#777",
                          }
                        }>
                        </
                        DropdownMenuItem
                        >
                      </span>
                    </div>
                  </div>
                  <div>
                    <div
                      style={
                        Object {
                          "paddingLeft": 33,
                          "paddingRight": 3,
                        }
                      }>
                      <span
                        style={
                          Object {
                            "color": "#777",
                          }
                        }>
                        <
                        DropdownMenuItem
                      </span>
                      <span>
                        <span>
                           
                          <span
                            style={Object {}}>
                            divider
                          </span>
                          <span>
                            =
                            <span
                              style={Object {}}>
                              <span
                                style={
                                  Object {
                                    "color": "#22a",
                                    "wordBreak": "break-word",
                                  }
                                }>
                                "
                                top
                                "
                              </span>
                            </span>
                          </span>
                          
                        </span>
                      </span>
                      <span
                        style={
                          Object {
                            "color": "#777",
                          }
                        }>
                        >
                      </span>
                    </div>
                    <div
                      style={
                        Object {
                          "paddingLeft": 48,
                          "paddingRight": 3,
                        }
                      }>
                      <span
                        style={
                          Object {
                            "color": "#777",
                          }
                        }>
                        Menu Item Four
                      </span>
                    </div>
                    <div
                      style={
                        Object {
                          "paddingLeft": 33,
                          "paddingRight": 3,
                        }
                      }>
                      <span
                        style={
                          Object {
                            "color": "#777",
                          }
                        }>
                        </
                        DropdownMenuItem
                        >
                      </span>
                    </div>
                  </div>
                  <div
                    style={
                      Object {
                        "paddingLeft": 18,
                        "paddingRight": 3,
                      }
                    }>
                    <span
                      style={
                        Object {
                          "color": "#777",
                        }
                      }>
                      </
                      DropdownButton
                      >
                    </span>
                  </div>
                </div>
              </pre>
            </div>
            <div>
              <h1
                style={
                  Object {
                    "borderBottom": "1px solid #EEE",
  -                 "fontSize": 25,
  +                 "fontSize": "25px",
                    "margin": "20px 0 0 0",
                    "padding": "0 0 5px 0",
                  }
                }>
                Prop Types
              </h1>
              <div>
                <h2
                  style={
                    Object {
                      "margin": "20px 0 0 0",
                    }
                  }>
                  "
                  DropdownButton
                  " Component
                </h2>
                <table
                  style={
                    Object {
                      "borderCollapse": "separate",
                      "borderSpacing": "10px 5px",
                      "marginLeft": -10,
                    }
                  }>
                  <thead>
                    <tr>
                      <th>
                        property
                      </th>
                      <th>
                        propType
                      </th>
                      <th>
                        required
                      </th>
                      <th>
                        default
                      </th>
                    </tr>
                  </thead>
                  <tbody>
                    <tr>
                      <td>
                        onBlur
                      </td>
                      <td>
                        func
                      </td>
                      <td>
                        no
                      </td>
                      <td>
                        -
                      </td>
                    </tr>
                    <tr>
                      <td>
                        className
                      </td>
                      <td>
                        string
                      </td>
                      <td>
                        no
                      </td>
                      <td>
                        -
                      </td>
                    </tr>
                    <tr>
                      <td>
                        children
                      </td>
                      <td>
                        node
                      </td>
                      <td>
                        no
                      </td>
                      <td>
                        -
                      </td>
                    </tr>
                    <tr>
                      <td>
                        onClick
                      </td>
                      <td>
                        func
                      </td>
                      <td>
                        no
                      </td>
                      <td>
                        -
                      </td>
                    </tr>
                    <tr>
                      <td>
                        icon
                      </td>
                      <td>
                        string
                      </td>
                      <td>
                        no
                      </td>
                      <td>
                        -
                      </td>
                    </tr>
                    <tr>
                      <td>
                        grouped
                      </td>
                      <td>
                        bool
                      </td>
                      <td>
                        no
                      </td>
                      <td>
                        -
                      </td>
                    </tr>
                    <tr>
                      <td>
                        hoverPopup
                      </td>
                      <td>
                        bool
                      </td>
                      <td>
                        no
                      </td>
                      <td>
                        -
                      </td>
                    </tr>
                    <tr>
                      <td>
                        menuSize
                      </td>
                      <td>
                        other
                      </td>
                      <td>
                        no
                      </td>
                      <td>
                        -
                      </td>
                    </tr>
                    <tr>
                      <td>
                        menuStyle
                      </td>
                      <td>
                        object
                      </td>
                      <td>
                        no
                      </td>
                      <td>
                        -
                      </td>
                    </tr>
                    <tr>
                      <td>
                        label
                      </td>
                      <td>
                        node
                      </td>
                      <td>
                        no
                      </td>
                      <td>
                        -
                      </td>
                    </tr>
                    <tr>
                      <td>
                        menuAlign
                      </td>
                      <td>
                        other
                      </td>
                      <td>
                        no
                      </td>
                      <td>
                        -
                      </td>
                    </tr>
                    <tr>
                      <td>
                        isLastInGroup
                      </td>
                      <td>
                        bool
                      </td>
                      <td>
                        no
                      </td>
                      <td>
                        -
                      </td>
                    </tr>
                    <tr>
                      <td>
                        menuHeader
                      </td>
                      <td>
                        string
                      </td>
                      <td>
                        no
                      </td>
                      <td>
                        -
                      </td>
                    </tr>
                    <tr>
                      <td>
                        isFirstInGroup
                      </td>
                      <td>
                        bool
                      </td>
                      <td>
                        no
                      </td>
                      <td>
                        -
                      </td>
                    </tr>
                    <tr>
                      <td>
                        nubbinTop
                      </td>
                      <td>
                        bool
                      </td>
                      <td>
                        no
                      </td>
                      <td>
                        -
                      </td>
                    </tr>
                    <tr>
                      <td>
                        onMenuItemClick
                      </td>
                      <td>
                        func
                      </td>
                      <td>
                        no
                      </td>
                      <td>
                        -
                      </td>
                    </tr>
                    <tr>
                      <td>
                        style
                      </td>
                      <td>
                        object
                      </td>
                      <td>
                        no
                      </td>
                      <td>
                        -
                      </td>
                    </tr>
                    <tr>
                      <td>
                        type
                      </td>
                      <td>
                        string
                      </td>
                      <td>
                        no
                      </td>
                      <td>
                        -
                      </td>
                    </tr>
                  </tbody>
                </table>
              </div>
              <div>
                <h2
                  style={
                    Object {
                      "margin": "20px 0 0 0",
                    }
                  }>
                  "
                  DropdownMenuItem
                  " Component
                </h2>
                <table
                  style={
                    Object {
                      "borderCollapse": "separate",
                      "borderSpacing": "10px 5px",
                      "marginLeft": -10,
                    }
                  }>
                  <thead>
                    <tr>
                      <th>
                        property
                      </th>
                      <th>
                        propType
                      </th>
                      <th>
                        required
                      </th>
                      <th>
                        default
                      </th>
                    </tr>
                  </thead>
                  <tbody>
                    <tr>
                      <td>
                        tabIndex
                      </td>
                      <td>
                        number
                      </td>
                      <td>
                        no
                      </td>
                      <td>
                        -
                      </td>
                    </tr>
                    <tr>
                      <td>
                        children
                      </td>
                      <td>
                        node
                      </td>
                      <td>
                        no
                      </td>
                      <td>
                        -
                      </td>
                    </tr>
                    <tr>
                      <td>
                        className
                      </td>
                      <td>
                        string
                      </td>
                      <td>
                        no
                      </td>
                      <td>
                        -
                      </td>
                    </tr>
                    <tr>
                      <td>
                        disabled
                      </td>
                      <td>
                        bool
                      </td>
                      <td>
                        no
                      </td>
                      <td>
                        -
                      </td>
                    </tr>
                    <tr>
                      <td>
                        divider
                      </td>
                      <td>
                        other
                      </td>
                      <td>
                        no
                      </td>
                      <td>
                        -
                      </td>
                    </tr>
                    <tr>
                      <td>
                        icon
                      </td>
                      <td>
                        string
                      </td>
                      <td>
                        no
                      </td>
                      <td>
                        -
                      </td>
                    </tr>
                    <tr>
                      <td>
                        iconRight
                      </td>
                      <td>
                        string
                      </td>
                      <td>
                        no
                      </td>
                      <td>
                        -
                      </td>
                    </tr>
                    <tr>
                      <td>
                        label
                      </td>
                      <td>
                        string
                      </td>
                      <td>
                        no
                      </td>
                      <td>
                        -
                      </td>
                    </tr>
                    <tr>
                      <td>
                        onBlur
                      </td>
                      <td>
                        func
                      </td>
                      <td>
                        no
                      </td>
                      <td>
                        -
                      </td>
                    </tr>
                    <tr>
                      <td>
                        onClick
                      </td>
                      <td>
                        func
                      </td>
                      <td>
                        no
                      </td>
                      <td>
                        -
                      </td>
                    </tr>
                    <tr>
                      <td>
                        onFocus
                      </td>
                      <td>
                        func
                      </td>
                      <td>
                        no
                      </td>
                      <td>
                        -
                      </td>
                    </tr>
                    <tr>
                      <td>
                        selected
                      </td>
                      <td>
                        bool
                      </td>
                      <td>
                        no
                      </td>
                      <td>
                        -
                      </td>
                    </tr>
                  </tbody>
                </table>
              </div>
            </div>
          </div>
        </div>
      </div>
    </div>


✗ Nubbin in top
  - Snapshot
  + Current story
  
  <div>
      <div
        style={
          Object {
            "position": "relative",
            "zIndex": 0,
          }
        }>
        <div
          style={
            Object {
              "paddingLeft": 100,
            }
          }>
          <div
            className="slds-dropdown-trigger slds-button-space-left"
            style={undefined}>
            <button
              aria-haspopup={true}
              className="slds-button slds-button--icon-container"
              onBlur={[Function]}
              onClick={[Function]}
              onKeyDown={[Function]}
              type="button">
              <svg
                aria-hidden={true}
                className="slds-button__icon"
                dangerouslySetInnerHTML={
                  Object {
                    "__html": "<use xlink:href="/assets/icons/utility-sprite/svg/symbols.svg#settings"></use>",
                  }
                }
                style={undefined} />
            </button>
          </div>
        </div>
      </div>
      <a
        onClick={[Function]}
        style={
          Object {
            "background": "#28c",
            "borderRadius": "0 0 0 5px",
            "color": "#fff",
            "cursor": "pointer",
            "display": "block",
            "fontFamily": "sans-serif",
  -         "fontSize": 12,
  +         "fontSize": "12px",
            "padding": "5px 15px",
            "position": "fixed",
            "right": 0,
            "textDecoration": "none",
            "top": 0,
          }
        }>
        ?
      </a>
      <div
        style={
          Object {
            "background": "white",
            "bottom": 0,
            "display": "none",
            "left": 0,
            "overflow": "auto",
            "padding": "0 40px",
            "position": "absolute",
            "right": 0,
            "top": 0,
          }
        }>
        <a
          onClick={[Function]}
          style={
            Object {
              "background": "#28c",
              "borderRadius": "0 0 0 5px",
              "color": "#fff",
              "cursor": "pointer",
              "display": "block",
              "fontFamily": "sans-serif",
  -           "fontSize": 12,
  +           "fontSize": "12px",
              "padding": "5px 15px",
              "position": "fixed",
              "right": 0,
              "textDecoration": "none",
              "top": 0,
            }
          }>
          ×
        </a>
        <div
          style={undefined}>
          <div
            style={
              Object {
                "WebkitFontSmoothing": "antialiased",
                "color": "#444",
                "fontFamily": "
                  -apple-system, ".SFNSText-Regular", "San Francisco", "Roboto",
                  "Segoe UI", "Helvetica Neue", "Lucida Grande", sans-serif
                ",
  -             "fontSize": 15,
  +             "fontSize": "15px",
                "fontWeight": 300,
                "lineHeight": 1.45,
              }
            }>
            <div
              style={
                Object {
                  "borderBottom": "1px solid #eee",
                  "marginBottom": 10,
  +               "paddingTop": 10,
                }
              }>
              <h1
                style={
                  Object {
  -                 "fontSize": 35,
  -                 "margin": "20px 0 0 0",
  +                 "fontSize": "35px",
  +                 "margin": 0,
                    "padding": 0,
                  }
                }>
                DropdownButton
              </h1>
              <h2
                style={
                  Object {
  -                 "fontSize": 22,
  +                 "fontSize": "22px",
                    "fontWeight": 400,
                    "margin": "0 0 10px 0",
                    "padding": 0,
                  }
                }>
                Nubbin in top
              </h2>
            </div>
            <div
              style={
                Object {
                  "marginBottom": 0,
                }
              }>
              <p
                style={
                  Object {
                    "WebkitFontSmoothing": "antialiased",
                    "color": "#444",
                    "fontFamily": "
                      -apple-system, ".SFNSText-Regular", "San Francisco", "Roboto",
                      "Segoe UI", "Helvetica Neue", "Lucida Grande", sans-serif
                    ",
  -                 "fontSize": 15,
  +                 "fontSize": "15px",
                  }
                }>
                Nubbin in top of the menu dropdown
              </p>
            </div>
            <div>
              <h1
                style={
                  Object {
                    "borderBottom": "1px solid #EEE",
  -                 "fontSize": 25,
  +                 "fontSize": "25px",
                    "margin": "20px 0 0 0",
                    "padding": "0 0 5px 0",
                  }
                }>
                Story Source
              </h1>
              <pre
                style={
                  Object {
                    "backgroundColor": "#fafafa",
                    "fontFamily": "Menlo, Monaco, "Courier New", monospace",
                    "fontSize": ".88em",
                    "lineHeight": 1.5,
                    "overflowX": "scroll",
                    "padding": ".5rem",
                  }
                }>
                <div>
                  <div
                    style={
                      Object {
                        "paddingLeft": 18,
                        "paddingRight": 3,
                      }
                    }>
                    <span
                      style={
                        Object {
                          "color": "#777",
                        }
                      }>
                      <
                      div
                    </span>
                    <span>
                      <span>
                         
                        <span
                          style={Object {}}>
                          style
                        </span>
                        <span>
                          =
                          <span
                            style={Object {}}>
                            <span>
                              {
                              <span
                                style={
                                  Object {
                                    "color": "#666",
                                  }
                                }>
                                {
                                <span
                                  style={
                                    Object {
                                      "color": "#666",
                                    }
                                  }>
                                  paddingLeft
                                </span>
                                : 
                                <span>
                                  {
                                  <span
                                    style={
                                      Object {
                                        "color": "#a11",
                                      }
                                    }>
                                    100
                                  </span>
                                  }
                                </span>
                                }
                              </span>
                              }
                            </span>
                          </span>
                        </span>
                        
                      </span>
                    </span>
                    <span
                      style={
                        Object {
                          "color": "#777",
                        }
                      }>
                      >
                    </span>
                  </div>
                  <div>
                    <div
                      style={
                        Object {
                          "paddingLeft": 33,
                          "paddingRight": 3,
                        }
                      }>
                      <span
                        style={
                          Object {
                            "color": "#777",
                          }
                        }>
                        <
                        DropdownButton
                      </span>
                      <span>
                        <span>
                          <span>
                            <br />
                              
                          </span>
                          <span
                            style={Object {}}>
                            type
                          </span>
                          <span>
                            =
                            <span
                              style={Object {}}>
                              <span
                                style={
                                  Object {
                                    "color": "#22a",
                                    "wordBreak": "break-word",
                                  }
                                }>
                                "
                                icon-container
                                "
                              </span>
                            </span>
                          </span>
                        </span>
                        <span>
                          <span>
                            <br />
                              
                          </span>
                          <span
                            style={Object {}}>
                            icon
                          </span>
                          <span>
                            =
                            <span
                              style={Object {}}>
                              <span
                                style={
                                  Object {
                                    "color": "#22a",
                                    "wordBreak": "break-word",
                                  }
                                }>
                                "
                                settings
                                "
                              </span>
                            </span>
                          </span>
                        </span>
                        <span>
                          <span>
                            <br />
                              
                          </span>
                          <span
                            style={Object {}}>
                            nubbinTop
                          </span>
                        </span>
                        <span>
                          <span>
                            <br />
                              
                          </span>
                          <span
                            style={Object {}}>
                            onMenuItemClick
                          </span>
                          <span>
                            =
                            <span
                              style={Object {}}>
                              <span>
                                {
                                <span
                                  style={
                                    Object {
                                      "color": "#170",
                                    }
                                  }>
  -                               anonymous()
  +                               menuItemClick()
                                </span>
                                }
                              </span>
                            </span>
                          </span>
                          <br />
                        </span>
                      </span>
                      <span
                        style={
                          Object {
                            "color": "#777",
                          }
                        }>
                        >
                      </span>
                    </div>
                    <div>
                      <div
                        style={
                          Object {
                            "paddingLeft": 48,
                            "paddingRight": 3,
                          }
                        }>
                        <span
                          style={
                            Object {
                              "color": "#777",
                            }
                          }>
                          <
                          DropdownMenuItem
                        </span>
                        <span />
                        <span
                          style={
                            Object {
                              "color": "#777",
                            }
                          }>
                          >
                        </span>
                      </div>
                      <div
                        style={
                          Object {
                            "paddingLeft": 63,
                            "paddingRight": 3,
                          }
                        }>
                        <span
                          style={
                            Object {
                              "color": "#777",
                            }
                          }>
                          Menu Item One
                        </span>
                      </div>
                      <div
                        style={
                          Object {
                            "paddingLeft": 48,
                            "paddingRight": 3,
                          }
                        }>
                        <span
                          style={
                            Object {
                              "color": "#777",
                            }
                          }>
                          </
                          DropdownMenuItem
                          >
                        </span>
                      </div>
                    </div>
                    <div>
                      <div
                        style={
                          Object {
                            "paddingLeft": 48,
                            "paddingRight": 3,
                          }
                        }>
                        <span
                          style={
                            Object {
                              "color": "#777",
                            }
                          }>
                          <
                          DropdownMenuItem
                        </span>
                        <span>
                          <span>
                             
                            <span
                              style={Object {}}>
                              disabled
                            </span>
                            
                          </span>
                        </span>
                        <span
                          style={
                            Object {
                              "color": "#777",
                            }
                          }>
                          >
                        </span>
                      </div>
                      <div
                        style={
                          Object {
                            "paddingLeft": 63,
                            "paddingRight": 3,
                          }
                        }>
                        <span
                          style={
                            Object {
                              "color": "#777",
                            }
                          }>
                          Menu Item Two
                        </span>
                      </div>
                      <div
                        style={
                          Object {
                            "paddingLeft": 48,
                            "paddingRight": 3,
                          }
                        }>
                        <span
                          style={
                            Object {
                              "color": "#777",
                            }
                          }>
                          </
                          DropdownMenuItem
                          >
                        </span>
                      </div>
                    </div>
                    <div>
                      <div
                        style={
                          Object {
                            "paddingLeft": 48,
                            "paddingRight": 3,
                          }
                        }>
                        <span
                          style={
                            Object {
                              "color": "#777",
                            }
                          }>
                          <
                          DropdownMenuItem
                        </span>
                        <span />
                        <span
                          style={
                            Object {
                              "color": "#777",
                            }
                          }>
                          >
                        </span>
                      </div>
                      <div
                        style={
                          Object {
                            "paddingLeft": 63,
                            "paddingRight": 3,
                          }
                        }>
                        <span
                          style={
                            Object {
                              "color": "#777",
                            }
                          }>
                          Menu Item Three
                        </span>
                      </div>
                      <div
                        style={
                          Object {
                            "paddingLeft": 48,
                            "paddingRight": 3,
                          }
                        }>
                        <span
                          style={
                            Object {
                              "color": "#777",
                            }
                          }>
                          </
                          DropdownMenuItem
                          >
                        </span>
                      </div>
                    </div>
                    <div>
                      <div
                        style={
                          Object {
                            "paddingLeft": 48,
                            "paddingRight": 3,
                          }
                        }>
                        <span
                          style={
                            Object {
                              "color": "#777",
                            }
                          }>
                          <
                          DropdownMenuItem
                        </span>
                        <span>
                          <span>
                             
                            <span
                              style={Object {}}>
                              divider
                            </span>
                            <span>
                              =
                              <span
                                style={Object {}}>
                                <span
                                  style={
                                    Object {
                                      "color": "#22a",
                                      "wordBreak": "break-word",
                                    }
                                  }>
                                  "
                                  top
                                  "
                                </span>
                              </span>
                            </span>
                            
                          </span>
                        </span>
                        <span
                          style={
                            Object {
                              "color": "#777",
                            }
                          }>
                          >
                        </span>
                      </div>
                      <div
                        style={
                          Object {
                            "paddingLeft": 63,
                            "paddingRight": 3,
                          }
                        }>
                        <span
                          style={
                            Object {
                              "color": "#777",
                            }
                          }>
                          Menu Item Four
                        </span>
                      </div>
                      <div
                        style={
                          Object {
                            "paddingLeft": 48,
                            "paddingRight": 3,
                          }
                        }>
                        <span
                          style={
                            Object {
                              "color": "#777",
                            }
                          }>
                          </
                          DropdownMenuItem
                          >
                        </span>
                      </div>
                    </div>
                    <div
                      style={
                        Object {
                          "paddingLeft": 33,
                          "paddingRight": 3,
                        }
                      }>
                      <span
                        style={
                          Object {
                            "color": "#777",
                          }
                        }>
                        </
                        DropdownButton
                        >
                      </span>
                    </div>
                  </div>
                  <div
                    style={
                      Object {
                        "paddingLeft": 18,
                        "paddingRight": 3,
                      }
                    }>
                    <span
                      style={
                        Object {
                          "color": "#777",
                        }
                      }>
                      </
                      div
                      >
                    </span>
                  </div>
                </div>
              </pre>
            </div>
            <div>
              <h1
                style={
                  Object {
                    "borderBottom": "1px solid #EEE",
  -                 "fontSize": 25,
  +                 "fontSize": "25px",
                    "margin": "20px 0 0 0",
                    "padding": "0 0 5px 0",
                  }
                }>
                Prop Types
              </h1>
              <div>
                <h2
                  style={
                    Object {
                      "margin": "20px 0 0 0",
                    }
                  }>
                  "
                  DropdownButton
                  " Component
                </h2>
                <table
                  style={
                    Object {
                      "borderCollapse": "separate",
                      "borderSpacing": "10px 5px",
                      "marginLeft": -10,
                    }
                  }>
                  <thead>
                    <tr>
                      <th>
                        property
                      </th>
                      <th>
                        propType
                      </th>
                      <th>
                        required
                      </th>
                      <th>
                        default
                      </th>
                    </tr>
                  </thead>
                  <tbody>
                    <tr>
                      <td>
                        onBlur
                      </td>
                      <td>
                        func
                      </td>
                      <td>
                        no
                      </td>
                      <td>
                        -
                      </td>
                    </tr>
                    <tr>
                      <td>
                        className
                      </td>
                      <td>
                        string
                      </td>
                      <td>
                        no
                      </td>
                      <td>
                        -
                      </td>
                    </tr>
                    <tr>
                      <td>
                        children
                      </td>
                      <td>
                        node
                      </td>
                      <td>
                        no
                      </td>
                      <td>
                        -
                      </td>
                    </tr>
                    <tr>
                      <td>
                        onClick
                      </td>
                      <td>
                        func
                      </td>
                      <td>
                        no
                      </td>
                      <td>
                        -
                      </td>
                    </tr>
                    <tr>
                      <td>
                        icon
                      </td>
                      <td>
                        string
                      </td>
                      <td>
                        no
                      </td>
                      <td>
                        -
                      </td>
                    </tr>
                    <tr>
                      <td>
                        grouped
                      </td>
                      <td>
                        bool
                      </td>
                      <td>
                        no
                      </td>
                      <td>
                        -
                      </td>
                    </tr>
                    <tr>
                      <td>
                        hoverPopup
                      </td>
                      <td>
                        bool
                      </td>
                      <td>
                        no
                      </td>
                      <td>
                        -
                      </td>
                    </tr>
                    <tr>
                      <td>
                        menuSize
                      </td>
                      <td>
                        other
                      </td>
                      <td>
                        no
                      </td>
                      <td>
                        -
                      </td>
                    </tr>
                    <tr>
                      <td>
                        menuStyle
                      </td>
                      <td>
                        object
                      </td>
                      <td>
                        no
                      </td>
                      <td>
                        -
                      </td>
                    </tr>
                    <tr>
                      <td>
                        label
                      </td>
                      <td>
                        node
                      </td>
                      <td>
                        no
                      </td>
                      <td>
                        -
                      </td>
                    </tr>
                    <tr>
                      <td>
                        menuAlign
                      </td>
                      <td>
                        other
                      </td>
                      <td>
                        no
                      </td>
                      <td>
                        -
                      </td>
                    </tr>
                    <tr>
                      <td>
                        isLastInGroup
                      </td>
                      <td>
                        bool
                      </td>
                      <td>
                        no
                      </td>
                      <td>
                        -
                      </td>
                    </tr>
                    <tr>
                      <td>
                        menuHeader
                      </td>
                      <td>
                        string
                      </td>
                      <td>
                        no
                      </td>
                      <td>
                        -
                      </td>
                    </tr>
                    <tr>
                      <td>
                        isFirstInGroup
                      </td>
                      <td>
                        bool
                      </td>
                      <td>
                        no
                      </td>
                      <td>
                        -
                      </td>
                    </tr>
                    <tr>
                      <td>
                        nubbinTop
                      </td>
                      <td>
                        bool
                      </td>
                      <td>
                        no
                      </td>
                      <td>
                        -
                      </td>
                    </tr>
                    <tr>
                      <td>
                        onMenuItemClick
                      </td>
                      <td>
                        func
                      </td>
                      <td>
                        no
                      </td>
                      <td>
                        -
                      </td>
                    </tr>
                    <tr>
                      <td>
                        style
                      </td>
                      <td>
                        object
                      </td>
                      <td>
                        no
                      </td>
                      <td>
                        -
                      </td>
                    </tr>
                    <tr>
                      <td>
                        type
                      </td>
                      <td>
                        string
                      </td>
                      <td>
                        no
                      </td>
                      <td>
                        -
                      </td>
                    </tr>
                  </tbody>
                </table>
              </div>
              <div>
                <h2
                  style={
                    Object {
                      "margin": "20px 0 0 0",
                    }
                  }>
                  "
                  DropdownMenuItem
                  " Component
                </h2>
                <table
                  style={
                    Object {
                      "borderCollapse": "separate",
                      "borderSpacing": "10px 5px",
                      "marginLeft": -10,
                    }
                  }>
                  <thead>
                    <tr>
                      <th>
                        property
                      </th>
                      <th>
                        propType
                      </th>
                      <th>
                        required
                      </th>
                      <th>
                        default
                      </th>
                    </tr>
                  </thead>
                  <tbody>
                    <tr>
                      <td>
                        tabIndex
                      </td>
                      <td>
                        number
                      </td>
                      <td>
                        no
                      </td>
                      <td>
                        -
                      </td>
                    </tr>
                    <tr>
                      <td>
                        children
                      </td>
                      <td>
                        node
                      </td>
                      <td>
                        no
                      </td>
                      <td>
                        -
                      </td>
                    </tr>
                    <tr>
                      <td>
                        className
                      </td>
                      <td>
                        string
                      </td>
                      <td>
                        no
                      </td>
                      <td>
                        -
                      </td>
                    </tr>
                    <tr>
                      <td>
                        disabled
                      </td>
                      <td>
                        bool
                      </td>
                      <td>
                        no
                      </td>
                      <td>
                        -
                      </td>
                    </tr>
                    <tr>
                      <td>
                        divider
                      </td>
                      <td>
                        other
                      </td>
                      <td>
                        no
                      </td>
                      <td>
                        -
                      </td>
                    </tr>
                    <tr>
                      <td>
                        icon
                      </td>
                      <td>
                        string
                      </td>
                      <td>
                        no
                      </td>
                      <td>
                        -
                      </td>
                    </tr>
                    <tr>
                      <td>
                        iconRight
                      </td>
                      <td>
                        string
                      </td>
                      <td>
                        no
                      </td>
                      <td>
                        -
                      </td>
                    </tr>
                    <tr>
                      <td>
                        label
                      </td>
                      <td>
                        string
                      </td>
                      <td>
                        no
                      </td>
                      <td>
                        -
                      </td>
                    </tr>
                    <tr>
                      <td>
                        onBlur
                      </td>
                      <td>
                        func
                      </td>
                      <td>
                        no
                      </td>
                      <td>
                        -
                      </td>
                    </tr>
                    <tr>
                      <td>
                        onClick
                      </td>
                      <td>
                        func
                      </td>
                      <td>
                        no
                      </td>
                      <td>
                        -
                      </td>
                    </tr>
                    <tr>
                      <td>
                        onFocus
                      </td>
                      <td>
                        func
                      </td>
                      <td>
                        no
                      </td>
                      <td>
                        -
                      </td>
                    </tr>
                    <tr>
                      <td>
                        selected
                      </td>
                      <td>
                        bool
                      </td>
                      <td>
                        no
                      </td>
                      <td>
                        -
                      </td>
                    </tr>
                  </tbody>
                </table>
              </div>
            </div>
          </div>
        </div>
      </div>
    </div>


ButtonGroup

✗ Default
  - Snapshot
  + Current story
  
  <div>
      <div
        style={
          Object {
            "position": "relative",
            "zIndex": 0,
          }
        }>
        <div
          className="slds-button-group"
          role="group">
          <button
            className="slds-button slds-button--neutral"
            onClick={[Function]}
            type="button">
            Refresh
          </button>
          <button
            className="slds-button slds-button--neutral"
            onClick={[Function]}
            type="button">
            Edit
          </button>
          <button
            className="slds-button slds-button--neutral"
            onClick={[Function]}
            type="button">
            <svg
              aria-hidden={true}
              className="slds-button__icon slds-button__icon--left"
              dangerouslySetInnerHTML={
                Object {
                  "__html": "<use xlink:href="/assets/icons/utility-sprite/svg/symbols.svg#download"></use>",
                }
              }
              style={undefined} />
            Download
          </button>
        </div>
      </div>
      <a
        onClick={[Function]}
        style={
          Object {
            "background": "#28c",
            "borderRadius": "0 0 0 5px",
            "color": "#fff",
            "cursor": "pointer",
            "display": "block",
            "fontFamily": "sans-serif",
  -         "fontSize": 12,
  +         "fontSize": "12px",
            "padding": "5px 15px",
            "position": "fixed",
            "right": 0,
            "textDecoration": "none",
            "top": 0,
          }
        }>
        ?
      </a>
      <div
        style={
          Object {
            "background": "white",
            "bottom": 0,
            "display": "none",
            "left": 0,
            "overflow": "auto",
            "padding": "0 40px",
            "position": "absolute",
            "right": 0,
            "top": 0,
          }
        }>
        <a
          onClick={[Function]}
          style={
            Object {
              "background": "#28c",
              "borderRadius": "0 0 0 5px",
              "color": "#fff",
              "cursor": "pointer",
              "display": "block",
              "fontFamily": "sans-serif",
  -           "fontSize": 12,
  +           "fontSize": "12px",
              "padding": "5px 15px",
              "position": "fixed",
              "right": 0,
              "textDecoration": "none",
              "top": 0,
            }
          }>
          ×
        </a>
        <div
          style={undefined}>
          <div
            style={
              Object {
                "WebkitFontSmoothing": "antialiased",
                "color": "#444",
                "fontFamily": "
                  -apple-system, ".SFNSText-Regular", "San Francisco", "Roboto",
                  "Segoe UI", "Helvetica Neue", "Lucida Grande", sans-serif
                ",
  -             "fontSize": 15,
  +             "fontSize": "15px",
                "fontWeight": 300,
                "lineHeight": 1.45,
              }
            }>
            <div
              style={
                Object {
                  "borderBottom": "1px solid #eee",
                  "marginBottom": 10,
  +               "paddingTop": 10,
                }
              }>
              <h1
                style={
                  Object {
  -                 "fontSize": 35,
  -                 "margin": "20px 0 0 0",
  +                 "fontSize": "35px",
  +                 "margin": 0,
                    "padding": 0,
                  }
                }>
                ButtonGroup
              </h1>
              <h2
                style={
                  Object {
  -                 "fontSize": 22,
  +                 "fontSize": "22px",
                    "fontWeight": 400,
                    "margin": "0 0 10px 0",
                    "padding": 0,
                  }
                }>
                Default
              </h2>
            </div>
            <div
              style={
                Object {
                  "marginBottom": 0,
                }
              }>
              <p
                style={
                  Object {
                    "WebkitFontSmoothing": "antialiased",
                    "color": "#444",
                    "fontFamily": "
                      -apple-system, ".SFNSText-Regular", "San Francisco", "Roboto",
                      "Segoe UI", "Helvetica Neue", "Lucida Grande", sans-serif
                    ",
  -                 "fontSize": 15,
  +                 "fontSize": "15px",
                  }
                }>
                Default grouped buttons
              </p>
            </div>
            <div>
              <h1
                style={
                  Object {
                    "borderBottom": "1px solid #EEE",
  -                 "fontSize": 25,
  +                 "fontSize": "25px",
                    "margin": "20px 0 0 0",
                    "padding": "0 0 5px 0",
                  }
                }>
                Story Source
              </h1>
              <pre
                style={
                  Object {
                    "backgroundColor": "#fafafa",
                    "fontFamily": "Menlo, Monaco, "Courier New", monospace",
                    "fontSize": ".88em",
                    "lineHeight": 1.5,
                    "overflowX": "scroll",
                    "padding": ".5rem",
                  }
                }>
                <div>
                  <div
                    style={
                      Object {
                        "paddingLeft": 18,
                        "paddingRight": 3,
                      }
                    }>
                    <span
                      style={
                        Object {
                          "color": "#777",
                        }
                      }>
                      <
                      ButtonGroup
                    </span>
                    <span />
                    <span
                      style={
                        Object {
                          "color": "#777",
                        }
                      }>
                      >
                    </span>
                  </div>
                  <div>
                    <div
                      style={
                        Object {
                          "paddingLeft": 33,
                          "paddingRight": 3,
                        }
                      }>
                      <span
                        style={
                          Object {
                            "color": "#777",
                          }
                        }>
                        <
                        Button
                      </span>
                      <span>
                        <span>
                           
                          <span
                            style={Object {}}>
                            type
                          </span>
                          <span>
                            =
                            <span
                              style={Object {}}>
                              <span
                                style={
                                  Object {
                                    "color": "#22a",
                                    "wordBreak": "break-word",
                                  }
                                }>
                                "
                                neutral
                                "
                              </span>
                            </span>
                          </span>
                        </span>
                        <span>
                           
                          <span
                            style={Object {}}>
                            onClick
                          </span>
                          <span>
                            =
                            <span
                              style={Object {}}>
                              <span>
                                {
                                <span
                                  style={
                                    Object {
                                      "color": "#170",
                                    }
                                  }>
  -                               anonymous()
  +                               click()
                                </span>
                                }
                              </span>
                            </span>
                          </span>
                          
                        </span>
                      </span>
                      <span
                        style={
                          Object {
                            "color": "#777",
                          }
                        }>
                        >
                      </span>
                    </div>
                    <div
                      style={
                        Object {
                          "paddingLeft": 48,
                          "paddingRight": 3,
                        }
                      }>
                      <span
                        style={
                          Object {
                            "color": "#777",
                          }
                        }>
                        Refresh
                      </span>
                    </div>
                    <div
                      style={
                        Object {
                          "paddingLeft": 33,
                          "paddingRight": 3,
                        }
                      }>
                      <span
                        style={
                          Object {
                            "color": "#777",
                          }
                        }>
                        </
                        Button
                        >
                      </span>
                    </div>
                  </div>
                  <div>
                    <div
                      style={
                        Object {
                          "paddingLeft": 33,
                          "paddingRight": 3,
                        }
                      }>
                      <span
                        style={
                          Object {
                            "color": "#777",
                          }
                        }>
                        <
                        Button
                      </span>
                      <span>
                        <span>
                           
                          <span
                            style={Object {}}>
                            type
                          </span>
                          <span>
                            =
                            <span
                              style={Object {}}>
                              <span
                                style={
                                  Object {
                                    "color": "#22a",
                                    "wordBreak": "break-word",
                                  }
                                }>
                                "
                                neutral
                                "
                              </span>
                            </span>
                          </span>
                        </span>
                        <span>
                           
                          <span
                            style={Object {}}>
                            onClick
                          </span>
                          <span>
                            =
                            <span
                              style={Object {}}>
                              <span>
                                {
                                <span
                                  style={
                                    Object {
                                      "color": "#170",
                                    }
                                  }>
  -                               anonymous()
  +                               click()
                                </span>
                                }
                              </span>
                            </span>
                          </span>
                          
                        </span>
                      </span>
                      <span
                        style={
                          Object {
                            "color": "#777",
                          }
                        }>
                        >
                      </span>
                    </div>
                    <div
                      style={
                        Object {
                          "paddingLeft": 48,
                          "paddingRight": 3,
                        }
                      }>
                      <span
                        style={
                          Object {
                            "color": "#777",
                          }
                        }>
                        Edit
                      </span>
                    </div>
                    <div
                      style={
                        Object {
                          "paddingLeft": 33,
                          "paddingRight": 3,
                        }
                      }>
                      <span
                        style={
                          Object {
                            "color": "#777",
                          }
                        }>
                        </
                        Button
                        >
                      </span>
                    </div>
                  </div>
                  <div>
                    <div
                      style={
                        Object {
                          "paddingLeft": 33,
                          "paddingRight": 3,
                        }
                      }>
                      <span
                        style={
                          Object {
                            "color": "#777",
                          }
                        }>
                        <
                        Button
                      </span>
                      <span>
                        <span>
                          <span>
                            <br />
                              
                          </span>
                          <span
                            style={Object {}}>
                            type
                          </span>
                          <span>
                            =
                            <span
                              style={Object {}}>
                              <span
                                style={
                                  Object {
                                    "color": "#22a",
                                    "wordBreak": "break-word",
                                  }
                                }>
                                "
                                neutral
                                "
                              </span>
                            </span>
                          </span>
                        </span>
                        <span>
                          <span>
                            <br />
                              
                          </span>
                          <span
                            style={Object {}}>
                            icon
                          </span>
                          <span>
                            =
                            <span
                              style={Object {}}>
                              <span
                                style={
                                  Object {
                                    "color": "#22a",
                                    "wordBreak": "break-word",
                                  }
                                }>
                                "
                                download
                                "
                              </span>
                            </span>
                          </span>
                        </span>
                        <span>
                          <span>
                            <br />
                              
                          </span>
                          <span
                            style={Object {}}>
                            iconAlign
                          </span>
                          <span>
                            =
                            <span
                              style={Object {}}>
                              <span
                                style={
                                  Object {
                                    "color": "#22a",
                                    "wordBreak": "break-word",
                                  }
                                }>
                                "
                                left
                                "
                              </span>
                            </span>
                          </span>
                        </span>
                        <span>
                          <span>
                            <br />
                              
                          </span>
                          <span
                            style={Object {}}>
                            onClick
                          </span>
                          <span>
                            =
                            <span
                              style={Object {}}>
                              <span>
                                {
                                <span
                                  style={
                                    Object {
                                      "color": "#170",
                                    }
                                  }>
  -                               anonymous()
  +                               click()
                                </span>
                                }
                              </span>
                            </span>
                          </span>
                          <br />
                        </span>
                      </span>
                      <span
                        style={
                          Object {
                            "color": "#777",
                          }
                        }>
                        >
                      </span>
                    </div>
                    <div
                      style={
                        Object {
                          "paddingLeft": 48,
                          "paddingRight": 3,
                        }
                      }>
                      <span
                        style={
                          Object {
                            "color": "#777",
                          }
                        }>
                        Download
                      </span>
                    </div>
                    <div
                      style={
                        Object {
                          "paddingLeft": 33,
                          "paddingRight": 3,
                        }
                      }>
                      <span
                        style={
                          Object {
                            "color": "#777",
                          }
                        }>
                        </
                        Button
                        >
                      </span>
                    </div>
                  </div>
                  <div
                    style={
                      Object {
                        "paddingLeft": 18,
                        "paddingRight": 3,
                      }
                    }>
                    <span
                      style={
                        Object {
                          "color": "#777",
                        }
                      }>
                      </
                      ButtonGroup
                      >
                    </span>
                  </div>
                </div>
              </pre>
            </div>
            <div>
              <h1
                style={
                  Object {
                    "borderBottom": "1px solid #EEE",
  -                 "fontSize": 25,
  +                 "fontSize": "25px",
                    "margin": "20px 0 0 0",
                    "padding": "0 0 5px 0",
                  }
                }>
                Prop Types
              </h1>
              <div>
                <h2
                  style={
                    Object {
                      "margin": "20px 0 0 0",
                    }
                  }>
                  "
                  Button
                  " Component
                </h2>
                <table
                  style={
                    Object {
                      "borderCollapse": "separate",
                      "borderSpacing": "10px 5px",
                      "marginLeft": -10,
                    }
                  }>
                  <thead>
                    <tr>
                      <th>
                        property
                      </th>
                      <th>
                        propType
                      </th>
                      <th>
                        required
                      </th>
                      <th>
                        default
                      </th>
                    </tr>
                  </thead>
                  <tbody>
                    <tr>
                      <td>
                        loading
                      </td>
                      <td>
                        bool
                      </td>
                      <td>
                        no
                      </td>
                      <td>
                        -
                      </td>
                    </tr>
                    <tr>
                      <td>
                        buttonRef
                      </td>
                      <td>
                        func
                      </td>
                      <td>
                        no
                      </td>
                      <td>
                        -
                      </td>
                    </tr>
                    <tr>
                      <td>
                        alt
                      </td>
                      <td>
                        string
                      </td>
                      <td>
                        no
                      </td>
                      <td>
                        -
                      </td>
                    </tr>
                    <tr>
                      <td>
                        iconSize
                      </td>
                      <td>
                        other
                      </td>
                      <td>
                        no
                      </td>
                      <td>
                        -
                      </td>
                    </tr>
                    <tr>
                      <td>
                        className
                      </td>
                      <td>
                        string
                      </td>
                      <td>
                        no
                      </td>
                      <td>
                        -
                      </td>
                    </tr>
                    <tr>
                      <td>
                        children
                      </td>
                      <td>
                        node
                      </td>
                      <td>
                        no
                      </td>
                      <td>
                        -
                      </td>
                    </tr>
                    <tr>
                      <td>
                        iconAlign
                      </td>
                      <td>
                        other
                      </td>
                      <td>
                        no
                      </td>
                      <td>
                        -
                      </td>
                    </tr>
                    <tr>
                      <td>
                        selected
                      </td>
                      <td>
                        bool
                      </td>
                      <td>
                        no
                      </td>
                      <td>
                        -
                      </td>
                    </tr>
                    <tr>
                      <td>
                        label
                      </td>
                      <td>
                        node
                      </td>
                      <td>
                        no
                      </td>
                      <td>
                        -
                      </td>
                    </tr>
                    <tr>
                      <td>
                        icon
                      </td>
                      <td>
                        string
                      </td>
                      <td>
                        no
                      </td>
                      <td>
                        -
                      </td>
                    </tr>
                    <tr>
                      <td>
                        onClick
                      </td>
                      <td>
                        func
                      </td>
                      <td>
                        no
                      </td>
                      <td>
                        -
                      </td>
                    </tr>
                    <tr>
                      <td>
                        inverse
                      </td>
                      <td>
                        bool
                      </td>
                      <td>
                        no
                      </td>
                      <td>
                        -
                      </td>
                    </tr>
                    <tr>
                      <td>
                        iconMore
                      </td>
                      <td>
                        string
                      </td>
                      <td>
                        no
                      </td>
                      <td>
                        -
                      </td>
                    </tr>
                    <tr>
                      <td>
                        iconMoreSize
                      </td>
                      <td>
                        other
                      </td>
                      <td>
                        no
                      </td>
                      <td>
                        -
                      </td>
                    </tr>
                    <tr>
                      <td>
                        htmlType
                      </td>
                      <td>
                        string
                      </td>
                      <td>
                        no
                      </td>
                      <td>
                        -
                      </td>
                    </tr>
                    <tr>
                      <td>
                        size
                      </td>
                      <td>
                        other
                      </td>
                      <td>
                        no
                      </td>
                      <td>
                        -
                      </td>
                    </tr>
                    <tr>
                      <td>
                        type
                      </td>
                      <td>
                        other
                      </td>
                      <td>
                        no
                      </td>
                      <td>
                        -
                      </td>
                    </tr>
                  </tbody>
                </table>
              </div>
              <div>
                <h2
                  style={
                    Object {
                      "margin": "20px 0 0 0",
                    }
                  }>
                  "
                  ButtonGroup
                  " Component
                </h2>
                <table
                  style={
                    Object {
                      "borderCollapse": "separate",
                      "borderSpacing": "10px 5px",
                      "marginLeft": -10,
                    }
                  }>
                  <thead>
                    <tr>
                      <th>
                        property
                      </th>
                      <th>
                        propType
                      </th>
                      <th>
                        required
                      </th>
                      <th>
                        default
                      </th>
                    </tr>
                  </thead>
                  <tbody>
                    <tr>
                      <td>
                        children
                      </td>
                      <td>
                        node
                      </td>
                      <td>
                        no
                      </td>
                      <td>
                        -
                      </td>
                    </tr>
                    <tr>
                      <td>
                        className
                      </td>
                      <td>
                        string
                      </td>
                      <td>
                        no
                      </td>
                      <td>
                        -
                      </td>
                    </tr>
                  </tbody>
                </table>
              </div>
            </div>
          </div>
        </div>
      </div>
    </div>


✗ Default disalbed
  - Snapshot
  + Current story
  
  <div>
      <div
        style={
          Object {
            "position": "relative",
            "zIndex": 0,
          }
        }>
        <div
          className="slds-button-group"
          role="group">
          <button
            className="slds-button slds-button--neutral"
            onClick={[Function]}
            type="button">
            Refresh
          </button>
          <button
            className="slds-button slds-button--neutral"
            onClick={[Function]}
            type="button">
            Edit
          </button>
          <button
            className="slds-button slds-button--neutral"
            disabled={true}
            onClick={[Function]}
            type="button">
            <svg
              aria-hidden={true}
              className="slds-button__icon slds-button__icon--left"
              dangerouslySetInnerHTML={
                Object {
                  "__html": "<use xlink:href="/assets/icons/utility-sprite/svg/symbols.svg#download"></use>",
                }
              }
              style={undefined} />
            Download
          </button>
        </div>
      </div>
      <a
        onClick={[Function]}
        style={
          Object {
            "background": "#28c",
            "borderRadius": "0 0 0 5px",
            "color": "#fff",
            "cursor": "pointer",
            "display": "block",
            "fontFamily": "sans-serif",
  -         "fontSize": 12,
  +         "fontSize": "12px",
            "padding": "5px 15px",
            "position": "fixed",
            "right": 0,
            "textDecoration": "none",
            "top": 0,
          }
        }>
        ?
      </a>
      <div
        style={
          Object {
            "background": "white",
            "bottom": 0,
            "display": "none",
            "left": 0,
            "overflow": "auto",
            "padding": "0 40px",
            "position": "absolute",
            "right": 0,
            "top": 0,
          }
        }>
        <a
          onClick={[Function]}
          style={
            Object {
              "background": "#28c",
              "borderRadius": "0 0 0 5px",
              "color": "#fff",
              "cursor": "pointer",
              "display": "block",
              "fontFamily": "sans-serif",
  -           "fontSize": 12,
  +           "fontSize": "12px",
              "padding": "5px 15px",
              "position": "fixed",
              "right": 0,
              "textDecoration": "none",
              "top": 0,
            }
          }>
          ×
        </a>
        <div
          style={undefined}>
          <div
            style={
              Object {
                "WebkitFontSmoothing": "antialiased",
                "color": "#444",
                "fontFamily": "
                  -apple-system, ".SFNSText-Regular", "San Francisco", "Roboto",
                  "Segoe UI", "Helvetica Neue", "Lucida Grande", sans-serif
                ",
  -             "fontSize": 15,
  +             "fontSize": "15px",
                "fontWeight": 300,
                "lineHeight": 1.45,
              }
            }>
            <div
              style={
                Object {
                  "borderBottom": "1px solid #eee",
                  "marginBottom": 10,
  +               "paddingTop": 10,
                }
              }>
              <h1
                style={
                  Object {
  -                 "fontSize": 35,
  -                 "margin": "20px 0 0 0",
  +                 "fontSize": "35px",
  +                 "margin": 0,
                    "padding": 0,
                  }
                }>
                ButtonGroup
              </h1>
              <h2
                style={
                  Object {
  -                 "fontSize": 22,
  +                 "fontSize": "22px",
                    "fontWeight": 400,
                    "margin": "0 0 10px 0",
                    "padding": 0,
                  }
                }>
                Default disalbed
              </h2>
            </div>
            <div
              style={
                Object {
                  "marginBottom": 0,
                }
              }>
              <p
                style={
                  Object {
                    "WebkitFontSmoothing": "antialiased",
                    "color": "#444",
                    "fontFamily": "
                      -apple-system, ".SFNSText-Regular", "San Francisco", "Roboto",
                      "Segoe UI", "Helvetica Neue", "Lucida Grande", sans-serif
                    ",
  -                 "fontSize": 15,
  +                 "fontSize": "15px",
                  }
                }>
                Grouped buttons with disabled button
              </p>
            </div>
            <div>
              <h1
                style={
                  Object {
                    "borderBottom": "1px solid #EEE",
  -                 "fontSize": 25,
  +                 "fontSize": "25px",
                    "margin": "20px 0 0 0",
                    "padding": "0 0 5px 0",
                  }
                }>
                Story Source
              </h1>
              <pre
                style={
                  Object {
                    "backgroundColor": "#fafafa",
                    "fontFamily": "Menlo, Monaco, "Courier New", monospace",
                    "fontSize": ".88em",
                    "lineHeight": 1.5,
                    "overflowX": "scroll",
                    "padding": ".5rem",
                  }
                }>
                <div>
                  <div
                    style={
                      Object {
                        "paddingLeft": 18,
                        "paddingRight": 3,
                      }
                    }>
                    <span
                      style={
                        Object {
                          "color": "#777",
                        }
                      }>
                      <
                      ButtonGroup
                    </span>
                    <span />
                    <span
                      style={
                        Object {
                          "color": "#777",
                        }
                      }>
                      >
                    </span>
                  </div>
                  <div>
                    <div
                      style={
                        Object {
                          "paddingLeft": 33,
                          "paddingRight": 3,
                        }
                      }>
                      <span
                        style={
                          Object {
                            "color": "#777",
                          }
                        }>
                        <
                        Button
                      </span>
                      <span>
                        <span>
                           
                          <span
                            style={Object {}}>
                            type
                          </span>
                          <span>
                            =
                            <span
                              style={Object {}}>
                              <span
                                style={
                                  Object {
                                    "color": "#22a",
                                    "wordBreak": "break-word",
                                  }
                                }>
                                "
                                neutral
                                "
                              </span>
                            </span>
                          </span>
                        </span>
                        <span>
                           
                          <span
                            style={Object {}}>
                            onClick
                          </span>
                          <span>
                            =
                            <span
                              style={Object {}}>
                              <span>
                                {
                                <span
                                  style={
                                    Object {
                                      "color": "#170",
                                    }
                                  }>
  -                               anonymous()
  +                               click()
                                </span>
                                }
                              </span>
                            </span>
                          </span>
                          
                        </span>
                      </span>
                      <span
                        style={
                          Object {
                            "color": "#777",
                          }
                        }>
                        >
                      </span>
                    </div>
                    <div
                      style={
                        Object {
                          "paddingLeft": 48,
                          "paddingRight": 3,
                        }
                      }>
                      <span
                        style={
                          Object {
                            "color": "#777",
                          }
                        }>
                        Refresh
                      </span>
                    </div>
                    <div
                      style={
                        Object {
                          "paddingLeft": 33,
                          "paddingRight": 3,
                        }
                      }>
                      <span
                        style={
                          Object {
                            "color": "#777",
                          }
                        }>
                        </
                        Button
                        >
                      </span>
                    </div>
                  </div>
                  <div>
                    <div
                      style={
                        Object {
                          "paddingLeft": 33,
                          "paddingRight": 3,
                        }
                      }>
                      <span
                        style={
                          Object {
                            "color": "#777",
                          }
                        }>
                        <
                        Button
                      </span>
                      <span>
                        <span>
                           
                          <span
                            style={Object {}}>
                            type
                          </span>
                          <span>
                            =
                            <span
                              style={Object {}}>
                              <span
                                style={
                                  Object {
                                    "color": "#22a",
                                    "wordBreak": "break-word",
                                  }
                                }>
                                "
                                neutral
                                "
                              </span>
                            </span>
                          </span>
                        </span>
                        <span>
                           
                          <span
                            style={Object {}}>
                            onClick
                          </span>
                          <span>
                            =
                            <span
                              style={Object {}}>
                              <span>
                                {
                                <span
                                  style={
                                    Object {
                                      "color": "#170",
                                    }
                                  }>
  -                               anonymous()
  +                               click()
                                </span>
                                }
                              </span>
                            </span>
                          </span>
                          
                        </span>
                      </span>
                      <span
                        style={
                          Object {
                            "color": "#777",
                          }
                        }>
                        >
                      </span>
                    </div>
                    <div
                      style={
                        Object {
                          "paddingLeft": 48,
                          "paddingRight": 3,
                        }
                      }>
                      <span
                        style={
                          Object {
                            "color": "#777",
                          }
                        }>
                        Edit
                      </span>
                    </div>
                    <div
                      style={
                        Object {
                          "paddingLeft": 33,
                          "paddingRight": 3,
                        }
                      }>
                      <span
                        style={
                          Object {
                            "color": "#777",
                          }
                        }>
                        </
                        Button
                        >
                      </span>
                    </div>
                  </div>
                  <div>
                    <div
                      style={
                        Object {
                          "paddingLeft": 33,
                          "paddingRight": 3,
                        }
                      }>
                      <span
                        style={
                          Object {
                            "color": "#777",
                          }
                        }>
                        <
                        Button
                      </span>
                      <span>
                        <span>
                          <span>
                            <br />
                              
                          </span>
                          <span
                            style={Object {}}>
                            type
                          </span>
                          <span>
                            =
                            <span
                              style={Object {}}>
                              <span
                                style={
                                  Object {
                                    "color": "#22a",
                                    "wordBreak": "break-word",
                                  }
                                }>
                                "
                                neutral
                                "
                              </span>
                            </span>
                          </span>
                        </span>
                        <span>
                          <span>
                            <br />
                              
                          </span>
                          <span
                            style={Object {}}>
                            disabled
                          </span>
                        </span>
                        <span>
                          <span>
                            <br />
                              
                          </span>
                          <span
                            style={Object {}}>
                            icon
                          </span>
                          <span>
                            =
                            <span
                              style={Object {}}>
                              <span
                                style={
                                  Object {
                                    "color": "#22a",
                                    "wordBreak": "break-word",
                                  }
                                }>
                                "
                                download
                                "
                              </span>
                            </span>
                          </span>
                        </span>
                        <span>
                          <span>
                            <br />
                              
                          </span>
                          <span
                            style={Object {}}>
                            iconAlign
                          </span>
                          <span>
                            =
                            <span
                              style={Object {}}>
                              <span
                                style={
                                  Object {
                                    "color": "#22a",
                                    "wordBreak": "break-word",
                                  }
                                }>
                                "
                                left
                                "
                              </span>
                            </span>
                          </span>
                        </span>
                        <span>
                          <span>
                            <br />
                              
                          </span>
                          <span
                            style={Object {}}>
                            onClick
                          </span>
                          <span>
                            =
                            <span
                              style={Object {}}>
                              <span>
                                {
                                <span
                                  style={
                                    Object {
                                      "color": "#170",
                                    }
                                  }>
  -                               anonymous()
  +                               click()
                                </span>
                                }
                              </span>
                            </span>
                          </span>
                          <br />
                        </span>
                      </span>
                      <span
                        style={
                          Object {
                            "color": "#777",
                          }
                        }>
                        >
                      </span>
                    </div>
                    <div
                      style={
                        Object {
                          "paddingLeft": 48,
                          "paddingRight": 3,
                        }
                      }>
                      <span
                        style={
                          Object {
                            "color": "#777",
                          }
                        }>
                        Download
                      </span>
                    </div>
                    <div
                      style={
                        Object {
                          "paddingLeft": 33,
                          "paddingRight": 3,
                        }
                      }>
                      <span
                        style={
                          Object {
                            "color": "#777",
                          }
                        }>
                        </
                        Button
                        >
                      </span>
                    </div>
                  </div>
                  <div
                    style={
                      Object {
                        "paddingLeft": 18,
                        "paddingRight": 3,
                      }
                    }>
                    <span
                      style={
                        Object {
                          "color": "#777",
                        }
                      }>
                      </
                      ButtonGroup
                      >
                    </span>
                  </div>
                </div>
              </pre>
            </div>
            <div>
              <h1
                style={
                  Object {
                    "borderBottom": "1px solid #EEE",
  -                 "fontSize": 25,
  +                 "fontSize": "25px",
                    "margin": "20px 0 0 0",
                    "padding": "0 0 5px 0",
                  }
                }>
                Prop Types
              </h1>
              <div>
                <h2
                  style={
                    Object {
                      "margin": "20px 0 0 0",
                    }
                  }>
                  "
                  Button
                  " Component
                </h2>
                <table
                  style={
                    Object {
                      "borderCollapse": "separate",
                      "borderSpacing": "10px 5px",
                      "marginLeft": -10,
                    }
                  }>
                  <thead>
                    <tr>
                      <th>
                        property
                      </th>
                      <th>
                        propType
                      </th>
                      <th>
                        required
                      </th>
                      <th>
                        default
                      </th>
                    </tr>
                  </thead>
                  <tbody>
                    <tr>
                      <td>
                        loading
                      </td>
                      <td>
                        bool
                      </td>
                      <td>
                        no
                      </td>
                      <td>
                        -
                      </td>
                    </tr>
                    <tr>
                      <td>
                        buttonRef
                      </td>
                      <td>
                        func
                      </td>
                      <td>
                        no
                      </td>
                      <td>
                        -
                      </td>
                    </tr>
                    <tr>
                      <td>
                        alt
                      </td>
                      <td>
                        string
                      </td>
                      <td>
                        no
                      </td>
                      <td>
                        -
                      </td>
                    </tr>
                    <tr>
                      <td>
                        iconSize
                      </td>
                      <td>
                        other
                      </td>
                      <td>
                        no
                      </td>
                      <td>
                        -
                      </td>
                    </tr>
                    <tr>
                      <td>
                        className
                      </td>
                      <td>
                        string
                      </td>
                      <td>
                        no
                      </td>
                      <td>
                        -
                      </td>
                    </tr>
                    <tr>
                      <td>
                        children
                      </td>
                      <td>
                        node
                      </td>
                      <td>
                        no
                      </td>
                      <td>
                        -
                      </td>
                    </tr>
                    <tr>
                      <td>
                        iconAlign
                      </td>
                      <td>
                        other
                      </td>
                      <td>
                        no
                      </td>
                      <td>
                        -
                      </td>
                    </tr>
                    <tr>
                      <td>
                        selected
                      </td>
                      <td>
                        bool
                      </td>
                      <td>
                        no
                      </td>
                      <td>
                        -
                      </td>
                    </tr>
                    <tr>
                      <td>
                        label
                      </td>
                      <td>
                        node
                      </td>
                      <td>
                        no
                      </td>
                      <td>
                        -
                      </td>
                    </tr>
                    <tr>
                      <td>
                        icon
                      </td>
                      <td>
                        string
                      </td>
                      <td>
                        no
                      </td>
                      <td>
                        -
                      </td>
                    </tr>
                    <tr>
                      <td>
                        onClick
                      </td>
                      <td>
                        func
                      </td>
                      <td>
                        no
                      </td>
                      <td>
                        -
                      </td>
                    </tr>
                    <tr>
                      <td>
                        inverse
                      </td>
                      <td>
                        bool
                      </td>
                      <td>
                        no
                      </td>
                      <td>
                        -
                      </td>
                    </tr>
                    <tr>
                      <td>
                        iconMore
                      </td>
                      <td>
                        string
                      </td>
                      <td>
                        no
                      </td>
                      <td>
                        -
                      </td>
                    </tr>
                    <tr>
                      <td>
                        iconMoreSize
                      </td>
                      <td>
                        other
                      </td>
                      <td>
                        no
                      </td>
                      <td>
                        -
                      </td>
                    </tr>
                    <tr>
                      <td>
                        htmlType
                      </td>
                      <td>
                        string
                      </td>
                      <td>
                        no
                      </td>
                      <td>
                        -
                      </td>
                    </tr>
                    <tr>
                      <td>
                        size
                      </td>
                      <td>
                        other
                      </td>
                      <td>
                        no
                      </td>
                      <td>
                        -
                      </td>
                    </tr>
                    <tr>
                      <td>
                        type
                      </td>
                      <td>
                        other
                      </td>
                      <td>
                        no
                      </td>
                      <td>
                        -
                      </td>
                    </tr>
                  </tbody>
                </table>
              </div>
              <div>
                <h2
                  style={
                    Object {
                      "margin": "20px 0 0 0",
                    }
                  }>
                  "
                  ButtonGroup
                  " Component
                </h2>
                <table
                  style={
                    Object {
                      "borderCollapse": "separate",
                      "borderSpacing": "10px 5px",
                      "marginLeft": -10,
                    }
                  }>
                  <thead>
                    <tr>
                      <th>
                        property
                      </th>
                      <th>
                        propType
                      </th>
                      <th>
                        required
                      </th>
                      <th>
                        default
                      </th>
                    </tr>
                  </thead>
                  <tbody>
                    <tr>
                      <td>
                        children
                      </td>
                      <td>
                        node
                      </td>
                      <td>
                        no
                      </td>
                      <td>
                        -
                      </td>
                    </tr>
                    <tr>
                      <td>
                        className
                      </td>
                      <td>
                        string
                      </td>
                      <td>
                        no
                      </td>
                      <td>
                        -
                      </td>
                    </tr>
                  </tbody>
                </table>
              </div>
            </div>
          </div>
        </div>
      </div>
    </div>


✗ More
  - Snapshot
  + Current story
  
  <div>
      <div
        style={
          Object {
            "position": "relative",
            "zIndex": 0,
          }
        }>
        <div
          className="slds-button-group"
          role="group">
          <button
            className="slds-button slds-button--neutral"
            onClick={[Function]}
            type="button">
            Refresh
          </button>
          <button
            className="slds-button slds-button--neutral"
            onClick={[Function]}
            type="button">
            Edit
          </button>
          <button
            className="slds-button slds-button--neutral"
            onClick={[Function]}
            type="button">
            <svg
              aria-hidden={true}
              className="slds-button__icon slds-button__icon--left"
              dangerouslySetInnerHTML={
                Object {
                  "__html": "<use xlink:href="/assets/icons/utility-sprite/svg/symbols.svg#download"></use>",
                }
              }
              style={undefined} />
            Download
          </button>
          <div
            className="slds-dropdown-trigger"
            style={undefined}>
            <div
              className="slds-button-group">
              <button
                className="slds-button"
                style={
                  Object {
                    "display": "none",
                  }
                } />
              <button
                aria-haspopup={true}
                className="slds-button slds-button--icon-border"
                onBlur={[Function]}
                onClick={[Function]}
                onKeyDown={[Function]}
                type="button">
                <svg
                  aria-hidden={true}
                  className="slds-button__icon"
                  dangerouslySetInnerHTML={
                    Object {
                      "__html": "<use xlink:href="/assets/icons/utility-sprite/svg/symbols.svg#down"></use>",
                    }
                  }
                  style={undefined} />
              </button>
            </div>
          </div>
        </div>
      </div>
      <a
        onClick={[Function]}
        style={
          Object {
            "background": "#28c",
            "borderRadius": "0 0 0 5px",
            "color": "#fff",
            "cursor": "pointer",
            "display": "block",
            "fontFamily": "sans-serif",
  -         "fontSize": 12,
  +         "fontSize": "12px",
            "padding": "5px 15px",
            "position": "fixed",
            "right": 0,
            "textDecoration": "none",
            "top": 0,
          }
        }>
        ?
      </a>
      <div
        style={
          Object {
            "background": "white",
            "bottom": 0,
            "display": "none",
            "left": 0,
            "overflow": "auto",
            "padding": "0 40px",
            "position": "absolute",
            "right": 0,
            "top": 0,
          }
        }>
        <a
          onClick={[Function]}
          style={
            Object {
              "background": "#28c",
              "borderRadius": "0 0 0 5px",
              "color": "#fff",
              "cursor": "pointer",
              "display": "block",
              "fontFamily": "sans-serif",
  -           "fontSize": 12,
  +           "fontSize": "12px",
              "padding": "5px 15px",
              "position": "fixed",
              "right": 0,
              "textDecoration": "none",
              "top": 0,
            }
          }>
          ×
        </a>
        <div
          style={undefined}>
          <div
            style={
              Object {
                "WebkitFontSmoothing": "antialiased",
                "color": "#444",
                "fontFamily": "
                  -apple-system, ".SFNSText-Regular", "San Francisco", "Roboto",
                  "Segoe UI", "Helvetica Neue", "Lucida Grande", sans-serif
                ",
  -             "fontSize": 15,
  +             "fontSize": "15px",
                "fontWeight": 300,
                "lineHeight": 1.45,
              }
            }>
            <div
              style={
                Object {
                  "borderBottom": "1px solid #eee",
                  "marginBottom": 10,
  +               "paddingTop": 10,
                }
              }>
              <h1
                style={
                  Object {
  -                 "fontSize": 35,
  -                 "margin": "20px 0 0 0",
  +                 "fontSize": "35px",
  +                 "margin": 0,
                    "padding": 0,
                  }
                }>
                ButtonGroup
              </h1>
              <h2
                style={
                  Object {
  -                 "fontSize": 22,
  +                 "fontSize": "22px",
                    "fontWeight": 400,
                    "margin": "0 0 10px 0",
                    "padding": 0,
                  }
                }>
                More
              </h2>
            </div>
            <div
              style={
                Object {
                  "marginBottom": 0,
                }
              }>
              <p
                style={
                  Object {
                    "WebkitFontSmoothing": "antialiased",
                    "color": "#444",
                    "fontFamily": "
                      -apple-system, ".SFNSText-Regular", "San Francisco", "Roboto",
                      "Segoe UI", "Helvetica Neue", "Lucida Grande", sans-serif
                    ",
  -                 "fontSize": 15,
  +                 "fontSize": "15px",
                  }
                }>
                Grouped buttons with dropdown button in right
              </p>
            </div>
            <div>
              <h1
                style={
                  Object {
                    "borderBottom": "1px solid #EEE",
  -                 "fontSize": 25,
  +                 "fontSize": "25px",
                    "margin": "20px 0 0 0",
                    "padding": "0 0 5px 0",
                  }
                }>
                Story Source
              </h1>
              <pre
                style={
                  Object {
                    "backgroundColor": "#fafafa",
                    "fontFamily": "Menlo, Monaco, "Courier New", monospace",
                    "fontSize": ".88em",
                    "lineHeight": 1.5,
                    "overflowX": "scroll",
                    "padding": ".5rem",
                  }
                }>
                <div>
                  <div
                    style={
                      Object {
                        "paddingLeft": 18,
                        "paddingRight": 3,
                      }
                    }>
                    <span
                      style={
                        Object {
                          "color": "#777",
                        }
                      }>
                      <
                      ButtonGroup
                    </span>
                    <span />
                    <span
                      style={
                        Object {
                          "color": "#777",
                        }
                      }>
                      >
                    </span>
                  </div>
                  <div>
                    <div
                      style={
                        Object {
                          "paddingLeft": 33,
                          "paddingRight": 3,
                        }
                      }>
                      <span
                        style={
                          Object {
                            "color": "#777",
                          }
                        }>
                        <
                        Button
                      </span>
                      <span>
                        <span>
                           
                          <span
                            style={Object {}}>
                            type
                          </span>
                          <span>
                            =
                            <span
                              style={Object {}}>
                              <span
                                style={
                                  Object {
                                    "color": "#22a",
                                    "wordBreak": "break-word",
                                  }
                                }>
                                "
                                neutral
                                "
                              </span>
                            </span>
                          </span>
                        </span>
                        <span>
                           
                          <span
                            style={Object {}}>
                            onClick
                          </span>
                          <span>
                            =
                            <span
                              style={Object {}}>
                              <span>
                                {
                                <span
                                  style={
                                    Object {
                                      "color": "#170",
                                    }
                                  }>
  -                               anonymous()
  +                               click()
                                </span>
                                }
                              </span>
                            </span>
                          </span>
                          
                        </span>
                      </span>
                      <span
                        style={
                          Object {
                            "color": "#777",
                          }
                        }>
                        >
                      </span>
                    </div>
                    <div
                      style={
                        Object {
                          "paddingLeft": 63,
                          "paddingRight": 3,
                        }
                      }>
                      <span
                        style={
                          Object {
                            "color": "#777",
                          }
                        }>
                        Refresh
                      </span>
                    </div>
                    <div
                      style={
                        Object {
                          "paddingLeft": 33,
                          "paddingRight": 3,
                        }
                      }>
                      <span
                        style={
                          Object {
                            "color": "#777",
                          }
                        }>
                        </
                        Button
                        >
                      </span>
                    </div>
                  </div>
                  <div>
                    <div
                      style={
                        Object {
                          "paddingLeft": 33,
                          "paddingRight": 3,
                        }
                      }>
                      <span
                        style={
                          Object {
                            "color": "#777",
                          }
                        }>
                        <
                        Button
                      </span>
                      <span>
                        <span>
                           
                          <span
                            style={Object {}}>
                            type
                          </span>
                          <span>
                            =
                            <span
                              style={Object {}}>
                              <span
                                style={
                                  Object {
                                    "color": "#22a",
                                    "wordBreak": "break-word",
                                  }
                                }>
                                "
                                neutral
                                "
                              </span>
                            </span>
                          </span>
                        </span>
                        <span>
                           
                          <span
                            style={Object {}}>
                            onClick
                          </span>
                          <span>
                            =
                            <span
                              style={Object {}}>
                              <span>
                                {
                                <span
                                  style={
                                    Object {
                                      "color": "#170",
                                    }
                                  }>
  -                               anonymous()
  +                               click()
                                </span>
                                }
                              </span>
                            </span>
                          </span>
                          
                        </span>
                      </span>
                      <span
                        style={
                          Object {
                            "color": "#777",
                          }
                        }>
                        >
                      </span>
                    </div>
                    <div
                      style={
                        Object {
                          "paddingLeft": 63,
                          "paddingRight": 3,
                        }
                      }>
                      <span
                        style={
                          Object {
                            "color": "#777",
                          }
                        }>
                        Edit
                      </span>
                    </div>
                    <div
                      style={
                        Object {
                          "paddingLeft": 33,
                          "paddingRight": 3,
                        }
                      }>
                      <span
                        style={
                          Object {
                            "color": "#777",
                          }
                        }>
                        </
                        Button
                        >
                      </span>
                    </div>
                  </div>
                  <div>
                    <div
                      style={
                        Object {
                          "paddingLeft": 33,
                          "paddingRight": 3,
                        }
                      }>
                      <span
                        style={
                          Object {
                            "color": "#777",
                          }
                        }>
                        <
                        Button
                      </span>
                      <span>
                        <span>
                          <span>
                            <br />
                              
                          </span>
                          <span
                            style={Object {}}>
                            type
                          </span>
                          <span>
                            =
                            <span
                              style={Object {}}>
                              <span
                                style={
                                  Object {
                                    "color": "#22a",
                                    "wordBreak": "break-word",
                                  }
                                }>
                                "
                                neutral
                                "
                              </span>
                            </span>
                          </span>
                        </span>
                        <span>
                          <span>
                            <br />
                              
                          </span>
                          <span
                            style={Object {}}>
                            icon
                          </span>
                          <span>
                            =
                            <span
                              style={Object {}}>
                              <span
                                style={
                                  Object {
                                    "color": "#22a",
                                    "wordBreak": "break-word",
                                  }
                                }>
                                "
                                download
                                "
                              </span>
                            </span>
                          </span>
                        </span>
                        <span>
                          <span>
                            <br />
                              
                          </span>
                          <span
                            style={Object {}}>
                            iconAlign
                          </span>
                          <span>
                            =
                            <span
                              style={Object {}}>
                              <span
                                style={
                                  Object {
                                    "color": "#22a",
                                    "wordBreak": "break-word",
                                  }
                                }>
                                "
                                left
                                "
                              </span>
                            </span>
                          </span>
                        </span>
                        <span>
                          <span>
                            <br />
                              
                          </span>
                          <span
                            style={Object {}}>
                            onClick
                          </span>
                          <span>
                            =
                            <span
                              style={Object {}}>
                              <span>
                                {
                                <span
                                  style={
                                    Object {
                                      "color": "#170",
                                    }
                                  }>
  -                               anonymous()
  +                               click()
                                </span>
                                }
                              </span>
                            </span>
                          </span>
                          <br />
                        </span>
                      </span>
                      <span
                        style={
                          Object {
                            "color": "#777",
                          }
                        }>
                        >
                      </span>
                    </div>
                    <div
                      style={
                        Object {
                          "paddingLeft": 63,
                          "paddingRight": 3,
                        }
                      }>
                      <span
                        style={
                          Object {
                            "color": "#777",
                          }
                        }>
                        Download
                      </span>
                    </div>
                    <div
                      style={
                        Object {
                          "paddingLeft": 33,
                          "paddingRight": 3,
                        }
                      }>
                      <span
                        style={
                          Object {
                            "color": "#777",
                          }
                        }>
                        </
                        Button
                        >
                      </span>
                    </div>
                  </div>
                  <div>
                    <div
                      style={
                        Object {
                          "paddingLeft": 33,
                          "paddingRight": 3,
                        }
                      }>
                      <span
                        style={
                          Object {
                            "color": "#777",
                          }
                        }>
                        <
                        DropdownButton
                      </span>
                      <span>
                        <span>
                           
                          <span
                            style={Object {}}>
                            type
                          </span>
                          <span>
                            =
                            <span
                              style={Object {}}>
                              <span
                                style={
                                  Object {
                                    "color": "#22a",
                                    "wordBreak": "break-word",
                                  }
                                }>
                                "
                                icon-border
                                "
                              </span>
                            </span>
                          </span>
                        </span>
                        <span>
                           
                          <span
                            style={Object {}}>
                            menuAlign
                          </span>
                          <span>
                            =
                            <span
                              style={Object {}}>
                              <span
                                style={
                                  Object {
                                    "color": "#22a",
                                    "wordBreak": "break-word",
                                  }
                                }>
                                "
                                right
                                "
                              </span>
                            </span>
                          </span>
                        </span>
                        <span>
                           
                          <span
                            style={Object {}}>
                            onMenuItemClick
                          </span>
                          <span>
                            =
                            <span
                              style={Object {}}>
                              <span>
                                {
                                <span
                                  style={
                                    Object {
                                      "color": "#170",
                                    }
                                  }>
  -                               anonymous()
  +                               menuItemClick()
                                </span>
                                }
                              </span>
                            </span>
                          </span>
                          
                        </span>
                      </span>
                      <span
                        style={
                          Object {
                            "color": "#777",
                          }
                        }>
                        >
                      </span>
                    </div>
                    <div>
                      <div
                        style={
                          Object {
                            "paddingLeft": 48,
                            "paddingRight": 3,
                          }
                        }>
                        <span
                          style={
                            Object {
                              "color": "#777",
                            }
                          }>
                          <
                          DropdownMenuItem
                        </span>
                        <span />
                        <span
                          style={
                            Object {
                              "color": "#777",
                            }
                          }>
                          >
                        </span>
                      </div>
                      <div
                        style={
                          Object {
                            "paddingLeft": 63,
                            "paddingRight": 3,
                          }
                        }>
                        <span
                          style={
                            Object {
                              "color": "#777",
                            }
                          }>
                          Menu Item One
                        </span>
                      </div>
                      <div
                        style={
                          Object {
                            "paddingLeft": 48,
                            "paddingRight": 3,
                          }
                        }>
                        <span
                          style={
                            Object {
                              "color": "#777",
                            }
                          }>
                          </
                          DropdownMenuItem
                          >
                        </span>
                      </div>
                    </div>
                    <div>
                      <div
                        style={
                          Object {
                            "paddingLeft": 48,
                            "paddingRight": 3,
                          }
                        }>
                        <span
                          style={
                            Object {
                              "color": "#777",
                            }
                          }>
                          <
                          DropdownMenuItem
                        </span>
                        <span />
                        <span
                          style={
                            Object {
                              "color": "#777",
                            }
                          }>
                          >
                        </span>
                      </div>
                      <div
                        style={
                          Object {
                            "paddingLeft": 63,
                            "paddingRight": 3,
                          }
                        }>
                        <span
                          style={
                            Object {
                              "color": "#777",
                            }
                          }>
                          Menu Item Two
                        </span>
                      </div>
                      <div
                        style={
                          Object {
                            "paddingLeft": 48,
                            "paddingRight": 3,
                          }
                        }>
                        <span
                          style={
                            Object {
                              "color": "#777",
                            }
                          }>
                          </
                          DropdownMenuItem
                          >
                        </span>
                      </div>
                    </div>
                    <div>
                      <div
                        style={
                          Object {
                            "paddingLeft": 48,
                            "paddingRight": 3,
                          }
                        }>
                        <span
                          style={
                            Object {
                              "color": "#777",
                            }
                          }>
                          <
                          DropdownMenuItem
                        </span>
                        <span />
                        <span
                          style={
                            Object {
                              "color": "#777",
                            }
                          }>
                          >
                        </span>
                      </div>
                      <div
                        style={
                          Object {
                            "paddingLeft": 63,
                            "paddingRight": 3,
                          }
                        }>
                        <span
                          style={
                            Object {
                              "color": "#777",
                            }
                          }>
                          Menu Item Three
                        </span>
                      </div>
                      <div
                        style={
                          Object {
                            "paddingLeft": 48,
                            "paddingRight": 3,
                          }
                        }>
                        <span
                          style={
                            Object {
                              "color": "#777",
                            }
                          }>
                          </
                          DropdownMenuItem
                          >
                        </span>
                      </div>
                    </div>
                    <div
                      style={
                        Object {
                          "paddingLeft": 33,
                          "paddingRight": 3,
                        }
                      }>
                      <span
                        style={
                          Object {
                            "color": "#777",
                          }
                        }>
                        </
                        DropdownButton
                        >
                      </span>
                    </div>
                  </div>
                  <div
                    style={
                      Object {
                        "paddingLeft": 18,
                        "paddingRight": 3,
                      }
                    }>
                    <span
                      style={
                        Object {
                          "color": "#777",
                        }
                      }>
                      </
                      ButtonGroup
                      >
                    </span>
                  </div>
                </div>
              </pre>
            </div>
            <div>
              <h1
                style={
                  Object {
                    "borderBottom": "1px solid #EEE",
  -                 "fontSize": 25,
  +                 "fontSize": "25px",
                    "margin": "20px 0 0 0",
                    "padding": "0 0 5px 0",
                  }
                }>
                Prop Types
              </h1>
              <div>
                <h2
                  style={
                    Object {
                      "margin": "20px 0 0 0",
                    }
                  }>
                  "
                  Button
                  " Component
                </h2>
                <table
                  style={
                    Object {
                      "borderCollapse": "separate",
                      "borderSpacing": "10px 5px",
                      "marginLeft": -10,
                    }
                  }>
                  <thead>
                    <tr>
                      <th>
                        property
                      </th>
                      <th>
                        propType
                      </th>
                      <th>
                        required
                      </th>
                      <th>
                        default
                      </th>
                    </tr>
                  </thead>
                  <tbody>
                    <tr>
                      <td>
                        loading
                      </td>
                      <td>
                        bool
                      </td>
                      <td>
                        no
                      </td>
                      <td>
                        -
                      </td>
                    </tr>
                    <tr>
                      <td>
                        buttonRef
                      </td>
                      <td>
                        func
                      </td>
                      <td>
                        no
                      </td>
                      <td>
                        -
                      </td>
                    </tr>
                    <tr>
                      <td>
                        alt
                      </td>
                      <td>
                        string
                      </td>
                      <td>
                        no
                      </td>
                      <td>
                        -
                      </td>
                    </tr>
                    <tr>
                      <td>
                        iconSize
                      </td>
                      <td>
                        other
                      </td>
                      <td>
                        no
                      </td>
                      <td>
                        -
                      </td>
                    </tr>
                    <tr>
                      <td>
                        className
                      </td>
                      <td>
                        string
                      </td>
                      <td>
                        no
                      </td>
                      <td>
                        -
                      </td>
                    </tr>
                    <tr>
                      <td>
                        children
                      </td>
                      <td>
                        node
                      </td>
                      <td>
                        no
                      </td>
                      <td>
                        -
                      </td>
                    </tr>
                    <tr>
                      <td>
                        iconAlign
                      </td>
                      <td>
                        other
                      </td>
                      <td>
                        no
                      </td>
                      <td>
                        -
                      </td>
                    </tr>
                    <tr>
                      <td>
                        selected
                      </td>
                      <td>
                        bool
                      </td>
                      <td>
                        no
                      </td>
                      <td>
                        -
                      </td>
                    </tr>
                    <tr>
                      <td>
                        label
                      </td>
                      <td>
                        node
                      </td>
                      <td>
                        no
                      </td>
                      <td>
                        -
                      </td>
                    </tr>
                    <tr>
                      <td>
                        icon
                      </td>
                      <td>
                        string
                      </td>
                      <td>
                        no
                      </td>
                      <td>
                        -
                      </td>
                    </tr>
                    <tr>
                      <td>
                        onClick
                      </td>
                      <td>
                        func
                      </td>
                      <td>
                        no
                      </td>
                      <td>
                        -
                      </td>
                    </tr>
                    <tr>
                      <td>
                        inverse
                      </td>
                      <td>
                        bool
                      </td>
                      <td>
                        no
                      </td>
                      <td>
                        -
                      </td>
                    </tr>
                    <tr>
                      <td>
                        iconMore
                      </td>
                      <td>
                        string
                      </td>
                      <td>
                        no
                      </td>
                      <td>
                        -
                      </td>
                    </tr>
                    <tr>
                      <td>
                        iconMoreSize
                      </td>
                      <td>
                        other
                      </td>
                      <td>
                        no
                      </td>
                      <td>
                        -
                      </td>
                    </tr>
                    <tr>
                      <td>
                        htmlType
                      </td>
                      <td>
                        string
                      </td>
                      <td>
                        no
                      </td>
                      <td>
                        -
                      </td>
                    </tr>
                    <tr>
                      <td>
                        size
                      </td>
                      <td>
                        other
                      </td>
                      <td>
                        no
                      </td>
                      <td>
                        -
                      </td>
                    </tr>
                    <tr>
                      <td>
                        type
                      </td>
                      <td>
                        other
                      </td>
                      <td>
                        no
                      </td>
                      <td>
                        -
                      </td>
                    </tr>
                  </tbody>
                </table>
              </div>
              <div>
                <h2
                  style={
                    Object {
                      "margin": "20px 0 0 0",
                    }
                  }>
                  "
                  ButtonGroup
                  " Component
                </h2>
                <table
                  style={
                    Object {
                      "borderCollapse": "separate",
                      "borderSpacing": "10px 5px",
                      "marginLeft": -10,
                    }
                  }>
                  <thead>
                    <tr>
                      <th>
                        property
                      </th>
                      <th>
                        propType
                      </th>
                      <th>
                        required
                      </th>
                      <th>
                        default
                      </th>
                    </tr>
                  </thead>
                  <tbody>
                    <tr>
                      <td>
                        children
                      </td>
                      <td>
                        node
                      </td>
                      <td>
                        no
                      </td>
                      <td>
                        -
                      </td>
                    </tr>
                    <tr>
                      <td>
                        className
                      </td>
                      <td>
                        string
                      </td>
                      <td>
                        no
                      </td>
                      <td>
                        -
                      </td>
                    </tr>
                  </tbody>
                </table>
              </div>
              <div>
                <h2
                  style={
                    Object {
                      "margin": "20px 0 0 0",
                    }
                  }>
                  "
                  DropdownButton
                  " Component
                </h2>
                <table
                  style={
                    Object {
                      "borderCollapse": "separate",
                      "borderSpacing": "10px 5px",
                      "marginLeft": -10,
                    }
                  }>
                  <thead>
                    <tr>
                      <th>
                        property
                      </th>
                      <th>
                        propType
                      </th>
                      <th>
                        required
                      </th>
                      <th>
                        default
                      </th>
                    </tr>
                  </thead>
                  <tbody>
                    <tr>
                      <td>
                        onBlur
                      </td>
                      <td>
                        func
                      </td>
                      <td>
                        no
                      </td>
                      <td>
                        -
                      </td>
                    </tr>
                    <tr>
                      <td>
                        className
                      </td>
                      <td>
                        string
                      </td>
                      <td>
                        no
                      </td>
                      <td>
                        -
                      </td>
                    </tr>
                    <tr>
                      <td>
                        children
                      </td>
                      <td>
                        node
                      </td>
                      <td>
                        no
                      </td>
                      <td>
                        -
                      </td>
                    </tr>
                    <tr>
                      <td>
                        onClick
                      </td>
                      <td>
                        func
                      </td>
                      <td>
                        no
                      </td>
                      <td>
                        -
                      </td>
                    </tr>
                    <tr>
                      <td>
                        icon
                      </td>
                      <td>
                        string
                      </td>
                      <td>
                        no
                      </td>
                      <td>
                        -
                      </td>
                    </tr>
                    <tr>
                      <td>
                        grouped
                      </td>
                      <td>
                        bool
                      </td>
                      <td>
                        no
                      </td>
                      <td>
                        -
                      </td>
                    </tr>
                    <tr>
                      <td>
                        hoverPopup
                      </td>
                      <td>
                        bool
                      </td>
                      <td>
                        no
                      </td>
                      <td>
                        -
                      </td>
                    </tr>
                    <tr>
                      <td>
                        menuSize
                      </td>
                      <td>
                        other
                      </td>
                      <td>
                        no
                      </td>
                      <td>
                        -
                      </td>
                    </tr>
                    <tr>
                      <td>
                        menuStyle
                      </td>
                      <td>
                        object
                      </td>
                      <td>
                        no
                      </td>
                      <td>
                        -
                      </td>
                    </tr>
                    <tr>
                      <td>
                        label
                      </td>
                      <td>
                        node
                      </td>
                      <td>
                        no
                      </td>
                      <td>
                        -
                      </td>
                    </tr>
                    <tr>
                      <td>
                        menuAlign
                      </td>
                      <td>
                        other
                      </td>
                      <td>
                        no
                      </td>
                      <td>
                        -
                      </td>
                    </tr>
                    <tr>
                      <td>
                        isLastInGroup
                      </td>
                      <td>
                        bool
                      </td>
                      <td>
                        no
                      </td>
                      <td>
                        -
                      </td>
                    </tr>
                    <tr>
                      <td>
                        menuHeader
                      </td>
                      <td>
                        string
                      </td>
                      <td>
                        no
                      </td>
                      <td>
                        -
                      </td>
                    </tr>
                    <tr>
                      <td>
                        isFirstInGroup
                      </td>
                      <td>
                        bool
                      </td>
                      <td>
                        no
                      </td>
                      <td>
                        -
                      </td>
                    </tr>
                    <tr>
                      <td>
                        nubbinTop
                      </td>
                      <td>
                        bool
                      </td>
                      <td>
                        no
                      </td>
                      <td>
                        -
                      </td>
                    </tr>
                    <tr>
                      <td>
                        onMenuItemClick
                      </td>
                      <td>
                        func
                      </td>
                      <td>
                        no
                      </td>
                      <td>
                        -
                      </td>
                    </tr>
                    <tr>
                      <td>
                        style
                      </td>
                      <td>
                        object
                      </td>
                      <td>
                        no
                      </td>
                      <td>
                        -
                      </td>
                    </tr>
                    <tr>
                      <td>
                        type
                      </td>
                      <td>
                        string
                      </td>
                      <td>
                        no
                      </td>
                      <td>
                        -
                      </td>
                    </tr>
                  </tbody>
                </table>
              </div>
              <div>
                <h2
                  style={
                    Object {
                      "margin": "20px 0 0 0",
                    }
                  }>
                  "
                  DropdownMenuItem
                  " Component
                </h2>
                <table
                  style={
                    Object {
                      "borderCollapse": "separate",
                      "borderSpacing": "10px 5px",
                      "marginLeft": -10,
                    }
                  }>
                  <thead>
                    <tr>
                      <th>
                        property
                      </th>
                      <th>
                        propType
                      </th>
                      <th>
                        required
                      </th>
                      <th>
                        default
                      </th>
                    </tr>
                  </thead>
                  <tbody>
                    <tr>
                      <td>
                        tabIndex
                      </td>
                      <td>
                        number
                      </td>
                      <td>
                        no
                      </td>
                      <td>
                        -
                      </td>
                    </tr>
                    <tr>
                      <td>
                        children
                      </td>
                      <td>
                        node
                      </td>
                      <td>
                        no
                      </td>
                      <td>
                        -
                      </td>
                    </tr>
                    <tr>
                      <td>
                        className
                      </td>
                      <td>
                        string
                      </td>
                      <td>
                        no
                      </td>
                      <td>
                        -
                      </td>
                    </tr>
                    <tr>
                      <td>
                        disabled
                      </td>
                      <td>
                        bool
                      </td>
                      <td>
                        no
                      </td>
                      <td>
                        -
                      </td>
                    </tr>
                    <tr>
                      <td>
                        divider
                      </td>
                      <td>
                        other
                      </td>
                      <td>
                        no
                      </td>
                      <td>
                        -
                      </td>
                    </tr>
                    <tr>
                      <td>
                        icon
                      </td>
                      <td>
                        string
                      </td>
                      <td>
                        no
                      </td>
                      <td>
                        -
                      </td>
                    </tr>
                    <tr>
                      <td>
                        iconRight
                      </td>
                      <td>
                        string
                      </td>
                      <td>
                        no
                      </td>
                      <td>
                        -
                      </td>
                    </tr>
                    <tr>
                      <td>
                        label
                      </td>
                      <td>
                        string
                      </td>
                      <td>
                        no
                      </td>
                      <td>
                        -
                      </td>
                    </tr>
                    <tr>
                      <td>
                        onBlur
                      </td>
                      <td>
                        func
                      </td>
                      <td>
                        no
                      </td>
                      <td>
                        -
                      </td>
                    </tr>
                    <tr>
                      <td>
                        onClick
                      </td>
                      <td>
                        func
                      </td>
                      <td>
                        no
                      </td>
                      <td>
                        -
                      </td>
                    </tr>
                    <tr>
                      <td>
                        onFocus
                      </td>
                      <td>
                        func
                      </td>
                      <td>
                        no
                      </td>
                      <td>
                        -
                      </td>
                    </tr>
                    <tr>
                      <td>
                        selected
                      </td>
                      <td>
                        bool
                      </td>
                      <td>
                        no
                      </td>
                      <td>
                        -
                      </td>
                    </tr>
                  </tbody>
                </table>
              </div>
            </div>
          </div>
        </div>
      </div>
    </div>


✗ Inverse
  - Snapshot
  + Current story
  
  <div>
      <div
        style={
          Object {
            "position": "relative",
            "zIndex": 0,
          }
        }>
        <div
          style={
            Object {
              "backgroundColor": "#16325c",
              "padding": 4,
            }
          }>
          <div
            className="slds-button-group"
            role="group">
            <button
              className="slds-button slds-button--inverse"
              onClick={[Function]}
              type="button">
              Refresh
            </button>
            <button
              className="slds-button slds-button--inverse"
              onClick={[Function]}
              type="button">
              Edit
            </button>
            <button
              className="slds-button slds-button--inverse"
              onClick={[Function]}
              type="button">
              <svg
                aria-hidden={true}
                className="slds-button__icon slds-button__icon--left slds-button__icon--inverse"
                dangerouslySetInnerHTML={
                  Object {
                    "__html": "<use xlink:href="/assets/icons/utility-sprite/svg/symbols.svg#download"></use>",
                  }
                }
                style={undefined} />
              Download
            </button>
            <div
              className="slds-dropdown-trigger"
              style={undefined}>
              <div
                className="slds-button-group">
                <button
                  className="slds-button"
                  style={
                    Object {
                      "display": "none",
                    }
                  } />
                <button
                  aria-haspopup={true}
                  className="slds-button slds-button--icon-border-inverse"
                  onBlur={[Function]}
                  onClick={[Function]}
                  onKeyDown={[Function]}
                  type="button">
                  <svg
                    aria-hidden={true}
                    className="slds-button__icon slds-button__icon--inverse"
                    dangerouslySetInnerHTML={
                      Object {
                        "__html": "<use xlink:href="/assets/icons/utility-sprite/svg/symbols.svg#down"></use>",
                      }
                    }
                    style={undefined} />
                </button>
              </div>
            </div>
          </div>
        </div>
      </div>
      <a
        onClick={[Function]}
        style={
          Object {
            "background": "#28c",
            "borderRadius": "0 0 0 5px",
            "color": "#fff",
            "cursor": "pointer",
            "display": "block",
            "fontFamily": "sans-serif",
  -         "fontSize": 12,
  +         "fontSize": "12px",
            "padding": "5px 15px",
            "position": "fixed",
            "right": 0,
            "textDecoration": "none",
            "top": 0,
          }
        }>
        ?
      </a>
      <div
        style={
          Object {
            "background": "white",
            "bottom": 0,
            "display": "none",
            "left": 0,
            "overflow": "auto",
            "padding": "0 40px",
            "position": "absolute",
            "right": 0,
            "top": 0,
          }
        }>
        <a
          onClick={[Function]}
          style={
            Object {
              "background": "#28c",
              "borderRadius": "0 0 0 5px",
              "color": "#fff",
              "cursor": "pointer",
              "display": "block",
              "fontFamily": "sans-serif",
  -           "fontSize": 12,
  +           "fontSize": "12px",
              "padding": "5px 15px",
              "position": "fixed",
              "right": 0,
              "textDecoration": "none",
              "top": 0,
            }
          }>
          ×
        </a>
        <div
          style={undefined}>
          <div
            style={
              Object {
                "WebkitFontSmoothing": "antialiased",
                "color": "#444",
                "fontFamily": "
                  -apple-system, ".SFNSText-Regular", "San Francisco", "Roboto",
                  "Segoe UI", "Helvetica Neue", "Lucida Grande", sans-serif
                ",
  -             "fontSize": 15,
  +             "fontSize": "15px",
                "fontWeight": 300,
                "lineHeight": 1.45,
              }
            }>
            <div
              style={
                Object {
                  "borderBottom": "1px solid #eee",
                  "marginBottom": 10,
  +               "paddingTop": 10,
                }
              }>
              <h1
                style={
                  Object {
  -                 "fontSize": 35,
  -                 "margin": "20px 0 0 0",
  +                 "fontSize": "35px",
  +                 "margin": 0,
                    "padding": 0,
                  }
                }>
                ButtonGroup
              </h1>
              <h2
                style={
                  Object {
  -                 "fontSize": 22,
  +                 "fontSize": "22px",
                    "fontWeight": 400,
                    "margin": "0 0 10px 0",
                    "padding": 0,
                  }
                }>
                Inverse
              </h2>
            </div>
            <div
              style={
                Object {
                  "marginBottom": 0,
                }
              }>
              <p
                style={
                  Object {
                    "WebkitFontSmoothing": "antialiased",
                    "color": "#444",
                    "fontFamily": "
                      -apple-system, ".SFNSText-Regular", "San Francisco", "Roboto",
                      "Segoe UI", "Helvetica Neue", "Lucida Grande", sans-serif
                    ",
  -                 "fontSize": 15,
  +                 "fontSize": "15px",
                  }
                }>
                Grouped buttons with inversed color
              </p>
            </div>
            <div>
              <h1
                style={
                  Object {
                    "borderBottom": "1px solid #EEE",
  -                 "fontSize": 25,
  +                 "fontSize": "25px",
                    "margin": "20px 0 0 0",
                    "padding": "0 0 5px 0",
                  }
                }>
                Story Source
              </h1>
              <pre
                style={
                  Object {
                    "backgroundColor": "#fafafa",
                    "fontFamily": "Menlo, Monaco, "Courier New", monospace",
                    "fontSize": ".88em",
                    "lineHeight": 1.5,
                    "overflowX": "scroll",
                    "padding": ".5rem",
                  }
                }>
                <div>
                  <div
                    style={
                      Object {
                        "paddingLeft": 18,
                        "paddingRight": 3,
                      }
                    }>
                    <span
                      style={
                        Object {
                          "color": "#777",
                        }
                      }>
                      <
                      div
                    </span>
                    <span>
                      <span>
                         
                        <span
                          style={Object {}}>
                          style
                        </span>
                        <span>
                          =
                          <span
                            style={Object {}}>
                            <span>
                              {
                              <span
                                style={
                                  Object {
                                    "color": "#666",
                                  }
                                }>
                                {
                                <span
                                  style={
                                    Object {
                                      "color": "#666",
                                    }
                                  }>
                                  backgroundColor
                                </span>
                                : 
                                <span
                                  style={
                                    Object {
                                      "color": "#22a",
                                      "wordBreak": "break-word",
                                    }
                                  }>
                                  "
                                  #16325c
                                  "
                                </span>
                                , 
                                <span
                                  style={
                                    Object {
                                      "color": "#666",
                                    }
                                  }>
                                  padding
                                </span>
                                : 
                                <span>
                                  {
                                  <span
                                    style={
                                      Object {
                                        "color": "#a11",
                                      }
                                    }>
                                    4
                                  </span>
                                  }
                                </span>
                                }
                              </span>
                              }
                            </span>
                          </span>
                        </span>
                        
                      </span>
                    </span>
                    <span
                      style={
                        Object {
                          "color": "#777",
                        }
                      }>
                      >
                    </span>
                  </div>
                  <div>
                    <div
                      style={
                        Object {
                          "paddingLeft": 33,
                          "paddingRight": 3,
                        }
                      }>
                      <span
                        style={
                          Object {
                            "color": "#777",
                          }
                        }>
                        <
                        ButtonGroup
                      </span>
                      <span />
                      <span
                        style={
                          Object {
                            "color": "#777",
                          }
                        }>
                        >
                      </span>
                    </div>
                    <div>
                      <div
                        style={
                          Object {
                            "paddingLeft": 48,
                            "paddingRight": 3,
                          }
                        }>
                        <span
                          style={
                            Object {
                              "color": "#777",
                            }
                          }>
                          <
                          Button
                        </span>
                        <span>
                          <span>
                             
                            <span
                              style={Object {}}>
                              type
                            </span>
                            <span>
                              =
                              <span
                                style={Object {}}>
                                <span
                                  style={
                                    Object {
                                      "color": "#22a",
                                      "wordBreak": "break-word",
                                    }
                                  }>
                                  "
                                  inverse
                                  "
                                </span>
                              </span>
                            </span>
                          </span>
                          <span>
                             
                            <span
                              style={Object {}}>
                              onClick
                            </span>
                            <span>
                              =
                              <span
                                style={Object {}}>
                                <span>
                                  {
                                  <span
                                    style={
                                      Object {
                                        "color": "#170",
                                      }
                                    }>
  -                                 anonymous()
  +                                 click()
                                  </span>
                                  }
                                </span>
                              </span>
                            </span>
                            
                          </span>
                        </span>
                        <span
                          style={
                            Object {
                              "color": "#777",
                            }
                          }>
                          >
                        </span>
                      </div>
                      <div
                        style={
                          Object {
                            "paddingLeft": 78,
                            "paddingRight": 3,
                          }
                        }>
                        <span
                          style={
                            Object {
                              "color": "#777",
                            }
                          }>
                          Refresh
                        </span>
                      </div>
                      <div
                        style={
                          Object {
                            "paddingLeft": 48,
                            "paddingRight": 3,
                          }
                        }>
                        <span
                          style={
                            Object {
                              "color": "#777",
                            }
                          }>
                          </
                          Button
                          >
                        </span>
                      </div>
                    </div>
                    <div>
                      <div
                        style={
                          Object {
                            "paddingLeft": 48,
                            "paddingRight": 3,
                          }
                        }>
                        <span
                          style={
                            Object {
                              "color": "#777",
                            }
                          }>
                          <
                          Button
                        </span>
                        <span>
                          <span>
                             
                            <span
                              style={Object {}}>
                              type
                            </span>
                            <span>
                              =
                              <span
                                style={Object {}}>
                                <span
                                  style={
                                    Object {
                                      "color": "#22a",
                                      "wordBreak": "break-word",
                                    }
                                  }>
                                  "
                                  inverse
                                  "
                                </span>
                              </span>
                            </span>
                          </span>
                          <span>
                             
                            <span
                              style={Object {}}>
                              onClick
                            </span>
                            <span>
                              =
                              <span
                                style={Object {}}>
                                <span>
                                  {
                                  <span
                                    style={
                                      Object {
                                        "color": "#170",
                                      }
                                    }>
  -                                 anonymous()
  +                                 click()
                                  </span>
                                  }
                                </span>
                              </span>
                            </span>
                            
                          </span>
                        </span>
                        <span
                          style={
                            Object {
                              "color": "#777",
                            }
                          }>
                          >
                        </span>
                      </div>
                      <div
                        style={
                          Object {
                            "paddingLeft": 78,
                            "paddingRight": 3,
                          }
                        }>
                        <span
                          style={
                            Object {
                              "color": "#777",
                            }
                          }>
                          Edit
                        </span>
                      </div>
                      <div
                        style={
                          Object {
                            "paddingLeft": 48,
                            "paddingRight": 3,
                          }
                        }>
                        <span
                          style={
                            Object {
                              "color": "#777",
                            }
                          }>
                          </
                          Button
                          >
                        </span>
                      </div>
                    </div>
                    <div>
                      <div
                        style={
                          Object {
                            "paddingLeft": 48,
                            "paddingRight": 3,
                          }
                        }>
                        <span
                          style={
                            Object {
                              "color": "#777",
                            }
                          }>
                          <
                          Button
                        </span>
                        <span>
                          <span>
                            <span>
                              <br />
                                
                            </span>
                            <span
                              style={Object {}}>
                              type
                            </span>
                            <span>
                              =
                              <span
                                style={Object {}}>
                                <span
                                  style={
                                    Object {
                                      "color": "#22a",
                                      "wordBreak": "break-word",
                                    }
                                  }>
                                  "
                                  inverse
                                  "
                                </span>
                              </span>
                            </span>
                          </span>
                          <span>
                            <span>
                              <br />
                                
                            </span>
                            <span
                              style={Object {}}>
                              icon
                            </span>
                            <span>
                              =
                              <span
                                style={Object {}}>
                                <span
                                  style={
                                    Object {
                                      "color": "#22a",
                                      "wordBreak": "break-word",
                                    }
                                  }>
                                  "
                                  download
                                  "
                                </span>
                              </span>
                            </span>
                          </span>
                          <span>
                            <span>
                              <br />
                                
                            </span>
                            <span
                              style={Object {}}>
                              iconAlign
                            </span>
                            <span>
                              =
                              <span
                                style={Object {}}>
                                <span
                                  style={
                                    Object {
                                      "color": "#22a",
                                      "wordBreak": "break-word",
                                    }
                                  }>
                                  "
                                  left
                                  "
                                </span>
                              </span>
                            </span>
                          </span>
                          <span>
                            <span>
                              <br />
                                
                            </span>
                            <span
                              style={Object {}}>
                              onClick
                            </span>
                            <span>
                              =
                              <span
                                style={Object {}}>
                                <span>
                                  {
                                  <span
                                    style={
                                      Object {
                                        "color": "#170",
                                      }
                                    }>
  -                                 anonymous()
  +                                 click()
                                  </span>
                                  }
                                </span>
                              </span>
                            </span>
                            <br />
                          </span>
                        </span>
                        <span
                          style={
                            Object {
                              "color": "#777",
                            }
                          }>
                          >
                        </span>
                      </div>
                      <div
                        style={
                          Object {
                            "paddingLeft": 78,
                            "paddingRight": 3,
                          }
                        }>
                        <span
                          style={
                            Object {
                              "color": "#777",
                            }
                          }>
                          Download
                        </span>
                      </div>
                      <div
                        style={
                          Object {
                            "paddingLeft": 48,
                            "paddingRight": 3,
                          }
                        }>
                        <span
                          style={
                            Object {
                              "color": "#777",
                            }
                          }>
                          </
                          Button
                          >
                        </span>
                      </div>
                    </div>
                    <div>
                      <div
                        style={
                          Object {
                            "paddingLeft": 48,
                            "paddingRight": 3,
                          }
                        }>
                        <span
                          style={
                            Object {
                              "color": "#777",
                            }
                          }>
                          <
                          DropdownButton
                        </span>
                        <span>
                          <span>
                             
                            <span
                              style={Object {}}>
                              type
                            </span>
                            <span>
                              =
                              <span
                                style={Object {}}>
                                <span
                                  style={
                                    Object {
                                      "color": "#22a",
                                      "wordBreak": "break-word",
                                    }
                                  }>
                                  "
                                  icon-border-inverse
                                  "
                                </span>
                              </span>
                            </span>
                          </span>
                          <span>
                             
                            <span
                              style={Object {}}>
                              menuAlign
                            </span>
                            <span>
                              =
                              <span
                                style={Object {}}>
                                <span
                                  style={
                                    Object {
                                      "color": "#22a",
                                      "wordBreak": "break-word",
                                    }
                                  }>
                                  "
                                  right
                                  "
                                </span>
                              </span>
                            </span>
                          </span>
                          <span>
                             
                            <span
                              style={Object {}}>
                              onMenuItemClick
                            </span>
                            <span>
                              =
                              <span
                                style={Object {}}>
                                <span>
                                  {
                                  <span
                                    style={
                                      Object {
                                        "color": "#170",
                                      }
                                    }>
  -                                 anonymous()
  +                                 menuItemClick()
                                  </span>
                                  }
                                </span>
                              </span>
                            </span>
                            
                          </span>
                        </span>
                        <span
                          style={
                            Object {
                              "color": "#777",
                            }
                          }>
                          >
                        </span>
                      </div>
                      <div>
                        <div
                          style={
                            Object {
                              "paddingLeft": 63,
                              "paddingRight": 3,
                            }
                          }>
                          <span
                            style={
                              Object {
                                "color": "#777",
                              }
                            }>
                            <
                            DropdownMenuItem
                          </span>
                          <span />
                          <span
                            style={
                              Object {
                                "color": "#777",
                              }
                            }>
                            >
                          </span>
                        </div>
                        <div
                          style={
                            Object {
                              "paddingLeft": 78,
                              "paddingRight": 3,
                            }
                          }>
                          <span
                            style={
                              Object {
                                "color": "#777",
                              }
                            }>
                            Menu Item One
                          </span>
                        </div>
                        <div
                          style={
                            Object {
                              "paddingLeft": 63,
                              "paddingRight": 3,
                            }
                          }>
                          <span
                            style={
                              Object {
                                "color": "#777",
                              }
                            }>
                            </
                            DropdownMenuItem
                            >
                          </span>
                        </div>
                      </div>
                      <div>
                        <div
                          style={
                            Object {
                              "paddingLeft": 63,
                              "paddingRight": 3,
                            }
                          }>
                          <span
                            style={
                              Object {
                                "color": "#777",
                              }
                            }>
                            <
                            DropdownMenuItem
                          </span>
                          <span />
                          <span
                            style={
                              Object {
                                "color": "#777",
                              }
                            }>
                            >
                          </span>
                        </div>
                        <div
                          style={
                            Object {
                              "paddingLeft": 78,
                              "paddingRight": 3,
                            }
                          }>
                          <span
                            style={
                              Object {
                                "color": "#777",
                              }
                            }>
                            Menu Item Two
                          </span>
                        </div>
                        <div
                          style={
                            Object {
                              "paddingLeft": 63,
                              "paddingRight": 3,
                            }
                          }>
                          <span
                            style={
                              Object {
                                "color": "#777",
                              }
                            }>
                            </
                            DropdownMenuItem
                            >
                          </span>
                        </div>
                      </div>
                      <div>
                        <div
                          style={
                            Object {
                              "paddingLeft": 63,
                              "paddingRight": 3,
                            }
                          }>
                          <span
                            style={
                              Object {
                                "color": "#777",
                              }
                            }>
                            <
                            DropdownMenuItem
                          </span>
                          <span />
                          <span
                            style={
                              Object {
                                "color": "#777",
                              }
                            }>
                            >
                          </span>
                        </div>
                        <div
                          style={
                            Object {
                              "paddingLeft": 78,
                              "paddingRight": 3,
                            }
                          }>
                          <span
                            style={
                              Object {
                                "color": "#777",
                              }
                            }>
                            Menu Item Three
                          </span>
                        </div>
                        <div
                          style={
                            Object {
                              "paddingLeft": 63,
                              "paddingRight": 3,
                            }
                          }>
                          <span
                            style={
                              Object {
                                "color": "#777",
                              }
                            }>
                            </
                            DropdownMenuItem
                            >
                          </span>
                        </div>
                      </div>
                      <div
                        style={
                          Object {
                            "paddingLeft": 48,
                            "paddingRight": 3,
                          }
                        }>
                        <span
                          style={
                            Object {
                              "color": "#777",
                            }
                          }>
                          </
                          DropdownButton
                          >
                        </span>
                      </div>
                    </div>
                    <div
                      style={
                        Object {
                          "paddingLeft": 33,
                          "paddingRight": 3,
                        }
                      }>
                      <span
                        style={
                          Object {
                            "color": "#777",
                          }
                        }>
                        </
                        ButtonGroup
                        >
                      </span>
                    </div>
                  </div>
                  <div
                    style={
                      Object {
                        "paddingLeft": 18,
                        "paddingRight": 3,
                      }
                    }>
                    <span
                      style={
                        Object {
                          "color": "#777",
                        }
                      }>
                      </
                      div
                      >
                    </span>
                  </div>
                </div>
              </pre>
            </div>
            <div>
              <h1
                style={
                  Object {
                    "borderBottom": "1px solid #EEE",
  -                 "fontSize": 25,
  +                 "fontSize": "25px",
                    "margin": "20px 0 0 0",
                    "padding": "0 0 5px 0",
                  }
                }>
                Prop Types
              </h1>
              <div>
                <h2
                  style={
                    Object {
                      "margin": "20px 0 0 0",
                    }
                  }>
                  "
                  Button
                  " Component
                </h2>
                <table
                  style={
                    Object {
                      "borderCollapse": "separate",
                      "borderSpacing": "10px 5px",
                      "marginLeft": -10,
                    }
                  }>
                  <thead>
                    <tr>
                      <th>
                        property
                      </th>
                      <th>
                        propType
                      </th>
                      <th>
                        required
                      </th>
                      <th>
                        default
                      </th>
                    </tr>
                  </thead>
                  <tbody>
                    <tr>
                      <td>
                        loading
                      </td>
                      <td>
                        bool
                      </td>
                      <td>
                        no
                      </td>
                      <td>
                        -
                      </td>
                    </tr>
                    <tr>
                      <td>
                        buttonRef
                      </td>
                      <td>
                        func
                      </td>
                      <td>
                        no
                      </td>
                      <td>
                        -
                      </td>
                    </tr>
                    <tr>
                      <td>
                        alt
                      </td>
                      <td>
                        string
                      </td>
                      <td>
                        no
                      </td>
                      <td>
                        -
                      </td>
                    </tr>
                    <tr>
                      <td>
                        iconSize
                      </td>
                      <td>
                        other
                      </td>
                      <td>
                        no
                      </td>
                      <td>
                        -
                      </td>
                    </tr>
                    <tr>
                      <td>
                        className
                      </td>
                      <td>
                        string
                      </td>
                      <td>
                        no
                      </td>
                      <td>
                        -
                      </td>
                    </tr>
                    <tr>
                      <td>
                        children
                      </td>
                      <td>
                        node
                      </td>
                      <td>
                        no
                      </td>
                      <td>
                        -
                      </td>
                    </tr>
                    <tr>
                      <td>
                        iconAlign
                      </td>
                      <td>
                        other
                      </td>
                      <td>
                        no
                      </td>
                      <td>
                        -
                      </td>
                    </tr>
                    <tr>
                      <td>
                        selected
                      </td>
                      <td>
                        bool
                      </td>
                      <td>
                        no
                      </td>
                      <td>
                        -
                      </td>
                    </tr>
                    <tr>
                      <td>
                        label
                      </td>
                      <td>
                        node
                      </td>
                      <td>
                        no
                      </td>
                      <td>
                        -
                      </td>
                    </tr>
                    <tr>
                      <td>
                        icon
                      </td>
                      <td>
                        string
                      </td>
                      <td>
                        no
                      </td>
                      <td>
                        -
                      </td>
                    </tr>
                    <tr>
                      <td>
                        onClick
                      </td>
                      <td>
                        func
                      </td>
                      <td>
                        no
                      </td>
                      <td>
                        -
                      </td>
                    </tr>
                    <tr>
                      <td>
                        inverse
                      </td>
                      <td>
                        bool
                      </td>
                      <td>
                        no
                      </td>
                      <td>
                        -
                      </td>
                    </tr>
                    <tr>
                      <td>
                        iconMore
                      </td>
                      <td>
                        string
                      </td>
                      <td>
                        no
                      </td>
                      <td>
                        -
                      </td>
                    </tr>
                    <tr>
                      <td>
                        iconMoreSize
                      </td>
                      <td>
                        other
                      </td>
                      <td>
                        no
                      </td>
                      <td>
                        -
                      </td>
                    </tr>
                    <tr>
                      <td>
                        htmlType
                      </td>
                      <td>
                        string
                      </td>
                      <td>
                        no
                      </td>
                      <td>
                        -
                      </td>
                    </tr>
                    <tr>
                      <td>
                        size
                      </td>
                      <td>
                        other
                      </td>
                      <td>
                        no
                      </td>
                      <td>
                        -
                      </td>
                    </tr>
                    <tr>
                      <td>
                        type
                      </td>
                      <td>
                        other
                      </td>
                      <td>
                        no
                      </td>
                      <td>
                        -
                      </td>
                    </tr>
                  </tbody>
                </table>
              </div>
              <div>
                <h2
                  style={
                    Object {
                      "margin": "20px 0 0 0",
                    }
                  }>
                  "
                  ButtonGroup
                  " Component
                </h2>
                <table
                  style={
                    Object {
                      "borderCollapse": "separate",
                      "borderSpacing": "10px 5px",
                      "marginLeft": -10,
                    }
                  }>
                  <thead>
                    <tr>
                      <th>
                        property
                      </th>
                      <th>
                        propType
                      </th>
                      <th>
                        required
                      </th>
                      <th>
                        default
                      </th>
                    </tr>
                  </thead>
                  <tbody>
                    <tr>
                      <td>
                        children
                      </td>
                      <td>
                        node
                      </td>
                      <td>
                        no
                      </td>
                      <td>
                        -
                      </td>
                    </tr>
                    <tr>
                      <td>
                        className
                      </td>
                      <td>
                        string
                      </td>
                      <td>
                        no
                      </td>
                      <td>
                        -
                      </td>
                    </tr>
                  </tbody>
                </table>
              </div>
              <div>
                <h2
                  style={
                    Object {
                      "margin": "20px 0 0 0",
                    }
                  }>
                  "
                  DropdownButton
                  " Component
                </h2>
                <table
                  style={
                    Object {
                      "borderCollapse": "separate",
                      "borderSpacing": "10px 5px",
                      "marginLeft": -10,
                    }
                  }>
                  <thead>
                    <tr>
                      <th>
                        property
                      </th>
                      <th>
                        propType
                      </th>
                      <th>
                        required
                      </th>
                      <th>
                        default
                      </th>
                    </tr>
                  </thead>
                  <tbody>
                    <tr>
                      <td>
                        onBlur
                      </td>
                      <td>
                        func
                      </td>
                      <td>
                        no
                      </td>
                      <td>
                        -
                      </td>
                    </tr>
                    <tr>
                      <td>
                        className
                      </td>
                      <td>
                        string
                      </td>
                      <td>
                        no
                      </td>
                      <td>
                        -
                      </td>
                    </tr>
                    <tr>
                      <td>
                        children
                      </td>
                      <td>
                        node
                      </td>
                      <td>
                        no
                      </td>
                      <td>
                        -
                      </td>
                    </tr>
                    <tr>
                      <td>
                        onClick
                      </td>
                      <td>
                        func
                      </td>
                      <td>
                        no
                      </td>
                      <td>
                        -
                      </td>
                    </tr>
                    <tr>
                      <td>
                        icon
                      </td>
                      <td>
                        string
                      </td>
                      <td>
                        no
                      </td>
                      <td>
                        -
                      </td>
                    </tr>
                    <tr>
                      <td>
                        grouped
                      </td>
                      <td>
                        bool
                      </td>
                      <td>
                        no
                      </td>
                      <td>
                        -
                      </td>
                    </tr>
                    <tr>
                      <td>
                        hoverPopup
                      </td>
                      <td>
                        bool
                      </td>
                      <td>
                        no
                      </td>
                      <td>
                        -
                      </td>
                    </tr>
                    <tr>
                      <td>
                        menuSize
                      </td>
                      <td>
                        other
                      </td>
                      <td>
                        no
                      </td>
                      <td>
                        -
                      </td>
                    </tr>
                    <tr>
                      <td>
                        menuStyle
                      </td>
                      <td>
                        object
                      </td>
                      <td>
                        no
                      </td>
                      <td>
                        -
                      </td>
                    </tr>
                    <tr>
                      <td>
                        label
                      </td>
                      <td>
                        node
                      </td>
                      <td>
                        no
                      </td>
                      <td>
                        -
                      </td>
                    </tr>
                    <tr>
                      <td>
                        menuAlign
                      </td>
                      <td>
                        other
                      </td>
                      <td>
                        no
                      </td>
                      <td>
                        -
                      </td>
                    </tr>
                    <tr>
                      <td>
                        isLastInGroup
                      </td>
                      <td>
                        bool
                      </td>
                      <td>
                        no
                      </td>
                      <td>
                        -
                      </td>
                    </tr>
                    <tr>
                      <td>
                        menuHeader
                      </td>
                      <td>
                        string
                      </td>
                      <td>
                        no
                      </td>
                      <td>
                        -
                      </td>
                    </tr>
                    <tr>
                      <td>
                        isFirstInGroup
                      </td>
                      <td>
                        bool
                      </td>
                      <td>
                        no
                      </td>
                      <td>
                        -
                      </td>
                    </tr>
                    <tr>
                      <td>
                        nubbinTop
                      </td>
                      <td>
                        bool
                      </td>
                      <td>
                        no
                      </td>
                      <td>
                        -
                      </td>
                    </tr>
                    <tr>
                      <td>
                        onMenuItemClick
                      </td>
                      <td>
                        func
                      </td>
                      <td>
                        no
                      </td>
                      <td>
                        -
                      </td>
                    </tr>
                    <tr>
                      <td>
                        style
                      </td>
                      <td>
                        object
                      </td>
                      <td>
                        no
                      </td>
                      <td>
                        -
                      </td>
                    </tr>
                    <tr>
                      <td>
                        type
                      </td>
                      <td>
                        string
                      </td>
                      <td>
                        no
                      </td>
                      <td>
                        -
                      </td>
                    </tr>
                  </tbody>
                </table>
              </div>
              <div>
                <h2
                  style={
                    Object {
                      "margin": "20px 0 0 0",
                    }
                  }>
                  "
                  DropdownMenuItem
                  " Component
                </h2>
                <table
                  style={
                    Object {
                      "borderCollapse": "separate",
                      "borderSpacing": "10px 5px",
                      "marginLeft": -10,
                    }
                  }>
                  <thead>
                    <tr>
                      <th>
                        property
                      </th>
                      <th>
                        propType
                      </th>
                      <th>
                        required
                      </th>
                      <th>
                        default
                      </th>
                    </tr>
                  </thead>
                  <tbody>
                    <tr>
                      <td>
                        tabIndex
                      </td>
                      <td>
                        number
                      </td>
                      <td>
                        no
                      </td>
                      <td>
                        -
                      </td>
                    </tr>
                    <tr>
                      <td>
                        children
                      </td>
                      <td>
                        node
                      </td>
                      <td>
                        no
                      </td>
                      <td>
                        -
                      </td>
                    </tr>
                    <tr>
                      <td>
                        className
                      </td>
                      <td>
                        string
                      </td>
                      <td>
                        no
                      </td>
                      <td>
                        -
                      </td>
                    </tr>
                    <tr>
                      <td>
                        disabled
                      </td>
                      <td>
                        bool
                      </td>
                      <td>
                        no
                      </td>
                      <td>
                        -
                      </td>
                    </tr>
                    <tr>
                      <td>
                        divider
                      </td>
                      <td>
                        other
                      </td>
                      <td>
                        no
                      </td>
                      <td>
                        -
                      </td>
                    </tr>
                    <tr>
                      <td>
                        icon
                      </td>
                      <td>
                        string
                      </td>
                      <td>
                        no
                      </td>
                      <td>
                        -
                      </td>
                    </tr>
                    <tr>
                      <td>
                        iconRight
                      </td>
                      <td>
                        string
                      </td>
                      <td>
                        no
                      </td>
                      <td>
                        -
                      </td>
                    </tr>
                    <tr>
                      <td>
                        label
                      </td>
                      <td>
                        string
                      </td>
                      <td>
                        no
                      </td>
                      <td>
                        -
                      </td>
                    </tr>
                    <tr>
                      <td>
                        onBlur
                      </td>
                      <td>
                        func
                      </td>
                      <td>
                        no
                      </td>
                      <td>
                        -
                      </td>
                    </tr>
                    <tr>
                      <td>
                        onClick
                      </td>
                      <td>
                        func
                      </td>
                      <td>
                        no
                      </td>
                      <td>
                        -
                      </td>
                    </tr>
                    <tr>
                      <td>
                        onFocus
                      </td>
                      <td>
                        func
                      </td>
                      <td>
                        no
                      </td>
                      <td>
                        -
                      </td>
                    </tr>
                    <tr>
                      <td>
                        selected
                      </td>
                      <td>
                        bool
                      </td>
                      <td>
                        no
                      </td>
                      <td>
                        -
                      </td>
                    </tr>
                  </tbody>
                </table>
              </div>
            </div>
          </div>
        </div>
      </div>
    </div>


Datepicker

✗ Controlled with knobs
  - Snapshot
  + Current story
  
  <div>
      <div
        style={
          Object {
            "position": "relative",
            "zIndex": 0,
          }
        }>
        <div
          aria-hidden={false}
          className="slds-datepicker"
          onBlur={[Function]}
          onKeyDown={[Function]}
          tabIndex={-1}>
          <div
            className="slds-datepicker__filter slds-grid">
            <div
              className="slds-datepicker__filter--month slds-grid slds-grid--align-spread slds-size--2-of-3">
              <div
                className="slds-align-middle">
                <button
                  className="slds-align-middle slds-button slds-button--icon-container slds-button--icon-small"
                  onClick={[Function]}
                  type="button">
                  <svg
                    aria-hidden={true}
                    className="slds-button__icon"
                    dangerouslySetInnerHTML={
                      Object {
                        "__html": "<use xlink:href="/assets/icons/utility-sprite/svg/symbols.svg#left"></use>",
                      }
                    }
                    style={undefined} />
                  <span
                    className="slds-assistive-text">
                    Previous Month
                  </span>
                </button>
              </div>
              <h2
                className="slds-align-middle">
                Feb
              </h2>
              <div
                className="slds-align-middle">
                <button
                  className="slds-align-middle slds-button slds-button--icon-container slds-button--icon-small"
                  onClick={[Function]}
                  type="button">
                  <svg
                    aria-hidden={true}
                    className="slds-button__icon"
                    dangerouslySetInnerHTML={
                      Object {
                        "__html": "<use xlink:href="/assets/icons/utility-sprite/svg/symbols.svg#right"></use>",
                      }
                    }
                    style={undefined} />
                  <span
                    className="slds-assistive-text">
                    Next Month
                  </span>
                </button>
              </div>
            </div>
            <div
              className="slds-size--1-of-3">
              <select
                className="slds-select"
                id="form-element-$uuid$"
                onChange={[Function]}
                value={2017}>
                <option
  -               label={2012}
  -               value={2012} />
  +               value={2012}>
  +               2012
  +             </option>
                <option
  -               label={2013}
  -               value={2013} />
  +               value={2013}>
  +               2013
  +             </option>
                <option
  -               label={2014}
  -               value={2014} />
  +               value={2014}>
  +               2014
  +             </option>
                <option
  -               label={2015}
  -               value={2015} />
  +               value={2015}>
  +               2015
  +             </option>
                <option
  -               label={2016}
  -               value={2016} />
  +               value={2016}>
  +               2016
  +             </option>
                <option
  -               label={2017}
  -               value={2017} />
  +               value={2017}>
  +               2017
  +             </option>
                <option
  -               label={2018}
  -               value={2018} />
  +               value={2018}>
  +               2018
  +             </option>
                <option
  -               label={2019}
  -               value={2019} />
  +               value={2019}>
  +               2019
  +             </option>
                <option
  -               label={2020}
  -               value={2020} />
  +               value={2020}>
  +               2020
  +             </option>
                <option
  -               label={2021}
  -               value={2021} />
  +               value={2021}>
  +               2021
  +             </option>
                <option
  -               label={2022}
  -               value={2022} />
  +               value={2022}>
  +               2022
  +             </option>
              </select>
            </div>
          </div>
          <table
            aria-labelledby="month"
            className="datepicker__month"
            role="grid">
            <thead>
              <tr>
                <th>
                  <abbr
                    title="Sunday">
                    Su
                  </abbr>
                </th>
                <th>
                  <abbr
                    title="Monday">
                    Mo
                  </abbr>
                </th>
                <th>
                  <abbr
                    title="Tuesday">
                    Tu
                  </abbr>
                </th>
                <th>
                  <abbr
                    title="Wednesday">
                    We
                  </abbr>
                </th>
                <th>
                  <abbr
                    title="Thursday">
                    Th
                  </abbr>
                </th>
                <th>
                  <abbr
                    title="Friday">
                    Fr
                  </abbr>
                </th>
                <th>
                  <abbr
                    title="Saturday">
                    Sa
                  </abbr>
                </th>
              </tr>
            </thead>
            <tbody>
              <tr>
                <td
                  aria-disabled={true}
                  aria-selected={false}
                  className="slds-disabled-text"
                  headers="Sunday"
                  role="gridcell">
                  <span
                    className="slds-day"
                    data-date-value="2017-01-29"
                    onClick={null}
                    onFocus={[Function]}
                    onKeyDown={null}
                    tabIndex={-1}>
                    29
                  </span>
                </td>
                <td
                  aria-disabled={true}
                  aria-selected={false}
                  className="slds-disabled-text"
                  headers="Monday"
                  role="gridcell">
                  <span
                    className="slds-day"
                    data-date-value="2017-01-30"
                    onClick={null}
                    onFocus={[Function]}
                    onKeyDown={null}
                    tabIndex={-1}>
                    30
                  </span>
                </td>
                <td
                  aria-disabled={true}
                  aria-selected={false}
                  className="slds-disabled-text"
                  headers="Tuesday"
                  role="gridcell">
                  <span
                    className="slds-day"
                    data-date-value="2017-01-31"
                    onClick={null}
                    onFocus={[Function]}
                    onKeyDown={null}
                    tabIndex={-1}>
                    31
                  </span>
                </td>
                <td
                  aria-disabled={false}
                  aria-selected={false}
                  className=""
                  headers="Wednesday"
                  role="gridcell">
                  <span
                    className="slds-day"
                    data-date-value="2017-02-01"
                    onClick={[Function]}
                    onFocus={[Function]}
                    onKeyDown={[Function]}
                    tabIndex={0}>
                    1
                  </span>
                </td>
                <td
                  aria-disabled={false}
                  aria-selected={false}
                  className=""
                  headers="Thursday"
                  role="gridcell">
                  <span
                    className="slds-day"
                    data-date-value="2017-02-02"
                    onClick={[Function]}
                    onFocus={[Function]}
                    onKeyDown={[Function]}
                    tabIndex={0}>
                    2
                  </span>
                </td>
                <td
                  aria-disabled={false}
                  aria-selected={false}
                  className=""
                  headers="Friday"
                  role="gridcell">
                  <span
                    className="slds-day"
                    data-date-value="2017-02-03"
                    onClick={[Function]}
                    onFocus={[Function]}
                    onKeyDown={[Function]}
                    tabIndex={0}>
                    3
                  </span>
                </td>
                <td
                  aria-disabled={false}
                  aria-selected={false}
                  className=""
                  headers="Saturday"
                  role="gridcell">
                  <span
                    className="slds-day"
                    data-date-value="2017-02-04"
                    onClick={[Function]}
                    onFocus={[Function]}
                    onKeyDown={[Function]}
                    tabIndex={0}>
                    4
                  </span>
                </td>
              </tr>
              <tr>
                <td
                  aria-disabled={false}
                  aria-selected={false}
                  className=""
                  headers="Sunday"
                  role="gridcell">
                  <span
                    className="slds-day"
                    data-date-value="2017-02-05"
                    onClick={[Function]}
                    onFocus={[Function]}
                    onKeyDown={[Function]}
                    tabIndex={0}>
                    5
                  </span>
                </td>
                <td
                  aria-disabled={false}
                  aria-selected={false}
                  className=""
                  headers="Monday"
                  role="gridcell">
                  <span
                    className="slds-day"
                    data-date-value="2017-02-06"
                    onClick={[Function]}
                    onFocus={[Function]}
                    onKeyDown={[Function]}
                    tabIndex={0}>
                    6
                  </span>
                </td>
                <td
                  aria-disabled={false}
                  aria-selected={false}
                  className=""
                  headers="Tuesday"
                  role="gridcell">
                  <span
                    className="slds-day"
                    data-date-value="2017-02-07"
                    onClick={[Function]}
                    onFocus={[Function]}
                    onKeyDown={[Function]}
                    tabIndex={0}>
                    7
                  </span>
                </td>
                <td
                  aria-disabled={false}
                  aria-selected={false}
                  className=""
                  headers="Wednesday"
                  role="gridcell">
                  <span
                    className="slds-day"
                    data-date-value="2017-02-08"
                    onClick={[Function]}
                    onFocus={[Function]}
                    onKeyDown={[Function]}
                    tabIndex={0}>
                    8
                  </span>
                </td>
                <td
                  aria-disabled={false}
                  aria-selected={false}
                  className=""
                  headers="Thursday"
                  role="gridcell">
                  <span
                    className="slds-day"
                    data-date-value="2017-02-09"
                    onClick={[Function]}
                    onFocus={[Function]}
                    onKeyDown={[Function]}
                    tabIndex={0}>
                    9
                  </span>
                </td>
                <td
                  aria-disabled={false}
                  aria-selected={false}
                  className=""
                  headers="Friday"
                  role="gridcell">
                  <span
                    className="slds-day"
                    data-date-value="2017-02-10"
                    onClick={[Function]}
                    onFocus={[Function]}
                    onKeyDown={[Function]}
                    tabIndex={0}>
                    10
                  </span>
                </td>
                <td
                  aria-disabled={false}
                  aria-selected={false}
                  className=""
                  headers="Saturday"
                  role="gridcell">
                  <span
                    className="slds-day"
                    data-date-value="2017-02-11"
                    onClick={[Function]}
                    onFocus={[Function]}
                    onKeyDown={[Function]}
                    tabIndex={0}>
                    11
                  </span>
                </td>
              </tr>
              <tr>
                <td
                  aria-disabled={false}
                  aria-selected={false}
                  className=""
                  headers="Sunday"
                  role="gridcell">
                  <span
                    className="slds-day"
                    data-date-value="2017-02-12"
                    onClick={[Function]}
                    onFocus={[Function]}
                    onKeyDown={[Function]}
                    tabIndex={0}>
                    12
                  </span>
                </td>
                <td
                  aria-disabled={false}
                  aria-selected={false}
                  className=""
                  headers="Monday"
                  role="gridcell">
                  <span
                    className="slds-day"
                    data-date-value="2017-02-13"
                    onClick={[Function]}
                    onFocus={[Function]}
                    onKeyDown={[Function]}
                    tabIndex={0}>
                    13
                  </span>
                </td>
                <td
                  aria-disabled={false}
                  aria-selected={false}
                  className=""
                  headers="Tuesday"
                  role="gridcell">
                  <span
                    className="slds-day"
                    data-date-value="2017-02-14"
                    onClick={[Function]}
                    onFocus={[Function]}
                    onKeyDown={[Function]}
                    tabIndex={0}>
                    14
                  </span>
                </td>
                <td
                  aria-disabled={false}
                  aria-selected={false}
                  className=""
                  headers="Wednesday"
                  role="gridcell">
                  <span
                    className="slds-day"
                    data-date-value="2017-02-15"
                    onClick={[Function]}
                    onFocus={[Function]}
                    onKeyDown={[Function]}
                    tabIndex={0}>
                    15
                  </span>
                </td>
                <td
                  aria-disabled={false}
                  aria-selected={false}
                  className=""
                  headers="Thursday"
                  role="gridcell">
                  <span
                    className="slds-day"
                    data-date-value="2017-02-16"
                    onClick={[Function]}
                    onFocus={[Function]}
                    onKeyDown={[Function]}
                    tabIndex={0}>
                    16
                  </span>
                </td>
                <td
                  aria-disabled={false}
                  aria-selected={false}
                  className=""
                  headers="Friday"
                  role="gridcell">
                  <span
                    className="slds-day"
                    data-date-value="2017-02-17"
                    onClick={[Function]}
                    onFocus={[Function]}
                    onKeyDown={[Function]}
                    tabIndex={0}>
                    17
                  </span>
                </td>
                <td
                  aria-disabled={false}
                  aria-selected={false}
                  className=""
                  headers="Saturday"
                  role="gridcell">
                  <span
                    className="slds-day"
                    data-date-value="2017-02-18"
                    onClick={[Function]}
                    onFocus={[Function]}
                    onKeyDown={[Function]}
                    tabIndex={0}>
                    18
                  </span>
                </td>
              </tr>
              <tr>
                <td
                  aria-disabled={false}
                  aria-selected={false}
                  className=""
                  headers="Sunday"
                  role="gridcell">
                  <span
                    className="slds-day"
                    data-date-value="2017-02-19"
                    onClick={[Function]}
                    onFocus={[Function]}
                    onKeyDown={[Function]}
                    tabIndex={0}>
                    19
                  </span>
                </td>
                <td
                  aria-disabled={false}
                  aria-selected={false}
                  className=""
                  headers="Monday"
                  role="gridcell">
                  <span
                    className="slds-day"
                    data-date-value="2017-02-20"
                    onClick={[Function]}
                    onFocus={[Function]}
                    onKeyDown={[Function]}
                    tabIndex={0}>
                    20
                  </span>
                </td>
                <td
                  aria-disabled={false}
                  aria-selected={false}
                  className=""
                  headers="Tuesday"
                  role="gridcell">
                  <span
                    className="slds-day"
                    data-date-value="2017-02-21"
                    onClick={[Function]}
                    onFocus={[Function]}
                    onKeyDown={[Function]}
                    tabIndex={0}>
                    21
                  </span>
                </td>
                <td
                  aria-disabled={false}
                  aria-selected={false}
                  className=""
                  headers="Wednesday"
                  role="gridcell">
                  <span
                    className="slds-day"
                    data-date-value="2017-02-22"
                    onClick={[Function]}
                    onFocus={[Function]}
                    onKeyDown={[Function]}
                    tabIndex={0}>
                    22
                  </span>
                </td>
                <td
                  aria-disabled={false}
                  aria-selected={false}
                  className="slds-is-today"
                  headers="Thursday"
                  role="gridcell">
                  <span
                    className="slds-day"
                    data-date-value="2017-02-23"
                    onClick={[Function]}
                    onFocus={[Function]}
                    onKeyDown={[Function]}
                    tabIndex={0}>
                    23
                  </span>
                </td>
                <td
                  aria-disabled={false}
                  aria-selected={false}
                  className=""
                  headers="Friday"
                  role="gridcell">
                  <span
                    className="slds-day"
                    data-date-value="2017-02-24"
                    onClick={[Function]}
                    onFocus={[Function]}
                    onKeyDown={[Function]}
                    tabIndex={0}>
                    24
                  </span>
                </td>
                <td
                  aria-disabled={false}
                  aria-selected={false}
                  className=""
                  headers="Saturday"
                  role="gridcell">
                  <span
                    className="slds-day"
                    data-date-value="2017-02-25"
                    onClick={[Function]}
                    onFocus={[Function]}
                    onKeyDown={[Function]}
                    tabIndex={0}>
                    25
                  </span>
                </td>
              </tr>
              <tr>
                <td
                  aria-disabled={false}
                  aria-selected={false}
                  className=""
                  headers="Sunday"
                  role="gridcell">
                  <span
                    className="slds-day"
                    data-date-value="2017-02-26"
                    onClick={[Function]}
                    onFocus={[Function]}
                    onKeyDown={[Function]}
                    tabIndex={0}>
                    26
                  </span>
                </td>
                <td
                  aria-disabled={false}
                  aria-selected={false}
                  className=""
                  headers="Monday"
                  role="gridcell">
                  <span
                    className="slds-day"
                    data-date-value="2017-02-27"
                    onClick={[Function]}
                    onFocus={[Function]}
                    onKeyDown={[Function]}
                    tabIndex={0}>
                    27
                  </span>
                </td>
                <td
                  aria-disabled={false}
                  aria-selected={false}
                  className=""
                  headers="Tuesday"
                  role="gridcell">
                  <span
                    className="slds-day"
                    data-date-value="2017-02-28"
                    onClick={[Function]}
                    onFocus={[Function]}
                    onKeyDown={[Function]}
                    tabIndex={0}>
                    28
                  </span>
                </td>
                <td
                  aria-disabled={true}
                  aria-selected={false}
                  className="slds-disabled-text"
                  headers="Wednesday"
                  role="gridcell">
                  <span
                    className="slds-day"
                    data-date-value="2017-03-01"
                    onClick={null}
                    onFocus={[Function]}
                    onKeyDown={null}
                    tabIndex={-1}>
                    1
                  </span>
                </td>
                <td
                  aria-disabled={true}
                  aria-selected={false}
                  className="slds-disabled-text"
                  headers="Thursday"
                  role="gridcell">
                  <span
                    className="slds-day"
                    data-date-value="2017-03-02"
                    onClick={null}
                    onFocus={[Function]}
                    onKeyDown={null}
                    tabIndex={-1}>
                    2
                  </span>
                </td>
                <td
                  aria-disabled={true}
                  aria-selected={false}
                  className="slds-disabled-text"
                  headers="Friday"
                  role="gridcell">
                  <span
                    className="slds-day"
                    data-date-value="2017-03-03"
                    onClick={null}
                    onFocus={[Function]}
                    onKeyDown={null}
                    tabIndex={-1}>
                    3
                  </span>
                </td>
                <td
                  aria-disabled={true}
                  aria-selected={false}
                  className="slds-disabled-text"
                  headers="Saturday"
                  role="gridcell">
                  <span
                    className="slds-day"
                    data-date-value="2017-03-04"
                    onClick={null}
                    onFocus={[Function]}
                    onKeyDown={null}
                    tabIndex={-1}>
                    4
                  </span>
                </td>
              </tr>
            </tbody>
          </table>
        </div>
      </div>
      <a
        onClick={[Function]}
        style={
          Object {
            "background": "#28c",
            "borderRadius": "0 0 0 5px",
            "color": "#fff",
            "cursor": "pointer",
            "display": "block",
            "fontFamily": "sans-serif",
  -         "fontSize": 12,
  +         "fontSize": "12px",
            "padding": "5px 15px",
            "position": "fixed",
            "right": 0,
            "textDecoration": "none",
            "top": 0,
          }
        }>
        ?
      </a>
      <div
        style={
          Object {
            "background": "white",
            "bottom": 0,
            "display": "none",
            "left": 0,
            "overflow": "auto",
            "padding": "0 40px",
            "position": "absolute",
            "right": 0,
            "top": 0,
          }
        }>
        <a
          onClick={[Function]}
          style={
            Object {
              "background": "#28c",
              "borderRadius": "0 0 0 5px",
              "color": "#fff",
              "cursor": "pointer",
              "display": "block",
              "fontFamily": "sans-serif",
  -           "fontSize": 12,
  +           "fontSize": "12px",
              "padding": "5px 15px",
              "position": "fixed",
              "right": 0,
              "textDecoration": "none",
              "top": 0,
            }
          }>
          ×
        </a>
        <div
          style={undefined}>
          <div
            style={
              Object {
                "WebkitFontSmoothing": "antialiased",
                "color": "#444",
                "fontFamily": "
                  -apple-system, ".SFNSText-Regular", "San Francisco", "Roboto",
                  "Segoe UI", "Helvetica Neue", "Lucida Grande", sans-serif
                ",
  -             "fontSize": 15,
  +             "fontSize": "15px",
                "fontWeight": 300,
                "lineHeight": 1.45,
              }
            }>
            <div
              style={
                Object {
                  "borderBottom": "1px solid #eee",
                  "marginBottom": 10,
  +               "paddingTop": 10,
                }
              }>
              <h1
                style={
                  Object {
  -                 "fontSize": 35,
  -                 "margin": "20px 0 0 0",
  +                 "fontSize": "35px",
  +                 "margin": 0,
                    "padding": 0,
                  }
                }>
                Datepicker
              </h1>
              <h2
                style={
                  Object {
  -                 "fontSize": 22,
  +                 "fontSize": "22px",
                    "fontWeight": 400,
                    "margin": "0 0 10px 0",
                    "padding": 0,
                  }
                }>
                Controlled with knobs
              </h2>
            </div>
            <div
              style={
                Object {
                  "marginBottom": 0,
                }
              }>
              <p
                style={
                  Object {
                    "WebkitFontSmoothing": "antialiased",
                    "color": "#444",
                    "fontFamily": "
                      -apple-system, ".SFNSText-Regular", "San Francisco", "Roboto",
                      "Segoe UI", "Helvetica Neue", "Lucida Grande", sans-serif
                    ",
  -                 "fontSize": 15,
  +                 "fontSize": "15px",
                  }
                }>
                DateInput controlled with knobs
              </p>
            </div>
            <div>
              <h1
                style={
                  Object {
                    "borderBottom": "1px solid #EEE",
  -                 "fontSize": 25,
  +                 "fontSize": "25px",
                    "margin": "20px 0 0 0",
                    "padding": "0 0 5px 0",
                  }
                }>
                Story Source
              </h1>
              <pre
                style={
                  Object {
                    "backgroundColor": "#fafafa",
                    "fontFamily": "Menlo, Monaco, "Courier New", monospace",
                    "fontSize": ".88em",
                    "lineHeight": 1.5,
                    "overflowX": "scroll",
                    "padding": ".5rem",
                  }
                }>
                <div
                  style={
                    Object {
                      "paddingLeft": 18,
                      "paddingRight": 3,
                    }
                  }>
                  <span
                    style={
                      Object {
                        "color": "#777",
                      }
                    }>
                    <
                    Datepicker
                  </span>
                  <span>
                    <span>
                      <span>
                        <br />
                          
                      </span>
                      <span
                        style={Object {}}>
                        selectedDate
                      </span>
                      <span>
                        =
                        <span
                          style={Object {}}>
                          <span>
                            {
                            <span
                              style={
                                Object {
                                  "color": "#777",
                                }
                              }>
                              undefined
                            </span>
                            }
                          </span>
                        </span>
                      </span>
                    </span>
                    <span>
                      <span>
                        <br />
                          
                      </span>
                      <span
                        style={Object {}}>
                        minDate
                      </span>
                      <span>
                        =
                        <span
                          style={Object {}}>
                          <span>
                            {
                            <span
                              style={
                                Object {
                                  "color": "#777",
                                }
                              }>
                              undefined
                            </span>
                            }
                          </span>
                        </span>
                      </span>
                    </span>
                    <span>
                      <span>
                        <br />
                          
                      </span>
                      <span
                        style={Object {}}>
                        maxDate
                      </span>
                      <span>
                        =
                        <span
                          style={Object {}}>
                          <span>
                            {
                            <span
                              style={
                                Object {
                                  "color": "#777",
                                }
                              }>
                              undefined
                            </span>
                            }
                          </span>
                        </span>
                      </span>
                    </span>
                    <span>
                      <span>
                        <br />
                          
                      </span>
                      <span
                        style={Object {}}>
                        onSelect
                      </span>
                      <span>
                        =
                        <span
                          style={Object {}}>
                          <span>
                            {
                            <span
                              style={
                                Object {
                                  "color": "#170",
                                }
                              }>
  -                           anonymous()
  +                           select()
                            </span>
                            }
                          </span>
                        </span>
                      </span>
                    </span>
                    <span>
                      <span>
                        <br />
                          
                      </span>
                      <span
                        style={Object {}}>
                        onClose
                      </span>
                      <span>
                        =
                        <span
                          style={Object {}}>
                          <span>
                            {
                            <span
                              style={
                                Object {
                                  "color": "#170",
                                }
                              }>
  -                           anonymous()
  +                           close()
                            </span>
                            }
                          </span>
                        </span>
                      </span>
                    </span>
                    <span>
                      <span>
                        <br />
                          
                      </span>
                      <span
                        style={Object {}}>
                        onBlur
                      </span>
                      <span>
                        =
                        <span
                          style={Object {}}>
                          <span>
                            {
                            <span
                              style={
                                Object {
                                  "color": "#170",
                                }
                              }>
  -                           anonymous()
  +                           blur()
                            </span>
                            }
                          </span>
                        </span>
                      </span>
                      <br />
                    </span>
                  </span>
                  <span
                    style={
                      Object {
                        "color": "#777",
                      }
                    }>
                    />
                  </span>
                </div>
              </pre>
            </div>
            <div>
              <h1
                style={
                  Object {
                    "borderBottom": "1px solid #EEE",
  -                 "fontSize": 25,
  +                 "fontSize": "25px",
                    "margin": "20px 0 0 0",
                    "padding": "0 0 5px 0",
                  }
                }>
                Prop Types
              </h1>
              <div>
                <h2
                  style={
                    Object {
                      "margin": "20px 0 0 0",
                    }
                  }>
                  "
                  Datepicker
                  " Component
                </h2>
                <table
                  style={
                    Object {
                      "borderCollapse": "separate",
                      "borderSpacing": "10px 5px",
                      "marginLeft": -10,
                    }
                  }>
                  <thead>
                    <tr>
                      <th>
                        property
                      </th>
                      <th>
                        propType
                      </th>
                      <th>
                        required
                      </th>
                      <th>
                        default
                      </th>
                    </tr>
                  </thead>
                  <tbody>
                    <tr>
                      <td>
                        autoFocus
                      </td>
                      <td>
                        bool
                      </td>
                      <td>
                        no
                      </td>
                      <td>
                        -
                      </td>
                    </tr>
                    <tr>
                      <td>
                        className
                      </td>
                      <td>
                        string
                      </td>
                      <td>
                        no
                      </td>
                      <td>
                        -
                      </td>
                    </tr>
                    <tr>
                      <td>
                        extensionRenderer
                      </td>
                      <td>
                        func
                      </td>
                      <td>
                        no
                      </td>
                      <td>
                        -
                      </td>
                    </tr>
                    <tr>
                      <td>
                        maxDate
                      </td>
                      <td>
                        string
                      </td>
                      <td>
                        no
                      </td>
                      <td>
                        -
                      </td>
                    </tr>
                    <tr>
                      <td>
                        minDate
                      </td>
                      <td>
                        string
                      </td>
                      <td>
                        no
                      </td>
                      <td>
                        -
                      </td>
                    </tr>
                    <tr>
                      <td>
                        onBlur
                      </td>
                      <td>
                        func
                      </td>
                      <td>
                        no
                      </td>
                      <td>
                        -
                      </td>
                    </tr>
                    <tr>
                      <td>
                        onClose
                      </td>
                      <td>
                        func
                      </td>
                      <td>
                        no
                      </td>
                      <td>
                        -
                      </td>
                    </tr>
                    <tr>
                      <td>
                        onSelect
                      </td>
                      <td>
                        func
                      </td>
                      <td>
                        no
                      </td>
                      <td>
                        -
                      </td>
                    </tr>
                    <tr>
                      <td>
                        selectedDate
                      </td>
                      <td>
                        string
                      </td>
                      <td>
                        no
                      </td>
                      <td>
                        -
                      </td>
                    </tr>
                  </tbody>
                </table>
              </div>
            </div>
          </div>
        </div>
      </div>
    </div>


✗ Default
  - Snapshot
  + Current story
  
  <div>
      <div
        style={
          Object {
            "position": "relative",
            "zIndex": 0,
          }
        }>
        <div
          aria-hidden={false}
          className="slds-datepicker"
          onBlur={[Function]}
          onKeyDown={[Function]}
          tabIndex={-1}>
          <div
            className="slds-datepicker__filter slds-grid">
            <div
              className="slds-datepicker__filter--month slds-grid slds-grid--align-spread slds-size--2-of-3">
              <div
                className="slds-align-middle">
                <button
                  className="slds-align-middle slds-button slds-button--icon-container slds-button--icon-small"
                  onClick={[Function]}
                  type="button">
                  <svg
                    aria-hidden={true}
                    className="slds-button__icon"
                    dangerouslySetInnerHTML={
                      Object {
                        "__html": "<use xlink:href="/assets/icons/utility-sprite/svg/symbols.svg#left"></use>",
                      }
                    }
                    style={undefined} />
                  <span
                    className="slds-assistive-text">
                    Previous Month
                  </span>
                </button>
              </div>
              <h2
                className="slds-align-middle">
                Apr
              </h2>
              <div
                className="slds-align-middle">
                <button
                  className="slds-align-middle slds-button slds-button--icon-container slds-button--icon-small"
                  onClick={[Function]}
                  type="button">
                  <svg
                    aria-hidden={true}
                    className="slds-button__icon"
                    dangerouslySetInnerHTML={
                      Object {
                        "__html": "<use xlink:href="/assets/icons/utility-sprite/svg/symbols.svg#right"></use>",
                      }
                    }
                    style={undefined} />
                  <span
                    className="slds-assistive-text">
                    Next Month
                  </span>
                </button>
              </div>
            </div>
            <div
              className="slds-size--1-of-3">
              <select
                className="slds-select"
                id="form-element-$uuid$"
                onChange={[Function]}
                value={2016}>
                <option
  -               label={2011}
  -               value={2011} />
  +               value={2011}>
  +               2011
  +             </option>
                <option
  -               label={2012}
  -               value={2012} />
  +               value={2012}>
  +               2012
  +             </option>
                <option
  -               label={2013}
  -               value={2013} />
  +               value={2013}>
  +               2013
  +             </option>
                <option
  -               label={2014}
  -               value={2014} />
  +               value={2014}>
  +               2014
  +             </option>
                <option
  -               label={2015}
  -               value={2015} />
  +               value={2015}>
  +               2015
  +             </option>
                <option
  -               label={2016}
  -               value={2016} />
  +               value={2016}>
  +               2016
  +             </option>
                <option
  -               label={2017}
  -               value={2017} />
  +               value={2017}>
  +               2017
  +             </option>
                <option
  -               label={2018}
  -               value={2018} />
  +               value={2018}>
  +               2018
  +             </option>
                <option
  -               label={2019}
  -               value={2019} />
  +               value={2019}>
  +               2019
  +             </option>
                <option
  -               label={2020}
  -               value={2020} />
  +               value={2020}>
  +               2020
  +             </option>
                <option
  -               label={2021}
  -               value={2021} />
  +               value={2021}>
  +               2021
  +             </option>
              </select>
            </div>
          </div>
          <table
            aria-labelledby="month"
            className="datepicker__month"
            role="grid">
            <thead>
              <tr>
                <th>
                  <abbr
                    title="Sunday">
                    Su
                  </abbr>
                </th>
                <th>
                  <abbr
                    title="Monday">
                    Mo
                  </abbr>
                </th>
                <th>
                  <abbr
                    title="Tuesday">
                    Tu
                  </abbr>
                </th>
                <th>
                  <abbr
                    title="Wednesday">
                    We
                  </abbr>
                </th>
                <th>
                  <abbr
                    title="Thursday">
                    Th
                  </abbr>
                </th>
                <th>
                  <abbr
                    title="Friday">
                    Fr
                  </abbr>
                </th>
                <th>
                  <abbr
                    title="Saturday">
                    Sa
                  </abbr>
                </th>
              </tr>
            </thead>
            <tbody>
              <tr>
                <td
                  aria-disabled={true}
                  aria-selected={false}
                  className="slds-disabled-text"
                  headers="Sunday"
                  role="gridcell">
                  <span
                    className="slds-day"
                    data-date-value="2016-03-27"
                    onClick={null}
                    onFocus={[Function]}
                    onKeyDown={null}
                    tabIndex={-1}>
                    27
                  </span>
                </td>
                <td
                  aria-disabled={true}
                  aria-selected={false}
                  className="slds-disabled-text"
                  headers="Monday"
                  role="gridcell">
                  <span
                    className="slds-day"
                    data-date-value="2016-03-28"
                    onClick={null}
                    onFocus={[Function]}
                    onKeyDown={null}
                    tabIndex={-1}>
                    28
                  </span>
                </td>
                <td
                  aria-disabled={true}
                  aria-selected={false}
                  className="slds-disabled-text"
                  headers="Tuesday"
                  role="gridcell">
                  <span
                    className="slds-day"
                    data-date-value="2016-03-29"
                    onClick={null}
                    onFocus={[Function]}
                    onKeyDown={null}
                    tabIndex={-1}>
                    29
                  </span>
                </td>
                <td
                  aria-disabled={true}
                  aria-selected={false}
                  className="slds-disabled-text"
                  headers="Wednesday"
                  role="gridcell">
                  <span
                    className="slds-day"
                    data-date-value="2016-03-30"
                    onClick={null}
                    onFocus={[Function]}
                    onKeyDown={null}
                    tabIndex={-1}>
                    30
                  </span>
                </td>
                <td
                  aria-disabled={true}
                  aria-selected={false}
                  className="slds-disabled-text"
                  headers="Thursday"
                  role="gridcell">
                  <span
                    className="slds-day"
                    data-date-value="2016-03-31"
                    onClick={null}
                    onFocus={[Function]}
                    onKeyDown={null}
                    tabIndex={-1}>
                    31
                  </span>
                </td>
                <td
                  aria-disabled={false}
                  aria-selected={false}
                  className=""
                  headers="Friday"
                  role="gridcell">
                  <span
                    className="slds-day"
                    data-date-value="2016-04-01"
                    onClick={[Function]}
                    onFocus={[Function]}
                    onKeyDown={[Function]}
                    tabIndex={0}>
                    1
                  </span>
                </td>
                <td
                  aria-disabled={false}
                  aria-selected={false}
                  className=""
                  headers="Saturday"
                  role="gridcell">
                  <span
                    className="slds-day"
                    data-date-value="2016-04-02"
                    onClick={[Function]}
                    onFocus={[Function]}
                    onKeyDown={[Function]}
                    tabIndex={0}>
                    2
                  </span>
                </td>
              </tr>
              <tr>
                <td
                  aria-disabled={false}
                  aria-selected={false}
                  className=""
                  headers="Sunday"
                  role="gridcell">
                  <span
                    className="slds-day"
                    data-date-value="2016-04-03"
                    onClick={[Function]}
                    onFocus={[Function]}
                    onKeyDown={[Function]}
                    tabIndex={0}>
                    3
                  </span>
                </td>
                <td
                  aria-disabled={false}
                  aria-selected={false}
                  className=""
                  headers="Monday"
                  role="gridcell">
                  <span
                    className="slds-day"
                    data-date-value="2016-04-04"
                    onClick={[Function]}
                    onFocus={[Function]}
                    onKeyDown={[Function]}
                    tabIndex={0}>
                    4
                  </span>
                </td>
                <td
                  aria-disabled={false}
                  aria-selected={false}
                  className=""
                  headers="Tuesday"
                  role="gridcell">
                  <span
                    className="slds-day"
                    data-date-value="2016-04-05"
                    onClick={[Function]}
                    onFocus={[Function]}
                    onKeyDown={[Function]}
                    tabIndex={0}>
                    5
                  </span>
                </td>
                <td
                  aria-disabled={false}
                  aria-selected={false}
                  className=""
                  headers="Wednesday"
                  role="gridcell">
                  <span
                    className="slds-day"
                    data-date-value="2016-04-06"
                    onClick={[Function]}
                    onFocus={[Function]}
                    onKeyDown={[Function]}
                    tabIndex={0}>
                    6
                  </span>
                </td>
                <td
                  aria-disabled={false}
                  aria-selected={false}
                  className=""
                  headers="Thursday"
                  role="gridcell">
                  <span
                    className="slds-day"
                    data-date-value="2016-04-07"
                    onClick={[Function]}
                    onFocus={[Function]}
                    onKeyDown={[Function]}
                    tabIndex={0}>
                    7
                  </span>
                </td>
                <td
                  aria-disabled={false}
                  aria-selected={false}
                  className=""
                  headers="Friday"
                  role="gridcell">
                  <span
                    className="slds-day"
                    data-date-value="2016-04-08"
                    onClick={[Function]}
                    onFocus={[Function]}
                    onKeyDown={[Function]}
                    tabIndex={0}>
                    8
                  </span>
                </td>
                <td
                  aria-disabled={false}
                  aria-selected={false}
                  className=""
                  headers="Saturday"
                  role="gridcell">
                  <span
                    className="slds-day"
                    data-date-value="2016-04-09"
                    onClick={[Function]}
                    onFocus={[Function]}
                    onKeyDown={[Function]}
                    tabIndex={0}>
                    9
                  </span>
                </td>
              </tr>
              <tr>
                <td
                  aria-disabled={false}
                  aria-selected={false}
                  className=""
                  headers="Sunday"
                  role="gridcell">
                  <span
                    className="slds-day"
                    data-date-value="2016-04-10"
                    onClick={[Function]}
                    onFocus={[Function]}
                    onKeyDown={[Function]}
                    tabIndex={0}>
                    10
                  </span>
                </td>
                <td
                  aria-disabled={false}
                  aria-selected={false}
                  className=""
                  headers="Monday"
                  role="gridcell">
                  <span
                    className="slds-day"
                    data-date-value="2016-04-11"
                    onClick={[Function]}
                    onFocus={[Function]}
                    onKeyDown={[Function]}
                    tabIndex={0}>
                    11
                  </span>
                </td>
                <td
                  aria-disabled={false}
                  aria-selected={false}
                  className=""
                  headers="Tuesday"
                  role="gridcell">
                  <span
                    className="slds-day"
                    data-date-value="2016-04-12"
                    onClick={[Function]}
                    onFocus={[Function]}
                    onKeyDown={[Function]}
                    tabIndex={0}>
                    12
                  </span>
                </td>
                <td
                  aria-disabled={false}
                  aria-selected={true}
                  className="slds-is-selected"
                  headers="Wednesday"
                  role="gridcell">
                  <span
                    className="slds-day"
                    data-date-value="2016-04-13"
                    onClick={[Function]}
                    onFocus={[Function]}
                    onKeyDown={[Function]}
                    tabIndex={0}>
                    13
                  </span>
                </td>
                <td
                  aria-disabled={false}
                  aria-selected={false}
                  className=""
                  headers="Thursday"
                  role="gridcell">
                  <span
                    className="slds-day"
                    data-date-value="2016-04-14"
                    onClick={[Function]}
                    onFocus={[Function]}
                    onKeyDown={[Function]}
                    tabIndex={0}>
                    14
                  </span>
                </td>
                <td
                  aria-disabled={false}
                  aria-selected={false}
                  className=""
                  headers="Friday"
                  role="gridcell">
                  <span
                    className="slds-day"
                    data-date-value="2016-04-15"
                    onClick={[Function]}
                    onFocus={[Function]}
                    onKeyDown={[Function]}
                    tabIndex={0}>
                    15
                  </span>
                </td>
                <td
                  aria-disabled={false}
                  aria-selected={false}
                  className=""
                  headers="Saturday"
                  role="gridcell">
                  <span
                    className="slds-day"
                    data-date-value="2016-04-16"
                    onClick={[Function]}
                    onFocus={[Function]}
                    onKeyDown={[Function]}
                    tabIndex={0}>
                    16
                  </span>
                </td>
              </tr>
              <tr>
                <td
                  aria-disabled={false}
                  aria-selected={false}
                  className=""
                  headers="Sunday"
                  role="gridcell">
                  <span
                    className="slds-day"
                    data-date-value="2016-04-17"
                    onClick={[Function]}
                    onFocus={[Function]}
                    onKeyDown={[Function]}
                    tabIndex={0}>
                    17
                  </span>
                </td>
                <td
                  aria-disabled={false}
                  aria-selected={false}
                  className=""
                  headers="Monday"
                  role="gridcell">
                  <span
                    className="slds-day"
                    data-date-value="2016-04-18"
                    onClick={[Function]}
                    onFocus={[Function]}
                    onKeyDown={[Function]}
                    tabIndex={0}>
                    18
                  </span>
                </td>
                <td
                  aria-disabled={false}
                  aria-selected={false}
                  className=""
                  headers="Tuesday"
                  role="gridcell">
                  <span
                    className="slds-day"
                    data-date-value="2016-04-19"
                    onClick={[Function]}
                    onFocus={[Function]}
                    onKeyDown={[Function]}
                    tabIndex={0}>
                    19
                  </span>
                </td>
                <td
                  aria-disabled={false}
                  aria-selected={false}
                  className=""
                  headers="Wednesday"
                  role="gridcell">
                  <span
                    className="slds-day"
                    data-date-value="2016-04-20"
                    onClick={[Function]}
                    onFocus={[Function]}
                    onKeyDown={[Function]}
                    tabIndex={0}>
                    20
                  </span>
                </td>
                <td
                  aria-disabled={false}
                  aria-selected={false}
                  className=""
                  headers="Thursday"
                  role="gridcell">
                  <span
                    className="slds-day"
                    data-date-value="2016-04-21"
                    onClick={[Function]}
                    onFocus={[Function]}
                    onKeyDown={[Function]}
                    tabIndex={0}>
                    21
                  </span>
                </td>
                <td
                  aria-disabled={false}
                  aria-selected={false}
                  className=""
                  headers="Friday"
                  role="gridcell">
                  <span
                    className="slds-day"
                    data-date-value="2016-04-22"
                    onClick={[Function]}
                    onFocus={[Function]}
                    onKeyDown={[Function]}
                    tabIndex={0}>
                    22
                  </span>
                </td>
                <td
                  aria-disabled={false}
                  aria-selected={false}
                  className=""
                  headers="Saturday"
                  role="gridcell">
                  <span
                    className="slds-day"
                    data-date-value="2016-04-23"
                    onClick={[Function]}
                    onFocus={[Function]}
                    onKeyDown={[Function]}
                    tabIndex={0}>
                    23
                  </span>
                </td>
              </tr>
              <tr>
                <td
                  aria-disabled={false}
                  aria-selected={false}
                  className=""
                  headers="Sunday"
                  role="gridcell">
                  <span
                    className="slds-day"
                    data-date-value="2016-04-24"
                    onClick={[Function]}
                    onFocus={[Function]}
                    onKeyDown={[Function]}
                    tabIndex={0}>
                    24
                  </span>
                </td>
                <td
                  aria-disabled={false}
                  aria-selected={false}
                  className=""
                  headers="Monday"
                  role="gridcell">
                  <span
                    className="slds-day"
                    data-date-value="2016-04-25"
                    onClick={[Function]}
                    onFocus={[Function]}
                    onKeyDown={[Function]}
                    tabIndex={0}>
                    25
                  </span>
                </td>
                <td
                  aria-disabled={false}
                  aria-selected={false}
                  className=""
                  headers="Tuesday"
                  role="gridcell">
                  <span
                    className="slds-day"
                    data-date-value="2016-04-26"
                    onClick={[Function]}
                    onFocus={[Function]}
                    onKeyDown={[Function]}
                    tabIndex={0}>
                    26
                  </span>
                </td>
                <td
                  aria-disabled={false}
                  aria-selected={false}
                  className=""
                  headers="Wednesday"
                  role="gridcell">
                  <span
                    className="slds-day"
                    data-date-value="2016-04-27"
                    onClick={[Function]}
                    onFocus={[Function]}
                    onKeyDown={[Function]}
                    tabIndex={0}>
                    27
                  </span>
                </td>
                <td
                  aria-disabled={false}
                  aria-selected={false}
                  className=""
                  headers="Thursday"
                  role="gridcell">
                  <span
                    className="slds-day"
                    data-date-value="2016-04-28"
                    onClick={[Function]}
                    onFocus={[Function]}
                    onKeyDown={[Function]}
                    tabIndex={0}>
                    28
                  </span>
                </td>
                <td
                  aria-disabled={false}
                  aria-selected={false}
                  className=""
                  headers="Friday"
                  role="gridcell">
                  <span
                    className="slds-day"
                    data-date-value="2016-04-29"
                    onClick={[Function]}
                    onFocus={[Function]}
                    onKeyDown={[Function]}
                    tabIndex={0}>
                    29
                  </span>
                </td>
                <td
                  aria-disabled={false}
                  aria-selected={false}
                  className=""
                  headers="Saturday"
                  role="gridcell">
                  <span
                    className="slds-day"
                    data-date-value="2016-04-30"
                    onClick={[Function]}
                    onFocus={[Function]}
                    onKeyDown={[Function]}
                    tabIndex={0}>
                    30
                  </span>
                </td>
              </tr>
            </tbody>
          </table>
        </div>
      </div>
      <a
        onClick={[Function]}
        style={
          Object {
            "background": "#28c",
            "borderRadius": "0 0 0 5px",
            "color": "#fff",
            "cursor": "pointer",
            "display": "block",
            "fontFamily": "sans-serif",
  -         "fontSize": 12,
  +         "fontSize": "12px",
            "padding": "5px 15px",
            "position": "fixed",
            "right": 0,
            "textDecoration": "none",
            "top": 0,
          }
        }>
        ?
      </a>
      <div
        style={
          Object {
            "background": "white",
            "bottom": 0,
            "display": "none",
            "left": 0,
            "overflow": "auto",
            "padding": "0 40px",
            "position": "absolute",
            "right": 0,
            "top": 0,
          }
        }>
        <a
          onClick={[Function]}
          style={
            Object {
              "background": "#28c",
              "borderRadius": "0 0 0 5px",
              "color": "#fff",
              "cursor": "pointer",
              "display": "block",
              "fontFamily": "sans-serif",
  -           "fontSize": 12,
  +           "fontSize": "12px",
              "padding": "5px 15px",
              "position": "fixed",
              "right": 0,
              "textDecoration": "none",
              "top": 0,
            }
          }>
          ×
        </a>
        <div
          style={undefined}>
          <div
            style={
              Object {
                "WebkitFontSmoothing": "antialiased",
                "color": "#444",
                "fontFamily": "
                  -apple-system, ".SFNSText-Regular", "San Francisco", "Roboto",
                  "Segoe UI", "Helvetica Neue", "Lucida Grande", sans-serif
                ",
  -             "fontSize": 15,
  +             "fontSize": "15px",
                "fontWeight": 300,
                "lineHeight": 1.45,
              }
            }>
            <div
              style={
                Object {
                  "borderBottom": "1px solid #eee",
                  "marginBottom": 10,
  +               "paddingTop": 10,
                }
              }>
              <h1
                style={
                  Object {
  -                 "fontSize": 35,
  -                 "margin": "20px 0 0 0",
  +                 "fontSize": "35px",
  +                 "margin": 0,
                    "padding": 0,
                  }
                }>
                Datepicker
              </h1>
              <h2
                style={
                  Object {
  -                 "fontSize": 22,
  +                 "fontSize": "22px",
                    "fontWeight": 400,
                    "margin": "0 0 10px 0",
                    "padding": 0,
                  }
                }>
                Default
              </h2>
            </div>
            <div
              style={
                Object {
                  "marginBottom": 0,
                }
              }>
              <p
                style={
                  Object {
                    "WebkitFontSmoothing": "antialiased",
                    "color": "#444",
                    "fontFamily": "
                      -apple-system, ".SFNSText-Regular", "San Francisco", "Roboto",
                      "Segoe UI", "Helvetica Neue", "Lucida Grande", sans-serif
                    ",
  -                 "fontSize": 15,
  +                 "fontSize": "15px",
                  }
                }>
                Default date input control
              </p>
            </div>
            <div>
              <h1
                style={
                  Object {
                    "borderBottom": "1px solid #EEE",
  -                 "fontSize": 25,
  +                 "fontSize": "25px",
                    "margin": "20px 0 0 0",
                    "padding": "0 0 5px 0",
                  }
                }>
                Story Source
              </h1>
              <pre
                style={
                  Object {
                    "backgroundColor": "#fafafa",
                    "fontFamily": "Menlo, Monaco, "Courier New", monospace",
                    "fontSize": ".88em",
                    "lineHeight": 1.5,
                    "overflowX": "scroll",
                    "padding": ".5rem",
                  }
                }>
                <div
                  style={
                    Object {
                      "paddingLeft": 18,
                      "paddingRight": 3,
                    }
                  }>
                  <span
                    style={
                      Object {
                        "color": "#777",
                      }
                    }>
                    <
                    Datepicker
                  </span>
                  <span>
                    <span>
                      <span>
                        <br />
                          
                      </span>
                      <span
                        style={Object {}}>
                        selectedDate
                      </span>
                      <span>
                        =
                        <span
                          style={Object {}}>
                          <span
                            style={
                              Object {
                                "color": "#22a",
                                "wordBreak": "break-word",
                              }
                            }>
                            "
                            2016-04-13
                            "
                          </span>
                        </span>
                      </span>
                    </span>
                    <span>
                      <span>
                        <br />
                          
                      </span>
                      <span
                        style={Object {}}>
                        onSelect
                      </span>
                      <span>
                        =
                        <span
                          style={Object {}}>
                          <span>
                            {
                            <span
                              style={
                                Object {
                                  "color": "#170",
                                }
                              }>
  -                           anonymous()
  +                           select()
                            </span>
                            }
                          </span>
                        </span>
                      </span>
                    </span>
                    <span>
                      <span>
                        <br />
                          
                      </span>
                      <span
                        style={Object {}}>
                        onClose
                      </span>
                      <span>
                        =
                        <span
                          style={Object {}}>
                          <span>
                            {
                            <span
                              style={
                                Object {
                                  "color": "#170",
                                }
                              }>
  -                           anonymous()
  +                           close()
                            </span>
                            }
                          </span>
                        </span>
                      </span>
                    </span>
                    <span>
                      <span>
                        <br />
                          
                      </span>
                      <span
                        style={Object {}}>
                        onBlur
                      </span>
                      <span>
                        =
                        <span
                          style={Object {}}>
                          <span>
                            {
                            <span
                              style={
                                Object {
                                  "color": "#170",
                                }
                              }>
  -                           anonymous()
  +                           blur()
                            </span>
                            }
                          </span>
                        </span>
                      </span>
                      <br />
                    </span>
                  </span>
                  <span
                    style={
                      Object {
                        "color": "#777",
                      }
                    }>
                    />
                  </span>
                </div>
              </pre>
            </div>
            <div>
              <h1
                style={
                  Object {
                    "borderBottom": "1px solid #EEE",
  -                 "fontSize": 25,
  +                 "fontSize": "25px",
                    "margin": "20px 0 0 0",
                    "padding": "0 0 5px 0",
                  }
                }>
                Prop Types
              </h1>
              <div>
                <h2
                  style={
                    Object {
                      "margin": "20px 0 0 0",
                    }
                  }>
                  "
                  Datepicker
                  " Component
                </h2>
                <table
                  style={
                    Object {
                      "borderCollapse": "separate",
                      "borderSpacing": "10px 5px",
                      "marginLeft": -10,
                    }
                  }>
                  <thead>
                    <tr>
                      <th>
                        property
                      </th>
                      <th>
                        propType
                      </th>
                      <th>
                        required
                      </th>
                      <th>
                        default
                      </th>
                    </tr>
                  </thead>
                  <tbody>
                    <tr>
                      <td>
                        autoFocus
                      </td>
                      <td>
                        bool
                      </td>
                      <td>
                        no
                      </td>
                      <td>
                        -
                      </td>
                    </tr>
                    <tr>
                      <td>
                        className
                      </td>
                      <td>
                        string
                      </td>
                      <td>
                        no
                      </td>
                      <td>
                        -
                      </td>
                    </tr>
                    <tr>
                      <td>
                        extensionRenderer
                      </td>
                      <td>
                        func
                      </td>
                      <td>
                        no
                      </td>
                      <td>
                        -
                      </td>
                    </tr>
                    <tr>
                      <td>
                        maxDate
                      </td>
                      <td>
                        string
                      </td>
                      <td>
                        no
                      </td>
                      <td>
                        -
                      </td>
                    </tr>
                    <tr>
                      <td>
                        minDate
                      </td>
                      <td>
                        string
                      </td>
                      <td>
                        no
                      </td>
                      <td>
                        -
                      </td>
                    </tr>
                    <tr>
                      <td>
                        onBlur
                      </td>
                      <td>
                        func
                      </td>
                      <td>
                        no
                      </td>
                      <td>
                        -
                      </td>
                    </tr>
                    <tr>
                      <td>
                        onClose
                      </td>
                      <td>
                        func
                      </td>
                      <td>
                        no
                      </td>
                      <td>
                        -
                      </td>
                    </tr>
                    <tr>
                      <td>
                        onSelect
                      </td>
                      <td>
                        func
                      </td>
                      <td>
                        no
                      </td>
                      <td>
                        -
                      </td>
                    </tr>
                    <tr>
                      <td>
                        selectedDate
                      </td>
                      <td>
                        string
                      </td>
                      <td>
                        no
                      </td>
                      <td>
                        -
                      </td>
                    </tr>
                  </tbody>
                </table>
              </div>
            </div>
          </div>
        </div>
      </div>
    </div>


✗ Extension Rendering
  - Snapshot
  + Current story
  
  <div>
      <div
        style={
          Object {
            "position": "relative",
            "zIndex": 0,
          }
        }>
        <div
          aria-hidden={false}
          className="slds-datepicker"
          onBlur={[Function]}
          onKeyDown={[Function]}
          tabIndex={-1}>
          <div
            className="slds-datepicker__filter slds-grid">
            <div
              className="slds-datepicker__filter--month slds-grid slds-grid--align-spread slds-size--2-of-3">
              <div
                className="slds-align-middle">
                <button
                  className="slds-align-middle slds-button slds-button--icon-container slds-button--icon-small"
                  onClick={[Function]}
                  type="button">
                  <svg
                    aria-hidden={true}
                    className="slds-button__icon"
                    dangerouslySetInnerHTML={
                      Object {
                        "__html": "<use xlink:href="/assets/icons/utility-sprite/svg/symbols.svg#left"></use>",
                      }
                    }
                    style={undefined} />
                  <span
                    className="slds-assistive-text">
                    Previous Month
                  </span>
                </button>
              </div>
              <h2
                className="slds-align-middle">
                Apr
              </h2>
              <div
                className="slds-align-middle">
                <button
                  className="slds-align-middle slds-button slds-button--icon-container slds-button--icon-small"
                  onClick={[Function]}
                  type="button">
                  <svg
                    aria-hidden={true}
                    className="slds-button__icon"
                    dangerouslySetInnerHTML={
                      Object {
                        "__html": "<use xlink:href="/assets/icons/utility-sprite/svg/symbols.svg#right"></use>",
                      }
                    }
                    style={undefined} />
                  <span
                    className="slds-assistive-text">
                    Next Month
                  </span>
                </button>
              </div>
            </div>
            <div
              className="slds-size--1-of-3">
              <select
                className="slds-select"
                id="form-element-$uuid$"
                onChange={[Function]}
                value={2016}>
                <option
  -               label={2011}
  -               value={2011} />
  +               value={2011}>
  +               2011
  +             </option>
                <option
  -               label={2012}
  -               value={2012} />
  +               value={2012}>
  +               2012
  +             </option>
                <option
  -               label={2013}
  -               value={2013} />
  +               value={2013}>
  +               2013
  +             </option>
                <option
  -               label={2014}
  -               value={2014} />
  +               value={2014}>
  +               2014
  +             </option>
                <option
  -               label={2015}
  -               value={2015} />
  +               value={2015}>
  +               2015
  +             </option>
                <option
  -               label={2016}
  -               value={2016} />
  +               value={2016}>
  +               2016
  +             </option>
                <option
  -               label={2017}
  -               value={2017} />
  +               value={2017}>
  +               2017
  +             </option>
                <option
  -               label={2018}
  -               value={2018} />
  +               value={2018}>
  +               2018
  +             </option>
                <option
  -               label={2019}
  -               value={2019} />
  +               value={2019}>
  +               2019
  +             </option>
                <option
  -               label={2020}
  -               value={2020} />
  +               value={2020}>
  +               2020
  +             </option>
                <option
  -               label={2021}
  -               value={2021} />
  +               value={2021}>
  +               2021
  +             </option>
              </select>
            </div>
          </div>
          <table
            aria-labelledby="month"
            className="datepicker__month"
            role="grid">
            <thead>
              <tr>
                <th>
                  <abbr
                    title="Sunday">
                    Su
                  </abbr>
                </th>
                <th>
                  <abbr
                    title="Monday">
                    Mo
                  </abbr>
                </th>
                <th>
                  <abbr
                    title="Tuesday">
                    Tu
                  </abbr>
                </th>
                <th>
                  <abbr
                    title="Wednesday">
                    We
                  </abbr>
                </th>
                <th>
                  <abbr
                    title="Thursday">
                    Th
                  </abbr>
                </th>
                <th>
                  <abbr
                    title="Friday">
                    Fr
                  </abbr>
                </th>
                <th>
                  <abbr
                    title="Saturday">
                    Sa
                  </abbr>
                </th>
              </tr>
            </thead>
            <tbody>
              <tr>
                <td
                  aria-disabled={true}
                  aria-selected={false}
                  className="slds-disabled-text"
                  headers="Sunday"
                  role="gridcell">
                  <span
                    className="slds-day"
                    data-date-value="2016-03-27"
                    onClick={null}
                    onFocus={[Function]}
                    onKeyDown={null}
                    tabIndex={-1}>
                    27
                  </span>
                </td>
                <td
                  aria-disabled={true}
                  aria-selected={false}
                  className="slds-disabled-text"
                  headers="Monday"
                  role="gridcell">
                  <span
                    className="slds-day"
                    data-date-value="2016-03-28"
                    onClick={null}
                    onFocus={[Function]}
                    onKeyDown={null}
                    tabIndex={-1}>
                    28
                  </span>
                </td>
                <td
                  aria-disabled={true}
                  aria-selected={false}
                  className="slds-disabled-text"
                  headers="Tuesday"
                  role="gridcell">
                  <span
                    className="slds-day"
                    data-date-value="2016-03-29"
                    onClick={null}
                    onFocus={[Function]}
                    onKeyDown={null}
                    tabIndex={-1}>
                    29
                  </span>
                </td>
                <td
                  aria-disabled={true}
                  aria-selected={false}
                  className="slds-disabled-text"
                  headers="Wednesday"
                  role="gridcell">
                  <span
                    className="slds-day"
                    data-date-value="2016-03-30"
                    onClick={null}
                    onFocus={[Function]}
                    onKeyDown={null}
                    tabIndex={-1}>
                    30
                  </span>
                </td>
                <td
                  aria-disabled={true}
                  aria-selected={false}
                  className="slds-disabled-text"
                  headers="Thursday"
                  role="gridcell">
                  <span
                    className="slds-day"
                    data-date-value="2016-03-31"
                    onClick={null}
                    onFocus={[Function]}
                    onKeyDown={null}
                    tabIndex={-1}>
                    31
                  </span>
                </td>
                <td
                  aria-disabled={false}
                  aria-selected={false}
                  className=""
                  headers="Friday"
                  role="gridcell">
                  <span
                    className="slds-day"
                    data-date-value="2016-04-01"
                    onClick={[Function]}
                    onFocus={[Function]}
                    onKeyDown={[Function]}
                    tabIndex={0}>
                    1
                  </span>
                </td>
                <td
                  aria-disabled={false}
                  aria-selected={false}
                  className=""
                  headers="Saturday"
                  role="gridcell">
                  <span
                    className="slds-day"
                    data-date-value="2016-04-02"
                    onClick={[Function]}
                    onFocus={[Function]}
                    onKeyDown={[Function]}
                    tabIndex={0}>
                    2
                  </span>
                </td>
              </tr>
              <tr>
                <td
                  aria-disabled={false}
                  aria-selected={false}
                  className=""
                  headers="Sunday"
                  role="gridcell">
                  <span
                    className="slds-day"
                    data-date-value="2016-04-03"
                    onClick={[Function]}
                    onFocus={[Function]}
                    onKeyDown={[Function]}
                    tabIndex={0}>
                    3
                  </span>
                </td>
                <td
                  aria-disabled={false}
                  aria-selected={false}
                  className=""
                  headers="Monday"
                  role="gridcell">
                  <span
                    className="slds-day"
                    data-date-value="2016-04-04"
                    onClick={[Function]}
                    onFocus={[Function]}
                    onKeyDown={[Function]}
                    tabIndex={0}>
                    4
                  </span>
                </td>
                <td
                  aria-disabled={false}
                  aria-selected={false}
                  className=""
                  headers="Tuesday"
                  role="gridcell">
                  <span
                    className="slds-day"
                    data-date-value="2016-04-05"
                    onClick={[Function]}
                    onFocus={[Function]}
                    onKeyDown={[Function]}
                    tabIndex={0}>
                    5
                  </span>
                </td>
                <td
                  aria-disabled={false}
                  aria-selected={false}
                  className=""
                  headers="Wednesday"
                  role="gridcell">
                  <span
                    className="slds-day"
                    data-date-value="2016-04-06"
                    onClick={[Function]}
                    onFocus={[Function]}
                    onKeyDown={[Function]}
                    tabIndex={0}>
                    6
                  </span>
                </td>
                <td
                  aria-disabled={false}
                  aria-selected={false}
                  className=""
                  headers="Thursday"
                  role="gridcell">
                  <span
                    className="slds-day"
                    data-date-value="2016-04-07"
                    onClick={[Function]}
                    onFocus={[Function]}
                    onKeyDown={[Function]}
                    tabIndex={0}>
                    7
                  </span>
                </td>
                <td
                  aria-disabled={false}
                  aria-selected={false}
                  className=""
                  headers="Friday"
                  role="gridcell">
                  <span
                    className="slds-day"
                    data-date-value="2016-04-08"
                    onClick={[Function]}
                    onFocus={[Function]}
                    onKeyDown={[Function]}
                    tabIndex={0}>
                    8
                  </span>
                </td>
                <td
                  aria-disabled={false}
                  aria-selected={false}
                  className=""
                  headers="Saturday"
                  role="gridcell">
                  <span
                    className="slds-day"
                    data-date-value="2016-04-09"
                    onClick={[Function]}
                    onFocus={[Function]}
                    onKeyDown={[Function]}
                    tabIndex={0}>
                    9
                  </span>
                </td>
              </tr>
              <tr>
                <td
                  aria-disabled={false}
                  aria-selected={false}
                  className=""
                  headers="Sunday"
                  role="gridcell">
                  <span
                    className="slds-day"
                    data-date-value="2016-04-10"
                    onClick={[Function]}
                    onFocus={[Function]}
                    onKeyDown={[Function]}
                    tabIndex={0}>
                    10
                  </span>
                </td>
                <td
                  aria-disabled={false}
                  aria-selected={false}
                  className=""
                  headers="Monday"
                  role="gridcell">
                  <span
                    className="slds-day"
                    data-date-value="2016-04-11"
                    onClick={[Function]}
                    onFocus={[Function]}
                    onKeyDown={[Function]}
                    tabIndex={0}>
                    11
                  </span>
                </td>
                <td
                  aria-disabled={false}
                  aria-selected={false}
                  className=""
                  headers="Tuesday"
                  role="gridcell">
                  <span
                    className="slds-day"
                    data-date-value="2016-04-12"
                    onClick={[Function]}
                    onFocus={[Function]}
                    onKeyDown={[Function]}
                    tabIndex={0}>
                    12
                  </span>
                </td>
                <td
                  aria-disabled={false}
                  aria-selected={true}
                  className="slds-is-selected"
                  headers="Wednesday"
                  role="gridcell">
                  <span
                    className="slds-day"
                    data-date-value="2016-04-13"
                    onClick={[Function]}
                    onFocus={[Function]}
                    onKeyDown={[Function]}
                    tabIndex={0}>
                    13
                  </span>
                </td>
                <td
                  aria-disabled={false}
                  aria-selected={false}
                  className=""
                  headers="Thursday"
                  role="gridcell">
                  <span
                    className="slds-day"
                    data-date-value="2016-04-14"
                    onClick={[Function]}
                    onFocus={[Function]}
                    onKeyDown={[Function]}
                    tabIndex={0}>
                    14
                  </span>
                </td>
                <td
                  aria-disabled={false}
                  aria-selected={false}
                  className=""
                  headers="Friday"
                  role="gridcell">
                  <span
                    className="slds-day"
                    data-date-value="2016-04-15"
                    onClick={[Function]}
                    onFocus={[Function]}
                    onKeyDown={[Function]}
                    tabIndex={0}>
                    15
                  </span>
                </td>
                <td
                  aria-disabled={false}
                  aria-selected={false}
                  className=""
                  headers="Saturday"
                  role="gridcell">
                  <span
                    className="slds-day"
                    data-date-value="2016-04-16"
                    onClick={[Function]}
                    onFocus={[Function]}
                    onKeyDown={[Function]}
                    tabIndex={0}>
                    16
                  </span>
                </td>
              </tr>
              <tr>
                <td
                  aria-disabled={false}
                  aria-selected={false}
                  className=""
                  headers="Sunday"
                  role="gridcell">
                  <span
                    className="slds-day"
                    data-date-value="2016-04-17"
                    onClick={[Function]}
                    onFocus={[Function]}
                    onKeyDown={[Function]}
                    tabIndex={0}>
                    17
                  </span>
                </td>
                <td
                  aria-disabled={false}
                  aria-selected={false}
                  className=""
                  headers="Monday"
                  role="gridcell">
                  <span
                    className="slds-day"
                    data-date-value="2016-04-18"
                    onClick={[Function]}
                    onFocus={[Function]}
                    onKeyDown={[Function]}
                    tabIndex={0}>
                    18
                  </span>
                </td>
                <td
                  aria-disabled={false}
                  aria-selected={false}
                  className=""
                  headers="Tuesday"
                  role="gridcell">
                  <span
                    className="slds-day"
                    data-date-value="2016-04-19"
                    onClick={[Function]}
                    onFocus={[Function]}
                    onKeyDown={[Function]}
                    tabIndex={0}>
                    19
                  </span>
                </td>
                <td
                  aria-disabled={false}
                  aria-selected={false}
                  className=""
                  headers="Wednesday"
                  role="gridcell">
                  <span
                    className="slds-day"
                    data-date-value="2016-04-20"
                    onClick={[Function]}
                    onFocus={[Function]}
                    onKeyDown={[Function]}
                    tabIndex={0}>
                    20
                  </span>
                </td>
                <td
                  aria-disabled={false}
                  aria-selected={false}
                  className=""
                  headers="Thursday"
                  role="gridcell">
                  <span
                    className="slds-day"
                    data-date-value="2016-04-21"
                    onClick={[Function]}
                    onFocus={[Function]}
                    onKeyDown={[Function]}
                    tabIndex={0}>
                    21
                  </span>
                </td>
                <td
                  aria-disabled={false}
                  aria-selected={false}
                  className=""
                  headers="Friday"
                  role="gridcell">
                  <span
                    className="slds-day"
                    data-date-value="2016-04-22"
                    onClick={[Function]}
                    onFocus={[Function]}
                    onKeyDown={[Function]}
                    tabIndex={0}>
                    22
                  </span>
                </td>
                <td
                  aria-disabled={false}
                  aria-selected={false}
                  className=""
                  headers="Saturday"
                  role="gridcell">
                  <span
                    className="slds-day"
                    data-date-value="2016-04-23"
                    onClick={[Function]}
                    onFocus={[Function]}
                    onKeyDown={[Function]}
                    tabIndex={0}>
                    23
                  </span>
                </td>
              </tr>
              <tr>
                <td
                  aria-disabled={false}
                  aria-selected={false}
                  className=""
                  headers="Sunday"
                  role="gridcell">
                  <span
                    className="slds-day"
                    data-date-value="2016-04-24"
                    onClick={[Function]}
                    onFocus={[Function]}
                    onKeyDown={[Function]}
                    tabIndex={0}>
                    24
                  </span>
                </td>
                <td
                  aria-disabled={false}
                  aria-selected={false}
                  className=""
                  headers="Monday"
                  role="gridcell">
                  <span
                    className="slds-day"
                    data-date-value="2016-04-25"
                    onClick={[Function]}
                    onFocus={[Function]}
                    onKeyDown={[Function]}
                    tabIndex={0}>
                    25
                  </span>
                </td>
                <td
                  aria-disabled={false}
                  aria-selected={false}
                  className=""
                  headers="Tuesday"
                  role="gridcell">
                  <span
                    className="slds-day"
                    data-date-value="2016-04-26"
                    onClick={[Function]}
                    onFocus={[Function]}
                    onKeyDown={[Function]}
                    tabIndex={0}>
                    26
                  </span>
                </td>
                <td
                  aria-disabled={false}
                  aria-selected={false}
                  className=""
                  headers="Wednesday"
                  role="gridcell">
                  <span
                    className="slds-day"
                    data-date-value="2016-04-27"
                    onClick={[Function]}
                    onFocus={[Function]}
                    onKeyDown={[Function]}
                    tabIndex={0}>
                    27
                  </span>
                </td>
                <td
                  aria-disabled={false}
                  aria-selected={false}
                  className=""
                  headers="Thursday"
                  role="gridcell">
                  <span
                    className="slds-day"
                    data-date-value="2016-04-28"
                    onClick={[Function]}
                    onFocus={[Function]}
                    onKeyDown={[Function]}
                    tabIndex={0}>
                    28
                  </span>
                </td>
                <td
                  aria-disabled={false}
                  aria-selected={false}
                  className=""
                  headers="Friday"
                  role="gridcell">
                  <span
                    className="slds-day"
                    data-date-value="2016-04-29"
                    onClick={[Function]}
                    onFocus={[Function]}
                    onKeyDown={[Function]}
                    tabIndex={0}>
                    29
                  </span>
                </td>
                <td
                  aria-disabled={false}
                  aria-selected={false}
                  className=""
                  headers="Saturday"
                  role="gridcell">
                  <span
                    className="slds-day"
                    data-date-value="2016-04-30"
                    onClick={[Function]}
                    onFocus={[Function]}
                    onKeyDown={[Function]}
                    tabIndex={0}>
                    30
                  </span>
                </td>
              </tr>
            </tbody>
          </table>
          <div
            style={
              Object {
                "padding": "4px",
                "textAlign": "center",
              }
            }>
            <button
              className="slds-size--1-of-2 slds-button"
              onClick={[Function]}
              type="button">
              Today
            </button>
          </div>
        </div>
      </div>
      <a
        onClick={[Function]}
        style={
          Object {
            "background": "#28c",
            "borderRadius": "0 0 0 5px",
            "color": "#fff",
            "cursor": "pointer",
            "display": "block",
            "fontFamily": "sans-serif",
  -         "fontSize": 12,
  +         "fontSize": "12px",
            "padding": "5px 15px",
            "position": "fixed",
            "right": 0,
            "textDecoration": "none",
            "top": 0,
          }
        }>
        ?
      </a>
      <div
        style={
          Object {
            "background": "white",
            "bottom": 0,
            "display": "none",
            "left": 0,
            "overflow": "auto",
            "padding": "0 40px",
            "position": "absolute",
            "right": 0,
            "top": 0,
          }
        }>
        <a
          onClick={[Function]}
          style={
            Object {
              "background": "#28c",
              "borderRadius": "0 0 0 5px",
              "color": "#fff",
              "cursor": "pointer",
              "display": "block",
              "fontFamily": "sans-serif",
  -           "fontSize": 12,
  +           "fontSize": "12px",
              "padding": "5px 15px",
              "position": "fixed",
              "right": 0,
              "textDecoration": "none",
              "top": 0,
            }
          }>
          ×
        </a>
        <div
          style={undefined}>
          <div
            style={
              Object {
                "WebkitFontSmoothing": "antialiased",
                "color": "#444",
                "fontFamily": "
                  -apple-system, ".SFNSText-Regular", "San Francisco", "Roboto",
                  "Segoe UI", "Helvetica Neue", "Lucida Grande", sans-serif
                ",
  -             "fontSize": 15,
  +             "fontSize": "15px",
                "fontWeight": 300,
                "lineHeight": 1.45,
              }
            }>
            <div
              style={
                Object {
                  "borderBottom": "1px solid #eee",
                  "marginBottom": 10,
  +               "paddingTop": 10,
                }
              }>
              <h1
                style={
                  Object {
  -                 "fontSize": 35,
  -                 "margin": "20px 0 0 0",
  +                 "fontSize": "35px",
  +                 "margin": 0,
                    "padding": 0,
                  }
                }>
                Datepicker
              </h1>
              <h2
                style={
                  Object {
  -                 "fontSize": 22,
  +                 "fontSize": "22px",
                    "fontWeight": 400,
                    "margin": "0 0 10px 0",
                    "padding": 0,
                  }
                }>
                Extension Rendering
              </h2>
            </div>
            <div
              style={
                Object {
                  "marginBottom": 0,
                }
              }>
              <p
                style={
                  Object {
                    "WebkitFontSmoothing": "antialiased",
                    "color": "#444",
                    "fontFamily": "
                      -apple-system, ".SFNSText-Regular", "San Francisco", "Roboto",
                      "Segoe UI", "Helvetica Neue", "Lucida Grande", sans-serif
                    ",
  -                 "fontSize": 15,
  +                 "fontSize": "15px",
                  }
                }>
                Specify extension component in datepicker content
              </p>
            </div>
            <div>
              <h1
                style={
                  Object {
                    "borderBottom": "1px solid #EEE",
  -                 "fontSize": 25,
  +                 "fontSize": "25px",
                    "margin": "20px 0 0 0",
                    "padding": "0 0 5px 0",
                  }
                }>
                Story Source
              </h1>
              <pre
                style={
                  Object {
                    "backgroundColor": "#fafafa",
                    "fontFamily": "Menlo, Monaco, "Courier New", monospace",
                    "fontSize": ".88em",
                    "lineHeight": 1.5,
                    "overflowX": "scroll",
                    "padding": ".5rem",
                  }
                }>
                <div
                  style={
                    Object {
                      "paddingLeft": 18,
                      "paddingRight": 3,
                    }
                  }>
                  <span
                    style={
                      Object {
                        "color": "#777",
                      }
                    }>
                    <
                    Datepicker
                  </span>
                  <span>
                    <span>
                      <span>
                        <br />
                          
                      </span>
                      <span
                        style={Object {}}>
                        selectedDate
                      </span>
                      <span>
                        =
                        <span
                          style={Object {}}>
                          <span
                            style={
                              Object {
                                "color": "#22a",
                                "wordBreak": "break-word",
                              }
                            }>
                            "
                            2016-04-13
                            "
                          </span>
                        </span>
                      </span>
                    </span>
                    <span>
                      <span>
                        <br />
                          
                      </span>
                      <span
                        style={Object {}}>
                        extensionRenderer
                      </span>
                      <span>
                        =
                        <span
                          style={Object {}}>
                          <span>
                            {
                            <span
                              style={
                                Object {
                                  "color": "#170",
                                }
                              }>
                              TodayButtonExtensionRenderer()
                            </span>
                            }
                          </span>
                        </span>
                      </span>
                    </span>
                    <span>
                      <span>
                        <br />
                          
                      </span>
                      <span
                        style={Object {}}>
                        onSelect
                      </span>
                      <span>
                        =
                        <span
                          style={Object {}}>
                          <span>
                            {
                            <span
                              style={
                                Object {
                                  "color": "#170",
                                }
                              }>
  -                           anonymous()
  +                           select()
                            </span>
                            }
                          </span>
                        </span>
                      </span>
                    </span>
                    <span>
                      <span>
                        <br />
                          
                      </span>
                      <span
                        style={Object {}}>
                        onClose
                      </span>
                      <span>
                        =
                        <span
                          style={Object {}}>
                          <span>
                            {
                            <span
                              style={
                                Object {
                                  "color": "#170",
                                }
                              }>
  -                           anonymous()
  +                           close()
                            </span>
                            }
                          </span>
                        </span>
                      </span>
                    </span>
                    <span>
                      <span>
                        <br />
                          
                      </span>
                      <span
                        style={Object {}}>
                        onBlur
                      </span>
                      <span>
                        =
                        <span
                          style={Object {}}>
                          <span>
                            {
                            <span
                              style={
                                Object {
                                  "color": "#170",
                                }
                              }>
  -                           anonymous()
  +                           blur()
                            </span>
                            }
                          </span>
                        </span>
                      </span>
                      <br />
                    </span>
                  </span>
                  <span
                    style={
                      Object {
                        "color": "#777",
                      }
                    }>
                    />
                  </span>
                </div>
              </pre>
            </div>
            <div>
              <h1
                style={
                  Object {
                    "borderBottom": "1px solid #EEE",
  -                 "fontSize": 25,
  +                 "fontSize": "25px",
                    "margin": "20px 0 0 0",
                    "padding": "0 0 5px 0",
                  }
                }>
                Prop Types
              </h1>
              <div>
                <h2
                  style={
                    Object {
                      "margin": "20px 0 0 0",
                    }
                  }>
                  "
                  Datepicker
                  " Component
                </h2>
                <table
                  style={
                    Object {
                      "borderCollapse": "separate",
                      "borderSpacing": "10px 5px",
                      "marginLeft": -10,
                    }
                  }>
                  <thead>
                    <tr>
                      <th>
                        property
                      </th>
                      <th>
                        propType
                      </th>
                      <th>
                        required
                      </th>
                      <th>
                        default
                      </th>
                    </tr>
                  </thead>
                  <tbody>
                    <tr>
                      <td>
                        autoFocus
                      </td>
                      <td>
                        bool
                      </td>
                      <td>
                        no
                      </td>
                      <td>
                        -
                      </td>
                    </tr>
                    <tr>
                      <td>
                        className
                      </td>
                      <td>
                        string
                      </td>
                      <td>
                        no
                      </td>
                      <td>
                        -
                      </td>
                    </tr>
                    <tr>
                      <td>
                        extensionRenderer
                      </td>
                      <td>
                        func
                      </td>
                      <td>
                        no
                      </td>
                      <td>
                        -
                      </td>
                    </tr>
                    <tr>
                      <td>
                        maxDate
                      </td>
                      <td>
                        string
                      </td>
                      <td>
                        no
                      </td>
                      <td>
                        -
                      </td>
                    </tr>
                    <tr>
                      <td>
                        minDate
                      </td>
                      <td>
                        string
                      </td>
                      <td>
                        no
                      </td>
                      <td>
                        -
                      </td>
                    </tr>
                    <tr>
                      <td>
                        onBlur
                      </td>
                      <td>
                        func
                      </td>
                      <td>
                        no
                      </td>
                      <td>
                        -
                      </td>
                    </tr>
                    <tr>
                      <td>
                        onClose
                      </td>
                      <td>
                        func
                      </td>
                      <td>
                        no
                      </td>
                      <td>
                        -
                      </td>
                    </tr>
                    <tr>
                      <td>
                        onSelect
                      </td>
                      <td>
                        func
                      </td>
                      <td>
                        no
                      </td>
                      <td>
                        -
                      </td>
                    </tr>
                    <tr>
                      <td>
                        selectedDate
                      </td>
                      <td>
                        string
                      </td>
                      <td>
                        no
                      </td>
                      <td>
                        -
                      </td>
                    </tr>
                  </tbody>
                </table>
              </div>
            </div>
          </div>
        </div>
      </div>
    </div>


Input

✗ Controlled with knobs
  - Snapshot
  + Current story
  
  <div>
      <div
        style={
          Object {
            "position": "relative",
            "zIndex": 0,
          }
        }>
        <div
          className="slds-form-element">
          <label
            className="slds-form-element__label"
            htmlFor="input-$uuid$">
            Input Label
          </label>
          <div
            className="slds-form-element__control">
            <input
              className="slds-input"
              defaultValue={undefined}
              disabled={undefined}
              id="input-$uuid$"
              onBlur={[Function]}
              onChange={[Function]}
              onKeyDown={[Function]}
              placeholder={undefined}
              readOnly={undefined}
              type={undefined}
              value={undefined} />
          </div>
        </div>
      </div>
      <a
        onClick={[Function]}
        style={
          Object {
            "background": "#28c",
            "borderRadius": "0 0 0 5px",
            "color": "#fff",
            "cursor": "pointer",
            "display": "block",
            "fontFamily": "sans-serif",
  -         "fontSize": 12,
  +         "fontSize": "12px",
            "padding": "5px 15px",
            "position": "fixed",
            "right": 0,
            "textDecoration": "none",
            "top": 0,
          }
        }>
        ?
      </a>
      <div
        style={
          Object {
            "background": "white",
            "bottom": 0,
            "display": "none",
            "left": 0,
            "overflow": "auto",
            "padding": "0 40px",
            "position": "absolute",
            "right": 0,
            "top": 0,
          }
        }>
        <a
          onClick={[Function]}
          style={
            Object {
              "background": "#28c",
              "borderRadius": "0 0 0 5px",
              "color": "#fff",
              "cursor": "pointer",
              "display": "block",
              "fontFamily": "sans-serif",
  -           "fontSize": 12,
  +           "fontSize": "12px",
              "padding": "5px 15px",
              "position": "fixed",
              "right": 0,
              "textDecoration": "none",
              "top": 0,
            }
          }>
          ×
        </a>
        <div
          style={undefined}>
          <div
            style={
              Object {
                "WebkitFontSmoothing": "antialiased",
                "color": "#444",
                "fontFamily": "
                  -apple-system, ".SFNSText-Regular", "San Francisco", "Roboto",
                  "Segoe UI", "Helvetica Neue", "Lucida Grande", sans-serif
                ",
  -             "fontSize": 15,
  +             "fontSize": "15px",
                "fontWeight": 300,
                "lineHeight": 1.45,
              }
            }>
            <div
              style={
                Object {
                  "borderBottom": "1px solid #eee",
                  "marginBottom": 10,
  +               "paddingTop": 10,
                }
              }>
              <h1
                style={
                  Object {
  -                 "fontSize": 35,
  -                 "margin": "20px 0 0 0",
  +                 "fontSize": "35px",
  +                 "margin": 0,
                    "padding": 0,
                  }
                }>
                Input
              </h1>
              <h2
                style={
                  Object {
  -                 "fontSize": 22,
  +                 "fontSize": "22px",
                    "fontWeight": 400,
                    "margin": "0 0 10px 0",
                    "padding": 0,
                  }
                }>
                Controlled with knobs
              </h2>
            </div>
            <div
              style={
                Object {
                  "marginBottom": 0,
                }
              }>
              <p
                style={
                  Object {
                    "WebkitFontSmoothing": "antialiased",
                    "color": "#444",
                    "fontFamily": "
                      -apple-system, ".SFNSText-Regular", "San Francisco", "Roboto",
                      "Segoe UI", "Helvetica Neue", "Lucida Grande", sans-serif
                    ",
  -                 "fontSize": 15,
  +                 "fontSize": "15px",
                  }
                }>
                Input controlled with knobs
              </p>
            </div>
            <div>
              <h1
                style={
                  Object {
                    "borderBottom": "1px solid #EEE",
  -                 "fontSize": 25,
  +                 "fontSize": "25px",
                    "margin": "20px 0 0 0",
                    "padding": "0 0 5px 0",
                  }
                }>
                Story Source
              </h1>
              <pre
                style={
                  Object {
                    "backgroundColor": "#fafafa",
                    "fontFamily": "Menlo, Monaco, "Courier New", monospace",
                    "fontSize": ".88em",
                    "lineHeight": 1.5,
                    "overflowX": "scroll",
                    "padding": ".5rem",
                  }
                }>
                <div
                  style={
                    Object {
                      "paddingLeft": 18,
                      "paddingRight": 3,
                    }
                  }>
                  <span
                    style={
                      Object {
                        "color": "#777",
                      }
                    }>
                    <
                    Input
                  </span>
                  <span>
                    <span>
                      <span>
                        <br />
                          
                      </span>
                      <span
                        style={Object {}}>
                        label
                      </span>
                      <span>
                        =
                        <span
                          style={Object {}}>
                          <span
                            style={
                              Object {
                                "color": "#22a",
                                "wordBreak": "break-word",
                              }
                            }>
                            "
                            Input Label
                            "
                          </span>
                        </span>
                      </span>
                    </span>
                    <span>
                      <span>
                        <br />
                          
                      </span>
                      <span
                        style={Object {}}>
                        error
                      </span>
                      <span>
                        =
                        <span
                          style={Object {}}>
                          <span>
                            {
                            <span
                              style={
                                Object {
                                  "color": "#777",
                                }
                              }>
                              undefined
                            </span>
                            }
                          </span>
                        </span>
                      </span>
                    </span>
                    <span>
                      <span>
                        <br />
                          
                      </span>
                      <span
                        style={Object {}}>
                        required
                      </span>
                      <span>
                        =
                        <span
                          style={Object {}}>
                          <span>
                            {
                            <span
                              style={
                                Object {
                                  "color": "#777",
                                }
                              }>
                              undefined
                            </span>
                            }
                          </span>
                        </span>
                      </span>
                    </span>
                    <span>
                      <span>
                        <br />
                          
                      </span>
                      <span
                        style={Object {}}>
                        value
                      </span>
                      <span>
                        =
                        <span
                          style={Object {}}>
                          <span>
                            {
                            <span
                              style={
                                Object {
                                  "color": "#777",
                                }
                              }>
                              undefined
                            </span>
                            }
                          </span>
                        </span>
                      </span>
                    </span>
                    <span>
                      <span>
                        <br />
                          
                      </span>
                      <span
                        style={Object {}}>
                        placeholder
                      </span>
                      <span>
                        =
                        <span
                          style={Object {}}>
                          <span>
                            {
                            <span
                              style={
                                Object {
                                  "color": "#777",
                                }
                              }>
                              undefined
                            </span>
                            }
                          </span>
                        </span>
                      </span>
                    </span>
                    <span>
                      <span>
                        <br />
                          
                      </span>
                      <span
                        style={Object {}}>
                        addonLeft
                      </span>
                      <span>
                        =
                        <span
                          style={Object {}}>
                          <span>
                            {
                            <span
                              style={
                                Object {
                                  "color": "#777",
                                }
                              }>
                              undefined
                            </span>
                            }
                          </span>
                        </span>
                      </span>
                    </span>
                    <span>
                      <span>
                        <br />
                          
                      </span>
                      <span
                        style={Object {}}>
                        addonRight
                      </span>
                      <span>
                        =
                        <span
                          style={Object {}}>
                          <span>
                            {
                            <span
                              style={
                                Object {
                                  "color": "#777",
                                }
                              }>
                              undefined
                            </span>
                            }
                          </span>
                        </span>
                      </span>
                    </span>
                    <span>
                      <span>
                        <br />
                          
                      </span>
                      <span
                        style={Object {}}>
                        iconLeft
                      </span>
                      <span>
                        =
                        <span
                          style={Object {}}>
                          <span>
                            {
                            <span
                              style={
                                Object {
                                  "color": "#777",
                                }
                              }>
                              undefined
                            </span>
                            }
                          </span>
                        </span>
                      </span>
                    </span>
                    <span>
                      <span>
                        <br />
                          
                      </span>
                      <span
                        style={Object {}}>
                        iconRight
                      </span>
                      <span>
                        =
                        <span
                          style={Object {}}>
                          <span>
                            {
                            <span
                              style={
                                Object {
                                  "color": "#777",
                                }
                              }>
                              undefined
                            </span>
                            }
                          </span>
                        </span>
                      </span>
                    </span>
                    <span>
                      <span>
                        <br />
                          
                      </span>
                      <span
                        style={Object {}}>
                        disabled
                      </span>
                      <span>
                        =
                        <span
                          style={Object {}}>
                          <span>
                            {
                            <span
                              style={
                                Object {
                                  "color": "#777",
                                }
                              }>
                              undefined
                            </span>
                            }
                          </span>
                        </span>
                      </span>
                    </span>
                    <span>
                      <span>
                        <br />
                          
                      </span>
                      <span
                        style={Object {}}>
                        readOnly
                      </span>
                      <span>
                        =
                        <span
                          style={Object {}}>
                          <span>
                            {
                            <span
                              style={
                                Object {
                                  "color": "#777",
                                }
                              }>
                              undefined
                            </span>
                            }
                          </span>
                        </span>
                      </span>
                    </span>
                    <span>
                      <span>
                        <br />
                          
                      </span>
                      <span
                        style={Object {}}>
                        onChange
                      </span>
                      <span>
                        =
                        <span
                          style={Object {}}>
                          <span>
                            {
                            <span
                              style={
                                Object {
                                  "color": "#170",
                                }
                              }>
  -                           anonymous()
  +                           change()
                            </span>
                            }
                          </span>
                        </span>
                      </span>
                    </span>
                    <span>
                      <span>
                        <br />
                          
                      </span>
                      <span
                        style={Object {}}>
                        onBlur
                      </span>
                      <span>
                        =
                        <span
                          style={Object {}}>
                          <span>
                            {
                            <span
                              style={
                                Object {
                                  "color": "#170",
                                }
                              }>
  -                           anonymous()
  +                           blur()
                            </span>
                            }
                          </span>
                        </span>
                      </span>
                      <br />
                    </span>
                  </span>
                  <span
                    style={
                      Object {
                        "color": "#777",
                      }
                    }>
                    />
                  </span>
                </div>
              </pre>
            </div>
            <div>
              <h1
                style={
                  Object {
                    "borderBottom": "1px solid #EEE",
  -                 "fontSize": 25,
  +                 "fontSize": "25px",
                    "margin": "20px 0 0 0",
                    "padding": "0 0 5px 0",
                  }
                }>
                Prop Types
              </h1>
              <div>
                <h2
                  style={
                    Object {
                      "margin": "20px 0 0 0",
                    }
                  }>
                  "
                  Input
                  " Component
                </h2>
                <table
                  style={
                    Object {
                      "borderCollapse": "separate",
                      "borderSpacing": "10px 5px",
                      "marginLeft": -10,
                    }
                  }>
                  <thead>
                    <tr>
                      <th>
                        property
                      </th>
                      <th>
                        propType
                      </th>
                      <th>
                        required
                      </th>
                      <th>
                        default
                      </th>
                    </tr>
                  </thead>
                  <tbody>
                    <tr>
                      <td>
                        bare
                      </td>
                      <td>
                        bool
                      </td>
                      <td>
                        no
                      </td>
                      <td>
                        -
                      </td>
                    </tr>
                    <tr>
                      <td>
                        id
                      </td>
                      <td>
                        string
                      </td>
                      <td>
                        no
                      </td>
                      <td>
                        -
                      </td>
                    </tr>
                    <tr>
                      <td>
                        addonRight
                      </td>
                      <td>
                        string
                      </td>
                      <td>
                        no
                      </td>
                      <td>
                        -
                      </td>
                    </tr>
                    <tr>
                      <td>
                        addonLeft
                      </td>
                      <td>
                        string
                      </td>
                      <td>
                        no
                      </td>
                      <td>
                        -
                      </td>
                    </tr>
                    <tr>
                      <td>
                        error
                      </td>
                      <td>
                        other
                      </td>
                      <td>
                        no
                      </td>
                      <td>
                        -
                      </td>
                    </tr>
                    <tr>
                      <td>
                        iconRight
                      </td>
                      <td>
                        other
                      </td>
                      <td>
                        no
                      </td>
                      <td>
                        -
                      </td>
                    </tr>
                    <tr>
                      <td>
                        cols
                      </td>
                      <td>
                        number
                      </td>
                      <td>
                        no
                      </td>
                      <td>
                        -
                      </td>
                    </tr>
                    <tr>
                      <td>
                        iconLeft
                      </td>
                      <td>
                        other
                      </td>
                      <td>
                        no
                      </td>
                      <td>
                        -
                      </td>
                    </tr>
                    <tr>
                      <td>
                        defaultValue
                      </td>
                      <td>
                        string
                      </td>
                      <td>
                        no
                      </td>
                      <td>
                        -
                      </td>
                    </tr>
                    <tr>
                      <td>
                        htmlReadOnly
                      </td>
                      <td>
                        bool
                      </td>
                      <td>
                        no
                      </td>
                      <td>
                        -
                      </td>
                    </tr>
                    <tr>
                      <td>
                        className
                      </td>
                      <td>
                        string
                      </td>
                      <td>
                        no
                      </td>
                      <td>
                        -
                      </td>
                    </tr>
                    <tr>
                      <td>
                        inputRef
                      </td>
                      <td>
                        func
                      </td>
                      <td>
                        no
                      </td>
                      <td>
                        -
                      </td>
                    </tr>
                    <tr>
                      <td>
                        label
                      </td>
                      <td>
                        string
                      </td>
                      <td>
                        no
                      </td>
                      <td>
                        -
                      </td>
                    </tr>
                    <tr>
                      <td>
                        onChange
                      </td>
                      <td>
                        func
                      </td>
                      <td>
                        no
                      </td>
                      <td>
                        -
                      </td>
                    </tr>
                    <tr>
                      <td>
                        onKeyDown
                      </td>
                      <td>
                        func
                      </td>
                      <td>
                        no
                      </td>
                      <td>
                        -
                      </td>
                    </tr>
                    <tr>
                      <td>
                        placeholder
                      </td>
                      <td>
                        string
                      </td>
                      <td>
                        no
                      </td>
                      <td>
                        -
                      </td>
                    </tr>
                    <tr>
                      <td>
                        readOnly
                      </td>
                      <td>
                        bool
                      </td>
                      <td>
                        no
                      </td>
                      <td>
                        -
                      </td>
                    </tr>
                    <tr>
                      <td>
                        required
                      </td>
                      <td>
                        bool
                      </td>
                      <td>
                        no
                      </td>
                      <td>
                        -
                      </td>
                    </tr>
                    <tr>
                      <td>
                        symbolPattern
                      </td>
                      <td>
                        string
                      </td>
                      <td>
                        no
                      </td>
                      <td>
                        -
                      </td>
                    </tr>
                    <tr>
                      <td>
                        totalCols
                      </td>
                      <td>
                        number
                      </td>
                      <td>
                        no
                      </td>
                      <td>
                        -
                      </td>
                    </tr>
                    <tr>
                      <td>
                        value
                      </td>
                      <td>
                        string
                      </td>
                      <td>
                        no
                      </td>
                      <td>
                        -
                      </td>
                    </tr>
                  </tbody>
                </table>
              </div>
            </div>
          </div>
        </div>
      </div>
    </div>


✗ Default
  - Snapshot
  + Current story
  
  <div>
      <div
        style={
          Object {
            "position": "relative",
            "zIndex": 0,
          }
        }>
        <div
          className="slds-form-element">
          <label
            className="slds-form-element__label"
            htmlFor="input-$uuid$">
            Input Label
          </label>
          <div
            className="slds-form-element__control">
            <input
              className="slds-input"
              defaultValue={undefined}
              id="input-$uuid$"
              onChange={[Function]}
              onKeyDown={[Function]}
              placeholder="Placeholder Text"
              readOnly={undefined}
              type={undefined}
              value={undefined} />
          </div>
        </div>
      </div>
      <a
        onClick={[Function]}
        style={
          Object {
            "background": "#28c",
            "borderRadius": "0 0 0 5px",
            "color": "#fff",
            "cursor": "pointer",
            "display": "block",
            "fontFamily": "sans-serif",
  -         "fontSize": 12,
  +         "fontSize": "12px",
            "padding": "5px 15px",
            "position": "fixed",
            "right": 0,
            "textDecoration": "none",
            "top": 0,
          }
        }>
        ?
      </a>
      <div
        style={
          Object {
            "background": "white",
            "bottom": 0,
            "display": "none",
            "left": 0,
            "overflow": "auto",
            "padding": "0 40px",
            "position": "absolute",
            "right": 0,
            "top": 0,
          }
        }>
        <a
          onClick={[Function]}
          style={
            Object {
              "background": "#28c",
              "borderRadius": "0 0 0 5px",
              "color": "#fff",
              "cursor": "pointer",
              "display": "block",
              "fontFamily": "sans-serif",
  -           "fontSize": 12,
  +           "fontSize": "12px",
              "padding": "5px 15px",
              "position": "fixed",
              "right": 0,
              "textDecoration": "none",
              "top": 0,
            }
          }>
          ×
        </a>
        <div
          style={undefined}>
          <div
            style={
              Object {
                "WebkitFontSmoothing": "antialiased",
                "color": "#444",
                "fontFamily": "
                  -apple-system, ".SFNSText-Regular", "San Francisco", "Roboto",
                  "Segoe UI", "Helvetica Neue", "Lucida Grande", sans-serif
                ",
  -             "fontSize": 15,
  +             "fontSize": "15px",
                "fontWeight": 300,
                "lineHeight": 1.45,
              }
            }>
            <div
              style={
                Object {
                  "borderBottom": "1px solid #eee",
                  "marginBottom": 10,
  +               "paddingTop": 10,
                }
              }>
              <h1
                style={
                  Object {
  -                 "fontSize": 35,
  -                 "margin": "20px 0 0 0",
  +                 "fontSize": "35px",
  +                 "margin": 0,
                    "padding": 0,
                  }
                }>
                Input
              </h1>
              <h2
                style={
                  Object {
  -                 "fontSize": 22,
  +                 "fontSize": "22px",
                    "fontWeight": 400,
                    "margin": "0 0 10px 0",
                    "padding": 0,
                  }
                }>
                Default
              </h2>
            </div>
            <div
              style={
                Object {
                  "marginBottom": 0,
                }
              }>
              <p
                style={
                  Object {
                    "WebkitFontSmoothing": "antialiased",
                    "color": "#444",
                    "fontFamily": "
                      -apple-system, ".SFNSText-Regular", "San Francisco", "Roboto",
                      "Segoe UI", "Helvetica Neue", "Lucida Grande", sans-serif
                    ",
  -                 "fontSize": 15,
  +                 "fontSize": "15px",
                  }
                }>
                Default Input control
              </p>
            </div>
            <div>
              <h1
                style={
                  Object {
                    "borderBottom": "1px solid #EEE",
  -                 "fontSize": 25,
  +                 "fontSize": "25px",
                    "margin": "20px 0 0 0",
                    "padding": "0 0 5px 0",
                  }
                }>
                Story Source
              </h1>
              <pre
                style={
                  Object {
                    "backgroundColor": "#fafafa",
                    "fontFamily": "Menlo, Monaco, "Courier New", monospace",
                    "fontSize": ".88em",
                    "lineHeight": 1.5,
                    "overflowX": "scroll",
                    "padding": ".5rem",
                  }
                }>
                <div
                  style={
                    Object {
                      "paddingLeft": 18,
                      "paddingRight": 3,
                    }
                  }>
                  <span
                    style={
                      Object {
                        "color": "#777",
                      }
                    }>
                    <
                    Input
                  </span>
                  <span>
                    <span>
                       
                      <span
                        style={Object {}}>
                        label
                      </span>
                      <span>
                        =
                        <span
                          style={Object {}}>
                          <span
                            style={
                              Object {
                                "color": "#22a",
                                "wordBreak": "break-word",
                              }
                            }>
                            "
                            Input Label
                            "
                          </span>
                        </span>
                      </span>
                    </span>
                    <span>
                       
                      <span
                        style={Object {}}>
                        placeholder
                      </span>
                      <span>
                        =
                        <span
                          style={Object {}}>
                          <span
                            style={
                              Object {
                                "color": "#22a",
                                "wordBreak": "break-word",
                              }
                            }>
                            "
                            Placeholder Text
                            "
                          </span>
                        </span>
                      </span>
                       
                    </span>
                  </span>
                  <span
                    style={
                      Object {
                        "color": "#777",
                      }
                    }>
                    />
                  </span>
                </div>
              </pre>
            </div>
            <div>
              <h1
                style={
                  Object {
                    "borderBottom": "1px solid #EEE",
  -                 "fontSize": 25,
  +                 "fontSize": "25px",
                    "margin": "20px 0 0 0",
                    "padding": "0 0 5px 0",
                  }
                }>
                Prop Types
              </h1>
              <div>
                <h2
                  style={
                    Object {
                      "margin": "20px 0 0 0",
                    }
                  }>
                  "
                  Input
                  " Component
                </h2>
                <table
                  style={
                    Object {
                      "borderCollapse": "separate",
                      "borderSpacing": "10px 5px",
                      "marginLeft": -10,
                    }
                  }>
                  <thead>
                    <tr>
                      <th>
                        property
                      </th>
                      <th>
                        propType
                      </th>
                      <th>
                        required
                      </th>
                      <th>
                        default
                      </th>
                    </tr>
                  </thead>
                  <tbody>
                    <tr>
                      <td>
                        bare
                      </td>
                      <td>
                        bool
                      </td>
                      <td>
                        no
                      </td>
                      <td>
                        -
                      </td>
                    </tr>
                    <tr>
                      <td>
                        id
                      </td>
                      <td>
                        string
                      </td>
                      <td>
                        no
                      </td>
                      <td>
                        -
                      </td>
                    </tr>
                    <tr>
                      <td>
                        addonRight
                      </td>
                      <td>
                        string
                      </td>
                      <td>
                        no
                      </td>
                      <td>
                        -
                      </td>
                    </tr>
                    <tr>
                      <td>
                        addonLeft
                      </td>
                      <td>
                        string
                      </td>
                      <td>
                        no
                      </td>
                      <td>
                        -
                      </td>
                    </tr>
                    <tr>
                      <td>
                        error
                      </td>
                      <td>
                        other
                      </td>
                      <td>
                        no
                      </td>
                      <td>
                        -
                      </td>
                    </tr>
                    <tr>
                      <td>
                        iconRight
                      </td>
                      <td>
                        other
                      </td>
                      <td>
                        no
                      </td>
                      <td>
                        -
                      </td>
                    </tr>
                    <tr>
                      <td>
                        cols
                      </td>
                      <td>
                        number
                      </td>
                      <td>
                        no
                      </td>
                      <td>
                        -
                      </td>
                    </tr>
                    <tr>
                      <td>
                        iconLeft
                      </td>
                      <td>
                        other
                      </td>
                      <td>
                        no
                      </td>
                      <td>
                        -
                      </td>
                    </tr>
                    <tr>
                      <td>
                        defaultValue
                      </td>
                      <td>
                        string
                      </td>
                      <td>
                        no
                      </td>
                      <td>
                        -
                      </td>
                    </tr>
                    <tr>
                      <td>
                        htmlReadOnly
                      </td>
                      <td>
                        bool
                      </td>
                      <td>
                        no
                      </td>
                      <td>
                        -
                      </td>
                    </tr>
                    <tr>
                      <td>
                        className
                      </td>
                      <td>
                        string
                      </td>
                      <td>
                        no
                      </td>
                      <td>
                        -
                      </td>
                    </tr>
                    <tr>
                      <td>
                        inputRef
                      </td>
                      <td>
                        func
                      </td>
                      <td>
                        no
                      </td>
                      <td>
                        -
                      </td>
                    </tr>
                    <tr>
                      <td>
                        label
                      </td>
                      <td>
                        string
                      </td>
                      <td>
                        no
                      </td>
                      <td>
                        -
                      </td>
                    </tr>
                    <tr>
                      <td>
                        onChange
                      </td>
                      <td>
                        func
                      </td>
                      <td>
                        no
                      </td>
                      <td>
                        -
                      </td>
                    </tr>
                    <tr>
                      <td>
                        onKeyDown
                      </td>
                      <td>
                        func
                      </td>
                      <td>
                        no
                      </td>
                      <td>
                        -
                      </td>
                    </tr>
                    <tr>
                      <td>
                        placeholder
                      </td>
                      <td>
                        string
                      </td>
                      <td>
                        no
                      </td>
                      <td>
                        -
                      </td>
                    </tr>
                    <tr>
                      <td>
                        readOnly
                      </td>
                      <td>
                        bool
                      </td>
                      <td>
                        no
                      </td>
                      <td>
                        -
                      </td>
                    </tr>
                    <tr>
                      <td>
                        required
                      </td>
                      <td>
                        bool
                      </td>
                      <td>
                        no
                      </td>
                      <td>
                        -
                      </td>
                    </tr>
                    <tr>
                      <td>
                        symbolPattern
                      </td>
                      <td>
                        string
                      </td>
                      <td>
                        no
                      </td>
                      <td>
                        -
                      </td>
                    </tr>
                    <tr>
                      <td>
                        totalCols
                      </td>
                      <td>
                        number
                      </td>
                      <td>
                        no
                      </td>
                      <td>
                        -
                      </td>
                    </tr>
                    <tr>
                      <td>
                        value
                      </td>
                      <td>
                        string
                      </td>
                      <td>
                        no
                      </td>
                      <td>
                        -
                      </td>
                    </tr>
                  </tbody>
                </table>
              </div>
            </div>
          </div>
        </div>
      </div>
    </div>


✗ With icon to the left
  - Snapshot
  + Current story
  
  <div>
      <div
        style={
          Object {
            "position": "relative",
            "zIndex": 0,
          }
        }>
        <div
          className="slds-form-element">
          <label
            className="slds-form-element__label"
            htmlFor="input-$uuid$">
            Input Label
          </label>
          <div
            className="slds-form-element__control">
            <div
              className="slds-form-element__control slds-input-has-icon slds-input-has-icon--left">
              <svg
                aria-hidden={true}
                className="slds-icon slds-icon-text-default slds-input__icon slds-input__icon--left slds-icon-text-default"
                dangerouslySetInnerHTML={
                  Object {
                    "__html": "<use xlink:href="/assets/icons/utility-sprite/svg/symbols.svg#search"></use>",
                  }
                }
                style={undefined} />
              <input
                className="slds-input"
                defaultValue={undefined}
                id="input-$uuid$"
                onChange={[Function]}
                onKeyDown={[Function]}
                placeholder="Placeholder Text"
                readOnly={undefined}
                type={undefined}
                value={undefined} />
            </div>
          </div>
        </div>
      </div>
      <a
        onClick={[Function]}
        style={
          Object {
            "background": "#28c",
            "borderRadius": "0 0 0 5px",
            "color": "#fff",
            "cursor": "pointer",
            "display": "block",
            "fontFamily": "sans-serif",
  -         "fontSize": 12,
  +         "fontSize": "12px",
            "padding": "5px 15px",
            "position": "fixed",
            "right": 0,
            "textDecoration": "none",
            "top": 0,
          }
        }>
        ?
      </a>
      <div
        style={
          Object {
            "background": "white",
            "bottom": 0,
            "display": "none",
            "left": 0,
            "overflow": "auto",
            "padding": "0 40px",
            "position": "absolute",
            "right": 0,
            "top": 0,
          }
        }>
        <a
          onClick={[Function]}
          style={
            Object {
              "background": "#28c",
              "borderRadius": "0 0 0 5px",
              "color": "#fff",
              "cursor": "pointer",
              "display": "block",
              "fontFamily": "sans-serif",
  -           "fontSize": 12,
  +           "fontSize": "12px",
              "padding": "5px 15px",
              "position": "fixed",
              "right": 0,
              "textDecoration": "none",
              "top": 0,
            }
          }>
          ×
        </a>
        <div
          style={undefined}>
          <div
            style={
              Object {
                "WebkitFontSmoothing": "antialiased",
                "color": "#444",
                "fontFamily": "
                  -apple-system, ".SFNSText-Regular", "San Francisco", "Roboto",
                  "Segoe UI", "Helvetica Neue", "Lucida Grande", sans-serif
                ",
  -             "fontSize": 15,
  +             "fontSize": "15px",
                "fontWeight": 300,
                "lineHeight": 1.45,
              }
            }>
            <div
              style={
                Object {
                  "borderBottom": "1px solid #eee",
                  "marginBottom": 10,
  +               "paddingTop": 10,
                }
              }>
              <h1
                style={
                  Object {
  -                 "fontSize": 35,
  -                 "margin": "20px 0 0 0",
  +                 "fontSize": "35px",
  +                 "margin": 0,
                    "padding": 0,
                  }
                }>
                Input
              </h1>
              <h2
                style={
                  Object {
  -                 "fontSize": 22,
  +                 "fontSize": "22px",
                    "fontWeight": 400,
                    "margin": "0 0 10px 0",
                    "padding": 0,
                  }
                }>
                With icon to the left
              </h2>
            </div>
            <div
              style={
                Object {
                  "marginBottom": 0,
                }
              }>
              <p
                style={
                  Object {
                    "WebkitFontSmoothing": "antialiased",
                    "color": "#444",
                    "fontFamily": "
                      -apple-system, ".SFNSText-Regular", "San Francisco", "Roboto",
                      "Segoe UI", "Helvetica Neue", "Lucida Grande", sans-serif
                    ",
  -                 "fontSize": 15,
  +                 "fontSize": "15px",
                  }
                }>
                Input control with icon to the left
              </p>
            </div>
            <div>
              <h1
                style={
                  Object {
                    "borderBottom": "1px solid #EEE",
  -                 "fontSize": 25,
  +                 "fontSize": "25px",
                    "margin": "20px 0 0 0",
                    "padding": "0 0 5px 0",
                  }
                }>
                Story Source
              </h1>
              <pre
                style={
                  Object {
                    "backgroundColor": "#fafafa",
                    "fontFamily": "Menlo, Monaco, "Courier New", monospace",
                    "fontSize": ".88em",
                    "lineHeight": 1.5,
                    "overflowX": "scroll",
                    "padding": ".5rem",
                  }
                }>
                <div
                  style={
                    Object {
                      "paddingLeft": 18,
                      "paddingRight": 3,
                    }
                  }>
                  <span
                    style={
                      Object {
                        "color": "#777",
                      }
                    }>
                    <
                    Input
                  </span>
                  <span>
                    <span>
                       
                      <span
                        style={Object {}}>
                        label
                      </span>
                      <span>
                        =
                        <span
                          style={Object {}}>
                          <span
                            style={
                              Object {
                                "color": "#22a",
                                "wordBreak": "break-word",
                              }
                            }>
                            "
                            Input Label
                            "
                          </span>
                        </span>
                      </span>
                    </span>
                    <span>
                       
                      <span
                        style={Object {}}>
                        placeholder
                      </span>
                      <span>
                        =
                        <span
                          style={Object {}}>
                          <span
                            style={
                              Object {
                                "color": "#22a",
                                "wordBreak": "break-word",
                              }
                            }>
                            "
                            Placeholder Text
                            "
                          </span>
                        </span>
                      </span>
                    </span>
                    <span>
                       
                      <span
                        style={Object {}}>
                        iconLeft
                      </span>
                      <span>
                        =
                        <span
                          style={Object {}}>
                          <span
                            style={
                              Object {
                                "color": "#22a",
                                "wordBreak": "break-word",
                              }
                            }>
                            "
                            search
                            "
                          </span>
                        </span>
                      </span>
                       
                    </span>
                  </span>
                  <span
                    style={
                      Object {
                        "color": "#777",
                      }
                    }>
                    />
                  </span>
                </div>
              </pre>
            </div>
            <div>
              <h1
                style={
                  Object {
                    "borderBottom": "1px solid #EEE",
  -                 "fontSize": 25,
  +                 "fontSize": "25px",
                    "margin": "20px 0 0 0",
                    "padding": "0 0 5px 0",
                  }
                }>
                Prop Types
              </h1>
              <div>
                <h2
                  style={
                    Object {
                      "margin": "20px 0 0 0",
                    }
                  }>
                  "
                  Input
                  " Component
                </h2>
                <table
                  style={
                    Object {
                      "borderCollapse": "separate",
                      "borderSpacing": "10px 5px",
                      "marginLeft": -10,
                    }
                  }>
                  <thead>
                    <tr>
                      <th>
                        property
                      </th>
                      <th>
                        propType
                      </th>
                      <th>
                        required
                      </th>
                      <th>
                        default
                      </th>
                    </tr>
                  </thead>
                  <tbody>
                    <tr>
                      <td>
                        bare
                      </td>
                      <td>
                        bool
                      </td>
                      <td>
                        no
                      </td>
                      <td>
                        -
                      </td>
                    </tr>
                    <tr>
                      <td>
                        id
                      </td>
                      <td>
                        string
                      </td>
                      <td>
                        no
                      </td>
                      <td>
                        -
                      </td>
                    </tr>
                    <tr>
                      <td>
                        addonRight
                      </td>
                      <td>
                        string
                      </td>
                      <td>
                        no
                      </td>
                      <td>
                        -
                      </td>
                    </tr>
                    <tr>
                      <td>
                        addonLeft
                      </td>
                      <td>
                        string
                      </td>
                      <td>
                        no
                      </td>
                      <td>
                        -
                      </td>
                    </tr>
                    <tr>
                      <td>
                        error
                      </td>
                      <td>
                        other
                      </td>
                      <td>
                        no
                      </td>
                      <td>
                        -
                      </td>
                    </tr>
                    <tr>
                      <td>
                        iconRight
                      </td>
                      <td>
                        other
                      </td>
                      <td>
                        no
                      </td>
                      <td>
                        -
                      </td>
                    </tr>
                    <tr>
                      <td>
                        cols
                      </td>
                      <td>
                        number
                      </td>
                      <td>
                        no
                      </td>
                      <td>
                        -
                      </td>
                    </tr>
                    <tr>
                      <td>
                        iconLeft
                      </td>
                      <td>
                        other
                      </td>
                      <td>
                        no
                      </td>
                      <td>
                        -
                      </td>
                    </tr>
                    <tr>
                      <td>
                        defaultValue
                      </td>
                      <td>
                        string
                      </td>
                      <td>
                        no
                      </td>
                      <td>
                        -
                      </td>
                    </tr>
                    <tr>
                      <td>
                        htmlReadOnly
                      </td>
                      <td>
                        bool
                      </td>
                      <td>
                        no
                      </td>
                      <td>
                        -
                      </td>
                    </tr>
                    <tr>
                      <td>
                        className
                      </td>
                      <td>
                        string
                      </td>
                      <td>
                        no
                      </td>
                      <td>
                        -
                      </td>
                    </tr>
                    <tr>
                      <td>
                        inputRef
                      </td>
                      <td>
                        func
                      </td>
                      <td>
                        no
                      </td>
                      <td>
                        -
                      </td>
                    </tr>
                    <tr>
                      <td>
                        label
                      </td>
                      <td>
                        string
                      </td>
                      <td>
                        no
                      </td>
                      <td>
                        -
                      </td>
                    </tr>
                    <tr>
                      <td>
                        onChange
                      </td>
                      <td>
                        func
                      </td>
                      <td>
                        no
                      </td>
                      <td>
                        -
                      </td>
                    </tr>
                    <tr>
                      <td>
                        onKeyDown
                      </td>
                      <td>
                        func
                      </td>
                      <td>
                        no
                      </td>
                      <td>
                        -
                      </td>
                    </tr>
                    <tr>
                      <td>
                        placeholder
                      </td>
                      <td>
                        string
                      </td>
                      <td>
                        no
                      </td>
                      <td>
                        -
                      </td>
                    </tr>
                    <tr>
                      <td>
                        readOnly
                      </td>
                      <td>
                        bool
                      </td>
                      <td>
                        no
                      </td>
                      <td>
                        -
                      </td>
                    </tr>
                    <tr>
                      <td>
                        required
                      </td>
                      <td>
                        bool
                      </td>
                      <td>
                        no
                      </td>
                      <td>
                        -
                      </td>
                    </tr>
                    <tr>
                      <td>
                        symbolPattern
                      </td>
                      <td>
                        string
                      </td>
                      <td>
                        no
                      </td>
                      <td>
                        -
                      </td>
                    </tr>
                    <tr>
                      <td>
                        totalCols
                      </td>
                      <td>
                        number
                      </td>
                      <td>
                        no
                      </td>
                      <td>
                        -
                      </td>
                    </tr>
                    <tr>
                      <td>
                        value
                      </td>
                      <td>
                        string
                      </td>
                      <td>
                        no
                      </td>
                      <td>
                        -
                      </td>
                    </tr>
                  </tbody>
                </table>
              </div>
            </div>
          </div>
        </div>
      </div>
    </div>


✗ With icon to the right
  - Snapshot
  + Current story
  
  <div>
      <div
        style={
          Object {
            "position": "relative",
            "zIndex": 0,
          }
        }>
        <div
          className="slds-form-element">
          <label
            className="slds-form-element__label"
            htmlFor="input-$uuid$">
            Input Label
          </label>
          <div
            className="slds-form-element__control">
            <div
              className="slds-form-element__control slds-input-has-icon slds-input-has-icon--right">
              <input
                className="slds-input"
                defaultValue={undefined}
                id="input-$uuid$"
                onChange={[Function]}
                onKeyDown={[Function]}
                placeholder="Placeholder Text"
                readOnly={undefined}
                type={undefined}
                value={undefined} />
              <svg
                aria-hidden={true}
                className="slds-icon slds-icon-text-default slds-input__icon slds-input__icon--right slds-icon-text-default"
                dangerouslySetInnerHTML={
                  Object {
                    "__html": "<use xlink:href="/assets/icons/utility-sprite/svg/symbols.svg#search"></use>",
                  }
                }
                style={undefined} />
            </div>
          </div>
        </div>
      </div>
      <a
        onClick={[Function]}
        style={
          Object {
            "background": "#28c",
            "borderRadius": "0 0 0 5px",
            "color": "#fff",
            "cursor": "pointer",
            "display": "block",
            "fontFamily": "sans-serif",
  -         "fontSize": 12,
  +         "fontSize": "12px",
            "padding": "5px 15px",
            "position": "fixed",
            "right": 0,
            "textDecoration": "none",
            "top": 0,
          }
        }>
        ?
      </a>
      <div
        style={
          Object {
            "background": "white",
            "bottom": 0,
            "display": "none",
            "left": 0,
            "overflow": "auto",
            "padding": "0 40px",
            "position": "absolute",
            "right": 0,
            "top": 0,
          }
        }>
        <a
          onClick={[Function]}
          style={
            Object {
              "background": "#28c",
              "borderRadius": "0 0 0 5px",
              "color": "#fff",
              "cursor": "pointer",
              "display": "block",
              "fontFamily": "sans-serif",
  -           "fontSize": 12,
  +           "fontSize": "12px",
              "padding": "5px 15px",
              "position": "fixed",
              "right": 0,
              "textDecoration": "none",
              "top": 0,
            }
          }>
          ×
        </a>
        <div
          style={undefined}>
          <div
            style={
              Object {
                "WebkitFontSmoothing": "antialiased",
                "color": "#444",
                "fontFamily": "
                  -apple-system, ".SFNSText-Regular", "San Francisco", "Roboto",
                  "Segoe UI", "Helvetica Neue", "Lucida Grande", sans-serif
                ",
  -             "fontSize": 15,
  +             "fontSize": "15px",
                "fontWeight": 300,
                "lineHeight": 1.45,
              }
            }>
            <div
              style={
                Object {
                  "borderBottom": "1px solid #eee",
                  "marginBottom": 10,
  +               "paddingTop": 10,
                }
              }>
              <h1
                style={
                  Object {
  -                 "fontSize": 35,
  -                 "margin": "20px 0 0 0",
  +                 "fontSize": "35px",
  +                 "margin": 0,
                    "padding": 0,
                  }
                }>
                Input
              </h1>
              <h2
                style={
                  Object {
  -                 "fontSize": 22,
  +                 "fontSize": "22px",
                    "fontWeight": 400,
                    "margin": "0 0 10px 0",
                    "padding": 0,
                  }
                }>
                With icon to the right
              </h2>
            </div>
            <div
              style={
                Object {
                  "marginBottom": 0,
                }
              }>
              <p
                style={
                  Object {
                    "WebkitFontSmoothing": "antialiased",
                    "color": "#444",
                    "fontFamily": "
                      -apple-system, ".SFNSText-Regular", "San Francisco", "Roboto",
                      "Segoe UI", "Helvetica Neue", "Lucida Grande", sans-serif
                    ",
  -                 "fontSize": 15,
  +                 "fontSize": "15px",
                  }
                }>
                Input control with icon to the right
              </p>
            </div>
            <div>
              <h1
                style={
                  Object {
                    "borderBottom": "1px solid #EEE",
  -                 "fontSize": 25,
  +                 "fontSize": "25px",
                    "margin": "20px 0 0 0",
                    "padding": "0 0 5px 0",
                  }
                }>
                Story Source
              </h1>
              <pre
                style={
                  Object {
                    "backgroundColor": "#fafafa",
                    "fontFamily": "Menlo, Monaco, "Courier New", monospace",
                    "fontSize": ".88em",
                    "lineHeight": 1.5,
                    "overflowX": "scroll",
                    "padding": ".5rem",
                  }
                }>
                <div
                  style={
                    Object {
                      "paddingLeft": 18,
                      "paddingRight": 3,
                    }
                  }>
                  <span
                    style={
                      Object {
                        "color": "#777",
                      }
                    }>
                    <
                    Input
                  </span>
                  <span>
                    <span>
                       
                      <span
                        style={Object {}}>
                        label
                      </span>
                      <span>
                        =
                        <span
                          style={Object {}}>
                          <span
                            style={
                              Object {
                                "color": "#22a",
                                "wordBreak": "break-word",
                              }
                            }>
                            "
                            Input Label
                            "
                          </span>
                        </span>
                      </span>
                    </span>
                    <span>
                       
                      <span
                        style={Object {}}>
                        placeholder
                      </span>
                      <span>
                        =
                        <span
                          style={Object {}}>
                          <span
                            style={
                              Object {
                                "color": "#22a",
                                "wordBreak": "break-word",
                              }
                            }>
                            "
                            Placeholder Text
                            "
                          </span>
                        </span>
                      </span>
                    </span>
                    <span>
                       
                      <span
                        style={Object {}}>
                        iconRight
                      </span>
                      <span>
                        =
                        <span
                          style={Object {}}>
                          <span
                            style={
                              Object {
                                "color": "#22a",
                                "wordBreak": "break-word",
                              }
                            }>
                            "
                            search
                            "
                          </span>
                        </span>
                      </span>
                       
                    </span>
                  </span>
                  <span
                    style={
                      Object {
                        "color": "#777",
                      }
                    }>
                    />
                  </span>
                </div>
              </pre>
            </div>
            <div>
              <h1
                style={
                  Object {
                    "borderBottom": "1px solid #EEE",
  -                 "fontSize": 25,
  +                 "fontSize": "25px",
                    "margin": "20px 0 0 0",
                    "padding": "0 0 5px 0",
                  }
                }>
                Prop Types
              </h1>
              <div>
                <h2
                  style={
                    Object {
                      "margin": "20px 0 0 0",
                    }
                  }>
                  "
                  Input
                  " Component
                </h2>
                <table
                  style={
                    Object {
                      "borderCollapse": "separate",
                      "borderSpacing": "10px 5px",
                      "marginLeft": -10,
                    }
                  }>
                  <thead>
                    <tr>
                      <th>
                        property
                      </th>
                      <th>
                        propType
                      </th>
                      <th>
                        required
                      </th>
                      <th>
                        default
                      </th>
                    </tr>
                  </thead>
                  <tbody>
                    <tr>
                      <td>
                        bare
                      </td>
                      <td>
                        bool
                      </td>
                      <td>
                        no
                      </td>
                      <td>
                        -
                      </td>
                    </tr>
                    <tr>
                      <td>
                        id
                      </td>
                      <td>
                        string
                      </td>
                      <td>
                        no
                      </td>
                      <td>
                        -
                      </td>
                    </tr>
                    <tr>
                      <td>
                        addonRight
                      </td>
                      <td>
                        string
                      </td>
                      <td>
                        no
                      </td>
                      <td>
                        -
                      </td>
                    </tr>
                    <tr>
                      <td>
                        addonLeft
                      </td>
                      <td>
                        string
                      </td>
                      <td>
                        no
                      </td>
                      <td>
                        -
                      </td>
                    </tr>
                    <tr>
                      <td>
                        error
                      </td>
                      <td>
                        other
                      </td>
                      <td>
                        no
                      </td>
                      <td>
                        -
                      </td>
                    </tr>
                    <tr>
                      <td>
                        iconRight
                      </td>
                      <td>
                        other
                      </td>
                      <td>
                        no
                      </td>
                      <td>
                        -
                      </td>
                    </tr>
                    <tr>
                      <td>
                        cols
                      </td>
                      <td>
                        number
                      </td>
                      <td>
                        no
                      </td>
                      <td>
                        -
                      </td>
                    </tr>
                    <tr>
                      <td>
                        iconLeft
                      </td>
                      <td>
                        other
                      </td>
                      <td>
                        no
                      </td>
                      <td>
                        -
                      </td>
                    </tr>
                    <tr>
                      <td>
                        defaultValue
                      </td>
                      <td>
                        string
                      </td>
                      <td>
                        no
                      </td>
                      <td>
                        -
                      </td>
                    </tr>
                    <tr>
                      <td>
                        htmlReadOnly
                      </td>
                      <td>
                        bool
                      </td>
                      <td>
                        no
                      </td>
                      <td>
                        -
                      </td>
                    </tr>
                    <tr>
                      <td>
                        className
                      </td>
                      <td>
                        string
                      </td>
                      <td>
                        no
                      </td>
                      <td>
                        -
                      </td>
                    </tr>
                    <tr>
                      <td>
                        inputRef
                      </td>
                      <td>
                        func
                      </td>
                      <td>
                        no
                      </td>
                      <td>
                        -
                      </td>
                    </tr>
                    <tr>
                      <td>
                        label
                      </td>
                      <td>
                        string
                      </td>
                      <td>
                        no
                      </td>
                      <td>
                        -
                      </td>
                    </tr>
                    <tr>
                      <td>
                        onChange
                      </td>
                      <td>
                        func
                      </td>
                      <td>
                        no
                      </td>
                      <td>
                        -
                      </td>
                    </tr>
                    <tr>
                      <td>
                        onKeyDown
                      </td>
                      <td>
                        func
                      </td>
                      <td>
                        no
                      </td>
                      <td>
                        -
                      </td>
                    </tr>
                    <tr>
                      <td>
                        placeholder
                      </td>
                      <td>
                        string
                      </td>
                      <td>
                        no
                      </td>
                      <td>
                        -
                      </td>
                    </tr>
                    <tr>
                      <td>
                        readOnly
                      </td>
                      <td>
                        bool
                      </td>
                      <td>
                        no
                      </td>
                      <td>
                        -
                      </td>
                    </tr>
                    <tr>
                      <td>
                        required
                      </td>
                      <td>
                        bool
                      </td>
                      <td>
                        no
                      </td>
                      <td>
                        -
                      </td>
                    </tr>
                    <tr>
                      <td>
                        symbolPattern
                      </td>
                      <td>
                        string
                      </td>
                      <td>
                        no
                      </td>
                      <td>
                        -
                      </td>
                    </tr>
                    <tr>
                      <td>
                        totalCols
                      </td>
                      <td>
                        number
                      </td>
                      <td>
                        no
                      </td>
                      <td>
                        -
                      </td>
                    </tr>
                    <tr>
                      <td>
                        value
                      </td>
                      <td>
                        string
                      </td>
                      <td>
                        no
                      </td>
                      <td>
                        -
                      </td>
                    </tr>
                  </tbody>
                </table>
              </div>
            </div>
          </div>
        </div>
      </div>
    </div>


✗ With icon to the left & right
  - Snapshot
  + Current story
  
  <div>
      <div
        style={
          Object {
            "position": "relative",
            "zIndex": 0,
          }
        }>
        <div
          className="slds-form-element">
          <label
            className="slds-form-element__label"
            htmlFor="input-$uuid$">
            Input Label
          </label>
          <div
            className="slds-form-element__control">
            <div
              className="slds-form-element__control slds-input-has-icon slds-input-has-icon--left-right slds-input-has-icon--left slds-input-has-icon--right">
              <svg
                aria-hidden={true}
                className="slds-icon slds-icon-text-default slds-input__icon slds-input__icon--left slds-icon-text-default"
                dangerouslySetInnerHTML={
                  Object {
                    "__html": "<use xlink:href="/assets/icons/utility-sprite/svg/symbols.svg#search"></use>",
                  }
                }
                style={undefined} />
              <input
                className="slds-input"
                defaultValue={undefined}
                id="input-$uuid$"
                onChange={[Function]}
                onKeyDown={[Function]}
                placeholder="Placeholder Text"
                readOnly={undefined}
                type={undefined}
                value={undefined} />
              <svg
                aria-hidden={true}
                className="slds-icon slds-icon-text-default slds-input__icon slds-input__icon--right slds-icon-text-default"
                dangerouslySetInnerHTML={
                  Object {
                    "__html": "<use xlink:href="/assets/icons/utility-sprite/svg/symbols.svg#clear"></use>",
                  }
                }
                style={undefined} />
            </div>
          </div>
        </div>
      </div>
      <a
        onClick={[Function]}
        style={
          Object {
            "background": "#28c",
            "borderRadius": "0 0 0 5px",
            "color": "#fff",
            "cursor": "pointer",
            "display": "block",
            "fontFamily": "sans-serif",
  -         "fontSize": 12,
  +         "fontSize": "12px",
            "padding": "5px 15px",
            "position": "fixed",
            "right": 0,
            "textDecoration": "none",
            "top": 0,
          }
        }>
        ?
      </a>
      <div
        style={
          Object {
            "background": "white",
            "bottom": 0,
            "display": "none",
            "left": 0,
            "overflow": "auto",
            "padding": "0 40px",
            "position": "absolute",
            "right": 0,
            "top": 0,
          }
        }>
        <a
          onClick={[Function]}
          style={
            Object {
              "background": "#28c",
              "borderRadius": "0 0 0 5px",
              "color": "#fff",
              "cursor": "pointer",
              "display": "block",
              "fontFamily": "sans-serif",
  -           "fontSize": 12,
  +           "fontSize": "12px",
              "padding": "5px 15px",
              "position": "fixed",
              "right": 0,
              "textDecoration": "none",
              "top": 0,
            }
          }>
          ×
        </a>
        <div
          style={undefined}>
          <div
            style={
              Object {
                "WebkitFontSmoothing": "antialiased",
                "color": "#444",
                "fontFamily": "
                  -apple-system, ".SFNSText-Regular", "San Francisco", "Roboto",
                  "Segoe UI", "Helvetica Neue", "Lucida Grande", sans-serif
                ",
  -             "fontSize": 15,
  +             "fontSize": "15px",
                "fontWeight": 300,
                "lineHeight": 1.45,
              }
            }>
            <div
              style={
                Object {
                  "borderBottom": "1px solid #eee",
                  "marginBottom": 10,
  +               "paddingTop": 10,
                }
              }>
              <h1
                style={
                  Object {
  -                 "fontSize": 35,
  -                 "margin": "20px 0 0 0",
  +                 "fontSize": "35px",
  +                 "margin": 0,
                    "padding": 0,
                  }
                }>
                Input
              </h1>
              <h2
                style={
                  Object {
  -                 "fontSize": 22,
  +                 "fontSize": "22px",
                    "fontWeight": 400,
                    "margin": "0 0 10px 0",
                    "padding": 0,
                  }
                }>
                With icon to the left & right
              </h2>
            </div>
            <div
              style={
                Object {
                  "marginBottom": 0,
                }
              }>
              <p
                style={
                  Object {
                    "WebkitFontSmoothing": "antialiased",
                    "color": "#444",
                    "fontFamily": "
                      -apple-system, ".SFNSText-Regular", "San Francisco", "Roboto",
                      "Segoe UI", "Helvetica Neue", "Lucida Grande", sans-serif
                    ",
  -                 "fontSize": 15,
  +                 "fontSize": "15px",
                  }
                }>
                Input control with icon to the left and right
              </p>
            </div>
            <div>
              <h1
                style={
                  Object {
                    "borderBottom": "1px solid #EEE",
  -                 "fontSize": 25,
  +                 "fontSize": "25px",
                    "margin": "20px 0 0 0",
                    "padding": "0 0 5px 0",
                  }
                }>
                Story Source
              </h1>
              <pre
                style={
                  Object {
                    "backgroundColor": "#fafafa",
                    "fontFamily": "Menlo, Monaco, "Courier New", monospace",
                    "fontSize": ".88em",
                    "lineHeight": 1.5,
                    "overflowX": "scroll",
                    "padding": ".5rem",
                  }
                }>
                <div
                  style={
                    Object {
                      "paddingLeft": 18,
                      "paddingRight": 3,
                    }
                  }>
                  <span
                    style={
                      Object {
                        "color": "#777",
                      }
                    }>
                    <
                    Input
                  </span>
                  <span>
                    <span>
                      <span>
                        <br />
                          
                      </span>
                      <span
                        style={Object {}}>
                        label
                      </span>
                      <span>
                        =
                        <span
                          style={Object {}}>
                          <span
                            style={
                              Object {
                                "color": "#22a",
                                "wordBreak": "break-word",
                              }
                            }>
                            "
                            Input Label
                            "
                          </span>
                        </span>
                      </span>
                    </span>
                    <span>
                      <span>
                        <br />
                          
                      </span>
                      <span
                        style={Object {}}>
                        placeholder
                      </span>
                      <span>
                        =
                        <span
                          style={Object {}}>
                          <span
                            style={
                              Object {
                                "color": "#22a",
                                "wordBreak": "break-word",
                              }
                            }>
                            "
                            Placeholder Text
                            "
                          </span>
                        </span>
                      </span>
                    </span>
                    <span>
                      <span>
                        <br />
                          
                      </span>
                      <span
                        style={Object {}}>
                        iconLeft
                      </span>
                      <span>
                        =
                        <span
                          style={Object {}}>
                          <span
                            style={
                              Object {
                                "color": "#22a",
                                "wordBreak": "break-word",
                              }
                            }>
                            "
                            search
                            "
                          </span>
                        </span>
                      </span>
                    </span>
                    <span>
                      <span>
                        <br />
                          
                      </span>
                      <span
                        style={Object {}}>
                        iconRight
                      </span>
                      <span>
                        =
                        <span
                          style={Object {}}>
                          <span
                            style={
                              Object {
                                "color": "#22a",
                                "wordBreak": "break-word",
                              }
                            }>
                            "
                            clear
                            "
                          </span>
                        </span>
                      </span>
                      <br />
                    </span>
                  </span>
                  <span
                    style={
                      Object {
                        "color": "#777",
                      }
                    }>
                    />
                  </span>
                </div>
              </pre>
            </div>
            <div>
              <h1
                style={
                  Object {
                    "borderBottom": "1px solid #EEE",
  -                 "fontSize": 25,
  +                 "fontSize": "25px",
                    "margin": "20px 0 0 0",
                    "padding": "0 0 5px 0",
                  }
                }>
                Prop Types
              </h1>
              <div>
                <h2
                  style={
                    Object {
                      "margin": "20px 0 0 0",
                    }
                  }>
                  "
                  Input
                  " Component
                </h2>
                <table
                  style={
                    Object {
                      "borderCollapse": "separate",
                      "borderSpacing": "10px 5px",
                      "marginLeft": -10,
                    }
                  }>
                  <thead>
                    <tr>
                      <th>
                        property
                      </th>
                      <th>
                        propType
                      </th>
                      <th>
                        required
                      </th>
                      <th>
                        default
                      </th>
                    </tr>
                  </thead>
                  <tbody>
                    <tr>
                      <td>
                        bare
                      </td>
                      <td>
                        bool
                      </td>
                      <td>
                        no
                      </td>
                      <td>
                        -
                      </td>
                    </tr>
                    <tr>
                      <td>
                        id
                      </td>
                      <td>
                        string
                      </td>
                      <td>
                        no
                      </td>
                      <td>
                        -
                      </td>
                    </tr>
                    <tr>
                      <td>
                        addonRight
                      </td>
                      <td>
                        string
                      </td>
                      <td>
                        no
                      </td>
                      <td>
                        -
                      </td>
                    </tr>
                    <tr>
                      <td>
                        addonLeft
                      </td>
                      <td>
                        string
                      </td>
                      <td>
                        no
                      </td>
                      <td>
                        -
                      </td>
                    </tr>
                    <tr>
                      <td>
                        error
                      </td>
                      <td>
                        other
                      </td>
                      <td>
                        no
                      </td>
                      <td>
                        -
                      </td>
                    </tr>
                    <tr>
                      <td>
                        iconRight
                      </td>
                      <td>
                        other
                      </td>
                      <td>
                        no
                      </td>
                      <td>
                        -
                      </td>
                    </tr>
                    <tr>
                      <td>
                        cols
                      </td>
                      <td>
                        number
                      </td>
                      <td>
                        no
                      </td>
                      <td>
                        -
                      </td>
                    </tr>
                    <tr>
                      <td>
                        iconLeft
                      </td>
                      <td>
                        other
                      </td>
                      <td>
                        no
                      </td>
                      <td>
                        -
                      </td>
                    </tr>
                    <tr>
                      <td>
                        defaultValue
                      </td>
                      <td>
                        string
                      </td>
                      <td>
                        no
                      </td>
                      <td>
                        -
                      </td>
                    </tr>
                    <tr>
                      <td>
                        htmlReadOnly
                      </td>
                      <td>
                        bool
                      </td>
                      <td>
                        no
                      </td>
                      <td>
                        -
                      </td>
                    </tr>
                    <tr>
                      <td>
                        className
                      </td>
                      <td>
                        string
                      </td>
                      <td>
                        no
                      </td>
                      <td>
                        -
                      </td>
                    </tr>
                    <tr>
                      <td>
                        inputRef
                      </td>
                      <td>
                        func
                      </td>
                      <td>
                        no
                      </td>
                      <td>
                        -
                      </td>
                    </tr>
                    <tr>
                      <td>
                        label
                      </td>
                      <td>
                        string
                      </td>
                      <td>
                        no
                      </td>
                      <td>
                        -
                      </td>
                    </tr>
                    <tr>
                      <td>
                        onChange
                      </td>
                      <td>
                        func
                      </td>
                      <td>
                        no
                      </td>
                      <td>
                        -
                      </td>
                    </tr>
                    <tr>
                      <td>
                        onKeyDown
                      </td>
                      <td>
                        func
                      </td>
                      <td>
                        no
                      </td>
                      <td>
                        -
                      </td>
                    </tr>
                    <tr>
                      <td>
                        placeholder
                      </td>
                      <td>
                        string
                      </td>
                      <td>
                        no
                      </td>
                      <td>
                        -
                      </td>
                    </tr>
                    <tr>
                      <td>
                        readOnly
                      </td>
                      <td>
                        bool
                      </td>
                      <td>
                        no
                      </td>
                      <td>
                        -
                      </td>
                    </tr>
                    <tr>
                      <td>
                        required
                      </td>
                      <td>
                        bool
                      </td>
                      <td>
                        no
                      </td>
                      <td>
                        -
                      </td>
                    </tr>
                    <tr>
                      <td>
                        symbolPattern
                      </td>
                      <td>
                        string
                      </td>
                      <td>
                        no
                      </td>
                      <td>
                        -
                      </td>
                    </tr>
                    <tr>
                      <td>
                        totalCols
                      </td>
                      <td>
                        number
                      </td>
                      <td>
                        no
                      </td>
                      <td>
                        -
                      </td>
                    </tr>
                    <tr>
                      <td>
                        value
                      </td>
                      <td>
                        string
                      </td>
                      <td>
                        no
                      </td>
                      <td>
                        -
                      </td>
                    </tr>
                  </tbody>
                </table>
              </div>
            </div>
          </div>
        </div>
      </div>
    </div>


✗ Required
  - Snapshot
  + Current story
  
  <div>
      <div
        style={
          Object {
            "position": "relative",
            "zIndex": 0,
          }
        }>
        <div
          className="slds-form-element">
          <label
            className="slds-form-element__label"
            htmlFor="input-$uuid$">
            Input Label
            <abbr
              className="slds-required">
              *
            </abbr>
          </label>
          <div
            className="slds-form-element__control">
            <input
              className="slds-input"
              defaultValue={undefined}
              id="input-$uuid$"
              onChange={[Function]}
              onKeyDown={[Function]}
              placeholder="Placeholder Text"
              readOnly={undefined}
              type={undefined}
              value={undefined} />
          </div>
        </div>
      </div>
      <a
        onClick={[Function]}
        style={
          Object {
            "background": "#28c",
            "borderRadius": "0 0 0 5px",
            "color": "#fff",
            "cursor": "pointer",
            "display": "block",
            "fontFamily": "sans-serif",
  -         "fontSize": 12,
  +         "fontSize": "12px",
            "padding": "5px 15px",
            "position": "fixed",
            "right": 0,
            "textDecoration": "none",
            "top": 0,
          }
        }>
        ?
      </a>
      <div
        style={
          Object {
            "background": "white",
            "bottom": 0,
            "display": "none",
            "left": 0,
            "overflow": "auto",
            "padding": "0 40px",
            "position": "absolute",
            "right": 0,
            "top": 0,
          }
        }>
        <a
          onClick={[Function]}
          style={
            Object {
              "background": "#28c",
              "borderRadius": "0 0 0 5px",
              "color": "#fff",
              "cursor": "pointer",
              "display": "block",
              "fontFamily": "sans-serif",
  -           "fontSize": 12,
  +           "fontSize": "12px",
              "padding": "5px 15px",
              "position": "fixed",
              "right": 0,
              "textDecoration": "none",
              "top": 0,
            }
          }>
          ×
        </a>
        <div
          style={undefined}>
          <div
            style={
              Object {
                "WebkitFontSmoothing": "antialiased",
                "color": "#444",
                "fontFamily": "
                  -apple-system, ".SFNSText-Regular", "San Francisco", "Roboto",
                  "Segoe UI", "Helvetica Neue", "Lucida Grande", sans-serif
                ",
  -             "fontSize": 15,
  +             "fontSize": "15px",
                "fontWeight": 300,
                "lineHeight": 1.45,
              }
            }>
            <div
              style={
                Object {
                  "borderBottom": "1px solid #eee",
                  "marginBottom": 10,
  +               "paddingTop": 10,
                }
              }>
              <h1
                style={
                  Object {
  -                 "fontSize": 35,
  -                 "margin": "20px 0 0 0",
  +                 "fontSize": "35px",
  +                 "margin": 0,
                    "padding": 0,
                  }
                }>
                Input
              </h1>
              <h2
                style={
                  Object {
  -                 "fontSize": 22,
  +                 "fontSize": "22px",
                    "fontWeight": 400,
                    "margin": "0 0 10px 0",
                    "padding": 0,
                  }
                }>
                Required
              </h2>
            </div>
            <div
              style={
                Object {
                  "marginBottom": 0,
                }
              }>
              <p
                style={
                  Object {
                    "WebkitFontSmoothing": "antialiased",
                    "color": "#444",
                    "fontFamily": "
                      -apple-system, ".SFNSText-Regular", "San Francisco", "Roboto",
                      "Segoe UI", "Helvetica Neue", "Lucida Grande", sans-serif
                    ",
  -                 "fontSize": 15,
  +                 "fontSize": "15px",
                  }
                }>
                Input control with required attribute
              </p>
            </div>
            <div>
              <h1
                style={
                  Object {
                    "borderBottom": "1px solid #EEE",
  -                 "fontSize": 25,
  +                 "fontSize": "25px",
                    "margin": "20px 0 0 0",
                    "padding": "0 0 5px 0",
                  }
                }>
                Story Source
              </h1>
              <pre
                style={
                  Object {
                    "backgroundColor": "#fafafa",
                    "fontFamily": "Menlo, Monaco, "Courier New", monospace",
                    "fontSize": ".88em",
                    "lineHeight": 1.5,
                    "overflowX": "scroll",
                    "padding": ".5rem",
                  }
                }>
                <div
                  style={
                    Object {
                      "paddingLeft": 18,
                      "paddingRight": 3,
                    }
                  }>
                  <span
                    style={
                      Object {
                        "color": "#777",
                      }
                    }>
                    <
                    Input
                  </span>
                  <span>
                    <span>
                       
                      <span
                        style={Object {}}>
                        label
                      </span>
                      <span>
                        =
                        <span
                          style={Object {}}>
                          <span
                            style={
                              Object {
                                "color": "#22a",
                                "wordBreak": "break-word",
                              }
                            }>
                            "
                            Input Label
                            "
                          </span>
                        </span>
                      </span>
                    </span>
                    <span>
                       
                      <span
                        style={Object {}}>
                        placeholder
                      </span>
                      <span>
                        =
                        <span
                          style={Object {}}>
                          <span
                            style={
                              Object {
                                "color": "#22a",
                                "wordBreak": "break-word",
                              }
                            }>
                            "
                            Placeholder Text
                            "
                          </span>
                        </span>
                      </span>
                    </span>
                    <span>
                       
                      <span
                        style={Object {}}>
                        required
                      </span>
                       
                    </span>
                  </span>
                  <span
                    style={
                      Object {
                        "color": "#777",
                      }
                    }>
                    />
                  </span>
                </div>
              </pre>
            </div>
            <div>
              <h1
                style={
                  Object {
                    "borderBottom": "1px solid #EEE",
  -                 "fontSize": 25,
  +                 "fontSize": "25px",
                    "margin": "20px 0 0 0",
                    "padding": "0 0 5px 0",
                  }
                }>
                Prop Types
              </h1>
              <div>
                <h2
                  style={
                    Object {
                      "margin": "20px 0 0 0",
                    }
                  }>
                  "
                  Input
                  " Component
                </h2>
                <table
                  style={
                    Object {
                      "borderCollapse": "separate",
                      "borderSpacing": "10px 5px",
                      "marginLeft": -10,
                    }
                  }>
                  <thead>
                    <tr>
                      <th>
                        property
                      </th>
                      <th>
                        propType
                      </th>
                      <th>
                        required
                      </th>
                      <th>
                        default
                      </th>
                    </tr>
                  </thead>
                  <tbody>
                    <tr>
                      <td>
                        bare
                      </td>
                      <td>
                        bool
                      </td>
                      <td>
                        no
                      </td>
                      <td>
                        -
                      </td>
                    </tr>
                    <tr>
                      <td>
                        id
                      </td>
                      <td>
                        string
                      </td>
                      <td>
                        no
                      </td>
                      <td>
                        -
                      </td>
                    </tr>
                    <tr>
                      <td>
                        addonRight
                      </td>
                      <td>
                        string
                      </td>
                      <td>
                        no
                      </td>
                      <td>
                        -
                      </td>
                    </tr>
                    <tr>
                      <td>
                        addonLeft
                      </td>
                      <td>
                        string
                      </td>
                      <td>
                        no
                      </td>
                      <td>
                        -
                      </td>
                    </tr>
                    <tr>
                      <td>
                        error
                      </td>
                      <td>
                        other
                      </td>
                      <td>
                        no
                      </td>
                      <td>
                        -
                      </td>
                    </tr>
                    <tr>
                      <td>
                        iconRight
                      </td>
                      <td>
                        other
                      </td>
                      <td>
                        no
                      </td>
                      <td>
                        -
                      </td>
                    </tr>
                    <tr>
                      <td>
                        cols
                      </td>
                      <td>
                        number
                      </td>
                      <td>
                        no
                      </td>
                      <td>
                        -
                      </td>
                    </tr>
                    <tr>
                      <td>
                        iconLeft
                      </td>
                      <td>
                        other
                      </td>
                      <td>
                        no
                      </td>
                      <td>
                        -
                      </td>
                    </tr>
                    <tr>
                      <td>
                        defaultValue
                      </td>
                      <td>
                        string
                      </td>
                      <td>
                        no
                      </td>
                      <td>
                        -
                      </td>
                    </tr>
                    <tr>
                      <td>
                        htmlReadOnly
                      </td>
                      <td>
                        bool
                      </td>
                      <td>
                        no
                      </td>
                      <td>
                        -
                      </td>
                    </tr>
                    <tr>
                      <td>
                        className
                      </td>
                      <td>
                        string
                      </td>
                      <td>
                        no
                      </td>
                      <td>
                        -
                      </td>
                    </tr>
                    <tr>
                      <td>
                        inputRef
                      </td>
                      <td>
                        func
                      </td>
                      <td>
                        no
                      </td>
                      <td>
                        -
                      </td>
                    </tr>
                    <tr>
                      <td>
                        label
                      </td>
                      <td>
                        string
                      </td>
                      <td>
                        no
                      </td>
                      <td>
                        -
                      </td>
                    </tr>
                    <tr>
                      <td>
                        onChange
                      </td>
                      <td>
                        func
                      </td>
                      <td>
                        no
                      </td>
                      <td>
                        -
                      </td>
                    </tr>
                    <tr>
                      <td>
                        onKeyDown
                      </td>
                      <td>
                        func
                      </td>
                      <td>
                        no
                      </td>
                      <td>
                        -
                      </td>
                    </tr>
                    <tr>
                      <td>
                        placeholder
                      </td>
                      <td>
                        string
                      </td>
                      <td>
                        no
                      </td>
                      <td>
                        -
                      </td>
                    </tr>
                    <tr>
                      <td>
                        readOnly
                      </td>
                      <td>
                        bool
                      </td>
                      <td>
                        no
                      </td>
                      <td>
                        -
                      </td>
                    </tr>
                    <tr>
                      <td>
                        required
                      </td>
                      <td>
                        bool
                      </td>
                      <td>
                        no
                      </td>
                      <td>
                        -
                      </td>
                    </tr>
                    <tr>
                      <td>
                        symbolPattern
                      </td>
                      <td>
                        string
                      </td>
                      <td>
                        no
                      </td>
                      <td>
                        -
                      </td>
                    </tr>
                    <tr>
                      <td>
                        totalCols
                      </td>
                      <td>
                        number
                      </td>
                      <td>
                        no
                      </td>
                      <td>
                        -
                      </td>
                    </tr>
                    <tr>
                      <td>
                        value
                      </td>
                      <td>
                        string
                      </td>
                      <td>
                        no
                      </td>
                      <td>
                        -
                      </td>
                    </tr>
                  </tbody>
                </table>
              </div>
            </div>
          </div>
        </div>
      </div>
    </div>


✗ Error
  - Snapshot
  + Current story
  
  <div>
      <div
        style={
          Object {
            "position": "relative",
            "zIndex": 0,
          }
        }>
        <div
          className="slds-form-element slds-has-error">
          <label
            className="slds-form-element__label"
            htmlFor="input-$uuid$">
            Input Label
            <abbr
              className="slds-required">
              *
            </abbr>
          </label>
          <div
            className="slds-form-element__control">
            <input
              className="slds-input"
              defaultValue={undefined}
              id="input-$uuid$"
              onChange={[Function]}
              onKeyDown={[Function]}
              placeholder="Placeholder Text"
              readOnly={undefined}
              type={undefined}
              value={undefined} />
            <span
              className="slds-form-element__help">
              This field is required
            </span>
          </div>
        </div>
      </div>
      <a
        onClick={[Function]}
        style={
          Object {
            "background": "#28c",
            "borderRadius": "0 0 0 5px",
            "color": "#fff",
            "cursor": "pointer",
            "display": "block",
            "fontFamily": "sans-serif",
  -         "fontSize": 12,
  +         "fontSize": "12px",
            "padding": "5px 15px",
            "position": "fixed",
            "right": 0,
            "textDecoration": "none",
            "top": 0,
          }
        }>
        ?
      </a>
      <div
        style={
          Object {
            "background": "white",
            "bottom": 0,
            "display": "none",
            "left": 0,
            "overflow": "auto",
            "padding": "0 40px",
            "position": "absolute",
            "right": 0,
            "top": 0,
          }
        }>
        <a
          onClick={[Function]}
          style={
            Object {
              "background": "#28c",
              "borderRadius": "0 0 0 5px",
              "color": "#fff",
              "cursor": "pointer",
              "display": "block",
              "fontFamily": "sans-serif",
  -           "fontSize": 12,
  +           "fontSize": "12px",
              "padding": "5px 15px",
              "position": "fixed",
              "right": 0,
              "textDecoration": "none",
              "top": 0,
            }
          }>
          ×
        </a>
        <div
          style={undefined}>
          <div
            style={
              Object {
                "WebkitFontSmoothing": "antialiased",
                "color": "#444",
                "fontFamily": "
                  -apple-system, ".SFNSText-Regular", "San Francisco", "Roboto",
                  "Segoe UI", "Helvetica Neue", "Lucida Grande", sans-serif
                ",
  -             "fontSize": 15,
  +             "fontSize": "15px",
                "fontWeight": 300,
                "lineHeight": 1.45,
              }
            }>
            <div
              style={
                Object {
                  "borderBottom": "1px solid #eee",
                  "marginBottom": 10,
  +               "paddingTop": 10,
                }
              }>
              <h1
                style={
                  Object {
  -                 "fontSize": 35,
  -                 "margin": "20px 0 0 0",
  +                 "fontSize": "35px",
  +                 "margin": 0,
                    "padding": 0,
                  }
                }>
                Input
              </h1>
              <h2
                style={
                  Object {
  -                 "fontSize": 22,
  +                 "fontSize": "22px",
                    "fontWeight": 400,
                    "margin": "0 0 10px 0",
                    "padding": 0,
                  }
                }>
                Error
              </h2>
            </div>
            <div
              style={
                Object {
                  "marginBottom": 0,
                }
              }>
              <p
                style={
                  Object {
                    "WebkitFontSmoothing": "antialiased",
                    "color": "#444",
                    "fontFamily": "
                      -apple-system, ".SFNSText-Regular", "San Francisco", "Roboto",
                      "Segoe UI", "Helvetica Neue", "Lucida Grande", sans-serif
                    ",
  -                 "fontSize": 15,
  +                 "fontSize": "15px",
                  }
                }>
                Input control with error message
              </p>
            </div>
            <div>
              <h1
                style={
                  Object {
                    "borderBottom": "1px solid #EEE",
  -                 "fontSize": 25,
  +                 "fontSize": "25px",
                    "margin": "20px 0 0 0",
                    "padding": "0 0 5px 0",
                  }
                }>
                Story Source
              </h1>
              <pre
                style={
                  Object {
                    "backgroundColor": "#fafafa",
                    "fontFamily": "Menlo, Monaco, "Courier New", monospace",
                    "fontSize": ".88em",
                    "lineHeight": 1.5,
                    "overflowX": "scroll",
                    "padding": ".5rem",
                  }
                }>
                <div
                  style={
                    Object {
                      "paddingLeft": 18,
                      "paddingRight": 3,
                    }
                  }>
                  <span
                    style={
                      Object {
                        "color": "#777",
                      }
                    }>
                    <
                    Input
                  </span>
                  <span>
                    <span>
                      <span>
                        <br />
                          
                      </span>
                      <span
                        style={Object {}}>
                        label
                      </span>
                      <span>
                        =
                        <span
                          style={Object {}}>
                          <span
                            style={
                              Object {
                                "color": "#22a",
                                "wordBreak": "break-word",
                              }
                            }>
                            "
                            Input Label
                            "
                          </span>
                        </span>
                      </span>
                    </span>
                    <span>
                      <span>
                        <br />
                          
                      </span>
                      <span
                        style={Object {}}>
                        placeholder
                      </span>
                      <span>
                        =
                        <span
                          style={Object {}}>
                          <span
                            style={
                              Object {
                                "color": "#22a",
                                "wordBreak": "break-word",
                              }
                            }>
                            "
                            Placeholder Text
                            "
                          </span>
                        </span>
                      </span>
                    </span>
                    <span>
                      <span>
                        <br />
                          
                      </span>
                      <span
                        style={Object {}}>
                        required
                      </span>
                    </span>
                    <span>
                      <span>
                        <br />
                          
                      </span>
                      <span
                        style={Object {}}>
                        error
                      </span>
                      <span>
                        =
                        <span
                          style={Object {}}>
                          <span
                            style={
                              Object {
                                "color": "#22a",
                                "wordBreak": "break-word",
                              }
                            }>
                            "
                            This field is required
                            "
                          </span>
                        </span>
                      </span>
                      <br />
                    </span>
                  </span>
                  <span
                    style={
                      Object {
                        "color": "#777",
                      }
                    }>
                    />
                  </span>
                </div>
              </pre>
            </div>
            <div>
              <h1
                style={
                  Object {
                    "borderBottom": "1px solid #EEE",
  -                 "fontSize": 25,
  +                 "fontSize": "25px",
                    "margin": "20px 0 0 0",
                    "padding": "0 0 5px 0",
                  }
                }>
                Prop Types
              </h1>
              <div>
                <h2
                  style={
                    Object {
                      "margin": "20px 0 0 0",
                    }
                  }>
                  "
                  Input
                  " Component
                </h2>
                <table
                  style={
                    Object {
                      "borderCollapse": "separate",
                      "borderSpacing": "10px 5px",
                      "marginLeft": -10,
                    }
                  }>
                  <thead>
                    <tr>
                      <th>
                        property
                      </th>
                      <th>
                        propType
                      </th>
                      <th>
                        required
                      </th>
                      <th>
                        default
                      </th>
                    </tr>
                  </thead>
                  <tbody>
                    <tr>
                      <td>
                        bare
                      </td>
                      <td>
                        bool
                      </td>
                      <td>
                        no
                      </td>
                      <td>
                        -
                      </td>
                    </tr>
                    <tr>
                      <td>
                        id
                      </td>
                      <td>
                        string
                      </td>
                      <td>
                        no
                      </td>
                      <td>
                        -
                      </td>
                    </tr>
                    <tr>
                      <td>
                        addonRight
                      </td>
                      <td>
                        string
                      </td>
                      <td>
                        no
                      </td>
                      <td>
                        -
                      </td>
                    </tr>
                    <tr>
                      <td>
                        addonLeft
                      </td>
                      <td>
                        string
                      </td>
                      <td>
                        no
                      </td>
                      <td>
                        -
                      </td>
                    </tr>
                    <tr>
                      <td>
                        error
                      </td>
                      <td>
                        other
                      </td>
                      <td>
                        no
                      </td>
                      <td>
                        -
                      </td>
                    </tr>
                    <tr>
                      <td>
                        iconRight
                      </td>
                      <td>
                        other
                      </td>
                      <td>
                        no
                      </td>
                      <td>
                        -
                      </td>
                    </tr>
                    <tr>
                      <td>
                        cols
                      </td>
                      <td>
                        number
                      </td>
                      <td>
                        no
                      </td>
                      <td>
                        -
                      </td>
                    </tr>
                    <tr>
                      <td>
                        iconLeft
                      </td>
                      <td>
                        other
                      </td>
                      <td>
                        no
                      </td>
                      <td>
                        -
                      </td>
                    </tr>
                    <tr>
                      <td>
                        defaultValue
                      </td>
                      <td>
                        string
                      </td>
                      <td>
                        no
                      </td>
                      <td>
                        -
                      </td>
                    </tr>
                    <tr>
                      <td>
                        htmlReadOnly
                      </td>
                      <td>
                        bool
                      </td>
                      <td>
                        no
                      </td>
                      <td>
                        -
                      </td>
                    </tr>
                    <tr>
                      <td>
                        className
                      </td>
                      <td>
                        string
                      </td>
                      <td>
                        no
                      </td>
                      <td>
                        -
                      </td>
                    </tr>
                    <tr>
                      <td>
                        inputRef
                      </td>
                      <td>
                        func
                      </td>
                      <td>
                        no
                      </td>
                      <td>
                        -
                      </td>
                    </tr>
                    <tr>
                      <td>
                        label
                      </td>
                      <td>
                        string
                      </td>
                      <td>
                        no
                      </td>
                      <td>
                        -
                      </td>
                    </tr>
                    <tr>
                      <td>
                        onChange
                      </td>
                      <td>
                        func
                      </td>
                      <td>
                        no
                      </td>
                      <td>
                        -
                      </td>
                    </tr>
                    <tr>
                      <td>
                        onKeyDown
                      </td>
                      <td>
                        func
                      </td>
                      <td>
                        no
                      </td>
                      <td>
                        -
                      </td>
                    </tr>
                    <tr>
                      <td>
                        placeholder
                      </td>
                      <td>
                        string
                      </td>
                      <td>
                        no
                      </td>
                      <td>
                        -
                      </td>
                    </tr>
                    <tr>
                      <td>
                        readOnly
                      </td>
                      <td>
                        bool
                      </td>
                      <td>
                        no
                      </td>
                      <td>
                        -
                      </td>
                    </tr>
                    <tr>
                      <td>
                        required
                      </td>
                      <td>
                        bool
                      </td>
                      <td>
                        no
                      </td>
                      <td>
                        -
                      </td>
                    </tr>
                    <tr>
                      <td>
                        symbolPattern
                      </td>
                      <td>
                        string
                      </td>
                      <td>
                        no
                      </td>
                      <td>
                        -
                      </td>
                    </tr>
                    <tr>
                      <td>
                        totalCols
                      </td>
                      <td>
                        number
                      </td>
                      <td>
                        no
                      </td>
                      <td>
                        -
                      </td>
                    </tr>
                    <tr>
                      <td>
                        value
                      </td>
                      <td>
                        string
                      </td>
                      <td>
                        no
                      </td>
                      <td>
                        -
                      </td>
                    </tr>
                  </tbody>
                </table>
              </div>
            </div>
          </div>
        </div>
      </div>
    </div>


✗ Error with icon
  - Snapshot
  + Current story
  
  <div>
      <div
        style={
          Object {
            "position": "relative",
            "zIndex": 0,
          }
        }>
        <div
          className="slds-form-element slds-has-error">
          <label
            className="slds-form-element__label"
            htmlFor="input-$uuid$">
            Input Label
            <abbr
              className="slds-required">
              *
            </abbr>
          </label>
          <div
            className="slds-form-element__control">
            <div
              className="slds-form-element__control slds-input-has-icon slds-input-has-icon--left">
              <svg
                aria-hidden={true}
                className="slds-icon slds-icon-text-default slds-input__icon slds-input__icon--left slds-icon-text-default"
                dangerouslySetInnerHTML={
                  Object {
                    "__html": "<use xlink:href="/assets/icons/utility-sprite/svg/symbols.svg#warning"></use>",
                  }
                }
                style={undefined} />
              <input
                className="slds-input"
                defaultValue={undefined}
                id="input-$uuid$"
                onChange={[Function]}
                onKeyDown={[Function]}
                placeholder="Placeholder Text"
                readOnly={undefined}
                type={undefined}
                value={undefined} />
            </div>
            <span
              className="slds-form-element__help">
              This field is required
            </span>
          </div>
        </div>
      </div>
      <a
        onClick={[Function]}
        style={
          Object {
            "background": "#28c",
            "borderRadius": "0 0 0 5px",
            "color": "#fff",
            "cursor": "pointer",
            "display": "block",
            "fontFamily": "sans-serif",
  -         "fontSize": 12,
  +         "fontSize": "12px",
            "padding": "5px 15px",
            "position": "fixed",
            "right": 0,
            "textDecoration": "none",
            "top": 0,
          }
        }>
        ?
      </a>
      <div
        style={
          Object {
            "background": "white",
            "bottom": 0,
            "display": "none",
            "left": 0,
            "overflow": "auto",
            "padding": "0 40px",
            "position": "absolute",
            "right": 0,
            "top": 0,
          }
        }>
        <a
          onClick={[Function]}
          style={
            Object {
              "background": "#28c",
              "borderRadius": "0 0 0 5px",
              "color": "#fff",
              "cursor": "pointer",
              "display": "block",
              "fontFamily": "sans-serif",
  -           "fontSize": 12,
  +           "fontSize": "12px",
              "padding": "5px 15px",
              "position": "fixed",
              "right": 0,
              "textDecoration": "none",
              "top": 0,
            }
          }>
          ×
        </a>
        <div
          style={undefined}>
          <div
            style={
              Object {
                "WebkitFontSmoothing": "antialiased",
                "color": "#444",
                "fontFamily": "
                  -apple-system, ".SFNSText-Regular", "San Francisco", "Roboto",
                  "Segoe UI", "Helvetica Neue", "Lucida Grande", sans-serif
                ",
  -             "fontSize": 15,
  +             "fontSize": "15px",
                "fontWeight": 300,
                "lineHeight": 1.45,
              }
            }>
            <div
              style={
                Object {
                  "borderBottom": "1px solid #eee",
                  "marginBottom": 10,
  +               "paddingTop": 10,
                }
              }>
              <h1
                style={
                  Object {
  -                 "fontSize": 35,
  -                 "margin": "20px 0 0 0",
  +                 "fontSize": "35px",
  +                 "margin": 0,
                    "padding": 0,
                  }
                }>
                Input
              </h1>
              <h2
                style={
                  Object {
  -                 "fontSize": 22,
  +                 "fontSize": "22px",
                    "fontWeight": 400,
                    "margin": "0 0 10px 0",
                    "padding": 0,
                  }
                }>
                Error with icon
              </h2>
            </div>
            <div
              style={
                Object {
                  "marginBottom": 0,
                }
              }>
              <p
                style={
                  Object {
                    "WebkitFontSmoothing": "antialiased",
                    "color": "#444",
                    "fontFamily": "
                      -apple-system, ".SFNSText-Regular", "San Francisco", "Roboto",
                      "Segoe UI", "Helvetica Neue", "Lucida Grande", sans-serif
                    ",
  -                 "fontSize": 15,
  +                 "fontSize": "15px",
                  }
                }>
                Input control with error message and icon
              </p>
            </div>
            <div>
              <h1
                style={
                  Object {
                    "borderBottom": "1px solid #EEE",
  -                 "fontSize": 25,
  +                 "fontSize": "25px",
                    "margin": "20px 0 0 0",
                    "padding": "0 0 5px 0",
                  }
                }>
                Story Source
              </h1>
              <pre
                style={
                  Object {
                    "backgroundColor": "#fafafa",
                    "fontFamily": "Menlo, Monaco, "Courier New", monospace",
                    "fontSize": ".88em",
                    "lineHeight": 1.5,
                    "overflowX": "scroll",
                    "padding": ".5rem",
                  }
                }>
                <div
                  style={
                    Object {
                      "paddingLeft": 18,
                      "paddingRight": 3,
                    }
                  }>
                  <span
                    style={
                      Object {
                        "color": "#777",
                      }
                    }>
                    <
                    Input
                  </span>
                  <span>
                    <span>
                      <span>
                        <br />
                          
                      </span>
                      <span
                        style={Object {}}>
                        label
                      </span>
                      <span>
                        =
                        <span
                          style={Object {}}>
                          <span
                            style={
                              Object {
                                "color": "#22a",
                                "wordBreak": "break-word",
                              }
                            }>
                            "
                            Input Label
                            "
                          </span>
                        </span>
                      </span>
                    </span>
                    <span>
                      <span>
                        <br />
                          
                      </span>
                      <span
                        style={Object {}}>
                        placeholder
                      </span>
                      <span>
                        =
                        <span
                          style={Object {}}>
                          <span
                            style={
                              Object {
                                "color": "#22a",
                                "wordBreak": "break-word",
                              }
                            }>
                            "
                            Placeholder Text
                            "
                          </span>
                        </span>
                      </span>
                    </span>
                    <span>
                      <span>
                        <br />
                          
                      </span>
                      <span
                        style={Object {}}>
                        required
                      </span>
                    </span>
                    <span>
                      <span>
                        <br />
                          
                      </span>
                      <span
                        style={Object {}}>
                        error
                      </span>
                      <span>
                        =
                        <span
                          style={Object {}}>
                          <span
                            style={
                              Object {
                                "color": "#22a",
                                "wordBreak": "break-word",
                              }
                            }>
                            "
                            This field is required
                            "
                          </span>
                        </span>
                      </span>
                    </span>
                    <span>
                      <span>
                        <br />
                          
                      </span>
                      <span
                        style={Object {}}>
                        iconLeft
                      </span>
                      <span>
                        =
                        <span
                          style={Object {}}>
                          <span
                            style={
                              Object {
                                "color": "#22a",
                                "wordBreak": "break-word",
                              }
                            }>
                            "
                            warning
                            "
                          </span>
                        </span>
                      </span>
                      <br />
                    </span>
                  </span>
                  <span
                    style={
                      Object {
                        "color": "#777",
                      }
                    }>
                    />
                  </span>
                </div>
              </pre>
            </div>
            <div>
              <h1
                style={
                  Object {
                    "borderBottom": "1px solid #EEE",
  -                 "fontSize": 25,
  +                 "fontSize": "25px",
                    "margin": "20px 0 0 0",
                    "padding": "0 0 5px 0",
                  }
                }>
                Prop Types
              </h1>
              <div>
                <h2
                  style={
                    Object {
                      "margin": "20px 0 0 0",
                    }
                  }>
                  "
                  Input
                  " Component
                </h2>
                <table
                  style={
                    Object {
                      "borderCollapse": "separate",
                      "borderSpacing": "10px 5px",
                      "marginLeft": -10,
                    }
                  }>
                  <thead>
                    <tr>
                      <th>
                        property
                      </th>
                      <th>
                        propType
                      </th>
                      <th>
                        required
                      </th>
                      <th>
                        default
                      </th>
                    </tr>
                  </thead>
                  <tbody>
                    <tr>
                      <td>
                        bare
                      </td>
                      <td>
                        bool
                      </td>
                      <td>
                        no
                      </td>
                      <td>
                        -
                      </td>
                    </tr>
                    <tr>
                      <td>
                        id
                      </td>
                      <td>
                        string
                      </td>
                      <td>
                        no
                      </td>
                      <td>
                        -
                      </td>
                    </tr>
                    <tr>
                      <td>
                        addonRight
                      </td>
                      <td>
                        string
                      </td>
                      <td>
                        no
                      </td>
                      <td>
                        -
                      </td>
                    </tr>
                    <tr>
                      <td>
                        addonLeft
                      </td>
                      <td>
                        string
                      </td>
                      <td>
                        no
                      </td>
                      <td>
                        -
                      </td>
                    </tr>
                    <tr>
                      <td>
                        error
                      </td>
                      <td>
                        other
                      </td>
                      <td>
                        no
                      </td>
                      <td>
                        -
                      </td>
                    </tr>
                    <tr>
                      <td>
                        iconRight
                      </td>
                      <td>
                        other
                      </td>
                      <td>
                        no
                      </td>
                      <td>
                        -
                      </td>
                    </tr>
                    <tr>
                      <td>
                        cols
                      </td>
                      <td>
                        number
                      </td>
                      <td>
                        no
                      </td>
                      <td>
                        -
                      </td>
                    </tr>
                    <tr>
                      <td>
                        iconLeft
                      </td>
                      <td>
                        other
                      </td>
                      <td>
                        no
                      </td>
                      <td>
                        -
                      </td>
                    </tr>
                    <tr>
                      <td>
                        defaultValue
                      </td>
                      <td>
                        string
                      </td>
                      <td>
                        no
                      </td>
                      <td>
                        -
                      </td>
                    </tr>
                    <tr>
                      <td>
                        htmlReadOnly
                      </td>
                      <td>
                        bool
                      </td>
                      <td>
                        no
                      </td>
                      <td>
                        -
                      </td>
                    </tr>
                    <tr>
                      <td>
                        className
                      </td>
                      <td>
                        string
                      </td>
                      <td>
                        no
                      </td>
                      <td>
                        -
                      </td>
                    </tr>
                    <tr>
                      <td>
                        inputRef
                      </td>
                      <td>
                        func
                      </td>
                      <td>
                        no
                      </td>
                      <td>
                        -
                      </td>
                    </tr>
                    <tr>
                      <td>
                        label
                      </td>
                      <td>
                        string
                      </td>
                      <td>
                        no
                      </td>
                      <td>
                        -
                      </td>
                    </tr>
                    <tr>
                      <td>
                        onChange
                      </td>
                      <td>
                        func
                      </td>
                      <td>
                        no
                      </td>
                      <td>
                        -
                      </td>
                    </tr>
                    <tr>
                      <td>
                        onKeyDown
                      </td>
                      <td>
                        func
                      </td>
                      <td>
                        no
                      </td>
                      <td>
                        -
                      </td>
                    </tr>
                    <tr>
                      <td>
                        placeholder
                      </td>
                      <td>
                        string
                      </td>
                      <td>
                        no
                      </td>
                      <td>
                        -
                      </td>
                    </tr>
                    <tr>
                      <td>
                        readOnly
                      </td>
                      <td>
                        bool
                      </td>
                      <td>
                        no
                      </td>
                      <td>
                        -
                      </td>
                    </tr>
                    <tr>
                      <td>
                        required
                      </td>
                      <td>
                        bool
                      </td>
                      <td>
                        no
                      </td>
                      <td>
                        -
                      </td>
                    </tr>
                    <tr>
                      <td>
                        symbolPattern
                      </td>
                      <td>
                        string
                      </td>
                      <td>
                        no
                      </td>
                      <td>
                        -
                      </td>
                    </tr>
                    <tr>
                      <td>
                        totalCols
                      </td>
                      <td>
                        number
                      </td>
                      <td>
                        no
                      </td>
                      <td>
                        -
                      </td>
                    </tr>
                    <tr>
                      <td>
                        value
                      </td>
                      <td>
                        string
                      </td>
                      <td>
                        no
                      </td>
                      <td>
                        -
                      </td>
                    </tr>
                  </tbody>
                </table>
              </div>
            </div>
          </div>
        </div>
      </div>
    </div>


✗ Disabled
  - Snapshot
  + Current story
  
  <div>
      <div
        style={
          Object {
            "position": "relative",
            "zIndex": 0,
          }
        }>
        <div
          className="slds-form-element">
          <label
            className="slds-form-element__label"
            htmlFor="input-$uuid$">
            Input Label
          </label>
          <div
            className="slds-form-element__control">
            <input
              className="slds-input"
              defaultValue={undefined}
              disabled={true}
              id="input-$uuid$"
              onChange={[Function]}
              onKeyDown={[Function]}
              placeholder="Placeholder Text"
              readOnly={undefined}
              type={undefined}
              value={undefined} />
          </div>
        </div>
      </div>
      <a
        onClick={[Function]}
        style={
          Object {
            "background": "#28c",
            "borderRadius": "0 0 0 5px",
            "color": "#fff",
            "cursor": "pointer",
            "display": "block",
            "fontFamily": "sans-serif",
  -         "fontSize": 12,
  +         "fontSize": "12px",
            "padding": "5px 15px",
            "position": "fixed",
            "right": 0,
            "textDecoration": "none",
            "top": 0,
          }
        }>
        ?
      </a>
      <div
        style={
          Object {
            "background": "white",
            "bottom": 0,
            "display": "none",
            "left": 0,
            "overflow": "auto",
            "padding": "0 40px",
            "position": "absolute",
            "right": 0,
            "top": 0,
          }
        }>
        <a
          onClick={[Function]}
          style={
            Object {
              "background": "#28c",
              "borderRadius": "0 0 0 5px",
              "color": "#fff",
              "cursor": "pointer",
              "display": "block",
              "fontFamily": "sans-serif",
  -           "fontSize": 12,
  +           "fontSize": "12px",
              "padding": "5px 15px",
              "position": "fixed",
              "right": 0,
              "textDecoration": "none",
              "top": 0,
            }
          }>
          ×
        </a>
        <div
          style={undefined}>
          <div
            style={
              Object {
                "WebkitFontSmoothing": "antialiased",
                "color": "#444",
                "fontFamily": "
                  -apple-system, ".SFNSText-Regular", "San Francisco", "Roboto",
                  "Segoe UI", "Helvetica Neue", "Lucida Grande", sans-serif
                ",
  -             "fontSize": 15,
  +             "fontSize": "15px",
                "fontWeight": 300,
                "lineHeight": 1.45,
              }
            }>
            <div
              style={
                Object {
                  "borderBottom": "1px solid #eee",
                  "marginBottom": 10,
  +               "paddingTop": 10,
                }
              }>
              <h1
                style={
                  Object {
  -                 "fontSize": 35,
  -                 "margin": "20px 0 0 0",
  +                 "fontSize": "35px",
  +                 "margin": 0,
                    "padding": 0,
                  }
                }>
                Input
              </h1>
              <h2
                style={
                  Object {
  -                 "fontSize": 22,
  +                 "fontSize": "22px",
                    "fontWeight": 400,
                    "margin": "0 0 10px 0",
                    "padding": 0,
                  }
                }>
                Disabled
              </h2>
            </div>
            <div
              style={
                Object {
                  "marginBottom": 0,
                }
              }>
              <p
                style={
                  Object {
                    "WebkitFontSmoothing": "antialiased",
                    "color": "#444",
                    "fontFamily": "
                      -apple-system, ".SFNSText-Regular", "San Francisco", "Roboto",
                      "Segoe UI", "Helvetica Neue", "Lucida Grande", sans-serif
                    ",
  -                 "fontSize": 15,
  +                 "fontSize": "15px",
                  }
                }>
                Input control with disabled status
              </p>
            </div>
            <div>
              <h1
                style={
                  Object {
                    "borderBottom": "1px solid #EEE",
  -                 "fontSize": 25,
  +                 "fontSize": "25px",
                    "margin": "20px 0 0 0",
                    "padding": "0 0 5px 0",
                  }
                }>
                Story Source
              </h1>
              <pre
                style={
                  Object {
                    "backgroundColor": "#fafafa",
                    "fontFamily": "Menlo, Monaco, "Courier New", monospace",
                    "fontSize": ".88em",
                    "lineHeight": 1.5,
                    "overflowX": "scroll",
                    "padding": ".5rem",
                  }
                }>
                <div
                  style={
                    Object {
                      "paddingLeft": 18,
                      "paddingRight": 3,
                    }
                  }>
                  <span
                    style={
                      Object {
                        "color": "#777",
                      }
                    }>
                    <
                    Input
                  </span>
                  <span>
                    <span>
                       
                      <span
                        style={Object {}}>
                        label
                      </span>
                      <span>
                        =
                        <span
                          style={Object {}}>
                          <span
                            style={
                              Object {
                                "color": "#22a",
                                "wordBreak": "break-word",
                              }
                            }>
                            "
                            Input Label
                            "
                          </span>
                        </span>
                      </span>
                    </span>
                    <span>
                       
                      <span
                        style={Object {}}>
                        placeholder
                      </span>
                      <span>
                        =
                        <span
                          style={Object {}}>
                          <span
                            style={
                              Object {
                                "color": "#22a",
                                "wordBreak": "break-word",
                              }
                            }>
                            "
                            Placeholder Text
                            "
                          </span>
                        </span>
                      </span>
                    </span>
                    <span>
                       
                      <span
                        style={Object {}}>
                        disabled
                      </span>
                       
                    </span>
                  </span>
                  <span
                    style={
                      Object {
                        "color": "#777",
                      }
                    }>
                    />
                  </span>
                </div>
              </pre>
            </div>
            <div>
              <h1
                style={
                  Object {
                    "borderBottom": "1px solid #EEE",
  -                 "fontSize": 25,
  +                 "fontSize": "25px",
                    "margin": "20px 0 0 0",
                    "padding": "0 0 5px 0",
                  }
                }>
                Prop Types
              </h1>
              <div>
                <h2
                  style={
                    Object {
                      "margin": "20px 0 0 0",
                    }
                  }>
                  "
                  Input
                  " Component
                </h2>
                <table
                  style={
                    Object {
                      "borderCollapse": "separate",
                      "borderSpacing": "10px 5px",
                      "marginLeft": -10,
                    }
                  }>
                  <thead>
                    <tr>
                      <th>
                        property
                      </th>
                      <th>
                        propType
                      </th>
                      <th>
                        required
                      </th>
                      <th>
                        default
                      </th>
                    </tr>
                  </thead>
                  <tbody>
                    <tr>
                      <td>
                        bare
                      </td>
                      <td>
                        bool
                      </td>
                      <td>
                        no
                      </td>
                      <td>
                        -
                      </td>
                    </tr>
                    <tr>
                      <td>
                        id
                      </td>
                      <td>
                        string
                      </td>
                      <td>
                        no
                      </td>
                      <td>
                        -
                      </td>
                    </tr>
                    <tr>
                      <td>
                        addonRight
                      </td>
                      <td>
                        string
                      </td>
                      <td>
                        no
                      </td>
                      <td>
                        -
                      </td>
                    </tr>
                    <tr>
                      <td>
                        addonLeft
                      </td>
                      <td>
                        string
                      </td>
                      <td>
                        no
                      </td>
                      <td>
                        -
                      </td>
                    </tr>
                    <tr>
                      <td>
                        error
                      </td>
                      <td>
                        other
                      </td>
                      <td>
                        no
                      </td>
                      <td>
                        -
                      </td>
                    </tr>
                    <tr>
                      <td>
                        iconRight
                      </td>
                      <td>
                        other
                      </td>
                      <td>
                        no
                      </td>
                      <td>
                        -
                      </td>
                    </tr>
                    <tr>
                      <td>
                        cols
                      </td>
                      <td>
                        number
                      </td>
                      <td>
                        no
                      </td>
                      <td>
                        -
                      </td>
                    </tr>
                    <tr>
                      <td>
                        iconLeft
                      </td>
                      <td>
                        other
                      </td>
                      <td>
                        no
                      </td>
                      <td>
                        -
                      </td>
                    </tr>
                    <tr>
                      <td>
                        defaultValue
                      </td>
                      <td>
                        string
                      </td>
                      <td>
                        no
                      </td>
                      <td>
                        -
                      </td>
                    </tr>
                    <tr>
                      <td>
                        htmlReadOnly
                      </td>
                      <td>
                        bool
                      </td>
                      <td>
                        no
                      </td>
                      <td>
                        -
                      </td>
                    </tr>
                    <tr>
                      <td>
                        className
                      </td>
                      <td>
                        string
                      </td>
                      <td>
                        no
                      </td>
                      <td>
                        -
                      </td>
                    </tr>
                    <tr>
                      <td>
                        inputRef
                      </td>
                      <td>
                        func
                      </td>
                      <td>
                        no
                      </td>
                      <td>
                        -
                      </td>
                    </tr>
                    <tr>
                      <td>
                        label
                      </td>
                      <td>
                        string
                      </td>
                      <td>
                        no
                      </td>
                      <td>
                        -
                      </td>
                    </tr>
                    <tr>
                      <td>
                        onChange
                      </td>
                      <td>
                        func
                      </td>
                      <td>
                        no
                      </td>
                      <td>
                        -
                      </td>
                    </tr>
                    <tr>
                      <td>
                        onKeyDown
                      </td>
                      <td>
                        func
                      </td>
                      <td>
                        no
                      </td>
                      <td>
                        -
                      </td>
                    </tr>
                    <tr>
                      <td>
                        placeholder
                      </td>
                      <td>
                        string
                      </td>
                      <td>
                        no
                      </td>
                      <td>
                        -
                      </td>
                    </tr>
                    <tr>
                      <td>
                        readOnly
                      </td>
                      <td>
                        bool
                      </td>
                      <td>
                        no
                      </td>
                      <td>
                        -
                      </td>
                    </tr>
                    <tr>
                      <td>
                        required
                      </td>
                      <td>
                        bool
                      </td>
                      <td>
                        no
                      </td>
                      <td>
                        -
                      </td>
                    </tr>
                    <tr>
                      <td>
                        symbolPattern
                      </td>
                      <td>
                        string
                      </td>
                      <td>
                        no
                      </td>
                      <td>
                        -
                      </td>
                    </tr>
                    <tr>
                      <td>
                        totalCols
                      </td>
                      <td>
                        number
                      </td>
                      <td>
                        no
                      </td>
                      <td>
                        -
                      </td>
                    </tr>
                    <tr>
                      <td>
                        value
                      </td>
                      <td>
                        string
                      </td>
                      <td>
                        no
                      </td>
                      <td>
                        -
                      </td>
                    </tr>
                  </tbody>
                </table>
              </div>
            </div>
          </div>
        </div>
      </div>
    </div>


✗ Read only
  - Snapshot
  + Current story
  
  <div>
      <div
        style={
          Object {
            "position": "relative",
            "zIndex": 0,
          }
        }>
        <div
          className="slds-form-element">
          <label
            className="slds-form-element__label"
            htmlFor="input-$uuid$">
            Input Label
          </label>
          <div
            className="slds-form-element__control slds-has-divider--bottom">
            <p
              className="slds-text-body--regular slds-form-element__static"
              id="input-$uuid$">
              Read Only
            </p>
          </div>
        </div>
      </div>
      <a
        onClick={[Function]}
        style={
          Object {
            "background": "#28c",
            "borderRadius": "0 0 0 5px",
            "color": "#fff",
            "cursor": "pointer",
            "display": "block",
            "fontFamily": "sans-serif",
  -         "fontSize": 12,
  +         "fontSize": "12px",
            "padding": "5px 15px",
            "position": "fixed",
            "right": 0,
            "textDecoration": "none",
            "top": 0,
          }
        }>
        ?
      </a>
      <div
        style={
          Object {
            "background": "white",
            "bottom": 0,
            "display": "none",
            "left": 0,
            "overflow": "auto",
            "padding": "0 40px",
            "position": "absolute",
            "right": 0,
            "top": 0,
          }
        }>
        <a
          onClick={[Function]}
          style={
            Object {
              "background": "#28c",
              "borderRadius": "0 0 0 5px",
              "color": "#fff",
              "cursor": "pointer",
              "display": "block",
              "fontFamily": "sans-serif",
  -           "fontSize": 12,
  +           "fontSize": "12px",
              "padding": "5px 15px",
              "position": "fixed",
              "right": 0,
              "textDecoration": "none",
              "top": 0,
            }
          }>
          ×
        </a>
        <div
          style={undefined}>
          <div
            style={
              Object {
                "WebkitFontSmoothing": "antialiased",
                "color": "#444",
                "fontFamily": "
                  -apple-system, ".SFNSText-Regular", "San Francisco", "Roboto",
                  "Segoe UI", "Helvetica Neue", "Lucida Grande", sans-serif
                ",
  -             "fontSize": 15,
  +             "fontSize": "15px",
                "fontWeight": 300,
                "lineHeight": 1.45,
              }
            }>
            <div
              style={
                Object {
                  "borderBottom": "1px solid #eee",
                  "marginBottom": 10,
  +               "paddingTop": 10,
                }
              }>
              <h1
                style={
                  Object {
  -                 "fontSize": 35,
  -                 "margin": "20px 0 0 0",
  +                 "fontSize": "35px",
  +                 "margin": 0,
                    "padding": 0,
                  }
                }>
                Input
              </h1>
              <h2
                style={
                  Object {
  -                 "fontSize": 22,
  +                 "fontSize": "22px",
                    "fontWeight": 400,
                    "margin": "0 0 10px 0",
                    "padding": 0,
                  }
                }>
                Read only
              </h2>
            </div>
            <div
              style={
                Object {
                  "marginBottom": 0,
                }
              }>
              <p
                style={
                  Object {
                    "WebkitFontSmoothing": "antialiased",
                    "color": "#444",
                    "fontFamily": "
                      -apple-system, ".SFNSText-Regular", "San Francisco", "Roboto",
                      "Segoe UI", "Helvetica Neue", "Lucida Grande", sans-serif
                    ",
  -                 "fontSize": 15,
  +                 "fontSize": "15px",
                  }
                }>
                Input control with readOnly status
              </p>
            </div>
            <div>
              <h1
                style={
                  Object {
                    "borderBottom": "1px solid #EEE",
  -                 "fontSize": 25,
  +                 "fontSize": "25px",
                    "margin": "20px 0 0 0",
                    "padding": "0 0 5px 0",
                  }
                }>
                Story Source
              </h1>
              <pre
                style={
                  Object {
                    "backgroundColor": "#fafafa",
                    "fontFamily": "Menlo, Monaco, "Courier New", monospace",
                    "fontSize": ".88em",
                    "lineHeight": 1.5,
                    "overflowX": "scroll",
                    "padding": ".5rem",
                  }
                }>
                <div
                  style={
                    Object {
                      "paddingLeft": 18,
                      "paddingRight": 3,
                    }
                  }>
                  <span
                    style={
                      Object {
                        "color": "#777",
                      }
                    }>
                    <
                    Input
                  </span>
                  <span>
                    <span>
                       
                      <span
                        style={Object {}}>
                        label
                      </span>
                      <span>
                        =
                        <span
                          style={Object {}}>
                          <span
                            style={
                              Object {
                                "color": "#22a",
                                "wordBreak": "break-word",
                              }
                            }>
                            "
                            Input Label
                            "
                          </span>
                        </span>
                      </span>
                    </span>
                    <span>
                       
                      <span
                        style={Object {}}>
                        value
                      </span>
                      <span>
                        =
                        <span
                          style={Object {}}>
                          <span
                            style={
                              Object {
                                "color": "#22a",
                                "wordBreak": "break-word",
                              }
                            }>
                            "
                            Read Only
                            "
                          </span>
                        </span>
                      </span>
                    </span>
                    <span>
                       
                      <span
                        style={Object {}}>
                        readOnly
                      </span>
                       
                    </span>
                  </span>
                  <span
                    style={
                      Object {
                        "color": "#777",
                      }
                    }>
                    />
                  </span>
                </div>
              </pre>
            </div>
            <div>
              <h1
                style={
                  Object {
                    "borderBottom": "1px solid #EEE",
  -                 "fontSize": 25,
  +                 "fontSize": "25px",
                    "margin": "20px 0 0 0",
                    "padding": "0 0 5px 0",
                  }
                }>
                Prop Types
              </h1>
              <div>
                <h2
                  style={
                    Object {
                      "margin": "20px 0 0 0",
                    }
                  }>
                  "
                  Input
                  " Component
                </h2>
                <table
                  style={
                    Object {
                      "borderCollapse": "separate",
                      "borderSpacing": "10px 5px",
                      "marginLeft": -10,
                    }
                  }>
                  <thead>
                    <tr>
                      <th>
                        property
                      </th>
                      <th>
                        propType
                      </th>
                      <th>
                        required
                      </th>
                      <th>
                        default
                      </th>
                    </tr>
                  </thead>
                  <tbody>
                    <tr>
                      <td>
                        bare
                      </td>
                      <td>
                        bool
                      </td>
                      <td>
                        no
                      </td>
                      <td>
                        -
                      </td>
                    </tr>
                    <tr>
                      <td>
                        id
                      </td>
                      <td>
                        string
                      </td>
                      <td>
                        no
                      </td>
                      <td>
                        -
                      </td>
                    </tr>
                    <tr>
                      <td>
                        addonRight
                      </td>
                      <td>
                        string
                      </td>
                      <td>
                        no
                      </td>
                      <td>
                        -
                      </td>
                    </tr>
                    <tr>
                      <td>
                        addonLeft
                      </td>
                      <td>
                        string
                      </td>
                      <td>
                        no
                      </td>
                      <td>
                        -
                      </td>
                    </tr>
                    <tr>
                      <td>
                        error
                      </td>
                      <td>
                        other
                      </td>
                      <td>
                        no
                      </td>
                      <td>
                        -
                      </td>
                    </tr>
                    <tr>
                      <td>
                        iconRight
                      </td>
                      <td>
                        other
                      </td>
                      <td>
                        no
                      </td>
                      <td>
                        -
                      </td>
                    </tr>
                    <tr>
                      <td>
                        cols
                      </td>
                      <td>
                        number
                      </td>
                      <td>
                        no
                      </td>
                      <td>
                        -
                      </td>
                    </tr>
                    <tr>
                      <td>
                        iconLeft
                      </td>
                      <td>
                        other
                      </td>
                      <td>
                        no
                      </td>
                      <td>
                        -
                      </td>
                    </tr>
                    <tr>
                      <td>
                        defaultValue
                      </td>
                      <td>
                        string
                      </td>
                      <td>
                        no
                      </td>
                      <td>
                        -
                      </td>
                    </tr>
                    <tr>
                      <td>
                        htmlReadOnly
                      </td>
                      <td>
                        bool
                      </td>
                      <td>
                        no
                      </td>
                      <td>
                        -
                      </td>
                    </tr>
                    <tr>
                      <td>
                        className
                      </td>
                      <td>
                        string
                      </td>
                      <td>
                        no
                      </td>
                      <td>
                        -
                      </td>
                    </tr>
                    <tr>
                      <td>
                        inputRef
                      </td>
                      <td>
                        func
                      </td>
                      <td>
                        no
                      </td>
                      <td>
                        -
                      </td>
                    </tr>
                    <tr>
                      <td>
                        label
                      </td>
                      <td>
                        string
                      </td>
                      <td>
                        no
                      </td>
                      <td>
                        -
                      </td>
                    </tr>
                    <tr>
                      <td>
                        onChange
                      </td>
                      <td>
                        func
                      </td>
                      <td>
                        no
                      </td>
                      <td>
                        -
                      </td>
                    </tr>
                    <tr>
                      <td>
                        onKeyDown
                      </td>
                      <td>
                        func
                      </td>
                      <td>
                        no
                      </td>
                      <td>
                        -
                      </td>
                    </tr>
                    <tr>
                      <td>
                        placeholder
                      </td>
                      <td>
                        string
                      </td>
                      <td>
                        no
                      </td>
                      <td>
                        -
                      </td>
                    </tr>
                    <tr>
                      <td>
                        readOnly
                      </td>
                      <td>
                        bool
                      </td>
                      <td>
                        no
                      </td>
                      <td>
                        -
                      </td>
                    </tr>
                    <tr>
                      <td>
                        required
                      </td>
                      <td>
                        bool
                      </td>
                      <td>
                        no
                      </td>
                      <td>
                        -
                      </td>
                    </tr>
                    <tr>
                      <td>
                        symbolPattern
                      </td>
                      <td>
                        string
                      </td>
                      <td>
                        no
                      </td>
                      <td>
                        -
                      </td>
                    </tr>
                    <tr>
                      <td>
                        totalCols
                      </td>
                      <td>
                        number
                      </td>
                      <td>
                        no
                      </td>
                      <td>
                        -
                      </td>
                    </tr>
                    <tr>
                      <td>
                        value
                      </td>
                      <td>
                        string
                      </td>
                      <td>
                        no
                      </td>
                      <td>
                        -
                      </td>
                    </tr>
                  </tbody>
                </table>
              </div>
            </div>
          </div>
        </div>
      </div>
    </div>


✗ Read only (HTML)
  - Snapshot
  + Current story
  
  <div>
      <div
        style={
          Object {
            "position": "relative",
            "zIndex": 0,
          }
        }>
        <div
          className="slds-form-element">
          <label
            className="slds-form-element__label"
            htmlFor="input-$uuid$">
            Input Label
          </label>
          <div
            className="slds-form-element__control">
            <input
              className="slds-input"
              defaultValue={undefined}
              id="input-$uuid$"
              onChange={[Function]}
              onKeyDown={[Function]}
              readOnly={true}
              type={undefined}
              value="Read Only" />
          </div>
        </div>
      </div>
      <a
        onClick={[Function]}
        style={
          Object {
            "background": "#28c",
            "borderRadius": "0 0 0 5px",
            "color": "#fff",
            "cursor": "pointer",
            "display": "block",
            "fontFamily": "sans-serif",
  -         "fontSize": 12,
  +         "fontSize": "12px",
            "padding": "5px 15px",
            "position": "fixed",
            "right": 0,
            "textDecoration": "none",
            "top": 0,
          }
        }>
        ?
      </a>
      <div
        style={
          Object {
            "background": "white",
            "bottom": 0,
            "display": "none",
            "left": 0,
            "overflow": "auto",
            "padding": "0 40px",
            "position": "absolute",
            "right": 0,
            "top": 0,
          }
        }>
        <a
          onClick={[Function]}
          style={
            Object {
              "background": "#28c",
              "borderRadius": "0 0 0 5px",
              "color": "#fff",
              "cursor": "pointer",
              "display": "block",
              "fontFamily": "sans-serif",
  -           "fontSize": 12,
  +           "fontSize": "12px",
              "padding": "5px 15px",
              "position": "fixed",
              "right": 0,
              "textDecoration": "none",
              "top": 0,
            }
          }>
          ×
        </a>
        <div
          style={undefined}>
          <div
            style={
              Object {
                "WebkitFontSmoothing": "antialiased",
                "color": "#444",
                "fontFamily": "
                  -apple-system, ".SFNSText-Regular", "San Francisco", "Roboto",
                  "Segoe UI", "Helvetica Neue", "Lucida Grande", sans-serif
                ",
  -             "fontSize": 15,
  +             "fontSize": "15px",
                "fontWeight": 300,
                "lineHeight": 1.45,
              }
            }>
            <div
              style={
                Object {
                  "borderBottom": "1px solid #eee",
                  "marginBottom": 10,
  +               "paddingTop": 10,
                }
              }>
              <h1
                style={
                  Object {
  -                 "fontSize": 35,
  -                 "margin": "20px 0 0 0",
  +                 "fontSize": "35px",
  +                 "margin": 0,
                    "padding": 0,
                  }
                }>
                Input
              </h1>
              <h2
                style={
                  Object {
  -                 "fontSize": 22,
  +                 "fontSize": "22px",
                    "fontWeight": 400,
                    "margin": "0 0 10px 0",
                    "padding": 0,
                  }
                }>
                Read only (HTML)
              </h2>
            </div>
            <div
              style={
                Object {
                  "marginBottom": 0,
                }
              }>
              <p
                style={
                  Object {
                    "WebkitFontSmoothing": "antialiased",
                    "color": "#444",
                    "fontFamily": "
                      -apple-system, ".SFNSText-Regular", "San Francisco", "Roboto",
                      "Segoe UI", "Helvetica Neue", "Lucida Grande", sans-serif
                    ",
  -                 "fontSize": 15,
  +                 "fontSize": "15px",
                  }
                }>
                Input control with readOnly status (passsed to HTML <input> element)
              </p>
            </div>
            <div>
              <h1
                style={
                  Object {
                    "borderBottom": "1px solid #EEE",
  -                 "fontSize": 25,
  +                 "fontSize": "25px",
                    "margin": "20px 0 0 0",
                    "padding": "0 0 5px 0",
                  }
                }>
                Story Source
              </h1>
              <pre
                style={
                  Object {
                    "backgroundColor": "#fafafa",
                    "fontFamily": "Menlo, Monaco, "Courier New", monospace",
                    "fontSize": ".88em",
                    "lineHeight": 1.5,
                    "overflowX": "scroll",
                    "padding": ".5rem",
                  }
                }>
                <div
                  style={
                    Object {
                      "paddingLeft": 18,
                      "paddingRight": 3,
                    }
                  }>
                  <span
                    style={
                      Object {
                        "color": "#777",
                      }
                    }>
                    <
                    Input
                  </span>
                  <span>
                    <span>
                       
                      <span
                        style={Object {}}>
                        label
                      </span>
                      <span>
                        =
                        <span
                          style={Object {}}>
                          <span
                            style={
                              Object {
                                "color": "#22a",
                                "wordBreak": "break-word",
                              }
                            }>
                            "
                            Input Label
                            "
                          </span>
                        </span>
                      </span>
                    </span>
                    <span>
                       
                      <span
                        style={Object {}}>
                        value
                      </span>
                      <span>
                        =
                        <span
                          style={Object {}}>
                          <span
                            style={
                              Object {
                                "color": "#22a",
                                "wordBreak": "break-word",
                              }
                            }>
                            "
                            Read Only
                            "
                          </span>
                        </span>
                      </span>
                    </span>
                    <span>
                       
                      <span
                        style={Object {}}>
                        htmlReadOnly
                      </span>
                       
                    </span>
                  </span>
                  <span
                    style={
                      Object {
                        "color": "#777",
                      }
                    }>
                    />
                  </span>
                </div>
              </pre>
            </div>
            <div>
              <h1
                style={
                  Object {
                    "borderBottom": "1px solid #EEE",
  -                 "fontSize": 25,
  +                 "fontSize": "25px",
                    "margin": "20px 0 0 0",
                    "padding": "0 0 5px 0",
                  }
                }>
                Prop Types
              </h1>
              <div>
                <h2
                  style={
                    Object {
                      "margin": "20px 0 0 0",
                    }
                  }>
                  "
                  Input
                  " Component
                </h2>
                <table
                  style={
                    Object {
                      "borderCollapse": "separate",
                      "borderSpacing": "10px 5px",
                      "marginLeft": -10,
                    }
                  }>
                  <thead>
                    <tr>
                      <th>
                        property
                      </th>
                      <th>
                        propType
                      </th>
                      <th>
                        required
                      </th>
                      <th>
                        default
                      </th>
                    </tr>
                  </thead>
                  <tbody>
                    <tr>
                      <td>
                        bare
                      </td>
                      <td>
                        bool
                      </td>
                      <td>
                        no
                      </td>
                      <td>
                        -
                      </td>
                    </tr>
                    <tr>
                      <td>
                        id
                      </td>
                      <td>
                        string
                      </td>
                      <td>
                        no
                      </td>
                      <td>
                        -
                      </td>
                    </tr>
                    <tr>
                      <td>
                        addonRight
                      </td>
                      <td>
                        string
                      </td>
                      <td>
                        no
                      </td>
                      <td>
                        -
                      </td>
                    </tr>
                    <tr>
                      <td>
                        addonLeft
                      </td>
                      <td>
                        string
                      </td>
                      <td>
                        no
                      </td>
                      <td>
                        -
                      </td>
                    </tr>
                    <tr>
                      <td>
                        error
                      </td>
                      <td>
                        other
                      </td>
                      <td>
                        no
                      </td>
                      <td>
                        -
                      </td>
                    </tr>
                    <tr>
                      <td>
                        iconRight
                      </td>
                      <td>
                        other
                      </td>
                      <td>
                        no
                      </td>
                      <td>
                        -
                      </td>
                    </tr>
                    <tr>
                      <td>
                        cols
                      </td>
                      <td>
                        number
                      </td>
                      <td>
                        no
                      </td>
                      <td>
                        -
                      </td>
                    </tr>
                    <tr>
                      <td>
                        iconLeft
                      </td>
                      <td>
                        other
                      </td>
                      <td>
                        no
                      </td>
                      <td>
                        -
                      </td>
                    </tr>
                    <tr>
                      <td>
                        defaultValue
                      </td>
                      <td>
                        string
                      </td>
                      <td>
                        no
                      </td>
                      <td>
                        -
                      </td>
                    </tr>
                    <tr>
                      <td>
                        htmlReadOnly
                      </td>
                      <td>
                        bool
                      </td>
                      <td>
                        no
                      </td>
                      <td>
                        -
                      </td>
                    </tr>
                    <tr>
                      <td>
                        className
                      </td>
                      <td>
                        string
                      </td>
                      <td>
                        no
                      </td>
                      <td>
                        -
                      </td>
                    </tr>
                    <tr>
                      <td>
                        inputRef
                      </td>
                      <td>
                        func
                      </td>
                      <td>
                        no
                      </td>
                      <td>
                        -
                      </td>
                    </tr>
                    <tr>
                      <td>
                        label
                      </td>
                      <td>
                        string
                      </td>
                      <td>
                        no
                      </td>
                      <td>
                        -
                      </td>
                    </tr>
                    <tr>
                      <td>
                        onChange
                      </td>
                      <td>
                        func
                      </td>
                      <td>
                        no
                      </td>
                      <td>
                        -
                      </td>
                    </tr>
                    <tr>
                      <td>
                        onKeyDown
                      </td>
                      <td>
                        func
                      </td>
                      <td>
                        no
                      </td>
                      <td>
                        -
                      </td>
                    </tr>
                    <tr>
                      <td>
                        placeholder
                      </td>
                      <td>
                        string
                      </td>
                      <td>
                        no
                      </td>
                      <td>
                        -
                      </td>
                    </tr>
                    <tr>
                      <td>
                        readOnly
                      </td>
                      <td>
                        bool
                      </td>
                      <td>
                        no
                      </td>
                      <td>
                        -
                      </td>
                    </tr>
                    <tr>
                      <td>
                        required
                      </td>
                      <td>
                        bool
                      </td>
                      <td>
                        no
                      </td>
                      <td>
                        -
                      </td>
                    </tr>
                    <tr>
                      <td>
                        symbolPattern
                      </td>
                      <td>
                        string
                      </td>
                      <td>
                        no
                      </td>
                      <td>
                        -
                      </td>
                    </tr>
                    <tr>
                      <td>
                        totalCols
                      </td>
                      <td>
                        number
                      </td>
                      <td>
                        no
                      </td>
                      <td>
                        -
                      </td>
                    </tr>
                    <tr>
                      <td>
                        value
                      </td>
                      <td>
                        string
                      </td>
                      <td>
                        no
                      </td>
                      <td>
                        -
                      </td>
                    </tr>
                  </tbody>
                </table>
              </div>
            </div>
          </div>
        </div>
      </div>
    </div>


✗ With fixed text
  - Snapshot
  + Current story
  
  <div>
      <div
        style={
          Object {
            "position": "relative",
            "zIndex": 0,
          }
        }>
        <div
          className="slds-form-element">
          <label
            className="slds-form-element__label"
            htmlFor="input-$uuid$">
            Input Label
          </label>
          <div
            className="slds-form-element__control">
            <div
              className="slds-form-element__control slds-input-has-fixed-addon">
              <span
                className="slds-text-body--regular slds-form-element__addon">
                $
              </span>
              <input
                className="slds-input"
                defaultValue={undefined}
                id="input-$uuid$"
                onChange={[Function]}
                onKeyDown={[Function]}
                placeholder="Placeholder Text"
                readOnly={undefined}
                type={undefined}
                value={undefined} />
              <span
                className="slds-text-body--regular slds-form-element__addon">
                %
              </span>
            </div>
          </div>
        </div>
      </div>
      <a
        onClick={[Function]}
        style={
          Object {
            "background": "#28c",
            "borderRadius": "0 0 0 5px",
            "color": "#fff",
            "cursor": "pointer",
            "display": "block",
            "fontFamily": "sans-serif",
  -         "fontSize": 12,
  +         "fontSize": "12px",
            "padding": "5px 15px",
            "position": "fixed",
            "right": 0,
            "textDecoration": "none",
            "top": 0,
          }
        }>
        ?
      </a>
      <div
        style={
          Object {
            "background": "white",
            "bottom": 0,
            "display": "none",
            "left": 0,
            "overflow": "auto",
            "padding": "0 40px",
            "position": "absolute",
            "right": 0,
            "top": 0,
          }
        }>
        <a
          onClick={[Function]}
          style={
            Object {
              "background": "#28c",
              "borderRadius": "0 0 0 5px",
              "color": "#fff",
              "cursor": "pointer",
              "display": "block",
              "fontFamily": "sans-serif",
  -           "fontSize": 12,
  +           "fontSize": "12px",
              "padding": "5px 15px",
              "position": "fixed",
              "right": 0,
              "textDecoration": "none",
              "top": 0,
            }
          }>
          ×
        </a>
        <div
          style={undefined}>
          <div
            style={
              Object {
                "WebkitFontSmoothing": "antialiased",
                "color": "#444",
                "fontFamily": "
                  -apple-system, ".SFNSText-Regular", "San Francisco", "Roboto",
                  "Segoe UI", "Helvetica Neue", "Lucida Grande", sans-serif
                ",
  -             "fontSize": 15,
  +             "fontSize": "15px",
                "fontWeight": 300,
                "lineHeight": 1.45,
              }
            }>
            <div
              style={
                Object {
                  "borderBottom": "1px solid #eee",
                  "marginBottom": 10,
  +               "paddingTop": 10,
                }
              }>
              <h1
                style={
                  Object {
  -                 "fontSize": 35,
  -                 "margin": "20px 0 0 0",
  +                 "fontSize": "35px",
  +                 "margin": 0,
                    "padding": 0,
                  }
                }>
                Input
              </h1>
              <h2
                style={
                  Object {
  -                 "fontSize": 22,
  +                 "fontSize": "22px",
                    "fontWeight": 400,
                    "margin": "0 0 10px 0",
                    "padding": 0,
                  }
                }>
                With fixed text
              </h2>
            </div>
            <div
              style={
                Object {
                  "marginBottom": 0,
                }
              }>
              <p
                style={
                  Object {
                    "WebkitFontSmoothing": "antialiased",
                    "color": "#444",
                    "fontFamily": "
                      -apple-system, ".SFNSText-Regular", "San Francisco", "Roboto",
                      "Segoe UI", "Helvetica Neue", "Lucida Grande", sans-serif
                    ",
  -                 "fontSize": 15,
  +                 "fontSize": "15px",
                  }
                }>
                Input control with fixed text to the left and right
              </p>
            </div>
            <div>
              <h1
                style={
                  Object {
                    "borderBottom": "1px solid #EEE",
  -                 "fontSize": 25,
  +                 "fontSize": "25px",
                    "margin": "20px 0 0 0",
                    "padding": "0 0 5px 0",
                  }
                }>
                Story Source
              </h1>
              <pre
                style={
                  Object {
                    "backgroundColor": "#fafafa",
                    "fontFamily": "Menlo, Monaco, "Courier New", monospace",
                    "fontSize": ".88em",
                    "lineHeight": 1.5,
                    "overflowX": "scroll",
                    "padding": ".5rem",
                  }
                }>
                <div
                  style={
                    Object {
                      "paddingLeft": 18,
                      "paddingRight": 3,
                    }
                  }>
                  <span
                    style={
                      Object {
                        "color": "#777",
                      }
                    }>
                    <
                    Input
                  </span>
                  <span>
                    <span>
                      <span>
                        <br />
                          
                      </span>
                      <span
                        style={Object {}}>
                        label
                      </span>
                      <span>
                        =
                        <span
                          style={Object {}}>
                          <span
                            style={
                              Object {
                                "color": "#22a",
                                "wordBreak": "break-word",
                              }
                            }>
                            "
                            Input Label
                            "
                          </span>
                        </span>
                      </span>
                    </span>
                    <span>
                      <span>
                        <br />
                          
                      </span>
                      <span
                        style={Object {}}>
                        placeholder
                      </span>
                      <span>
                        =
                        <span
                          style={Object {}}>
                          <span
                            style={
                              Object {
                                "color": "#22a",
                                "wordBreak": "break-word",
                              }
                            }>
                            "
                            Placeholder Text
                            "
                          </span>
                        </span>
                      </span>
                    </span>
                    <span>
                      <span>
                        <br />
                          
                      </span>
                      <span
                        style={Object {}}>
                        addonLeft
                      </span>
                      <span>
                        =
                        <span
                          style={Object {}}>
                          <span
                            style={
                              Object {
                                "color": "#22a",
                                "wordBreak": "break-word",
                              }
                            }>
                            "
                            $
                            "
                          </span>
                        </span>
                      </span>
                    </span>
                    <span>
                      <span>
                        <br />
                          
                      </span>
                      <span
                        style={Object {}}>
                        addonRight
                      </span>
                      <span>
                        =
                        <span
                          style={Object {}}>
                          <span
                            style={
                              Object {
                                "color": "#22a",
                                "wordBreak": "break-word",
                              }
                            }>
                            "
                            %
                            "
                          </span>
                        </span>
                      </span>
                      <br />
                    </span>
                  </span>
                  <span
                    style={
                      Object {
                        "color": "#777",
                      }
                    }>
                    />
                  </span>
                </div>
              </pre>
            </div>
            <div>
              <h1
                style={
                  Object {
                    "borderBottom": "1px solid #EEE",
  -                 "fontSize": 25,
  +                 "fontSize": "25px",
                    "margin": "20px 0 0 0",
                    "padding": "0 0 5px 0",
                  }
                }>
                Prop Types
              </h1>
              <div>
                <h2
                  style={
                    Object {
                      "margin": "20px 0 0 0",
                    }
                  }>
                  "
                  Input
                  " Component
                </h2>
                <table
                  style={
                    Object {
                      "borderCollapse": "separate",
                      "borderSpacing": "10px 5px",
                      "marginLeft": -10,
                    }
                  }>
                  <thead>
                    <tr>
                      <th>
                        property
                      </th>
                      <th>
                        propType
                      </th>
                      <th>
                        required
                      </th>
                      <th>
                        default
                      </th>
                    </tr>
                  </thead>
                  <tbody>
                    <tr>
                      <td>
                        bare
                      </td>
                      <td>
                        bool
                      </td>
                      <td>
                        no
                      </td>
                      <td>
                        -
                      </td>
                    </tr>
                    <tr>
                      <td>
                        id
                      </td>
                      <td>
                        string
                      </td>
                      <td>
                        no
                      </td>
                      <td>
                        -
                      </td>
                    </tr>
                    <tr>
                      <td>
                        addonRight
                      </td>
                      <td>
                        string
                      </td>
                      <td>
                        no
                      </td>
                      <td>
                        -
                      </td>
                    </tr>
                    <tr>
                      <td>
                        addonLeft
                      </td>
                      <td>
                        string
                      </td>
                      <td>
                        no
                      </td>
                      <td>
                        -
                      </td>
                    </tr>
                    <tr>
                      <td>
                        error
                      </td>
                      <td>
                        other
                      </td>
                      <td>
                        no
                      </td>
                      <td>
                        -
                      </td>
                    </tr>
                    <tr>
                      <td>
                        iconRight
                      </td>
                      <td>
                        other
                      </td>
                      <td>
                        no
                      </td>
                      <td>
                        -
                      </td>
                    </tr>
                    <tr>
                      <td>
                        cols
                      </td>
                      <td>
                        number
                      </td>
                      <td>
                        no
                      </td>
                      <td>
                        -
                      </td>
                    </tr>
                    <tr>
                      <td>
                        iconLeft
                      </td>
                      <td>
                        other
                      </td>
                      <td>
                        no
                      </td>
                      <td>
                        -
                      </td>
                    </tr>
                    <tr>
                      <td>
                        defaultValue
                      </td>
                      <td>
                        string
                      </td>
                      <td>
                        no
                      </td>
                      <td>
                        -
                      </td>
                    </tr>
                    <tr>
                      <td>
                        htmlReadOnly
                      </td>
                      <td>
                        bool
                      </td>
                      <td>
                        no
                      </td>
                      <td>
                        -
                      </td>
                    </tr>
                    <tr>
                      <td>
                        className
                      </td>
                      <td>
                        string
                      </td>
                      <td>
                        no
                      </td>
                      <td>
                        -
                      </td>
                    </tr>
                    <tr>
                      <td>
                        inputRef
                      </td>
                      <td>
                        func
                      </td>
                      <td>
                        no
                      </td>
                      <td>
                        -
                      </td>
                    </tr>
                    <tr>
                      <td>
                        label
                      </td>
                      <td>
                        string
                      </td>
                      <td>
                        no
                      </td>
                      <td>
                        -
                      </td>
                    </tr>
                    <tr>
                      <td>
                        onChange
                      </td>
                      <td>
                        func
                      </td>
                      <td>
                        no
                      </td>
                      <td>
                        -
                      </td>
                    </tr>
                    <tr>
                      <td>
                        onKeyDown
                      </td>
                      <td>
                        func
                      </td>
                      <td>
                        no
                      </td>
                      <td>
                        -
                      </td>
                    </tr>
                    <tr>
                      <td>
                        placeholder
                      </td>
                      <td>
                        string
                      </td>
                      <td>
                        no
                      </td>
                      <td>
                        -
                      </td>
                    </tr>
                    <tr>
                      <td>
                        readOnly
                      </td>
                      <td>
                        bool
                      </td>
                      <td>
                        no
                      </td>
                      <td>
                        -
                      </td>
                    </tr>
                    <tr>
                      <td>
                        required
                      </td>
                      <td>
                        bool
                      </td>
                      <td>
                        no
                      </td>
                      <td>
                        -
                      </td>
                    </tr>
                    <tr>
                      <td>
                        symbolPattern
                      </td>
                      <td>
                        string
                      </td>
                      <td>
                        no
                      </td>
                      <td>
                        -
                      </td>
                    </tr>
                    <tr>
                      <td>
                        totalCols
                      </td>
                      <td>
                        number
                      </td>
                      <td>
                        no
                      </td>
                      <td>
                        -
                      </td>
                    </tr>
                    <tr>
                      <td>
                        value
                      </td>
                      <td>
                        string
                      </td>
                      <td>
                        no
                      </td>
                      <td>
                        -
                      </td>
                    </tr>
                  </tbody>
                </table>
              </div>
            </div>
          </div>
        </div>
      </div>
    </div>


✗ Read only with fixed text
  - Snapshot
  + Current story
  
  <div>
      <div
        style={
          Object {
            "position": "relative",
            "zIndex": 0,
          }
        }>
        <div
          className="slds-form-element">
          <label
            className="slds-form-element__label"
            htmlFor="input-$uuid$">
            Input Label
          </label>
          <div
            className="slds-form-element__control slds-has-divider--bottom">
            <div
              className="slds-form-element__control slds-input-has-fixed-addon">
              <span
                className="slds-text-body--regular slds-form-element__addon">
                $
              </span>
              <p
                className="slds-text-body--regular slds-form-element__static"
                id="input-$uuid$">
                Read Only
              </p>
              <span
                className="slds-text-body--regular slds-form-element__addon">
                %
              </span>
            </div>
          </div>
        </div>
      </div>
      <a
        onClick={[Function]}
        style={
          Object {
            "background": "#28c",
            "borderRadius": "0 0 0 5px",
            "color": "#fff",
            "cursor": "pointer",
            "display": "block",
            "fontFamily": "sans-serif",
  -         "fontSize": 12,
  +         "fontSize": "12px",
            "padding": "5px 15px",
            "position": "fixed",
            "right": 0,
            "textDecoration": "none",
            "top": 0,
          }
        }>
        ?
      </a>
      <div
        style={
          Object {
            "background": "white",
            "bottom": 0,
            "display": "none",
            "left": 0,
            "overflow": "auto",
            "padding": "0 40px",
            "position": "absolute",
            "right": 0,
            "top": 0,
          }
        }>
        <a
          onClick={[Function]}
          style={
            Object {
              "background": "#28c",
              "borderRadius": "0 0 0 5px",
              "color": "#fff",
              "cursor": "pointer",
              "display": "block",
              "fontFamily": "sans-serif",
  -           "fontSize": 12,
  +           "fontSize": "12px",
              "padding": "5px 15px",
              "position": "fixed",
              "right": 0,
              "textDecoration": "none",
              "top": 0,
            }
          }>
          ×
        </a>
        <div
          style={undefined}>
          <div
            style={
              Object {
                "WebkitFontSmoothing": "antialiased",
                "color": "#444",
                "fontFamily": "
                  -apple-system, ".SFNSText-Regular", "San Francisco", "Roboto",
                  "Segoe UI", "Helvetica Neue", "Lucida Grande", sans-serif
                ",
  -             "fontSize": 15,
  +             "fontSize": "15px",
                "fontWeight": 300,
                "lineHeight": 1.45,
              }
            }>
            <div
              style={
                Object {
                  "borderBottom": "1px solid #eee",
                  "marginBottom": 10,
  +               "paddingTop": 10,
                }
              }>
              <h1
                style={
                  Object {
  -                 "fontSize": 35,
  -                 "margin": "20px 0 0 0",
  +                 "fontSize": "35px",
  +                 "margin": 0,
                    "padding": 0,
                  }
                }>
                Input
              </h1>
              <h2
                style={
                  Object {
  -                 "fontSize": 22,
  +                 "fontSize": "22px",
                    "fontWeight": 400,
                    "margin": "0 0 10px 0",
                    "padding": 0,
                  }
                }>
                Read only with fixed text
              </h2>
            </div>
            <div
              style={
                Object {
                  "marginBottom": 0,
                }
              }>
              <p
                style={
                  Object {
                    "WebkitFontSmoothing": "antialiased",
                    "color": "#444",
                    "fontFamily": "
                      -apple-system, ".SFNSText-Regular", "San Francisco", "Roboto",
                      "Segoe UI", "Helvetica Neue", "Lucida Grande", sans-serif
                    ",
  -                 "fontSize": 15,
  +                 "fontSize": "15px",
                  }
                }>
                Input control with fixed text to the left and right and readOnly status
              </p>
            </div>
            <div>
              <h1
                style={
                  Object {
                    "borderBottom": "1px solid #EEE",
  -                 "fontSize": 25,
  +                 "fontSize": "25px",
                    "margin": "20px 0 0 0",
                    "padding": "0 0 5px 0",
                  }
                }>
                Story Source
              </h1>
              <pre
                style={
                  Object {
                    "backgroundColor": "#fafafa",
                    "fontFamily": "Menlo, Monaco, "Courier New", monospace",
                    "fontSize": ".88em",
                    "lineHeight": 1.5,
                    "overflowX": "scroll",
                    "padding": ".5rem",
                  }
                }>
                <div
                  style={
                    Object {
                      "paddingLeft": 18,
                      "paddingRight": 3,
                    }
                  }>
                  <span
                    style={
                      Object {
                        "color": "#777",
                      }
                    }>
                    <
                    Input
                  </span>
                  <span>
                    <span>
                      <span>
                        <br />
                          
                      </span>
                      <span
                        style={Object {}}>
                        label
                      </span>
                      <span>
                        =
                        <span
                          style={Object {}}>
                          <span
                            style={
                              Object {
                                "color": "#22a",
                                "wordBreak": "break-word",
                              }
                            }>
                            "
                            Input Label
                            "
                          </span>
                        </span>
                      </span>
                    </span>
                    <span>
                      <span>
                        <br />
                          
                      </span>
                      <span
                        style={Object {}}>
                        value
                      </span>
                      <span>
                        =
                        <span
                          style={Object {}}>
                          <span
                            style={
                              Object {
                                "color": "#22a",
                                "wordBreak": "break-word",
                              }
                            }>
                            "
                            Read Only
                            "
                          </span>
                        </span>
                      </span>
                    </span>
                    <span>
                      <span>
                        <br />
                          
                      </span>
                      <span
                        style={Object {}}>
                        addonLeft
                      </span>
                      <span>
                        =
                        <span
                          style={Object {}}>
                          <span
                            style={
                              Object {
                                "color": "#22a",
                                "wordBreak": "break-word",
                              }
                            }>
                            "
                            $
                            "
                          </span>
                        </span>
                      </span>
                    </span>
                    <span>
                      <span>
                        <br />
                          
                      </span>
                      <span
                        style={Object {}}>
                        addonRight
                      </span>
                      <span>
                        =
                        <span
                          style={Object {}}>
                          <span
                            style={
                              Object {
                                "color": "#22a",
                                "wordBreak": "break-word",
                              }
                            }>
                            "
                            %
                            "
                          </span>
                        </span>
                      </span>
                    </span>
                    <span>
                      <span>
                        <br />
                          
                      </span>
                      <span
                        style={Object {}}>
                        readOnly
                      </span>
                      <br />
                    </span>
                  </span>
                  <span
                    style={
                      Object {
                        "color": "#777",
                      }
                    }>
                    />
                  </span>
                </div>
              </pre>
            </div>
            <div>
              <h1
                style={
                  Object {
                    "borderBottom": "1px solid #EEE",
  -                 "fontSize": 25,
  +                 "fontSize": "25px",
                    "margin": "20px 0 0 0",
                    "padding": "0 0 5px 0",
                  }
                }>
                Prop Types
              </h1>
              <div>
                <h2
                  style={
                    Object {
                      "margin": "20px 0 0 0",
                    }
                  }>
                  "
                  Input
                  " Component
                </h2>
                <table
                  style={
                    Object {
                      "borderCollapse": "separate",
                      "borderSpacing": "10px 5px",
                      "marginLeft": -10,
                    }
                  }>
                  <thead>
                    <tr>
                      <th>
                        property
                      </th>
                      <th>
                        propType
                      </th>
                      <th>
                        required
                      </th>
                      <th>
                        default
                      </th>
                    </tr>
                  </thead>
                  <tbody>
                    <tr>
                      <td>
                        bare
                      </td>
                      <td>
                        bool
                      </td>
                      <td>
                        no
                      </td>
                      <td>
                        -
                      </td>
                    </tr>
                    <tr>
                      <td>
                        id
                      </td>
                      <td>
                        string
                      </td>
                      <td>
                        no
                      </td>
                      <td>
                        -
                      </td>
                    </tr>
                    <tr>
                      <td>
                        addonRight
                      </td>
                      <td>
                        string
                      </td>
                      <td>
                        no
                      </td>
                      <td>
                        -
                      </td>
                    </tr>
                    <tr>
                      <td>
                        addonLeft
                      </td>
                      <td>
                        string
                      </td>
                      <td>
                        no
                      </td>
                      <td>
                        -
                      </td>
                    </tr>
                    <tr>
                      <td>
                        error
                      </td>
                      <td>
                        other
                      </td>
                      <td>
                        no
                      </td>
                      <td>
                        -
                      </td>
                    </tr>
                    <tr>
                      <td>
                        iconRight
                      </td>
                      <td>
                        other
                      </td>
                      <td>
                        no
                      </td>
                      <td>
                        -
                      </td>
                    </tr>
                    <tr>
                      <td>
                        cols
                      </td>
                      <td>
                        number
                      </td>
                      <td>
                        no
                      </td>
                      <td>
                        -
                      </td>
                    </tr>
                    <tr>
                      <td>
                        iconLeft
                      </td>
                      <td>
                        other
                      </td>
                      <td>
                        no
                      </td>
                      <td>
                        -
                      </td>
                    </tr>
                    <tr>
                      <td>
                        defaultValue
                      </td>
                      <td>
                        string
                      </td>
                      <td>
                        no
                      </td>
                      <td>
                        -
                      </td>
                    </tr>
                    <tr>
                      <td>
                        htmlReadOnly
                      </td>
                      <td>
                        bool
                      </td>
                      <td>
                        no
                      </td>
                      <td>
                        -
                      </td>
                    </tr>
                    <tr>
                      <td>
                        className
                      </td>
                      <td>
                        string
                      </td>
                      <td>
                        no
                      </td>
                      <td>
                        -
                      </td>
                    </tr>
                    <tr>
                      <td>
                        inputRef
                      </td>
                      <td>
                        func
                      </td>
                      <td>
                        no
                      </td>
                      <td>
                        -
                      </td>
                    </tr>
                    <tr>
                      <td>
                        label
                      </td>
                      <td>
                        string
                      </td>
                      <td>
                        no
                      </td>
                      <td>
                        -
                      </td>
                    </tr>
                    <tr>
                      <td>
                        onChange
                      </td>
                      <td>
                        func
                      </td>
                      <td>
                        no
                      </td>
                      <td>
                        -
                      </td>
                    </tr>
                    <tr>
                      <td>
                        onKeyDown
                      </td>
                      <td>
                        func
                      </td>
                      <td>
                        no
                      </td>
                      <td>
                        -
                      </td>
                    </tr>
                    <tr>
                      <td>
                        placeholder
                      </td>
                      <td>
                        string
                      </td>
                      <td>
                        no
                      </td>
                      <td>
                        -
                      </td>
                    </tr>
                    <tr>
                      <td>
                        readOnly
                      </td>
                      <td>
                        bool
                      </td>
                      <td>
                        no
                      </td>
                      <td>
                        -
                      </td>
                    </tr>
                    <tr>
                      <td>
                        required
                      </td>
                      <td>
                        bool
                      </td>
                      <td>
                        no
                      </td>
                      <td>
                        -
                      </td>
                    </tr>
                    <tr>
                      <td>
                        symbolPattern
                      </td>
                      <td>
                        string
                      </td>
                      <td>
                        no
                      </td>
                      <td>
                        -
                      </td>
                    </tr>
                    <tr>
                      <td>
                        totalCols
                      </td>
                      <td>
                        number
                      </td>
                      <td>
                        no
                      </td>
                      <td>
                        -
                      </td>
                    </tr>
                    <tr>
                      <td>
                        value
                      </td>
                      <td>
                        string
                      </td>
                      <td>
                        no
                      </td>
                      <td>
                        -
                      </td>
                    </tr>
                  </tbody>
                </table>
              </div>
            </div>
          </div>
        </div>
      </div>
    </div>


Textarea

✗ Controlled with knobs
  - Snapshot
  + Current story
  
  <div>
      <div
        style={
          Object {
            "position": "relative",
            "zIndex": 0,
          }
        }>
        <div
          className="slds-form-element">
          <label
            className="slds-form-element__label"
            htmlFor="form-element-$uuid$">
            Textarea Label
          </label>
          <div
            className="slds-form-element__control">
            <textarea
              className="slds-input"
              disabled={undefined}
              id="form-element-$uuid$"
              onBlur={[Function]}
              onChange={[Function]}
              placeholder={undefined}
              readOnly={undefined}
              value={undefined} />
          </div>
        </div>
      </div>
      <a
        onClick={[Function]}
        style={
          Object {
            "background": "#28c",
            "borderRadius": "0 0 0 5px",
            "color": "#fff",
            "cursor": "pointer",
            "display": "block",
            "fontFamily": "sans-serif",
  -         "fontSize": 12,
  +         "fontSize": "12px",
            "padding": "5px 15px",
            "position": "fixed",
            "right": 0,
            "textDecoration": "none",
            "top": 0,
          }
        }>
        ?
      </a>
      <div
        style={
          Object {
            "background": "white",
            "bottom": 0,
            "display": "none",
            "left": 0,
            "overflow": "auto",
            "padding": "0 40px",
            "position": "absolute",
            "right": 0,
            "top": 0,
          }
        }>
        <a
          onClick={[Function]}
          style={
            Object {
              "background": "#28c",
              "borderRadius": "0 0 0 5px",
              "color": "#fff",
              "cursor": "pointer",
              "display": "block",
              "fontFamily": "sans-serif",
  -           "fontSize": 12,
  +           "fontSize": "12px",
              "padding": "5px 15px",
              "position": "fixed",
              "right": 0,
              "textDecoration": "none",
              "top": 0,
            }
          }>
          ×
        </a>
        <div
          style={undefined}>
          <div
            style={
              Object {
                "WebkitFontSmoothing": "antialiased",
                "color": "#444",
                "fontFamily": "
                  -apple-system, ".SFNSText-Regular", "San Francisco", "Roboto",
                  "Segoe UI", "Helvetica Neue", "Lucida Grande", sans-serif
                ",
  -             "fontSize": 15,
  +             "fontSize": "15px",
                "fontWeight": 300,
                "lineHeight": 1.45,
              }
            }>
            <div
              style={
                Object {
                  "borderBottom": "1px solid #eee",
                  "marginBottom": 10,
  +               "paddingTop": 10,
                }
              }>
              <h1
                style={
                  Object {
  -                 "fontSize": 35,
  -                 "margin": "20px 0 0 0",
  +                 "fontSize": "35px",
  +                 "margin": 0,
                    "padding": 0,
                  }
                }>
                Textarea
              </h1>
              <h2
                style={
                  Object {
  -                 "fontSize": 22,
  +                 "fontSize": "22px",
                    "fontWeight": 400,
                    "margin": "0 0 10px 0",
                    "padding": 0,
                  }
                }>
                Controlled with knobs
              </h2>
            </div>
            <div
              style={
                Object {
                  "marginBottom": 0,
                }
              }>
              <p
                style={
                  Object {
                    "WebkitFontSmoothing": "antialiased",
                    "color": "#444",
                    "fontFamily": "
                      -apple-system, ".SFNSText-Regular", "San Francisco", "Roboto",
                      "Segoe UI", "Helvetica Neue", "Lucida Grande", sans-serif
                    ",
  -                 "fontSize": 15,
  +                 "fontSize": "15px",
                  }
                }>
                Textarea controlled with knobs
              </p>
            </div>
            <div>
              <h1
                style={
                  Object {
                    "borderBottom": "1px solid #EEE",
  -                 "fontSize": 25,
  +                 "fontSize": "25px",
                    "margin": "20px 0 0 0",
                    "padding": "0 0 5px 0",
                  }
                }>
                Story Source
              </h1>
              <pre
                style={
                  Object {
                    "backgroundColor": "#fafafa",
                    "fontFamily": "Menlo, Monaco, "Courier New", monospace",
                    "fontSize": ".88em",
                    "lineHeight": 1.5,
                    "overflowX": "scroll",
                    "padding": ".5rem",
                  }
                }>
                <div
                  style={
                    Object {
                      "paddingLeft": 18,
                      "paddingRight": 3,
                    }
                  }>
                  <span
                    style={
                      Object {
                        "color": "#777",
                      }
                    }>
                    <
                    Textarea
                  </span>
                  <span>
                    <span>
                      <span>
                        <br />
                          
                      </span>
                      <span
                        style={Object {}}>
                        label
                      </span>
                      <span>
                        =
                        <span
                          style={Object {}}>
                          <span
                            style={
                              Object {
                                "color": "#22a",
                                "wordBreak": "break-word",
                              }
                            }>
                            "
                            Textarea Label
                            "
                          </span>
                        </span>
                      </span>
                    </span>
                    <span>
                      <span>
                        <br />
                          
                      </span>
                      <span
                        style={Object {}}>
                        error
                      </span>
                      <span>
                        =
                        <span
                          style={Object {}}>
                          <span>
                            {
                            <span
                              style={
                                Object {
                                  "color": "#777",
                                }
                              }>
                              undefined
                            </span>
                            }
                          </span>
                        </span>
                      </span>
                    </span>
                    <span>
                      <span>
                        <br />
                          
                      </span>
                      <span
                        style={Object {}}>
                        required
                      </span>
                      <span>
                        =
                        <span
                          style={Object {}}>
                          <span>
                            {
                            <span
                              style={
                                Object {
                                  "color": "#777",
                                }
                              }>
                              undefined
                            </span>
                            }
                          </span>
                        </span>
                      </span>
                    </span>
                    <span>
                      <span>
                        <br />
                          
                      </span>
                      <span
                        style={Object {}}>
                        value
                      </span>
                      <span>
                        =
                        <span
                          style={Object {}}>
                          <span>
                            {
                            <span
                              style={
                                Object {
                                  "color": "#777",
                                }
                              }>
                              undefined
                            </span>
                            }
                          </span>
                        </span>
                      </span>
                    </span>
                    <span>
                      <span>
                        <br />
                          
                      </span>
                      <span
                        style={Object {}}>
                        placeholder
                      </span>
                      <span>
                        =
                        <span
                          style={Object {}}>
                          <span>
                            {
                            <span
                              style={
                                Object {
                                  "color": "#777",
                                }
                              }>
                              undefined
                            </span>
                            }
                          </span>
                        </span>
                      </span>
                    </span>
                    <span>
                      <span>
                        <br />
                          
                      </span>
                      <span
                        style={Object {}}>
                        disabled
                      </span>
                      <span>
                        =
                        <span
                          style={Object {}}>
                          <span>
                            {
                            <span
                              style={
                                Object {
                                  "color": "#777",
                                }
                              }>
                              undefined
                            </span>
                            }
                          </span>
                        </span>
                      </span>
                    </span>
                    <span>
                      <span>
                        <br />
                          
                      </span>
                      <span
                        style={Object {}}>
                        readOnly
                      </span>
                      <span>
                        =
                        <span
                          style={Object {}}>
                          <span>
                            {
                            <span
                              style={
                                Object {
                                  "color": "#777",
                                }
                              }>
                              undefined
                            </span>
                            }
                          </span>
                        </span>
                      </span>
                    </span>
                    <span>
                      <span>
                        <br />
                          
                      </span>
                      <span
                        style={Object {}}>
                        onChange
                      </span>
                      <span>
                        =
                        <span
                          style={Object {}}>
                          <span>
                            {
                            <span
                              style={
                                Object {
                                  "color": "#170",
                                }
                              }>
  -                           anonymous()
  +                           change()
                            </span>
                            }
                          </span>
                        </span>
                      </span>
                    </span>
                    <span>
                      <span>
                        <br />
                          
                      </span>
                      <span
                        style={Object {}}>
                        onBlur
                      </span>
                      <span>
                        =
                        <span
                          style={Object {}}>
                          <span>
                            {
                            <span
                              style={
                                Object {
                                  "color": "#170",
                                }
                              }>
  -                           anonymous()
  +                           blur()
                            </span>
                            }
                          </span>
                        </span>
                      </span>
                      <br />
                    </span>
                  </span>
                  <span
                    style={
                      Object {
                        "color": "#777",
                      }
                    }>
                    />
                  </span>
                </div>
              </pre>
            </div>
            <div>
              <h1
                style={
                  Object {
                    "borderBottom": "1px solid #EEE",
  -                 "fontSize": 25,
  +                 "fontSize": "25px",
                    "margin": "20px 0 0 0",
                    "padding": "0 0 5px 0",
                  }
                }>
                Prop Types
              </h1>
              <div>
                <h2
                  style={
                    Object {
                      "margin": "20px 0 0 0",
                    }
                  }>
                  "
                  Textarea
                  " Component
                </h2>
                <table
                  style={
                    Object {
                      "borderCollapse": "separate",
                      "borderSpacing": "10px 5px",
                      "marginLeft": -10,
                    }
                  }>
                  <thead>
                    <tr>
                      <th>
                        property
                      </th>
                      <th>
                        propType
                      </th>
                      <th>
                        required
                      </th>
                      <th>
                        default
                      </th>
                    </tr>
                  </thead>
                  <tbody>
                    <tr>
                      <td>
                        className
                      </td>
                      <td>
                        string
                      </td>
                      <td>
                        no
                      </td>
                      <td>
                        -
                      </td>
                    </tr>
                    <tr>
                      <td>
                        cols
                      </td>
                      <td>
                        number
                      </td>
                      <td>
                        no
                      </td>
                      <td>
                        -
                      </td>
                    </tr>
                    <tr>
                      <td>
                        error
                      </td>
                      <td>
                        other
                      </td>
                      <td>
                        no
                      </td>
                      <td>
                        -
                      </td>
                    </tr>
                    <tr>
                      <td>
                        id
                      </td>
                      <td>
                        string
                      </td>
                      <td>
                        no
                      </td>
                      <td>
                        -
                      </td>
                    </tr>
                    <tr>
                      <td>
                        label
                      </td>
                      <td>
                        string
                      </td>
                      <td>
                        no
                      </td>
                      <td>
                        -
                      </td>
                    </tr>
                    <tr>
                      <td>
                        onChange
                      </td>
                      <td>
                        func
                      </td>
                      <td>
                        no
                      </td>
                      <td>
                        -
                      </td>
                    </tr>
                    <tr>
                      <td>
                        required
                      </td>
                      <td>
                        bool
                      </td>
                      <td>
                        no
                      </td>
                      <td>
                        -
                      </td>
                    </tr>
                    <tr>
                      <td>
                        textareaRef
                      </td>
                      <td>
                        func
                      </td>
                      <td>
                        no
                      </td>
                      <td>
                        -
                      </td>
                    </tr>
                    <tr>
                      <td>
                        totalCols
                      </td>
                      <td>
                        number
                      </td>
                      <td>
                        no
                      </td>
                      <td>
                        -
                      </td>
                    </tr>
                  </tbody>
                </table>
              </div>
            </div>
          </div>
        </div>
      </div>
    </div>


✗ Default
  - Snapshot
  + Current story
  
  <div>
      <div
        style={
          Object {
            "position": "relative",
            "zIndex": 0,
          }
        }>
        <div
          className="slds-form-element">
          <label
            className="slds-form-element__label"
            htmlFor="form-element-$uuid$">
            Textarea Label
          </label>
          <div
            className="slds-form-element__control">
            <textarea
              className="slds-input"
              id="form-element-$uuid$"
              onChange={[Function]}
              placeholder="Placeholder Text" />
          </div>
        </div>
      </div>
      <a
        onClick={[Function]}
        style={
          Object {
            "background": "#28c",
            "borderRadius": "0 0 0 5px",
            "color": "#fff",
            "cursor": "pointer",
            "display": "block",
            "fontFamily": "sans-serif",
  -         "fontSize": 12,
  +         "fontSize": "12px",
            "padding": "5px 15px",
            "position": "fixed",
            "right": 0,
            "textDecoration": "none",
            "top": 0,
          }
        }>
        ?
      </a>
      <div
        style={
          Object {
            "background": "white",
            "bottom": 0,
            "display": "none",
            "left": 0,
            "overflow": "auto",
            "padding": "0 40px",
            "position": "absolute",
            "right": 0,
            "top": 0,
          }
        }>
        <a
          onClick={[Function]}
          style={
            Object {
              "background": "#28c",
              "borderRadius": "0 0 0 5px",
              "color": "#fff",
              "cursor": "pointer",
              "display": "block",
              "fontFamily": "sans-serif",
  -           "fontSize": 12,
  +           "fontSize": "12px",
              "padding": "5px 15px",
              "position": "fixed",
              "right": 0,
              "textDecoration": "none",
              "top": 0,
            }
          }>
          ×
        </a>
        <div
          style={undefined}>
          <div
            style={
              Object {
                "WebkitFontSmoothing": "antialiased",
                "color": "#444",
                "fontFamily": "
                  -apple-system, ".SFNSText-Regular", "San Francisco", "Roboto",
                  "Segoe UI", "Helvetica Neue", "Lucida Grande", sans-serif
                ",
  -             "fontSize": 15,
  +             "fontSize": "15px",
                "fontWeight": 300,
                "lineHeight": 1.45,
              }
            }>
            <div
              style={
                Object {
                  "borderBottom": "1px solid #eee",
                  "marginBottom": 10,
  +               "paddingTop": 10,
                }
              }>
              <h1
                style={
                  Object {
  -                 "fontSize": 35,
  -                 "margin": "20px 0 0 0",
  +                 "fontSize": "35px",
  +                 "margin": 0,
                    "padding": 0,
                  }
                }>
                Textarea
              </h1>
              <h2
                style={
                  Object {
  -                 "fontSize": 22,
  +                 "fontSize": "22px",
                    "fontWeight": 400,
                    "margin": "0 0 10px 0",
                    "padding": 0,
                  }
                }>
                Default
              </h2>
            </div>
            <div
              style={
                Object {
                  "marginBottom": 0,
                }
              }>
              <p
                style={
                  Object {
                    "WebkitFontSmoothing": "antialiased",
                    "color": "#444",
                    "fontFamily": "
                      -apple-system, ".SFNSText-Regular", "San Francisco", "Roboto",
                      "Segoe UI", "Helvetica Neue", "Lucida Grande", sans-serif
                    ",
  -                 "fontSize": 15,
  +                 "fontSize": "15px",
                  }
                }>
                Default Textarea control
              </p>
            </div>
            <div>
              <h1
                style={
                  Object {
                    "borderBottom": "1px solid #EEE",
  -                 "fontSize": 25,
  +                 "fontSize": "25px",
                    "margin": "20px 0 0 0",
                    "padding": "0 0 5px 0",
                  }
                }>
                Story Source
              </h1>
              <pre
                style={
                  Object {
                    "backgroundColor": "#fafafa",
                    "fontFamily": "Menlo, Monaco, "Courier New", monospace",
                    "fontSize": ".88em",
                    "lineHeight": 1.5,
                    "overflowX": "scroll",
                    "padding": ".5rem",
                  }
                }>
                <div
                  style={
                    Object {
                      "paddingLeft": 18,
                      "paddingRight": 3,
                    }
                  }>
                  <span
                    style={
                      Object {
                        "color": "#777",
                      }
                    }>
                    <
                    Textarea
                  </span>
                  <span>
                    <span>
                       
                      <span
                        style={Object {}}>
                        label
                      </span>
                      <span>
                        =
                        <span
                          style={Object {}}>
                          <span
                            style={
                              Object {
                                "color": "#22a",
                                "wordBreak": "break-word",
                              }
                            }>
                            "
                            Textarea Label
                            "
                          </span>
                        </span>
                      </span>
                    </span>
                    <span>
                       
                      <span
                        style={Object {}}>
                        placeholder
                      </span>
                      <span>
                        =
                        <span
                          style={Object {}}>
                          <span
                            style={
                              Object {
                                "color": "#22a",
                                "wordBreak": "break-word",
                              }
                            }>
                            "
                            Placeholder Text
                            "
                          </span>
                        </span>
                      </span>
                       
                    </span>
                  </span>
                  <span
                    style={
                      Object {
                        "color": "#777",
                      }
                    }>
                    />
                  </span>
                </div>
              </pre>
            </div>
            <div>
              <h1
                style={
                  Object {
                    "borderBottom": "1px solid #EEE",
  -                 "fontSize": 25,
  +                 "fontSize": "25px",
                    "margin": "20px 0 0 0",
                    "padding": "0 0 5px 0",
                  }
                }>
                Prop Types
              </h1>
              <div>
                <h2
                  style={
                    Object {
                      "margin": "20px 0 0 0",
                    }
                  }>
                  "
                  Textarea
                  " Component
                </h2>
                <table
                  style={
                    Object {
                      "borderCollapse": "separate",
                      "borderSpacing": "10px 5px",
                      "marginLeft": -10,
                    }
                  }>
                  <thead>
                    <tr>
                      <th>
                        property
                      </th>
                      <th>
                        propType
                      </th>
                      <th>
                        required
                      </th>
                      <th>
                        default
                      </th>
                    </tr>
                  </thead>
                  <tbody>
                    <tr>
                      <td>
                        className
                      </td>
                      <td>
                        string
                      </td>
                      <td>
                        no
                      </td>
                      <td>
                        -
                      </td>
                    </tr>
                    <tr>
                      <td>
                        cols
                      </td>
                      <td>
                        number
                      </td>
                      <td>
                        no
                      </td>
                      <td>
                        -
                      </td>
                    </tr>
                    <tr>
                      <td>
                        error
                      </td>
                      <td>
                        other
                      </td>
                      <td>
                        no
                      </td>
                      <td>
                        -
                      </td>
                    </tr>
                    <tr>
                      <td>
                        id
                      </td>
                      <td>
                        string
                      </td>
                      <td>
                        no
                      </td>
                      <td>
                        -
                      </td>
                    </tr>
                    <tr>
                      <td>
                        label
                      </td>
                      <td>
                        string
                      </td>
                      <td>
                        no
                      </td>
                      <td>
                        -
                      </td>
                    </tr>
                    <tr>
                      <td>
                        onChange
                      </td>
                      <td>
                        func
                      </td>
                      <td>
                        no
                      </td>
                      <td>
                        -
                      </td>
                    </tr>
                    <tr>
                      <td>
                        required
                      </td>
                      <td>
                        bool
                      </td>
                      <td>
                        no
                      </td>
                      <td>
                        -
                      </td>
                    </tr>
                    <tr>
                      <td>
                        textareaRef
                      </td>
                      <td>
                        func
                      </td>
                      <td>
                        no
                      </td>
                      <td>
                        -
                      </td>
                    </tr>
                    <tr>
                      <td>
                        totalCols
                      </td>
                      <td>
                        number
                      </td>
                      <td>
                        no
                      </td>
                      <td>
                        -
                      </td>
                    </tr>
                  </tbody>
                </table>
              </div>
            </div>
          </div>
        </div>
      </div>
    </div>


✗ Required
  - Snapshot
  + Current story
  
  <div>
      <div
        style={
          Object {
            "position": "relative",
            "zIndex": 0,
          }
        }>
        <div
          className="slds-form-element">
          <label
            className="slds-form-element__label"
            htmlFor="form-element-$uuid$">
            Textarea Label
            <abbr
              className="slds-required">
              *
            </abbr>
          </label>
          <div
            className="slds-form-element__control">
            <textarea
              className="slds-input"
              id="form-element-$uuid$"
              onChange={[Function]}
              placeholder="Placeholder Text" />
          </div>
        </div>
      </div>
      <a
        onClick={[Function]}
        style={
          Object {
            "background": "#28c",
            "borderRadius": "0 0 0 5px",
            "color": "#fff",
            "cursor": "pointer",
            "display": "block",
            "fontFamily": "sans-serif",
  -         "fontSize": 12,
  +         "fontSize": "12px",
            "padding": "5px 15px",
            "position": "fixed",
            "right": 0,
            "textDecoration": "none",
            "top": 0,
          }
        }>
        ?
      </a>
      <div
        style={
          Object {
            "background": "white",
            "bottom": 0,
            "display": "none",
            "left": 0,
            "overflow": "auto",
            "padding": "0 40px",
            "position": "absolute",
            "right": 0,
            "top": 0,
          }
        }>
        <a
          onClick={[Function]}
          style={
            Object {
              "background": "#28c",
              "borderRadius": "0 0 0 5px",
              "color": "#fff",
              "cursor": "pointer",
              "display": "block",
              "fontFamily": "sans-serif",
  -           "fontSize": 12,
  +           "fontSize": "12px",
              "padding": "5px 15px",
              "position": "fixed",
              "right": 0,
              "textDecoration": "none",
              "top": 0,
            }
          }>
          ×
        </a>
        <div
          style={undefined}>
          <div
            style={
              Object {
                "WebkitFontSmoothing": "antialiased",
                "color": "#444",
                "fontFamily": "
                  -apple-system, ".SFNSText-Regular", "San Francisco", "Roboto",
                  "Segoe UI", "Helvetica Neue", "Lucida Grande", sans-serif
                ",
  -             "fontSize": 15,
  +             "fontSize": "15px",
                "fontWeight": 300,
                "lineHeight": 1.45,
              }
            }>
            <div
              style={
                Object {
                  "borderBottom": "1px solid #eee",
                  "marginBottom": 10,
  +               "paddingTop": 10,
                }
              }>
              <h1
                style={
                  Object {
  -                 "fontSize": 35,
  -                 "margin": "20px 0 0 0",
  +                 "fontSize": "35px",
  +                 "margin": 0,
                    "padding": 0,
                  }
                }>
                Textarea
              </h1>
              <h2
                style={
                  Object {
  -                 "fontSize": 22,
  +                 "fontSize": "22px",
                    "fontWeight": 400,
                    "margin": "0 0 10px 0",
                    "padding": 0,
                  }
                }>
                Required
              </h2>
            </div>
            <div
              style={
                Object {
                  "marginBottom": 0,
                }
              }>
              <p
                style={
                  Object {
                    "WebkitFontSmoothing": "antialiased",
                    "color": "#444",
                    "fontFamily": "
                      -apple-system, ".SFNSText-Regular", "San Francisco", "Roboto",
                      "Segoe UI", "Helvetica Neue", "Lucida Grande", sans-serif
                    ",
  -                 "fontSize": 15,
  +                 "fontSize": "15px",
                  }
                }>
                Textarea control with required attribute
              </p>
            </div>
            <div>
              <h1
                style={
                  Object {
                    "borderBottom": "1px solid #EEE",
  -                 "fontSize": 25,
  +                 "fontSize": "25px",
                    "margin": "20px 0 0 0",
                    "padding": "0 0 5px 0",
                  }
                }>
                Story Source
              </h1>
              <pre
                style={
                  Object {
                    "backgroundColor": "#fafafa",
                    "fontFamily": "Menlo, Monaco, "Courier New", monospace",
                    "fontSize": ".88em",
                    "lineHeight": 1.5,
                    "overflowX": "scroll",
                    "padding": ".5rem",
                  }
                }>
                <div
                  style={
                    Object {
                      "paddingLeft": 18,
                      "paddingRight": 3,
                    }
                  }>
                  <span
                    style={
                      Object {
                        "color": "#777",
                      }
                    }>
                    <
                    Textarea
                  </span>
                  <span>
                    <span>
                       
                      <span
                        style={Object {}}>
                        label
                      </span>
                      <span>
                        =
                        <span
                          style={Object {}}>
                          <span
                            style={
                              Object {
                                "color": "#22a",
                                "wordBreak": "break-word",
                              }
                            }>
                            "
                            Textarea Label
                            "
                          </span>
                        </span>
                      </span>
                    </span>
                    <span>
                       
                      <span
                        style={Object {}}>
                        placeholder
                      </span>
                      <span>
                        =
                        <span
                          style={Object {}}>
                          <span
                            style={
                              Object {
                                "color": "#22a",
                                "wordBreak": "break-word",
                              }
                            }>
                            "
                            Placeholder Text
                            "
                          </span>
                        </span>
                      </span>
                    </span>
                    <span>
                       
                      <span
                        style={Object {}}>
                        required
                      </span>
                       
                    </span>
                  </span>
                  <span
                    style={
                      Object {
                        "color": "#777",
                      }
                    }>
                    />
                  </span>
                </div>
              </pre>
            </div>
            <div>
              <h1
                style={
                  Object {
                    "borderBottom": "1px solid #EEE",
  -                 "fontSize": 25,
  +                 "fontSize": "25px",
                    "margin": "20px 0 0 0",
                    "padding": "0 0 5px 0",
                  }
                }>
                Prop Types
              </h1>
              <div>
                <h2
                  style={
                    Object {
                      "margin": "20px 0 0 0",
                    }
                  }>
                  "
                  Textarea
                  " Component
                </h2>
                <table
                  style={
                    Object {
                      "borderCollapse": "separate",
                      "borderSpacing": "10px 5px",
                      "marginLeft": -10,
                    }
                  }>
                  <thead>
                    <tr>
                      <th>
                        property
                      </th>
                      <th>
                        propType
                      </th>
                      <th>
                        required
                      </th>
                      <th>
                        default
                      </th>
                    </tr>
                  </thead>
                  <tbody>
                    <tr>
                      <td>
                        className
                      </td>
                      <td>
                        string
                      </td>
                      <td>
                        no
                      </td>
                      <td>
                        -
                      </td>
                    </tr>
                    <tr>
                      <td>
                        cols
                      </td>
                      <td>
                        number
                      </td>
                      <td>
                        no
                      </td>
                      <td>
                        -
                      </td>
                    </tr>
                    <tr>
                      <td>
                        error
                      </td>
                      <td>
                        other
                      </td>
                      <td>
                        no
                      </td>
                      <td>
                        -
                      </td>
                    </tr>
                    <tr>
                      <td>
                        id
                      </td>
                      <td>
                        string
                      </td>
                      <td>
                        no
                      </td>
                      <td>
                        -
                      </td>
                    </tr>
                    <tr>
                      <td>
                        label
                      </td>
                      <td>
                        string
                      </td>
                      <td>
                        no
                      </td>
                      <td>
                        -
                      </td>
                    </tr>
                    <tr>
                      <td>
                        onChange
                      </td>
                      <td>
                        func
                      </td>
                      <td>
                        no
                      </td>
                      <td>
                        -
                      </td>
                    </tr>
                    <tr>
                      <td>
                        required
                      </td>
                      <td>
                        bool
                      </td>
                      <td>
                        no
                      </td>
                      <td>
                        -
                      </td>
                    </tr>
                    <tr>
                      <td>
                        textareaRef
                      </td>
                      <td>
                        func
                      </td>
                      <td>
                        no
                      </td>
                      <td>
                        -
                      </td>
                    </tr>
                    <tr>
                      <td>
                        totalCols
                      </td>
                      <td>
                        number
                      </td>
                      <td>
                        no
                      </td>
                      <td>
                        -
                      </td>
                    </tr>
                  </tbody>
                </table>
              </div>
            </div>
          </div>
        </div>
      </div>
    </div>


✗ Error
  - Snapshot
  + Current story
  
  <div>
      <div
        style={
          Object {
            "position": "relative",
            "zIndex": 0,
          }
        }>
        <div
          className="slds-form-element slds-has-error">
          <label
            className="slds-form-element__label"
            htmlFor="form-element-$uuid$">
            Textarea Label
            <abbr
              className="slds-required">
              *
            </abbr>
          </label>
          <div
            className="slds-form-element__control">
            <textarea
              className="slds-input"
              id="form-element-$uuid$"
              onChange={[Function]}
              placeholder="Placeholder Text" />
            <span
              className="slds-form-element__help">
              This field is required
            </span>
          </div>
        </div>
      </div>
      <a
        onClick={[Function]}
        style={
          Object {
            "background": "#28c",
            "borderRadius": "0 0 0 5px",
            "color": "#fff",
            "cursor": "pointer",
            "display": "block",
            "fontFamily": "sans-serif",
  -         "fontSize": 12,
  +         "fontSize": "12px",
            "padding": "5px 15px",
            "position": "fixed",
            "right": 0,
            "textDecoration": "none",
            "top": 0,
          }
        }>
        ?
      </a>
      <div
        style={
          Object {
            "background": "white",
            "bottom": 0,
            "display": "none",
            "left": 0,
            "overflow": "auto",
            "padding": "0 40px",
            "position": "absolute",
            "right": 0,
            "top": 0,
          }
        }>
        <a
          onClick={[Function]}
          style={
            Object {
              "background": "#28c",
              "borderRadius": "0 0 0 5px",
              "color": "#fff",
              "cursor": "pointer",
              "display": "block",
              "fontFamily": "sans-serif",
  -           "fontSize": 12,
  +           "fontSize": "12px",
              "padding": "5px 15px",
              "position": "fixed",
              "right": 0,
              "textDecoration": "none",
              "top": 0,
            }
          }>
          ×
        </a>
        <div
          style={undefined}>
          <div
            style={
              Object {
                "WebkitFontSmoothing": "antialiased",
                "color": "#444",
                "fontFamily": "
                  -apple-system, ".SFNSText-Regular", "San Francisco", "Roboto",
                  "Segoe UI", "Helvetica Neue", "Lucida Grande", sans-serif
                ",
  -             "fontSize": 15,
  +             "fontSize": "15px",
                "fontWeight": 300,
                "lineHeight": 1.45,
              }
            }>
            <div
              style={
                Object {
                  "borderBottom": "1px solid #eee",
                  "marginBottom": 10,
  +               "paddingTop": 10,
                }
              }>
              <h1
                style={
                  Object {
  -                 "fontSize": 35,
  -                 "margin": "20px 0 0 0",
  +                 "fontSize": "35px",
  +                 "margin": 0,
                    "padding": 0,
                  }
                }>
                Textarea
              </h1>
              <h2
                style={
                  Object {
  -                 "fontSize": 22,
  +                 "fontSize": "22px",
                    "fontWeight": 400,
                    "margin": "0 0 10px 0",
                    "padding": 0,
                  }
                }>
                Error
              </h2>
            </div>
            <div
              style={
                Object {
                  "marginBottom": 0,
                }
              }>
              <p
                style={
                  Object {
                    "WebkitFontSmoothing": "antialiased",
                    "color": "#444",
                    "fontFamily": "
                      -apple-system, ".SFNSText-Regular", "San Francisco", "Roboto",
                      "Segoe UI", "Helvetica Neue", "Lucida Grande", sans-serif
                    ",
  -                 "fontSize": 15,
  +                 "fontSize": "15px",
                  }
                }>
                Textarea control with error message
              </p>
            </div>
            <div>
              <h1
                style={
                  Object {
                    "borderBottom": "1px solid #EEE",
  -                 "fontSize": 25,
  +                 "fontSize": "25px",
                    "margin": "20px 0 0 0",
                    "padding": "0 0 5px 0",
                  }
                }>
                Story Source
              </h1>
              <pre
                style={
                  Object {
                    "backgroundColor": "#fafafa",
                    "fontFamily": "Menlo, Monaco, "Courier New", monospace",
                    "fontSize": ".88em",
                    "lineHeight": 1.5,
                    "overflowX": "scroll",
                    "padding": ".5rem",
                  }
                }>
                <div
                  style={
                    Object {
                      "paddingLeft": 18,
                      "paddingRight": 3,
                    }
                  }>
                  <span
                    style={
                      Object {
                        "color": "#777",
                      }
                    }>
                    <
                    Textarea
                  </span>
                  <span>
                    <span>
                      <span>
                        <br />
                          
                      </span>
                      <span
                        style={Object {}}>
                        label
                      </span>
                      <span>
                        =
                        <span
                          style={Object {}}>
                          <span
                            style={
                              Object {
                                "color": "#22a",
                                "wordBreak": "break-word",
                              }
                            }>
                            "
                            Textarea Label
                            "
                          </span>
                        </span>
                      </span>
                    </span>
                    <span>
                      <span>
                        <br />
                          
                      </span>
                      <span
                        style={Object {}}>
                        placeholder
                      </span>
                      <span>
                        =
                        <span
                          style={Object {}}>
                          <span
                            style={
                              Object {
                                "color": "#22a",
                                "wordBreak": "break-word",
                              }
                            }>
                            "
                            Placeholder Text
                            "
                          </span>
                        </span>
                      </span>
                    </span>
                    <span>
                      <span>
                        <br />
                          
                      </span>
                      <span
                        style={Object {}}>
                        required
                      </span>
                    </span>
                    <span>
                      <span>
                        <br />
                          
                      </span>
                      <span
                        style={Object {}}>
                        error
                      </span>
                      <span>
                        =
                        <span
                          style={Object {}}>
                          <span
                            style={
                              Object {
                                "color": "#22a",
                                "wordBreak": "break-word",
                              }
                            }>
                            "
                            This field is required
                            "
                          </span>
                        </span>
                      </span>
                      <br />
                    </span>
                  </span>
                  <span
                    style={
                      Object {
                        "color": "#777",
                      }
                    }>
                    />
                  </span>
                </div>
              </pre>
            </div>
            <div>
              <h1
                style={
                  Object {
                    "borderBottom": "1px solid #EEE",
  -                 "fontSize": 25,
  +                 "fontSize": "25px",
                    "margin": "20px 0 0 0",
                    "padding": "0 0 5px 0",
                  }
                }>
                Prop Types
              </h1>
              <div>
                <h2
                  style={
                    Object {
                      "margin": "20px 0 0 0",
                    }
                  }>
                  "
                  Textarea
                  " Component
                </h2>
                <table
                  style={
                    Object {
                      "borderCollapse": "separate",
                      "borderSpacing": "10px 5px",
                      "marginLeft": -10,
                    }
                  }>
                  <thead>
                    <tr>
                      <th>
                        property
                      </th>
                      <th>
                        propType
                      </th>
                      <th>
                        required
                      </th>
                      <th>
                        default
                      </th>
                    </tr>
                  </thead>
                  <tbody>
                    <tr>
                      <td>
                        className
                      </td>
                      <td>
                        string
                      </td>
                      <td>
                        no
                      </td>
                      <td>
                        -
                      </td>
                    </tr>
                    <tr>
                      <td>
                        cols
                      </td>
                      <td>
                        number
                      </td>
                      <td>
                        no
                      </td>
                      <td>
                        -
                      </td>
                    </tr>
                    <tr>
                      <td>
                        error
                      </td>
                      <td>
                        other
                      </td>
                      <td>
                        no
                      </td>
                      <td>
                        -
                      </td>
                    </tr>
                    <tr>
                      <td>
                        id
                      </td>
                      <td>
                        string
                      </td>
                      <td>
                        no
                      </td>
                      <td>
                        -
                      </td>
                    </tr>
                    <tr>
                      <td>
                        label
                      </td>
                      <td>
                        string
                      </td>
                      <td>
                        no
                      </td>
                      <td>
                        -
                      </td>
                    </tr>
                    <tr>
                      <td>
                        onChange
                      </td>
                      <td>
                        func
                      </td>
                      <td>
                        no
                      </td>
                      <td>
                        -
                      </td>
                    </tr>
                    <tr>
                      <td>
                        required
                      </td>
                      <td>
                        bool
                      </td>
                      <td>
                        no
                      </td>
                      <td>
                        -
                      </td>
                    </tr>
                    <tr>
                      <td>
                        textareaRef
                      </td>
                      <td>
                        func
                      </td>
                      <td>
                        no
                      </td>
                      <td>
                        -
                      </td>
                    </tr>
                    <tr>
                      <td>
                        totalCols
                      </td>
                      <td>
                        number
                      </td>
                      <td>
                        no
                      </td>
                      <td>
                        -
                      </td>
                    </tr>
                  </tbody>
                </table>
              </div>
            </div>
          </div>
        </div>
      </div>
    </div>


✗ Disabled
  - Snapshot
  + Current story
  
  <div>
      <div
        style={
          Object {
            "position": "relative",
            "zIndex": 0,
          }
        }>
        <div
          className="slds-form-element">
          <label
            className="slds-form-element__label"
            htmlFor="form-element-$uuid$">
            Textarea Label
          </label>
          <div
            className="slds-form-element__control">
            <textarea
              className="slds-input"
              disabled={true}
              id="form-element-$uuid$"
              onChange={[Function]}
              placeholder="Placeholder Text" />
          </div>
        </div>
      </div>
      <a
        onClick={[Function]}
        style={
          Object {
            "background": "#28c",
            "borderRadius": "0 0 0 5px",
            "color": "#fff",
            "cursor": "pointer",
            "display": "block",
            "fontFamily": "sans-serif",
  -         "fontSize": 12,
  +         "fontSize": "12px",
            "padding": "5px 15px",
            "position": "fixed",
            "right": 0,
            "textDecoration": "none",
            "top": 0,
          }
        }>
        ?
      </a>
      <div
        style={
          Object {
            "background": "white",
            "bottom": 0,
            "display": "none",
            "left": 0,
            "overflow": "auto",
            "padding": "0 40px",
            "position": "absolute",
            "right": 0,
            "top": 0,
          }
        }>
        <a
          onClick={[Function]}
          style={
            Object {
              "background": "#28c",
              "borderRadius": "0 0 0 5px",
              "color": "#fff",
              "cursor": "pointer",
              "display": "block",
              "fontFamily": "sans-serif",
  -           "fontSize": 12,
  +           "fontSize": "12px",
              "padding": "5px 15px",
              "position": "fixed",
              "right": 0,
              "textDecoration": "none",
              "top": 0,
            }
          }>
          ×
        </a>
        <div
          style={undefined}>
          <div
            style={
              Object {
                "WebkitFontSmoothing": "antialiased",
                "color": "#444",
                "fontFamily": "
                  -apple-system, ".SFNSText-Regular", "San Francisco", "Roboto",
                  "Segoe UI", "Helvetica Neue", "Lucida Grande", sans-serif
                ",
  -             "fontSize": 15,
  +             "fontSize": "15px",
                "fontWeight": 300,
                "lineHeight": 1.45,
              }
            }>
            <div
              style={
                Object {
                  "borderBottom": "1px solid #eee",
                  "marginBottom": 10,
  +               "paddingTop": 10,
                }
              }>
              <h1
                style={
                  Object {
  -                 "fontSize": 35,
  -                 "margin": "20px 0 0 0",
  +                 "fontSize": "35px",
  +                 "margin": 0,
                    "padding": 0,
                  }
                }>
                Textarea
              </h1>
              <h2
                style={
                  Object {
  -                 "fontSize": 22,
  +                 "fontSize": "22px",
                    "fontWeight": 400,
                    "margin": "0 0 10px 0",
                    "padding": 0,
                  }
                }>
                Disabled
              </h2>
            </div>
            <div
              style={
                Object {
                  "marginBottom": 0,
                }
              }>
              <p
                style={
                  Object {
                    "WebkitFontSmoothing": "antialiased",
                    "color": "#444",
                    "fontFamily": "
                      -apple-system, ".SFNSText-Regular", "San Francisco", "Roboto",
                      "Segoe UI", "Helvetica Neue", "Lucida Grande", sans-serif
                    ",
  -                 "fontSize": 15,
  +                 "fontSize": "15px",
                  }
                }>
                Textarea control with disabled status
              </p>
            </div>
            <div>
              <h1
                style={
                  Object {
                    "borderBottom": "1px solid #EEE",
  -                 "fontSize": 25,
  +                 "fontSize": "25px",
                    "margin": "20px 0 0 0",
                    "padding": "0 0 5px 0",
                  }
                }>
                Story Source
              </h1>
              <pre
                style={
                  Object {
                    "backgroundColor": "#fafafa",
                    "fontFamily": "Menlo, Monaco, "Courier New", monospace",
                    "fontSize": ".88em",
                    "lineHeight": 1.5,
                    "overflowX": "scroll",
                    "padding": ".5rem",
                  }
                }>
                <div
                  style={
                    Object {
                      "paddingLeft": 18,
                      "paddingRight": 3,
                    }
                  }>
                  <span
                    style={
                      Object {
                        "color": "#777",
                      }
                    }>
                    <
                    Textarea
                  </span>
                  <span>
                    <span>
                       
                      <span
                        style={Object {}}>
                        label
                      </span>
                      <span>
                        =
                        <span
                          style={Object {}}>
                          <span
                            style={
                              Object {
                                "color": "#22a",
                                "wordBreak": "break-word",
                              }
                            }>
                            "
                            Textarea Label
                            "
                          </span>
                        </span>
                      </span>
                    </span>
                    <span>
                       
                      <span
                        style={Object {}}>
                        placeholder
                      </span>
                      <span>
                        =
                        <span
                          style={Object {}}>
                          <span
                            style={
                              Object {
                                "color": "#22a",
                                "wordBreak": "break-word",
                              }
                            }>
                            "
                            Placeholder Text
                            "
                          </span>
                        </span>
                      </span>
                    </span>
                    <span>
                       
                      <span
                        style={Object {}}>
                        disabled
                      </span>
                       
                    </span>
                  </span>
                  <span
                    style={
                      Object {
                        "color": "#777",
                      }
                    }>
                    />
                  </span>
                </div>
              </pre>
            </div>
            <div>
              <h1
                style={
                  Object {
                    "borderBottom": "1px solid #EEE",
  -                 "fontSize": 25,
  +                 "fontSize": "25px",
                    "margin": "20px 0 0 0",
                    "padding": "0 0 5px 0",
                  }
                }>
                Prop Types
              </h1>
              <div>
                <h2
                  style={
                    Object {
                      "margin": "20px 0 0 0",
                    }
                  }>
                  "
                  Textarea
                  " Component
                </h2>
                <table
                  style={
                    Object {
                      "borderCollapse": "separate",
                      "borderSpacing": "10px 5px",
                      "marginLeft": -10,
                    }
                  }>
                  <thead>
                    <tr>
                      <th>
                        property
                      </th>
                      <th>
                        propType
                      </th>
                      <th>
                        required
                      </th>
                      <th>
                        default
                      </th>
                    </tr>
                  </thead>
                  <tbody>
                    <tr>
                      <td>
                        className
                      </td>
                      <td>
                        string
                      </td>
                      <td>
                        no
                      </td>
                      <td>
                        -
                      </td>
                    </tr>
                    <tr>
                      <td>
                        cols
                      </td>
                      <td>
                        number
                      </td>
                      <td>
                        no
                      </td>
                      <td>
                        -
                      </td>
                    </tr>
                    <tr>
                      <td>
                        error
                      </td>
                      <td>
                        other
                      </td>
                      <td>
                        no
                      </td>
                      <td>
                        -
                      </td>
                    </tr>
                    <tr>
                      <td>
                        id
                      </td>
                      <td>
                        string
                      </td>
                      <td>
                        no
                      </td>
                      <td>
                        -
                      </td>
                    </tr>
                    <tr>
                      <td>
                        label
                      </td>
                      <td>
                        string
                      </td>
                      <td>
                        no
                      </td>
                      <td>
                        -
                      </td>
                    </tr>
                    <tr>
                      <td>
                        onChange
                      </td>
                      <td>
                        func
                      </td>
                      <td>
                        no
                      </td>
                      <td>
                        -
                      </td>
                    </tr>
                    <tr>
                      <td>
                        required
                      </td>
                      <td>
                        bool
                      </td>
                      <td>
                        no
                      </td>
                      <td>
                        -
                      </td>
                    </tr>
                    <tr>
                      <td>
                        textareaRef
                      </td>
                      <td>
                        func
                      </td>
                      <td>
                        no
                      </td>
                      <td>
                        -
                      </td>
                    </tr>
                    <tr>
                      <td>
                        totalCols
                      </td>
                      <td>
                        number
                      </td>
                      <td>
                        no
                      </td>
                      <td>
                        -
                      </td>
                    </tr>
                  </tbody>
                </table>
              </div>
            </div>
          </div>
        </div>
      </div>
    </div>


✗ Read only
  - Snapshot
  + Current story
  
  <div>
      <div
        style={
          Object {
            "position": "relative",
            "zIndex": 0,
          }
        }>
        <div
          className="slds-form-element">
          <label
            className="slds-form-element__label"
            htmlFor="form-element-$uuid$">
            Textarea Label
          </label>
          <div
            className="slds-form-element__control">
            <textarea
              className="slds-input"
              id="form-element-$uuid$"
              onChange={[Function]}
              readOnly={true}
              value="Read Only" />
          </div>
        </div>
      </div>
      <a
        onClick={[Function]}
        style={
          Object {
            "background": "#28c",
            "borderRadius": "0 0 0 5px",
            "color": "#fff",
            "cursor": "pointer",
            "display": "block",
            "fontFamily": "sans-serif",
  -         "fontSize": 12,
  +         "fontSize": "12px",
            "padding": "5px 15px",
            "position": "fixed",
            "right": 0,
            "textDecoration": "none",
            "top": 0,
          }
        }>
        ?
      </a>
      <div
        style={
          Object {
            "background": "white",
            "bottom": 0,
            "display": "none",
            "left": 0,
            "overflow": "auto",
            "padding": "0 40px",
            "position": "absolute",
            "right": 0,
            "top": 0,
          }
        }>
        <a
          onClick={[Function]}
          style={
            Object {
              "background": "#28c",
              "borderRadius": "0 0 0 5px",
              "color": "#fff",
              "cursor": "pointer",
              "display": "block",
              "fontFamily": "sans-serif",
  -           "fontSize": 12,
  +           "fontSize": "12px",
              "padding": "5px 15px",
              "position": "fixed",
              "right": 0,
              "textDecoration": "none",
              "top": 0,
            }
          }>
          ×
        </a>
        <div
          style={undefined}>
          <div
            style={
              Object {
                "WebkitFontSmoothing": "antialiased",
                "color": "#444",
                "fontFamily": "
                  -apple-system, ".SFNSText-Regular", "San Francisco", "Roboto",
                  "Segoe UI", "Helvetica Neue", "Lucida Grande", sans-serif
                ",
  -             "fontSize": 15,
  +             "fontSize": "15px",
                "fontWeight": 300,
                "lineHeight": 1.45,
              }
            }>
            <div
              style={
                Object {
                  "borderBottom": "1px solid #eee",
                  "marginBottom": 10,
  +               "paddingTop": 10,
                }
              }>
              <h1
                style={
                  Object {
  -                 "fontSize": 35,
  -                 "margin": "20px 0 0 0",
  +                 "fontSize": "35px",
  +                 "margin": 0,
                    "padding": 0,
                  }
                }>
                Textarea
              </h1>
              <h2
                style={
                  Object {
  -                 "fontSize": 22,
  +                 "fontSize": "22px",
                    "fontWeight": 400,
                    "margin": "0 0 10px 0",
                    "padding": 0,
                  }
                }>
                Read only
              </h2>
            </div>
            <div
              style={
                Object {
                  "marginBottom": 0,
                }
              }>
              <p
                style={
                  Object {
                    "WebkitFontSmoothing": "antialiased",
                    "color": "#444",
                    "fontFamily": "
                      -apple-system, ".SFNSText-Regular", "San Francisco", "Roboto",
                      "Segoe UI", "Helvetica Neue", "Lucida Grande", sans-serif
                    ",
  -                 "fontSize": 15,
  +                 "fontSize": "15px",
                  }
                }>
                Textarea control with readOnly status
              </p>
            </div>
            <div>
              <h1
                style={
                  Object {
                    "borderBottom": "1px solid #EEE",
  -                 "fontSize": 25,
  +                 "fontSize": "25px",
                    "margin": "20px 0 0 0",
                    "padding": "0 0 5px 0",
                  }
                }>
                Story Source
              </h1>
              <pre
                style={
                  Object {
                    "backgroundColor": "#fafafa",
                    "fontFamily": "Menlo, Monaco, "Courier New", monospace",
                    "fontSize": ".88em",
                    "lineHeight": 1.5,
                    "overflowX": "scroll",
                    "padding": ".5rem",
                  }
                }>
                <div
                  style={
                    Object {
                      "paddingLeft": 18,
                      "paddingRight": 3,
                    }
                  }>
                  <span
                    style={
                      Object {
                        "color": "#777",
                      }
                    }>
                    <
                    Textarea
                  </span>
                  <span>
                    <span>
                       
                      <span
                        style={Object {}}>
                        label
                      </span>
                      <span>
                        =
                        <span
                          style={Object {}}>
                          <span
                            style={
                              Object {
                                "color": "#22a",
                                "wordBreak": "break-word",
                              }
                            }>
                            "
                            Textarea Label
                            "
                          </span>
                        </span>
                      </span>
                    </span>
                    <span>
                       
                      <span
                        style={Object {}}>
                        value
                      </span>
                      <span>
                        =
                        <span
                          style={Object {}}>
                          <span
                            style={
                              Object {
                                "color": "#22a",
                                "wordBreak": "break-word",
                              }
                            }>
                            "
                            Read Only
                            "
                          </span>
                        </span>
                      </span>
                    </span>
                    <span>
                       
                      <span
                        style={Object {}}>
                        readOnly
                      </span>
                       
                    </span>
                  </span>
                  <span
                    style={
                      Object {
                        "color": "#777",
                      }
                    }>
                    />
                  </span>
                </div>
              </pre>
            </div>
            <div>
              <h1
                style={
                  Object {
                    "borderBottom": "1px solid #EEE",
  -                 "fontSize": 25,
  +                 "fontSize": "25px",
                    "margin": "20px 0 0 0",
                    "padding": "0 0 5px 0",
                  }
                }>
                Prop Types
              </h1>
              <div>
                <h2
                  style={
                    Object {
                      "margin": "20px 0 0 0",
                    }
                  }>
                  "
                  Textarea
                  " Component
                </h2>
                <table
                  style={
                    Object {
                      "borderCollapse": "separate",
                      "borderSpacing": "10px 5px",
                      "marginLeft": -10,
                    }
                  }>
                  <thead>
                    <tr>
                      <th>
                        property
                      </th>
                      <th>
                        propType
                      </th>
                      <th>
                        required
                      </th>
                      <th>
                        default
                      </th>
                    </tr>
                  </thead>
                  <tbody>
                    <tr>
                      <td>
                        className
                      </td>
                      <td>
                        string
                      </td>
                      <td>
                        no
                      </td>
                      <td>
                        -
                      </td>
                    </tr>
                    <tr>
                      <td>
                        cols
                      </td>
                      <td>
                        number
                      </td>
                      <td>
                        no
                      </td>
                      <td>
                        -
                      </td>
                    </tr>
                    <tr>
                      <td>
                        error
                      </td>
                      <td>
                        other
                      </td>
                      <td>
                        no
                      </td>
                      <td>
                        -
                      </td>
                    </tr>
                    <tr>
                      <td>
                        id
                      </td>
                      <td>
                        string
                      </td>
                      <td>
                        no
                      </td>
                      <td>
                        -
                      </td>
                    </tr>
                    <tr>
                      <td>
                        label
                      </td>
                      <td>
                        string
                      </td>
                      <td>
                        no
                      </td>
                      <td>
                        -
                      </td>
                    </tr>
                    <tr>
                      <td>
                        onChange
                      </td>
                      <td>
                        func
                      </td>
                      <td>
                        no
                      </td>
                      <td>
                        -
                      </td>
                    </tr>
                    <tr>
                      <td>
                        required
                      </td>
                      <td>
                        bool
                      </td>
                      <td>
                        no
                      </td>
                      <td>
                        -
                      </td>
                    </tr>
                    <tr>
                      <td>
                        textareaRef
                      </td>
                      <td>
                        func
                      </td>
                      <td>
                        no
                      </td>
                      <td>
                        -
                      </td>
                    </tr>
                    <tr>
                      <td>
                        totalCols
                      </td>
                      <td>
                        number
                      </td>
                      <td>
                        no
                      </td>
                      <td>
                        -
                      </td>
                    </tr>
                  </tbody>
                </table>
              </div>
            </div>
          </div>
        </div>
      </div>
    </div>


✗ Read only (HTML)
  - Snapshot
  + Current story
  
  <div>
      <div
        style={
          Object {
            "position": "relative",
            "zIndex": 0,
          }
        }>
        <div
          className="slds-form-element">
          <label
            className="slds-form-element__label"
            htmlFor="form-element-$uuid$">
            Textarea Label
          </label>
          <div
            className="slds-form-element__control">
            <textarea
              className="slds-input"
              htmlReadOnly={true}
              id="form-element-$uuid$"
              onChange={[Function]}
              value="Read Only" />
          </div>
        </div>
      </div>
      <a
        onClick={[Function]}
        style={
          Object {
            "background": "#28c",
            "borderRadius": "0 0 0 5px",
            "color": "#fff",
            "cursor": "pointer",
            "display": "block",
            "fontFamily": "sans-serif",
  -         "fontSize": 12,
  +         "fontSize": "12px",
            "padding": "5px 15px",
            "position": "fixed",
            "right": 0,
            "textDecoration": "none",
            "top": 0,
          }
        }>
        ?
      </a>
      <div
        style={
          Object {
            "background": "white",
            "bottom": 0,
            "display": "none",
            "left": 0,
            "overflow": "auto",
            "padding": "0 40px",
            "position": "absolute",
            "right": 0,
            "top": 0,
          }
        }>
        <a
          onClick={[Function]}
          style={
            Object {
              "background": "#28c",
              "borderRadius": "0 0 0 5px",
              "color": "#fff",
              "cursor": "pointer",
              "display": "block",
              "fontFamily": "sans-serif",
  -           "fontSize": 12,
  +           "fontSize": "12px",
              "padding": "5px 15px",
              "position": "fixed",
              "right": 0,
              "textDecoration": "none",
              "top": 0,
            }
          }>
          ×
        </a>
        <div
          style={undefined}>
          <div
            style={
              Object {
                "WebkitFontSmoothing": "antialiased",
                "color": "#444",
                "fontFamily": "
                  -apple-system, ".SFNSText-Regular", "San Francisco", "Roboto",
                  "Segoe UI", "Helvetica Neue", "Lucida Grande", sans-serif
                ",
  -             "fontSize": 15,
  +             "fontSize": "15px",
                "fontWeight": 300,
                "lineHeight": 1.45,
              }
            }>
            <div
              style={
                Object {
                  "borderBottom": "1px solid #eee",
                  "marginBottom": 10,
  +               "paddingTop": 10,
                }
              }>
              <h1
                style={
                  Object {
  -                 "fontSize": 35,
  -                 "margin": "20px 0 0 0",
  +                 "fontSize": "35px",
  +                 "margin": 0,
                    "padding": 0,
                  }
                }>
                Textarea
              </h1>
              <h2
                style={
                  Object {
  -                 "fontSize": 22,
  +                 "fontSize": "22px",
                    "fontWeight": 400,
                    "margin": "0 0 10px 0",
                    "padding": 0,
                  }
                }>
                Read only (HTML)
              </h2>
            </div>
            <div
              style={
                Object {
                  "marginBottom": 0,
                }
              }>
              <p
                style={
                  Object {
                    "WebkitFontSmoothing": "antialiased",
                    "color": "#444",
                    "fontFamily": "
                      -apple-system, ".SFNSText-Regular", "San Francisco", "Roboto",
                      "Segoe UI", "Helvetica Neue", "Lucida Grande", sans-serif
                    ",
  -                 "fontSize": 15,
  +                 "fontSize": "15px",
                  }
                }>
                Textarea control with readOnly status (passsed to HTML <textarea> element)
              </p>
            </div>
            <div>
              <h1
                style={
                  Object {
                    "borderBottom": "1px solid #EEE",
  -                 "fontSize": 25,
  +                 "fontSize": "25px",
                    "margin": "20px 0 0 0",
                    "padding": "0 0 5px 0",
                  }
                }>
                Story Source
              </h1>
              <pre
                style={
                  Object {
                    "backgroundColor": "#fafafa",
                    "fontFamily": "Menlo, Monaco, "Courier New", monospace",
                    "fontSize": ".88em",
                    "lineHeight": 1.5,
                    "overflowX": "scroll",
                    "padding": ".5rem",
                  }
                }>
                <div
                  style={
                    Object {
                      "paddingLeft": 18,
                      "paddingRight": 3,
                    }
                  }>
                  <span
                    style={
                      Object {
                        "color": "#777",
                      }
                    }>
                    <
                    Textarea
                  </span>
                  <span>
                    <span>
                       
                      <span
                        style={Object {}}>
                        label
                      </span>
                      <span>
                        =
                        <span
                          style={Object {}}>
                          <span
                            style={
                              Object {
                                "color": "#22a",
                                "wordBreak": "break-word",
                              }
                            }>
                            "
                            Textarea Label
                            "
                          </span>
                        </span>
                      </span>
                    </span>
                    <span>
                       
                      <span
                        style={Object {}}>
                        value
                      </span>
                      <span>
                        =
                        <span
                          style={Object {}}>
                          <span
                            style={
                              Object {
                                "color": "#22a",
                                "wordBreak": "break-word",
                              }
                            }>
                            "
                            Read Only
                            "
                          </span>
                        </span>
                      </span>
                    </span>
                    <span>
                       
                      <span
                        style={Object {}}>
                        htmlReadOnly
                      </span>
                       
                    </span>
                  </span>
                  <span
                    style={
                      Object {
                        "color": "#777",
                      }
                    }>
                    />
                  </span>
                </div>
              </pre>
            </div>
            <div>
              <h1
                style={
                  Object {
                    "borderBottom": "1px solid #EEE",
  -                 "fontSize": 25,
  +                 "fontSize": "25px",
                    "margin": "20px 0 0 0",
                    "padding": "0 0 5px 0",
                  }
                }>
                Prop Types
              </h1>
              <div>
                <h2
                  style={
                    Object {
                      "margin": "20px 0 0 0",
                    }
                  }>
                  "
                  Textarea
                  " Component
                </h2>
                <table
                  style={
                    Object {
                      "borderCollapse": "separate",
                      "borderSpacing": "10px 5px",
                      "marginLeft": -10,
                    }
                  }>
                  <thead>
                    <tr>
                      <th>
                        property
                      </th>
                      <th>
                        propType
                      </th>
                      <th>
                        required
                      </th>
                      <th>
                        default
                      </th>
                    </tr>
                  </thead>
                  <tbody>
                    <tr>
                      <td>
                        className
                      </td>
                      <td>
                        string
                      </td>
                      <td>
                        no
                      </td>
                      <td>
                        -
                      </td>
                    </tr>
                    <tr>
                      <td>
                        cols
                      </td>
                      <td>
                        number
                      </td>
                      <td>
                        no
                      </td>
                      <td>
                        -
                      </td>
                    </tr>
                    <tr>
                      <td>
                        error
                      </td>
                      <td>
                        other
                      </td>
                      <td>
                        no
                      </td>
                      <td>
                        -
                      </td>
                    </tr>
                    <tr>
                      <td>
                        id
                      </td>
                      <td>
                        string
                      </td>
                      <td>
                        no
                      </td>
                      <td>
                        -
                      </td>
                    </tr>
                    <tr>
                      <td>
                        label
                      </td>
                      <td>
                        string
                      </td>
                      <td>
                        no
                      </td>
                      <td>
                        -
                      </td>
                    </tr>
                    <tr>
                      <td>
                        onChange
                      </td>
                      <td>
                        func
                      </td>
                      <td>
                        no
                      </td>
                      <td>
                        -
                      </td>
                    </tr>
                    <tr>
                      <td>
                        required
                      </td>
                      <td>
                        bool
                      </td>
                      <td>
                        no
                      </td>
                      <td>
                        -
                      </td>
                    </tr>
                    <tr>
                      <td>
                        textareaRef
                      </td>
                      <td>
                        func
                      </td>
                      <td>
                        no
                      </td>
                      <td>
                        -
                      </td>
                    </tr>
                    <tr>
                      <td>
                        totalCols
                      </td>
                      <td>
                        number
                      </td>
                      <td>
                        no
                      </td>
                      <td>
                        -
                      </td>
                    </tr>
                  </tbody>
                </table>
              </div>
            </div>
          </div>
        </div>
      </div>
    </div>


Radio

✗ Controlled with knobs
  - Snapshot
  + Current story
  
  <div>
      <div
        style={
          Object {
            "position": "relative",
            "zIndex": 0,
          }
        }>
        <fieldset
          className="slds-form-element"
          style={undefined}>
          <legend
            className="slds-form-element__label slds-form-element__label--top">
            Radio Group Label
          </legend>
          <div
            className="slds-form-element__control">
            <label
              className="slds-radio">
              <input
                checked={false}
                defaultChecked={undefined}
                disabled={undefined}
                name={undefined}
                type="radio"
                value="1" />
              <span
                className="slds-radio--faux" />
              <span
                className="slds-form-element__label">
                Radio Label One
              </span>
            </label>
            <label
              className="slds-radio">
              <input
                checked={false}
                defaultChecked={undefined}
                disabled={undefined}
                name={undefined}
                type="radio"
                value="2" />
              <span
                className="slds-radio--faux" />
              <span
                className="slds-form-element__label">
                Radio Label Two
              </span>
            </label>
          </div>
        </fieldset>
      </div>
      <a
        onClick={[Function]}
        style={
          Object {
            "background": "#28c",
            "borderRadius": "0 0 0 5px",
            "color": "#fff",
            "cursor": "pointer",
            "display": "block",
            "fontFamily": "sans-serif",
  -         "fontSize": 12,
  +         "fontSize": "12px",
            "padding": "5px 15px",
            "position": "fixed",
            "right": 0,
            "textDecoration": "none",
            "top": 0,
          }
        }>
        ?
      </a>
      <div
        style={
          Object {
            "background": "white",
            "bottom": 0,
            "display": "none",
            "left": 0,
            "overflow": "auto",
            "padding": "0 40px",
            "position": "absolute",
            "right": 0,
            "top": 0,
          }
        }>
        <a
          onClick={[Function]}
          style={
            Object {
              "background": "#28c",
              "borderRadius": "0 0 0 5px",
              "color": "#fff",
              "cursor": "pointer",
              "display": "block",
              "fontFamily": "sans-serif",
  -           "fontSize": 12,
  +           "fontSize": "12px",
              "padding": "5px 15px",
              "position": "fixed",
              "right": 0,
              "textDecoration": "none",
              "top": 0,
            }
          }>
          ×
        </a>
        <div
          style={undefined}>
          <div
            style={
              Object {
                "WebkitFontSmoothing": "antialiased",
                "color": "#444",
                "fontFamily": "
                  -apple-system, ".SFNSText-Regular", "San Francisco", "Roboto",
                  "Segoe UI", "Helvetica Neue", "Lucida Grande", sans-serif
                ",
  -             "fontSize": 15,
  +             "fontSize": "15px",
                "fontWeight": 300,
                "lineHeight": 1.45,
              }
            }>
            <div
              style={
                Object {
                  "borderBottom": "1px solid #eee",
                  "marginBottom": 10,
  +               "paddingTop": 10,
                }
              }>
              <h1
                style={
                  Object {
  -                 "fontSize": 35,
  -                 "margin": "20px 0 0 0",
  +                 "fontSize": "35px",
  +                 "margin": 0,
                    "padding": 0,
                  }
                }>
                Radio
              </h1>
              <h2
                style={
                  Object {
  -                 "fontSize": 22,
  +                 "fontSize": "22px",
                    "fontWeight": 400,
                    "margin": "0 0 10px 0",
                    "padding": 0,
                  }
                }>
                Controlled with knobs
              </h2>
            </div>
            <div
              style={
                Object {
                  "marginBottom": 0,
                }
              }>
              <p
                style={
                  Object {
                    "WebkitFontSmoothing": "antialiased",
                    "color": "#444",
                    "fontFamily": "
                      -apple-system, ".SFNSText-Regular", "San Francisco", "Roboto",
                      "Segoe UI", "Helvetica Neue", "Lucida Grande", sans-serif
                    ",
  -                 "fontSize": 15,
  +                 "fontSize": "15px",
                  }
                }>
                Radio Group controlled with knobs
              </p>
            </div>
            <div>
              <h1
                style={
                  Object {
                    "borderBottom": "1px solid #EEE",
  -                 "fontSize": 25,
  +                 "fontSize": "25px",
                    "margin": "20px 0 0 0",
                    "padding": "0 0 5px 0",
                  }
                }>
                Story Source
              </h1>
              <pre
                style={
                  Object {
                    "backgroundColor": "#fafafa",
                    "fontFamily": "Menlo, Monaco, "Courier New", monospace",
                    "fontSize": ".88em",
                    "lineHeight": 1.5,
                    "overflowX": "scroll",
                    "padding": ".5rem",
                  }
                }>
                <div>
                  <div
                    style={
                      Object {
                        "paddingLeft": 18,
                        "paddingRight": 3,
                      }
                    }>
                    <span
                      style={
                        Object {
                          "color": "#777",
                        }
                      }>
                      <
                      RadioGroup
                    </span>
                    <span>
                      <span>
                        <span>
                          <br />
                            
                        </span>
                        <span
                          style={Object {}}>
                          label
                        </span>
                        <span>
                          =
                          <span
                            style={Object {}}>
                            <span
                              style={
                                Object {
                                  "color": "#22a",
                                  "wordBreak": "break-word",
                                }
                              }>
                              "
                              Radio Group Label
                              "
                            </span>
                          </span>
                        </span>
                      </span>
                      <span>
                        <span>
                          <br />
                            
                        </span>
                        <span
                          style={Object {}}>
                          error
                        </span>
                        <span>
                          =
                          <span
                            style={Object {}}>
                            <span>
                              {
                              <span
                                style={
                                  Object {
                                    "color": "#777",
                                  }
                                }>
                                undefined
                              </span>
                              }
                            </span>
                          </span>
                        </span>
                      </span>
                      <span>
                        <span>
                          <br />
                            
                        </span>
                        <span
                          style={Object {}}>
                          required
                        </span>
                        <span>
                          =
                          <span
                            style={Object {}}>
                            <span>
                              {
                              <span
                                style={
                                  Object {
                                    "color": "#777",
                                  }
                                }>
                                undefined
                              </span>
                              }
                            </span>
                          </span>
                        </span>
                      </span>
                      <span>
                        <span>
                          <br />
                            
                        </span>
                        <span
                          style={Object {}}>
                          onChange
                        </span>
                        <span>
                          =
                          <span
                            style={Object {}}>
                            <span>
                              {
                              <span
                                style={
                                  Object {
                                    "color": "#170",
                                  }
                                }>
  -                             anonymous()
  +                             change()
                              </span>
                              }
                            </span>
                          </span>
                        </span>
                        <br />
                      </span>
                    </span>
                    <span
                      style={
                        Object {
                          "color": "#777",
                        }
                      }>
                      >
                    </span>
                  </div>
                  <div
                    style={
                      Object {
                        "paddingLeft": 33,
                        "paddingRight": 3,
                      }
                    }>
                    <span
                      style={
                        Object {
                          "color": "#777",
                        }
                      }>
                      <
                      Radio
                    </span>
                    <span>
                      <span>
                        <span>
                          <br />
                            
                        </span>
                        <span
                          style={Object {}}>
                          label
                        </span>
                        <span>
                          =
                          <span
                            style={Object {}}>
                            <span
                              style={
                                Object {
                                  "color": "#22a",
                                  "wordBreak": "break-word",
                                }
                              }>
                              "
                              Radio Label One
                              "
                            </span>
                          </span>
                        </span>
                      </span>
                      <span>
                        <span>
                          <br />
                            
                        </span>
                        <span
                          style={Object {}}>
                          value
                        </span>
                        <span>
                          =
                          <span
                            style={Object {}}>
                            <span
                              style={
                                Object {
                                  "color": "#22a",
                                  "wordBreak": "break-word",
                                }
                              }>
                              "
                              1
                              "
                            </span>
                          </span>
                        </span>
                      </span>
                      <span>
                        <span>
                          <br />
                            
                        </span>
                        <span
                          style={Object {}}>
                          disabled
                        </span>
                        <span>
                          =
                          <span
                            style={Object {}}>
                            <span>
                              {
                              <span
                                style={
                                  Object {
                                    "color": "#777",
                                  }
                                }>
                                undefined
                              </span>
                              }
                            </span>
                          </span>
                        </span>
                      </span>
                      <span>
                        <span>
                          <br />
                            
                        </span>
                        <span
                          style={Object {}}>
                          checked
                        </span>
                        <span>
                          =
                          <span
                            style={Object {}}>
                            <span>
                              {
                              <span
                                style={
                                  Object {
                                    "color": "#a11",
                                  }
                                }>
                                false
                              </span>
                              }
                            </span>
                          </span>
                        </span>
                        <br />
                      </span>
                    </span>
                    <span
                      style={
                        Object {
                          "color": "#777",
                        }
                      }>
                      />
                    </span>
                  </div>
                  <div
                    style={
                      Object {
                        "paddingLeft": 33,
                        "paddingRight": 3,
                      }
                    }>
                    <span
                      style={
                        Object {
                          "color": "#777",
                        }
                      }>
                      <
                      Radio
                    </span>
                    <span>
                      <span>
                        <span>
                          <br />
                            
                        </span>
                        <span
                          style={Object {}}>
                          label
                        </span>
                        <span>
                          =
                          <span
                            style={Object {}}>
                            <span
                              style={
                                Object {
                                  "color": "#22a",
                                  "wordBreak": "break-word",
                                }
                              }>
                              "
                              Radio Label Two
                              "
                            </span>
                          </span>
                        </span>
                      </span>
                      <span>
                        <span>
                          <br />
                            
                        </span>
                        <span
                          style={Object {}}>
                          value
                        </span>
                        <span>
                          =
                          <span
                            style={Object {}}>
                            <span
                              style={
                                Object {
                                  "color": "#22a",
                                  "wordBreak": "break-word",
                                }
                              }>
                              "
                              2
                              "
                            </span>
                          </span>
                        </span>
                      </span>
                      <span>
                        <span>
                          <br />
                            
                        </span>
                        <span
                          style={Object {}}>
                          disabled
                        </span>
                        <span>
                          =
                          <span
                            style={Object {}}>
                            <span>
                              {
                              <span
                                style={
                                  Object {
                                    "color": "#777",
                                  }
                                }>
                                undefined
                              </span>
                              }
                            </span>
                          </span>
                        </span>
                      </span>
                      <span>
                        <span>
                          <br />
                            
                        </span>
                        <span
                          style={Object {}}>
                          checked
                        </span>
                        <span>
                          =
                          <span
                            style={Object {}}>
                            <span>
                              {
                              <span
                                style={
                                  Object {
                                    "color": "#a11",
                                  }
                                }>
                                false
                              </span>
                              }
                            </span>
                          </span>
                        </span>
                        <br />
                      </span>
                    </span>
                    <span
                      style={
                        Object {
                          "color": "#777",
                        }
                      }>
                      />
                    </span>
                  </div>
                  <div
                    style={
                      Object {
                        "paddingLeft": 18,
                        "paddingRight": 3,
                      }
                    }>
                    <span
                      style={
                        Object {
                          "color": "#777",
                        }
                      }>
                      </
                      RadioGroup
                      >
                    </span>
                  </div>
                </div>
              </pre>
            </div>
            <div>
              <h1
                style={
                  Object {
                    "borderBottom": "1px solid #EEE",
  -                 "fontSize": 25,
  +                 "fontSize": "25px",
                    "margin": "20px 0 0 0",
                    "padding": "0 0 5px 0",
                  }
                }>
                Prop Types
              </h1>
              <div>
                <h2
                  style={
                    Object {
                      "margin": "20px 0 0 0",
                    }
                  }>
                  "
                  Radio
                  " Component
                </h2>
                <table
                  style={
                    Object {
                      "borderCollapse": "separate",
                      "borderSpacing": "10px 5px",
                      "marginLeft": -10,
                    }
                  }>
                  <thead>
                    <tr>
                      <th>
                        property
                      </th>
                      <th>
                        propType
                      </th>
                      <th>
                        required
                      </th>
                      <th>
                        default
                      </th>
                    </tr>
                  </thead>
                  <tbody>
                    <tr>
                      <td>
                        checked
                      </td>
                      <td>
                        bool
                      </td>
                      <td>
                        no
                      </td>
                      <td>
                        -
                      </td>
                    </tr>
                    <tr>
                      <td>
                        className
                      </td>
                      <td>
                        string
                      </td>
                      <td>
                        no
                      </td>
                      <td>
                        -
                      </td>
                    </tr>
                    <tr>
                      <td>
                        defaultChecked
                      </td>
                      <td>
                        bool
                      </td>
                      <td>
                        no
                      </td>
                      <td>
                        -
                      </td>
                    </tr>
                    <tr>
                      <td>
                        label
                      </td>
                      <td>
                        string
                      </td>
                      <td>
                        no
                      </td>
                      <td>
                        -
                      </td>
                    </tr>
                    <tr>
                      <td>
                        name
                      </td>
                      <td>
                        string
                      </td>
                      <td>
                        no
                      </td>
                      <td>
                        -
                      </td>
                    </tr>
                    <tr>
                      <td>
                        value
                      </td>
                      <td>
                        other
                      </td>
                      <td>
                        no
                      </td>
                      <td>
                        -
                      </td>
                    </tr>
                  </tbody>
                </table>
              </div>
              <div>
                <h2
                  style={
                    Object {
                      "margin": "20px 0 0 0",
                    }
                  }>
                  "
                  RadioGroup
                  " Component
                </h2>
                <table
                  style={
                    Object {
                      "borderCollapse": "separate",
                      "borderSpacing": "10px 5px",
                      "marginLeft": -10,
                    }
                  }>
                  <thead>
                    <tr>
                      <th>
                        property
                      </th>
                      <th>
                        propType
                      </th>
                      <th>
                        required
                      </th>
                      <th>
                        default
                      </th>
                    </tr>
                  </thead>
                  <tbody>
                    <tr>
                      <td>
                        children
                      </td>
                      <td>
                        node
                      </td>
                      <td>
                        no
                      </td>
                      <td>
                        -
                      </td>
                    </tr>
                    <tr>
                      <td>
                        className
                      </td>
                      <td>
                        string
                      </td>
                      <td>
                        no
                      </td>
                      <td>
                        -
                      </td>
                    </tr>
                    <tr>
                      <td>
                        cols
                      </td>
                      <td>
                        number
                      </td>
                      <td>
                        no
                      </td>
                      <td>
                        -
                      </td>
                    </tr>
                    <tr>
                      <td>
                        error
                      </td>
                      <td>
                        other
                      </td>
                      <td>
                        no
                      </td>
                      <td>
                        -
                      </td>
                    </tr>
                    <tr>
                      <td>
                        label
                      </td>
                      <td>
                        string
                      </td>
                      <td>
                        no
                      </td>
                      <td>
                        -
                      </td>
                    </tr>
                    <tr>
                      <td>
                        name
                      </td>
                      <td>
                        string
                      </td>
                      <td>
                        no
                      </td>
                      <td>
                        -
                      </td>
                    </tr>
                    <tr>
                      <td>
                        onChange
                      </td>
                      <td>
                        func
                      </td>
                      <td>
                        no
                      </td>
                      <td>
                        -
                      </td>
                    </tr>
                    <tr>
                      <td>
                        required
                      </td>
                      <td>
                        bool
                      </td>
                      <td>
                        no
                      </td>
                      <td>
                        -
                      </td>
                    </tr>
                    <tr>
                      <td>
                        style
                      </td>
                      <td>
                        object
                      </td>
                      <td>
                        no
                      </td>
                      <td>
                        -
                      </td>
                    </tr>
                    <tr>
                      <td>
                        totalCols
                      </td>
                      <td>
                        number
                      </td>
                      <td>
                        no
                      </td>
                      <td>
                        -
                      </td>
                    </tr>
                  </tbody>
                </table>
              </div>
            </div>
          </div>
        </div>
      </div>
    </div>


✗ Default
  - Snapshot
  + Current story
  
  <div>
      <div
        style={
          Object {
            "position": "relative",
            "zIndex": 0,
          }
        }>
        <fieldset
          className="slds-form-element"
          style={undefined}>
          <legend
            className="slds-form-element__label slds-form-element__label--top">
            Radio Group Label
          </legend>
          <div
            className="slds-form-element__control">
            <label
              className="slds-radio">
              <input
                checked={true}
                defaultChecked={undefined}
                name={undefined}
                type="radio"
                value="1" />
              <span
                className="slds-radio--faux" />
              <span
                className="slds-form-element__label">
                Radio Label One
              </span>
            </label>
            <label
              className="slds-radio">
              <input
                checked={undefined}
                defaultChecked={undefined}
                name={undefined}
                type="radio"
                value="2" />
              <span
                className="slds-radio--faux" />
              <span
                className="slds-form-element__label">
                Radio Label Two
              </span>
            </label>
          </div>
        </fieldset>
      </div>
      <a
        onClick={[Function]}
        style={
          Object {
            "background": "#28c",
            "borderRadius": "0 0 0 5px",
            "color": "#fff",
            "cursor": "pointer",
            "display": "block",
            "fontFamily": "sans-serif",
  -         "fontSize": 12,
  +         "fontSize": "12px",
            "padding": "5px 15px",
            "position": "fixed",
            "right": 0,
            "textDecoration": "none",
            "top": 0,
          }
        }>
        ?
      </a>
      <div
        style={
          Object {
            "background": "white",
            "bottom": 0,
            "display": "none",
            "left": 0,
            "overflow": "auto",
            "padding": "0 40px",
            "position": "absolute",
            "right": 0,
            "top": 0,
          }
        }>
        <a
          onClick={[Function]}
          style={
            Object {
              "background": "#28c",
              "borderRadius": "0 0 0 5px",
              "color": "#fff",
              "cursor": "pointer",
              "display": "block",
              "fontFamily": "sans-serif",
  -           "fontSize": 12,
  +           "fontSize": "12px",
              "padding": "5px 15px",
              "position": "fixed",
              "right": 0,
              "textDecoration": "none",
              "top": 0,
            }
          }>
          ×
        </a>
        <div
          style={undefined}>
          <div
            style={
              Object {
                "WebkitFontSmoothing": "antialiased",
                "color": "#444",
                "fontFamily": "
                  -apple-system, ".SFNSText-Regular", "San Francisco", "Roboto",
                  "Segoe UI", "Helvetica Neue", "Lucida Grande", sans-serif
                ",
  -             "fontSize": 15,
  +             "fontSize": "15px",
                "fontWeight": 300,
                "lineHeight": 1.45,
              }
            }>
            <div
              style={
                Object {
                  "borderBottom": "1px solid #eee",
                  "marginBottom": 10,
  +               "paddingTop": 10,
                }
              }>
              <h1
                style={
                  Object {
  -                 "fontSize": 35,
  -                 "margin": "20px 0 0 0",
  +                 "fontSize": "35px",
  +                 "margin": 0,
                    "padding": 0,
                  }
                }>
                Radio
              </h1>
              <h2
                style={
                  Object {
  -                 "fontSize": 22,
  +                 "fontSize": "22px",
                    "fontWeight": 400,
                    "margin": "0 0 10px 0",
                    "padding": 0,
                  }
                }>
                Default
              </h2>
            </div>
            <div
              style={
                Object {
                  "marginBottom": 0,
                }
              }>
              <p
                style={
                  Object {
                    "WebkitFontSmoothing": "antialiased",
                    "color": "#444",
                    "fontFamily": "
                      -apple-system, ".SFNSText-Regular", "San Francisco", "Roboto",
                      "Segoe UI", "Helvetica Neue", "Lucida Grande", sans-serif
                    ",
  -                 "fontSize": 15,
  +                 "fontSize": "15px",
                  }
                }>
                Default Radio Group control
              </p>
            </div>
            <div>
              <h1
                style={
                  Object {
                    "borderBottom": "1px solid #EEE",
  -                 "fontSize": 25,
  +                 "fontSize": "25px",
                    "margin": "20px 0 0 0",
                    "padding": "0 0 5px 0",
                  }
                }>
                Story Source
              </h1>
              <pre
                style={
                  Object {
                    "backgroundColor": "#fafafa",
                    "fontFamily": "Menlo, Monaco, "Courier New", monospace",
                    "fontSize": ".88em",
                    "lineHeight": 1.5,
                    "overflowX": "scroll",
                    "padding": ".5rem",
                  }
                }>
                <div>
                  <div
                    style={
                      Object {
                        "paddingLeft": 18,
                        "paddingRight": 3,
                      }
                    }>
                    <span
                      style={
                        Object {
                          "color": "#777",
                        }
                      }>
                      <
                      RadioGroup
                    </span>
                    <span>
                      <span>
                         
                        <span
                          style={Object {}}>
                          label
                        </span>
                        <span>
                          =
                          <span
                            style={Object {}}>
                            <span
                              style={
                                Object {
                                  "color": "#22a",
                                  "wordBreak": "break-word",
                                }
                              }>
                              "
                              Radio Group Label
                              "
                            </span>
                          </span>
                        </span>
                        
                      </span>
                    </span>
                    <span
                      style={
                        Object {
                          "color": "#777",
                        }
                      }>
                      >
                    </span>
                  </div>
                  <div
                    style={
                      Object {
                        "paddingLeft": 33,
                        "paddingRight": 3,
                      }
                    }>
                    <span
                      style={
                        Object {
                          "color": "#777",
                        }
                      }>
                      <
                      Radio
                    </span>
                    <span>
                      <span>
                         
                        <span
                          style={Object {}}>
                          label
                        </span>
                        <span>
                          =
                          <span
                            style={Object {}}>
                            <span
                              style={
                                Object {
                                  "color": "#22a",
                                  "wordBreak": "break-word",
                                }
                              }>
                              "
                              Radio Label One
                              "
                            </span>
                          </span>
                        </span>
                      </span>
                      <span>
                         
                        <span
                          style={Object {}}>
                          value
                        </span>
                        <span>
                          =
                          <span
                            style={Object {}}>
                            <span
                              style={
                                Object {
                                  "color": "#22a",
                                  "wordBreak": "break-word",
                                }
                              }>
                              "
                              1
                              "
                            </span>
                          </span>
                        </span>
                      </span>
                      <span>
                         
                        <span
                          style={Object {}}>
                          checked
                        </span>
                         
                      </span>
                    </span>
                    <span
                      style={
                        Object {
                          "color": "#777",
                        }
                      }>
                      />
                    </span>
                  </div>
                  <div
                    style={
                      Object {
                        "paddingLeft": 33,
                        "paddingRight": 3,
                      }
                    }>
                    <span
                      style={
                        Object {
                          "color": "#777",
                        }
                      }>
                      <
                      Radio
                    </span>
                    <span>
                      <span>
                         
                        <span
                          style={Object {}}>
                          label
                        </span>
                        <span>
                          =
                          <span
                            style={Object {}}>
                            <span
                              style={
                                Object {
                                  "color": "#22a",
                                  "wordBreak": "break-word",
                                }
                              }>
                              "
                              Radio Label Two
                              "
                            </span>
                          </span>
                        </span>
                      </span>
                      <span>
                         
                        <span
                          style={Object {}}>
                          value
                        </span>
                        <span>
                          =
                          <span
                            style={Object {}}>
                            <span
                              style={
                                Object {
                                  "color": "#22a",
                                  "wordBreak": "break-word",
                                }
                              }>
                              "
                              2
                              "
                            </span>
                          </span>
                        </span>
                         
                      </span>
                    </span>
                    <span
                      style={
                        Object {
                          "color": "#777",
                        }
                      }>
                      />
                    </span>
                  </div>
                  <div
                    style={
                      Object {
                        "paddingLeft": 18,
                        "paddingRight": 3,
                      }
                    }>
                    <span
                      style={
                        Object {
                          "color": "#777",
                        }
                      }>
                      </
                      RadioGroup
                      >
                    </span>
                  </div>
                </div>
              </pre>
            </div>
            <div>
              <h1
                style={
                  Object {
                    "borderBottom": "1px solid #EEE",
  -                 "fontSize": 25,
  +                 "fontSize": "25px",
                    "margin": "20px 0 0 0",
                    "padding": "0 0 5px 0",
                  }
                }>
                Prop Types
              </h1>
              <div>
                <h2
                  style={
                    Object {
                      "margin": "20px 0 0 0",
                    }
                  }>
                  "
                  Radio
                  " Component
                </h2>
                <table
                  style={
                    Object {
                      "borderCollapse": "separate",
                      "borderSpacing": "10px 5px",
                      "marginLeft": -10,
                    }
                  }>
                  <thead>
                    <tr>
                      <th>
                        property
                      </th>
                      <th>
                        propType
                      </th>
                      <th>
                        required
                      </th>
                      <th>
                        default
                      </th>
                    </tr>
                  </thead>
                  <tbody>
                    <tr>
                      <td>
                        checked
                      </td>
                      <td>
                        bool
                      </td>
                      <td>
                        no
                      </td>
                      <td>
                        -
                      </td>
                    </tr>
                    <tr>
                      <td>
                        className
                      </td>
                      <td>
                        string
                      </td>
                      <td>
                        no
                      </td>
                      <td>
                        -
                      </td>
                    </tr>
                    <tr>
                      <td>
                        defaultChecked
                      </td>
                      <td>
                        bool
                      </td>
                      <td>
                        no
                      </td>
                      <td>
                        -
                      </td>
                    </tr>
                    <tr>
                      <td>
                        label
                      </td>
                      <td>
                        string
                      </td>
                      <td>
                        no
                      </td>
                      <td>
                        -
                      </td>
                    </tr>
                    <tr>
                      <td>
                        name
                      </td>
                      <td>
                        string
                      </td>
                      <td>
                        no
                      </td>
                      <td>
                        -
                      </td>
                    </tr>
                    <tr>
                      <td>
                        value
                      </td>
                      <td>
                        other
                      </td>
                      <td>
                        no
                      </td>
                      <td>
                        -
                      </td>
                    </tr>
                  </tbody>
                </table>
              </div>
              <div>
                <h2
                  style={
                    Object {
                      "margin": "20px 0 0 0",
                    }
                  }>
                  "
                  RadioGroup
                  " Component
                </h2>
                <table
                  style={
                    Object {
                      "borderCollapse": "separate",
                      "borderSpacing": "10px 5px",
                      "marginLeft": -10,
                    }
                  }>
                  <thead>
                    <tr>
                      <th>
                        property
                      </th>
                      <th>
                        propType
                      </th>
                      <th>
                        required
                      </th>
                      <th>
                        default
                      </th>
                    </tr>
                  </thead>
                  <tbody>
                    <tr>
                      <td>
                        children
                      </td>
                      <td>
                        node
                      </td>
                      <td>
                        no
                      </td>
                      <td>
                        -
                      </td>
                    </tr>
                    <tr>
                      <td>
                        className
                      </td>
                      <td>
                        string
                      </td>
                      <td>
                        no
                      </td>
                      <td>
                        -
                      </td>
                    </tr>
                    <tr>
                      <td>
                        cols
                      </td>
                      <td>
                        number
                      </td>
                      <td>
                        no
                      </td>
                      <td>
                        -
                      </td>
                    </tr>
                    <tr>
                      <td>
                        error
                      </td>
                      <td>
                        other
                      </td>
                      <td>
                        no
                      </td>
                      <td>
                        -
                      </td>
                    </tr>
                    <tr>
                      <td>
                        label
                      </td>
                      <td>
                        string
                      </td>
                      <td>
                        no
                      </td>
                      <td>
                        -
                      </td>
                    </tr>
                    <tr>
                      <td>
                        name
                      </td>
                      <td>
                        string
                      </td>
                      <td>
                        no
                      </td>
                      <td>
                        -
                      </td>
                    </tr>
                    <tr>
                      <td>
                        onChange
                      </td>
                      <td>
                        func
                      </td>
                      <td>
                        no
                      </td>
                      <td>
                        -
                      </td>
                    </tr>
                    <tr>
                      <td>
                        required
                      </td>
                      <td>
                        bool
                      </td>
                      <td>
                        no
                      </td>
                      <td>
                        -
                      </td>
                    </tr>
                    <tr>
                      <td>
                        style
                      </td>
                      <td>
                        object
                      </td>
                      <td>
                        no
                      </td>
                      <td>
                        -
                      </td>
                    </tr>
                    <tr>
                      <td>
                        totalCols
                      </td>
                      <td>
                        number
                      </td>
                      <td>
                        no
                      </td>
                      <td>
                        -
                      </td>
                    </tr>
                  </tbody>
                </table>
              </div>
            </div>
          </div>
        </div>
      </div>
    </div>


✗ Required
  - Snapshot
  + Current story
  
  <div>
      <div
        style={
          Object {
            "position": "relative",
            "zIndex": 0,
          }
        }>
        <fieldset
          className="slds-form-element slds-is-required"
          style={undefined}>
          <legend
            className="slds-form-element__label slds-form-element__label--top">
            Radio Group Label
            <abbr
              className="slds-required">
              *
            </abbr>
          </legend>
          <div
            className="slds-form-element__control">
            <label
              className="slds-radio">
              <input
                checked={true}
                defaultChecked={undefined}
                name={undefined}
                type="radio"
                value="1" />
              <span
                className="slds-radio--faux" />
              <span
                className="slds-form-element__label">
                Radio Label One
              </span>
            </label>
            <label
              className="slds-radio">
              <input
                checked={undefined}
                defaultChecked={undefined}
                name={undefined}
                type="radio"
                value="2" />
              <span
                className="slds-radio--faux" />
              <span
                className="slds-form-element__label">
                Radio Label Two
              </span>
            </label>
          </div>
        </fieldset>
      </div>
      <a
        onClick={[Function]}
        style={
          Object {
            "background": "#28c",
            "borderRadius": "0 0 0 5px",
            "color": "#fff",
            "cursor": "pointer",
            "display": "block",
            "fontFamily": "sans-serif",
  -         "fontSize": 12,
  +         "fontSize": "12px",
            "padding": "5px 15px",
            "position": "fixed",
            "right": 0,
            "textDecoration": "none",
            "top": 0,
          }
        }>
        ?
      </a>
      <div
        style={
          Object {
            "background": "white",
            "bottom": 0,
            "display": "none",
            "left": 0,
            "overflow": "auto",
            "padding": "0 40px",
            "position": "absolute",
            "right": 0,
            "top": 0,
          }
        }>
        <a
          onClick={[Function]}
          style={
            Object {
              "background": "#28c",
              "borderRadius": "0 0 0 5px",
              "color": "#fff",
              "cursor": "pointer",
              "display": "block",
              "fontFamily": "sans-serif",
  -           "fontSize": 12,
  +           "fontSize": "12px",
              "padding": "5px 15px",
              "position": "fixed",
              "right": 0,
              "textDecoration": "none",
              "top": 0,
            }
          }>
          ×
        </a>
        <div
          style={undefined}>
          <div
            style={
              Object {
                "WebkitFontSmoothing": "antialiased",
                "color": "#444",
                "fontFamily": "
                  -apple-system, ".SFNSText-Regular", "San Francisco", "Roboto",
                  "Segoe UI", "Helvetica Neue", "Lucida Grande", sans-serif
                ",
  -             "fontSize": 15,
  +             "fontSize": "15px",
                "fontWeight": 300,
                "lineHeight": 1.45,
              }
            }>
            <div
              style={
                Object {
                  "borderBottom": "1px solid #eee",
                  "marginBottom": 10,
  +               "paddingTop": 10,
                }
              }>
              <h1
                style={
                  Object {
  -                 "fontSize": 35,
  -                 "margin": "20px 0 0 0",
  +                 "fontSize": "35px",
  +                 "margin": 0,
                    "padding": 0,
                  }
                }>
                Radio
              </h1>
              <h2
                style={
                  Object {
  -                 "fontSize": 22,
  +                 "fontSize": "22px",
                    "fontWeight": 400,
                    "margin": "0 0 10px 0",
                    "padding": 0,
                  }
                }>
                Required
              </h2>
            </div>
            <div
              style={
                Object {
                  "marginBottom": 0,
                }
              }>
              <p
                style={
                  Object {
                    "WebkitFontSmoothing": "antialiased",
                    "color": "#444",
                    "fontFamily": "
                      -apple-system, ".SFNSText-Regular", "San Francisco", "Roboto",
                      "Segoe UI", "Helvetica Neue", "Lucida Grande", sans-serif
                    ",
  -                 "fontSize": 15,
  +                 "fontSize": "15px",
                  }
                }>
                Radio Group control with required attribute
              </p>
            </div>
            <div>
              <h1
                style={
                  Object {
                    "borderBottom": "1px solid #EEE",
  -                 "fontSize": 25,
  +                 "fontSize": "25px",
                    "margin": "20px 0 0 0",
                    "padding": "0 0 5px 0",
                  }
                }>
                Story Source
              </h1>
              <pre
                style={
                  Object {
                    "backgroundColor": "#fafafa",
                    "fontFamily": "Menlo, Monaco, "Courier New", monospace",
                    "fontSize": ".88em",
                    "lineHeight": 1.5,
                    "overflowX": "scroll",
                    "padding": ".5rem",
                  }
                }>
                <div>
                  <div
                    style={
                      Object {
                        "paddingLeft": 18,
                        "paddingRight": 3,
                      }
                    }>
                    <span
                      style={
                        Object {
                          "color": "#777",
                        }
                      }>
                      <
                      RadioGroup
                    </span>
                    <span>
                      <span>
                         
                        <span
                          style={Object {}}>
                          label
                        </span>
                        <span>
                          =
                          <span
                            style={Object {}}>
                            <span
                              style={
                                Object {
                                  "color": "#22a",
                                  "wordBreak": "break-word",
                                }
                              }>
                              "
                              Radio Group Label
                              "
                            </span>
                          </span>
                        </span>
                      </span>
                      <span>
                         
                        <span
                          style={Object {}}>
                          required
                        </span>
                        
                      </span>
                    </span>
                    <span
                      style={
                        Object {
                          "color": "#777",
                        }
                      }>
                      >
                    </span>
                  </div>
                  <div
                    style={
                      Object {
                        "paddingLeft": 33,
                        "paddingRight": 3,
                      }
                    }>
                    <span
                      style={
                        Object {
                          "color": "#777",
                        }
                      }>
                      <
                      Radio
                    </span>
                    <span>
                      <span>
                         
                        <span
                          style={Object {}}>
                          label
                        </span>
                        <span>
                          =
                          <span
                            style={Object {}}>
                            <span
                              style={
                                Object {
                                  "color": "#22a",
                                  "wordBreak": "break-word",
                                }
                              }>
                              "
                              Radio Label One
                              "
                            </span>
                          </span>
                        </span>
                      </span>
                      <span>
                         
                        <span
                          style={Object {}}>
                          value
                        </span>
                        <span>
                          =
                          <span
                            style={Object {}}>
                            <span
                              style={
                                Object {
                                  "color": "#22a",
                                  "wordBreak": "break-word",
                                }
                              }>
                              "
                              1
                              "
                            </span>
                          </span>
                        </span>
                      </span>
                      <span>
                         
                        <span
                          style={Object {}}>
                          checked
                        </span>
                         
                      </span>
                    </span>
                    <span
                      style={
                        Object {
                          "color": "#777",
                        }
                      }>
                      />
                    </span>
                  </div>
                  <div
                    style={
                      Object {
                        "paddingLeft": 33,
                        "paddingRight": 3,
                      }
                    }>
                    <span
                      style={
                        Object {
                          "color": "#777",
                        }
                      }>
                      <
                      Radio
                    </span>
                    <span>
                      <span>
                         
                        <span
                          style={Object {}}>
                          label
                        </span>
                        <span>
                          =
                          <span
                            style={Object {}}>
                            <span
                              style={
                                Object {
                                  "color": "#22a",
                                  "wordBreak": "break-word",
                                }
                              }>
                              "
                              Radio Label Two
                              "
                            </span>
                          </span>
                        </span>
                      </span>
                      <span>
                         
                        <span
                          style={Object {}}>
                          value
                        </span>
                        <span>
                          =
                          <span
                            style={Object {}}>
                            <span
                              style={
                                Object {
                                  "color": "#22a",
                                  "wordBreak": "break-word",
                                }
                              }>
                              "
                              2
                              "
                            </span>
                          </span>
                        </span>
                         
                      </span>
                    </span>
                    <span
                      style={
                        Object {
                          "color": "#777",
                        }
                      }>
                      />
                    </span>
                  </div>
                  <div
                    style={
                      Object {
                        "paddingLeft": 18,
                        "paddingRight": 3,
                      }
                    }>
                    <span
                      style={
                        Object {
                          "color": "#777",
                        }
                      }>
                      </
                      RadioGroup
                      >
                    </span>
                  </div>
                </div>
              </pre>
            </div>
            <div>
              <h1
                style={
                  Object {
                    "borderBottom": "1px solid #EEE",
  -                 "fontSize": 25,
  +                 "fontSize": "25px",
                    "margin": "20px 0 0 0",
                    "padding": "0 0 5px 0",
                  }
                }>
                Prop Types
              </h1>
              <div>
                <h2
                  style={
                    Object {
                      "margin": "20px 0 0 0",
                    }
                  }>
                  "
                  Radio
                  " Component
                </h2>
                <table
                  style={
                    Object {
                      "borderCollapse": "separate",
                      "borderSpacing": "10px 5px",
                      "marginLeft": -10,
                    }
                  }>
                  <thead>
                    <tr>
                      <th>
                        property
                      </th>
                      <th>
                        propType
                      </th>
                      <th>
                        required
                      </th>
                      <th>
                        default
                      </th>
                    </tr>
                  </thead>
                  <tbody>
                    <tr>
                      <td>
                        checked
                      </td>
                      <td>
                        bool
                      </td>
                      <td>
                        no
                      </td>
                      <td>
                        -
                      </td>
                    </tr>
                    <tr>
                      <td>
                        className
                      </td>
                      <td>
                        string
                      </td>
                      <td>
                        no
                      </td>
                      <td>
                        -
                      </td>
                    </tr>
                    <tr>
                      <td>
                        defaultChecked
                      </td>
                      <td>
                        bool
                      </td>
                      <td>
                        no
                      </td>
                      <td>
                        -
                      </td>
                    </tr>
                    <tr>
                      <td>
                        label
                      </td>
                      <td>
                        string
                      </td>
                      <td>
                        no
                      </td>
                      <td>
                        -
                      </td>
                    </tr>
                    <tr>
                      <td>
                        name
                      </td>
                      <td>
                        string
                      </td>
                      <td>
                        no
                      </td>
                      <td>
                        -
                      </td>
                    </tr>
                    <tr>
                      <td>
                        value
                      </td>
                      <td>
                        other
                      </td>
                      <td>
                        no
                      </td>
                      <td>
                        -
                      </td>
                    </tr>
                  </tbody>
                </table>
              </div>
              <div>
                <h2
                  style={
                    Object {
                      "margin": "20px 0 0 0",
                    }
                  }>
                  "
                  RadioGroup
                  " Component
                </h2>
                <table
                  style={
                    Object {
                      "borderCollapse": "separate",
                      "borderSpacing": "10px 5px",
                      "marginLeft": -10,
                    }
                  }>
                  <thead>
                    <tr>
                      <th>
                        property
                      </th>
                      <th>
                        propType
                      </th>
                      <th>
                        required
                      </th>
                      <th>
                        default
                      </th>
                    </tr>
                  </thead>
                  <tbody>
                    <tr>
                      <td>
                        children
                      </td>
                      <td>
                        node
                      </td>
                      <td>
                        no
                      </td>
                      <td>
                        -
                      </td>
                    </tr>
                    <tr>
                      <td>
                        className
                      </td>
                      <td>
                        string
                      </td>
                      <td>
                        no
                      </td>
                      <td>
                        -
                      </td>
                    </tr>
                    <tr>
                      <td>
                        cols
                      </td>
                      <td>
                        number
                      </td>
                      <td>
                        no
                      </td>
                      <td>
                        -
                      </td>
                    </tr>
                    <tr>
                      <td>
                        error
                      </td>
                      <td>
                        other
                      </td>
                      <td>
                        no
                      </td>
                      <td>
                        -
                      </td>
                    </tr>
                    <tr>
                      <td>
                        label
                      </td>
                      <td>
                        string
                      </td>
                      <td>
                        no
                      </td>
                      <td>
                        -
                      </td>
                    </tr>
                    <tr>
                      <td>
                        name
                      </td>
                      <td>
                        string
                      </td>
                      <td>
                        no
                      </td>
                      <td>
                        -
                      </td>
                    </tr>
                    <tr>
                      <td>
                        onChange
                      </td>
                      <td>
                        func
                      </td>
                      <td>
                        no
                      </td>
                      <td>
                        -
                      </td>
                    </tr>
                    <tr>
                      <td>
                        required
                      </td>
                      <td>
                        bool
                      </td>
                      <td>
                        no
                      </td>
                      <td>
                        -
                      </td>
                    </tr>
                    <tr>
                      <td>
                        style
                      </td>
                      <td>
                        object
                      </td>
                      <td>
                        no
                      </td>
                      <td>
                        -
                      </td>
                    </tr>
                    <tr>
                      <td>
                        totalCols
                      </td>
                      <td>
                        number
                      </td>
                      <td>
                        no
                      </td>
                      <td>
                        -
                      </td>
                    </tr>
                  </tbody>
                </table>
              </div>
            </div>
          </div>
        </div>
      </div>
    </div>


✗ Error
  - Snapshot
  + Current story
  
  <div>
      <div
        style={
          Object {
            "position": "relative",
            "zIndex": 0,
          }
        }>
        <fieldset
          className="slds-form-element slds-has-error slds-is-required"
          style={undefined}>
          <legend
            className="slds-form-element__label slds-form-element__label--top">
            Radio Group Label
            <abbr
              className="slds-required">
              *
            </abbr>
          </legend>
          <div
            className="slds-form-element__control">
            <label
              className="slds-radio">
              <input
                checked={true}
                defaultChecked={undefined}
                name={undefined}
                type="radio"
                value="1" />
              <span
                className="slds-radio--faux" />
              <span
                className="slds-form-element__label">
                Radio Label One
              </span>
            </label>
            <label
              className="slds-radio">
              <input
                checked={undefined}
                defaultChecked={undefined}
                name={undefined}
                type="radio"
                value="2" />
              <span
                className="slds-radio--faux" />
              <span
                className="slds-form-element__label">
                Radio Label Two
              </span>
            </label>
            <div
              className="slds-form-element__help">
              This field is required
            </div>
          </div>
        </fieldset>
      </div>
      <a
        onClick={[Function]}
        style={
          Object {
            "background": "#28c",
            "borderRadius": "0 0 0 5px",
            "color": "#fff",
            "cursor": "pointer",
            "display": "block",
            "fontFamily": "sans-serif",
  -         "fontSize": 12,
  +         "fontSize": "12px",
            "padding": "5px 15px",
            "position": "fixed",
            "right": 0,
            "textDecoration": "none",
            "top": 0,
          }
        }>
        ?
      </a>
      <div
        style={
          Object {
            "background": "white",
            "bottom": 0,
            "display": "none",
            "left": 0,
            "overflow": "auto",
            "padding": "0 40px",
            "position": "absolute",
            "right": 0,
            "top": 0,
          }
        }>
        <a
          onClick={[Function]}
          style={
            Object {
              "background": "#28c",
              "borderRadius": "0 0 0 5px",
              "color": "#fff",
              "cursor": "pointer",
              "display": "block",
              "fontFamily": "sans-serif",
  -           "fontSize": 12,
  +           "fontSize": "12px",
              "padding": "5px 15px",
              "position": "fixed",
              "right": 0,
              "textDecoration": "none",
              "top": 0,
            }
          }>
          ×
        </a>
        <div
          style={undefined}>
          <div
            style={
              Object {
                "WebkitFontSmoothing": "antialiased",
                "color": "#444",
                "fontFamily": "
                  -apple-system, ".SFNSText-Regular", "San Francisco", "Roboto",
                  "Segoe UI", "Helvetica Neue", "Lucida Grande", sans-serif
                ",
  -             "fontSize": 15,
  +             "fontSize": "15px",
                "fontWeight": 300,
                "lineHeight": 1.45,
              }
            }>
            <div
              style={
                Object {
                  "borderBottom": "1px solid #eee",
                  "marginBottom": 10,
  +               "paddingTop": 10,
                }
              }>
              <h1
                style={
                  Object {
  -                 "fontSize": 35,
  -                 "margin": "20px 0 0 0",
  +                 "fontSize": "35px",
  +                 "margin": 0,
                    "padding": 0,
                  }
                }>
                Radio
              </h1>
              <h2
                style={
                  Object {
  -                 "fontSize": 22,
  +                 "fontSize": "22px",
                    "fontWeight": 400,
                    "margin": "0 0 10px 0",
                    "padding": 0,
                  }
                }>
                Error
              </h2>
            </div>
            <div
              style={
                Object {
                  "marginBottom": 0,
                }
              }>
              <p
                style={
                  Object {
                    "WebkitFontSmoothing": "antialiased",
                    "color": "#444",
                    "fontFamily": "
                      -apple-system, ".SFNSText-Regular", "San Francisco", "Roboto",
                      "Segoe UI", "Helvetica Neue", "Lucida Grande", sans-serif
                    ",
  -                 "fontSize": 15,
  +                 "fontSize": "15px",
                  }
                }>
                Radio Group control with error message
              </p>
            </div>
            <div>
              <h1
                style={
                  Object {
                    "borderBottom": "1px solid #EEE",
  -                 "fontSize": 25,
  +                 "fontSize": "25px",
                    "margin": "20px 0 0 0",
                    "padding": "0 0 5px 0",
                  }
                }>
                Story Source
              </h1>
              <pre
                style={
                  Object {
                    "backgroundColor": "#fafafa",
                    "fontFamily": "Menlo, Monaco, "Courier New", monospace",
                    "fontSize": ".88em",
                    "lineHeight": 1.5,
                    "overflowX": "scroll",
                    "padding": ".5rem",
                  }
                }>
                <div>
                  <div
                    style={
                      Object {
                        "paddingLeft": 18,
                        "paddingRight": 3,
                      }
                    }>
                    <span
                      style={
                        Object {
                          "color": "#777",
                        }
                      }>
                      <
                      RadioGroup
                    </span>
                    <span>
                      <span>
                         
                        <span
                          style={Object {}}>
                          label
                        </span>
                        <span>
                          =
                          <span
                            style={Object {}}>
                            <span
                              style={
                                Object {
                                  "color": "#22a",
                                  "wordBreak": "break-word",
                                }
                              }>
                              "
                              Radio Group Label
                              "
                            </span>
                          </span>
                        </span>
                      </span>
                      <span>
                         
                        <span
                          style={Object {}}>
                          required
                        </span>
                      </span>
                      <span>
                         
                        <span
                          style={Object {}}>
                          error
                        </span>
                        <span>
                          =
                          <span
                            style={Object {}}>
                            <span
                              style={
                                Object {
                                  "color": "#22a",
                                  "wordBreak": "break-word",
                                }
                              }>
                              "
                              This field is required
                              "
                            </span>
                          </span>
                        </span>
                        
                      </span>
                    </span>
                    <span
                      style={
                        Object {
                          "color": "#777",
                        }
                      }>
                      >
                    </span>
                  </div>
                  <div
                    style={
                      Object {
                        "paddingLeft": 33,
                        "paddingRight": 3,
                      }
                    }>
                    <span
                      style={
                        Object {
                          "color": "#777",
                        }
                      }>
                      <
                      Radio
                    </span>
                    <span>
                      <span>
                         
                        <span
                          style={Object {}}>
                          label
                        </span>
                        <span>
                          =
                          <span
                            style={Object {}}>
                            <span
                              style={
                                Object {
                                  "color": "#22a",
                                  "wordBreak": "break-word",
                                }
                              }>
                              "
                              Radio Label One
                              "
                            </span>
                          </span>
                        </span>
                      </span>
                      <span>
                         
                        <span
                          style={Object {}}>
                          value
                        </span>
                        <span>
                          =
                          <span
                            style={Object {}}>
                            <span
                              style={
                                Object {
                                  "color": "#22a",
                                  "wordBreak": "break-word",
                                }
                              }>
                              "
                              1
                              "
                            </span>
                          </span>
                        </span>
                      </span>
                      <span>
                         
                        <span
                          style={Object {}}>
                          checked
                        </span>
                         
                      </span>
                    </span>
                    <span
                      style={
                        Object {
                          "color": "#777",
                        }
                      }>
                      />
                    </span>
                  </div>
                  <div
                    style={
                      Object {
                        "paddingLeft": 33,
                        "paddingRight": 3,
                      }
                    }>
                    <span
                      style={
                        Object {
                          "color": "#777",
                        }
                      }>
                      <
                      Radio
                    </span>
                    <span>
                      <span>
                         
                        <span
                          style={Object {}}>
                          label
                        </span>
                        <span>
                          =
                          <span
                            style={Object {}}>
                            <span
                              style={
                                Object {
                                  "color": "#22a",
                                  "wordBreak": "break-word",
                                }
                              }>
                              "
                              Radio Label Two
                              "
                            </span>
                          </span>
                        </span>
                      </span>
                      <span>
                         
                        <span
                          style={Object {}}>
                          value
                        </span>
                        <span>
                          =
                          <span
                            style={Object {}}>
                            <span
                              style={
                                Object {
                                  "color": "#22a",
                                  "wordBreak": "break-word",
                                }
                              }>
                              "
                              2
                              "
                            </span>
                          </span>
                        </span>
                         
                      </span>
                    </span>
                    <span
                      style={
                        Object {
                          "color": "#777",
                        }
                      }>
                      />
                    </span>
                  </div>
                  <div
                    style={
                      Object {
                        "paddingLeft": 18,
                        "paddingRight": 3,
                      }
                    }>
                    <span
                      style={
                        Object {
                          "color": "#777",
                        }
                      }>
                      </
                      RadioGroup
                      >
                    </span>
                  </div>
                </div>
              </pre>
            </div>
            <div>
              <h1
                style={
                  Object {
                    "borderBottom": "1px solid #EEE",
  -                 "fontSize": 25,
  +                 "fontSize": "25px",
                    "margin": "20px 0 0 0",
                    "padding": "0 0 5px 0",
                  }
                }>
                Prop Types
              </h1>
              <div>
                <h2
                  style={
                    Object {
                      "margin": "20px 0 0 0",
                    }
                  }>
                  "
                  Radio
                  " Component
                </h2>
                <table
                  style={
                    Object {
                      "borderCollapse": "separate",
                      "borderSpacing": "10px 5px",
                      "marginLeft": -10,
                    }
                  }>
                  <thead>
                    <tr>
                      <th>
                        property
                      </th>
                      <th>
                        propType
                      </th>
                      <th>
                        required
                      </th>
                      <th>
                        default
                      </th>
                    </tr>
                  </thead>
                  <tbody>
                    <tr>
                      <td>
                        checked
                      </td>
                      <td>
                        bool
                      </td>
                      <td>
                        no
                      </td>
                      <td>
                        -
                      </td>
                    </tr>
                    <tr>
                      <td>
                        className
                      </td>
                      <td>
                        string
                      </td>
                      <td>
                        no
                      </td>
                      <td>
                        -
                      </td>
                    </tr>
                    <tr>
                      <td>
                        defaultChecked
                      </td>
                      <td>
                        bool
                      </td>
                      <td>
                        no
                      </td>
                      <td>
                        -
                      </td>
                    </tr>
                    <tr>
                      <td>
                        label
                      </td>
                      <td>
                        string
                      </td>
                      <td>
                        no
                      </td>
                      <td>
                        -
                      </td>
                    </tr>
                    <tr>
                      <td>
                        name
                      </td>
                      <td>
                        string
                      </td>
                      <td>
                        no
                      </td>
                      <td>
                        -
                      </td>
                    </tr>
                    <tr>
                      <td>
                        value
                      </td>
                      <td>
                        other
                      </td>
                      <td>
                        no
                      </td>
                      <td>
                        -
                      </td>
                    </tr>
                  </tbody>
                </table>
              </div>
              <div>
                <h2
                  style={
                    Object {
                      "margin": "20px 0 0 0",
                    }
                  }>
                  "
                  RadioGroup
                  " Component
                </h2>
                <table
                  style={
                    Object {
                      "borderCollapse": "separate",
                      "borderSpacing": "10px 5px",
                      "marginLeft": -10,
                    }
                  }>
                  <thead>
                    <tr>
                      <th>
                        property
                      </th>
                      <th>
                        propType
                      </th>
                      <th>
                        required
                      </th>
                      <th>
                        default
                      </th>
                    </tr>
                  </thead>
                  <tbody>
                    <tr>
                      <td>
                        children
                      </td>
                      <td>
                        node
                      </td>
                      <td>
                        no
                      </td>
                      <td>
                        -
                      </td>
                    </tr>
                    <tr>
                      <td>
                        className
                      </td>
                      <td>
                        string
                      </td>
                      <td>
                        no
                      </td>
                      <td>
                        -
                      </td>
                    </tr>
                    <tr>
                      <td>
                        cols
                      </td>
                      <td>
                        number
                      </td>
                      <td>
                        no
                      </td>
                      <td>
                        -
                      </td>
                    </tr>
                    <tr>
                      <td>
                        error
                      </td>
                      <td>
                        other
                      </td>
                      <td>
                        no
                      </td>
                      <td>
                        -
                      </td>
                    </tr>
                    <tr>
                      <td>
                        label
                      </td>
                      <td>
                        string
                      </td>
                      <td>
                        no
                      </td>
                      <td>
                        -
                      </td>
                    </tr>
                    <tr>
                      <td>
                        name
                      </td>
                      <td>
                        string
                      </td>
                      <td>
                        no
                      </td>
                      <td>
                        -
                      </td>
                    </tr>
                    <tr>
                      <td>
                        onChange
                      </td>
                      <td>
                        func
                      </td>
                      <td>
                        no
                      </td>
                      <td>
                        -
                      </td>
                    </tr>
                    <tr>
                      <td>
                        required
                      </td>
                      <td>
                        bool
                      </td>
                      <td>
                        no
                      </td>
                      <td>
                        -
                      </td>
                    </tr>
                    <tr>
                      <td>
                        style
                      </td>
                      <td>
                        object
                      </td>
                      <td>
                        no
                      </td>
                      <td>
                        -
                      </td>
                    </tr>
                    <tr>
                      <td>
                        totalCols
                      </td>
                      <td>
                        number
                      </td>
                      <td>
                        no
                      </td>
                      <td>
                        -
                      </td>
                    </tr>
                  </tbody>
                </table>
              </div>
            </div>
          </div>
        </div>
      </div>
    </div>


✗ Disabled
  - Snapshot
  + Current story
  
  <div>
      <div
        style={
          Object {
            "position": "relative",
            "zIndex": 0,
          }
        }>
        <fieldset
          className="slds-form-element"
          style={undefined}>
          <legend
            className="slds-form-element__label slds-form-element__label--top">
            Radio Group Label
          </legend>
          <div
            className="slds-form-element__control">
            <label
              className="slds-radio">
              <input
                checked={undefined}
                defaultChecked={undefined}
                disabled={true}
                name={undefined}
                type="radio"
                value="1" />
              <span
                className="slds-radio--faux" />
              <span
                className="slds-form-element__label">
                Radio Label One
              </span>
            </label>
            <label
              className="slds-radio">
              <input
                checked={undefined}
                defaultChecked={undefined}
                disabled={true}
                name={undefined}
                type="radio"
                value="2" />
              <span
                className="slds-radio--faux" />
              <span
                className="slds-form-element__label">
                Radio Label Two
              </span>
            </label>
          </div>
        </fieldset>
      </div>
      <a
        onClick={[Function]}
        style={
          Object {
            "background": "#28c",
            "borderRadius": "0 0 0 5px",
            "color": "#fff",
            "cursor": "pointer",
            "display": "block",
            "fontFamily": "sans-serif",
  -         "fontSize": 12,
  +         "fontSize": "12px",
            "padding": "5px 15px",
            "position": "fixed",
            "right": 0,
            "textDecoration": "none",
            "top": 0,
          }
        }>
        ?
      </a>
      <div
        style={
          Object {
            "background": "white",
            "bottom": 0,
            "display": "none",
            "left": 0,
            "overflow": "auto",
            "padding": "0 40px",
            "position": "absolute",
            "right": 0,
            "top": 0,
          }
        }>
        <a
          onClick={[Function]}
          style={
            Object {
              "background": "#28c",
              "borderRadius": "0 0 0 5px",
              "color": "#fff",
              "cursor": "pointer",
              "display": "block",
              "fontFamily": "sans-serif",
  -           "fontSize": 12,
  +           "fontSize": "12px",
              "padding": "5px 15px",
              "position": "fixed",
              "right": 0,
              "textDecoration": "none",
              "top": 0,
            }
          }>
          ×
        </a>
        <div
          style={undefined}>
          <div
            style={
              Object {
                "WebkitFontSmoothing": "antialiased",
                "color": "#444",
                "fontFamily": "
                  -apple-system, ".SFNSText-Regular", "San Francisco", "Roboto",
                  "Segoe UI", "Helvetica Neue", "Lucida Grande", sans-serif
                ",
  -             "fontSize": 15,
  +             "fontSize": "15px",
                "fontWeight": 300,
                "lineHeight": 1.45,
              }
            }>
            <div
              style={
                Object {
                  "borderBottom": "1px solid #eee",
                  "marginBottom": 10,
  +               "paddingTop": 10,
                }
              }>
              <h1
                style={
                  Object {
  -                 "fontSize": 35,
  -                 "margin": "20px 0 0 0",
  +                 "fontSize": "35px",
  +                 "margin": 0,
                    "padding": 0,
                  }
                }>
                Radio
              </h1>
              <h2
                style={
                  Object {
  -                 "fontSize": 22,
  +                 "fontSize": "22px",
                    "fontWeight": 400,
                    "margin": "0 0 10px 0",
                    "padding": 0,
                  }
                }>
                Disabled
              </h2>
            </div>
            <div
              style={
                Object {
                  "marginBottom": 0,
                }
              }>
              <p
                style={
                  Object {
                    "WebkitFontSmoothing": "antialiased",
                    "color": "#444",
                    "fontFamily": "
                      -apple-system, ".SFNSText-Regular", "San Francisco", "Roboto",
                      "Segoe UI", "Helvetica Neue", "Lucida Grande", sans-serif
                    ",
  -                 "fontSize": 15,
  +                 "fontSize": "15px",
                  }
                }>
                Radio Group control with disabled status
              </p>
            </div>
            <div>
              <h1
                style={
                  Object {
                    "borderBottom": "1px solid #EEE",
  -                 "fontSize": 25,
  +                 "fontSize": "25px",
                    "margin": "20px 0 0 0",
                    "padding": "0 0 5px 0",
                  }
                }>
                Story Source
              </h1>
              <pre
                style={
                  Object {
                    "backgroundColor": "#fafafa",
                    "fontFamily": "Menlo, Monaco, "Courier New", monospace",
                    "fontSize": ".88em",
                    "lineHeight": 1.5,
                    "overflowX": "scroll",
                    "padding": ".5rem",
                  }
                }>
                <div>
                  <div
                    style={
                      Object {
                        "paddingLeft": 18,
                        "paddingRight": 3,
                      }
                    }>
                    <span
                      style={
                        Object {
                          "color": "#777",
                        }
                      }>
                      <
                      RadioGroup
                    </span>
                    <span>
                      <span>
                         
                        <span
                          style={Object {}}>
                          label
                        </span>
                        <span>
                          =
                          <span
                            style={Object {}}>
                            <span
                              style={
                                Object {
                                  "color": "#22a",
                                  "wordBreak": "break-word",
                                }
                              }>
                              "
                              Radio Group Label
                              "
                            </span>
                          </span>
                        </span>
                        
                      </span>
                    </span>
                    <span
                      style={
                        Object {
                          "color": "#777",
                        }
                      }>
                      >
                    </span>
                  </div>
                  <div
                    style={
                      Object {
                        "paddingLeft": 33,
                        "paddingRight": 3,
                      }
                    }>
                    <span
                      style={
                        Object {
                          "color": "#777",
                        }
                      }>
                      <
                      Radio
                    </span>
                    <span>
                      <span>
                         
                        <span
                          style={Object {}}>
                          label
                        </span>
                        <span>
                          =
                          <span
                            style={Object {}}>
                            <span
                              style={
                                Object {
                                  "color": "#22a",
                                  "wordBreak": "break-word",
                                }
                              }>
                              "
                              Radio Label One
                              "
                            </span>
                          </span>
                        </span>
                      </span>
                      <span>
                         
                        <span
                          style={Object {}}>
                          value
                        </span>
                        <span>
                          =
                          <span
                            style={Object {}}>
                            <span
                              style={
                                Object {
                                  "color": "#22a",
                                  "wordBreak": "break-word",
                                }
                              }>
                              "
                              1
                              "
                            </span>
                          </span>
                        </span>
                      </span>
                      <span>
                         
                        <span
                          style={Object {}}>
                          disabled
                        </span>
                         
                      </span>
                    </span>
                    <span
                      style={
                        Object {
                          "color": "#777",
                        }
                      }>
                      />
                    </span>
                  </div>
                  <div
                    style={
                      Object {
                        "paddingLeft": 33,
                        "paddingRight": 3,
                      }
                    }>
                    <span
                      style={
                        Object {
                          "color": "#777",
                        }
                      }>
                      <
                      Radio
                    </span>
                    <span>
                      <span>
                         
                        <span
                          style={Object {}}>
                          label
                        </span>
                        <span>
                          =
                          <span
                            style={Object {}}>
                            <span
                              style={
                                Object {
                                  "color": "#22a",
                                  "wordBreak": "break-word",
                                }
                              }>
                              "
                              Radio Label Two
                              "
                            </span>
                          </span>
                        </span>
                      </span>
                      <span>
                         
                        <span
                          style={Object {}}>
                          value
                        </span>
                        <span>
                          =
                          <span
                            style={Object {}}>
                            <span
                              style={
                                Object {
                                  "color": "#22a",
                                  "wordBreak": "break-word",
                                }
                              }>
                              "
                              2
                              "
                            </span>
                          </span>
                        </span>
                      </span>
                      <span>
                         
                        <span
                          style={Object {}}>
                          disabled
                        </span>
                         
                      </span>
                    </span>
                    <span
                      style={
                        Object {
                          "color": "#777",
                        }
                      }>
                      />
                    </span>
                  </div>
                  <div
                    style={
                      Object {
                        "paddingLeft": 18,
                        "paddingRight": 3,
                      }
                    }>
                    <span
                      style={
                        Object {
                          "color": "#777",
                        }
                      }>
                      </
                      RadioGroup
                      >
                    </span>
                  </div>
                </div>
              </pre>
            </div>
            <div>
              <h1
                style={
                  Object {
                    "borderBottom": "1px solid #EEE",
  -                 "fontSize": 25,
  +                 "fontSize": "25px",
                    "margin": "20px 0 0 0",
                    "padding": "0 0 5px 0",
                  }
                }>
                Prop Types
              </h1>
              <div>
                <h2
                  style={
                    Object {
                      "margin": "20px 0 0 0",
                    }
                  }>
                  "
                  Radio
                  " Component
                </h2>
                <table
                  style={
                    Object {
                      "borderCollapse": "separate",
                      "borderSpacing": "10px 5px",
                      "marginLeft": -10,
                    }
                  }>
                  <thead>
                    <tr>
                      <th>
                        property
                      </th>
                      <th>
                        propType
                      </th>
                      <th>
                        required
                      </th>
                      <th>
                        default
                      </th>
                    </tr>
                  </thead>
                  <tbody>
                    <tr>
                      <td>
                        checked
                      </td>
                      <td>
                        bool
                      </td>
                      <td>
                        no
                      </td>
                      <td>
                        -
                      </td>
                    </tr>
                    <tr>
                      <td>
                        className
                      </td>
                      <td>
                        string
                      </td>
                      <td>
                        no
                      </td>
                      <td>
                        -
                      </td>
                    </tr>
                    <tr>
                      <td>
                        defaultChecked
                      </td>
                      <td>
                        bool
                      </td>
                      <td>
                        no
                      </td>
                      <td>
                        -
                      </td>
                    </tr>
                    <tr>
                      <td>
                        label
                      </td>
                      <td>
                        string
                      </td>
                      <td>
                        no
                      </td>
                      <td>
                        -
                      </td>
                    </tr>
                    <tr>
                      <td>
                        name
                      </td>
                      <td>
                        string
                      </td>
                      <td>
                        no
                      </td>
                      <td>
                        -
                      </td>
                    </tr>
                    <tr>
                      <td>
                        value
                      </td>
                      <td>
                        other
                      </td>
                      <td>
                        no
                      </td>
                      <td>
                        -
                      </td>
                    </tr>
                  </tbody>
                </table>
              </div>
              <div>
                <h2
                  style={
                    Object {
                      "margin": "20px 0 0 0",
                    }
                  }>
                  "
                  RadioGroup
                  " Component
                </h2>
                <table
                  style={
                    Object {
                      "borderCollapse": "separate",
                      "borderSpacing": "10px 5px",
                      "marginLeft": -10,
                    }
                  }>
                  <thead>
                    <tr>
                      <th>
                        property
                      </th>
                      <th>
                        propType
                      </th>
                      <th>
                        required
                      </th>
                      <th>
                        default
                      </th>
                    </tr>
                  </thead>
                  <tbody>
                    <tr>
                      <td>
                        children
                      </td>
                      <td>
                        node
                      </td>
                      <td>
                        no
                      </td>
                      <td>
                        -
                      </td>
                    </tr>
                    <tr>
                      <td>
                        className
                      </td>
                      <td>
                        string
                      </td>
                      <td>
                        no
                      </td>
                      <td>
                        -
                      </td>
                    </tr>
                    <tr>
                      <td>
                        cols
                      </td>
                      <td>
                        number
                      </td>
                      <td>
                        no
                      </td>
                      <td>
                        -
                      </td>
                    </tr>
                    <tr>
                      <td>
                        error
                      </td>
                      <td>
                        other
                      </td>
                      <td>
                        no
                      </td>
                      <td>
                        -
                      </td>
                    </tr>
                    <tr>
                      <td>
                        label
                      </td>
                      <td>
                        string
                      </td>
                      <td>
                        no
                      </td>
                      <td>
                        -
                      </td>
                    </tr>
                    <tr>
                      <td>
                        name
                      </td>
                      <td>
                        string
                      </td>
                      <td>
                        no
                      </td>
                      <td>
                        -
                      </td>
                    </tr>
                    <tr>
                      <td>
                        onChange
                      </td>
                      <td>
                        func
                      </td>
                      <td>
                        no
                      </td>
                      <td>
                        -
                      </td>
                    </tr>
                    <tr>
                      <td>
                        required
                      </td>
                      <td>
                        bool
                      </td>
                      <td>
                        no
                      </td>
                      <td>
                        -
                      </td>
                    </tr>
                    <tr>
                      <td>
                        style
                      </td>
                      <td>
                        object
                      </td>
                      <td>
                        no
                      </td>
                      <td>
                        -
                      </td>
                    </tr>
                    <tr>
                      <td>
                        totalCols
                      </td>
                      <td>
                        number
                      </td>
                      <td>
                        no
                      </td>
                      <td>
                        -
                      </td>
                    </tr>
                  </tbody>
                </table>
              </div>
            </div>
          </div>
        </div>
      </div>
    </div>


Checkbox

✗ Controlled with knobs
  - Snapshot
  + Current story
  
  <div>
      <div
        style={
          Object {
            "position": "relative",
            "zIndex": 0,
          }
        }>
        <fieldset
          className="slds-form-element"
          onChange={[Function]}
          style={undefined}>
          <legend
            className="slds-form-element__label slds-form-element__label--top">
            Checkbox Group Label
          </legend>
          <div
            className="slds-form-element__control">
            <label
              className="slds-checkbox">
              <input
                checked={false}
                disabled={false}
                type="checkbox"
                value="1" />
              <span
                className="slds-checkbox--faux" />
              <span
                className="slds-form-element__label">
                Checkbox Label One
              </span>
            </label>
            <label
              className="slds-checkbox">
              <input
                checked={false}
                disabled={false}
                type="checkbox"
                value="2" />
              <span
                className="slds-checkbox--faux" />
              <span
                className="slds-form-element__label">
                Checkbox Label Two
              </span>
            </label>
          </div>
        </fieldset>
      </div>
      <a
        onClick={[Function]}
        style={
          Object {
            "background": "#28c",
            "borderRadius": "0 0 0 5px",
            "color": "#fff",
            "cursor": "pointer",
            "display": "block",
            "fontFamily": "sans-serif",
  -         "fontSize": 12,
  +         "fontSize": "12px",
            "padding": "5px 15px",
            "position": "fixed",
            "right": 0,
            "textDecoration": "none",
            "top": 0,
          }
        }>
        ?
      </a>
      <div
        style={
          Object {
            "background": "white",
            "bottom": 0,
            "display": "none",
            "left": 0,
            "overflow": "auto",
            "padding": "0 40px",
            "position": "absolute",
            "right": 0,
            "top": 0,
          }
        }>
        <a
          onClick={[Function]}
          style={
            Object {
              "background": "#28c",
              "borderRadius": "0 0 0 5px",
              "color": "#fff",
              "cursor": "pointer",
              "display": "block",
              "fontFamily": "sans-serif",
  -           "fontSize": 12,
  +           "fontSize": "12px",
              "padding": "5px 15px",
              "position": "fixed",
              "right": 0,
              "textDecoration": "none",
              "top": 0,
            }
          }>
          ×
        </a>
        <div
          style={undefined}>
          <div
            style={
              Object {
                "WebkitFontSmoothing": "antialiased",
                "color": "#444",
                "fontFamily": "
                  -apple-system, ".SFNSText-Regular", "San Francisco", "Roboto",
                  "Segoe UI", "Helvetica Neue", "Lucida Grande", sans-serif
                ",
  -             "fontSize": 15,
  +             "fontSize": "15px",
                "fontWeight": 300,
                "lineHeight": 1.45,
              }
            }>
            <div
              style={
                Object {
                  "borderBottom": "1px solid #eee",
                  "marginBottom": 10,
  +               "paddingTop": 10,
                }
              }>
              <h1
                style={
                  Object {
  -                 "fontSize": 35,
  -                 "margin": "20px 0 0 0",
  +                 "fontSize": "35px",
  +                 "margin": 0,
                    "padding": 0,
                  }
                }>
                Checkbox
              </h1>
              <h2
                style={
                  Object {
  -                 "fontSize": 22,
  +                 "fontSize": "22px",
                    "fontWeight": 400,
                    "margin": "0 0 10px 0",
                    "padding": 0,
                  }
                }>
                Controlled with knobs
              </h2>
            </div>
            <div
              style={
                Object {
                  "marginBottom": 0,
                }
              }>
              <p
                style={
                  Object {
                    "WebkitFontSmoothing": "antialiased",
                    "color": "#444",
                    "fontFamily": "
                      -apple-system, ".SFNSText-Regular", "San Francisco", "Roboto",
                      "Segoe UI", "Helvetica Neue", "Lucida Grande", sans-serif
                    ",
  -                 "fontSize": 15,
  +                 "fontSize": "15px",
                  }
                }>
                Checkbox controlled with knobs
              </p>
            </div>
            <div>
              <h1
                style={
                  Object {
                    "borderBottom": "1px solid #EEE",
  -                 "fontSize": 25,
  +                 "fontSize": "25px",
                    "margin": "20px 0 0 0",
                    "padding": "0 0 5px 0",
                  }
                }>
                Story Source
              </h1>
              <pre
                style={
                  Object {
                    "backgroundColor": "#fafafa",
                    "fontFamily": "Menlo, Monaco, "Courier New", monospace",
                    "fontSize": ".88em",
                    "lineHeight": 1.5,
                    "overflowX": "scroll",
                    "padding": ".5rem",
                  }
                }>
                <div>
                  <div
                    style={
                      Object {
                        "paddingLeft": 18,
                        "paddingRight": 3,
                      }
                    }>
                    <span
                      style={
                        Object {
                          "color": "#777",
                        }
                      }>
                      <
                      CheckboxGroup
                    </span>
                    <span>
                      <span>
                        <span>
                          <br />
                            
                        </span>
                        <span
                          style={Object {}}>
                          label
                        </span>
                        <span>
                          =
                          <span
                            style={Object {}}>
                            <span
                              style={
                                Object {
                                  "color": "#22a",
                                  "wordBreak": "break-word",
                                }
                              }>
                              "
                              Checkbox Group Label
                              "
                            </span>
                          </span>
                        </span>
                      </span>
                      <span>
                        <span>
                          <br />
                            
                        </span>
                        <span
                          style={Object {}}>
                          error
                        </span>
                        <span>
                          =
                          <span
                            style={Object {}}>
                            <span>
                              {
                              <span
                                style={
                                  Object {
                                    "color": "#777",
                                  }
                                }>
                                undefined
                              </span>
                              }
                            </span>
                          </span>
                        </span>
                      </span>
                      <span>
                        <span>
                          <br />
                            
                        </span>
                        <span
                          style={Object {}}>
                          required
                        </span>
                        <span>
                          =
                          <span
                            style={Object {}}>
                            <span>
                              {
                              <span
                                style={
                                  Object {
                                    "color": "#777",
                                  }
                                }>
                                undefined
                              </span>
                              }
                            </span>
                          </span>
                        </span>
                      </span>
                      <span>
                        <span>
                          <br />
                            
                        </span>
                        <span
                          style={Object {}}>
                          onChange
                        </span>
                        <span>
                          =
                          <span
                            style={Object {}}>
                            <span>
                              {
                              <span
                                style={
                                  Object {
                                    "color": "#170",
                                  }
                                }>
  -                             anonymous()
  +                             change()
                              </span>
                              }
                            </span>
                          </span>
                        </span>
                        <br />
                      </span>
                    </span>
                    <span
                      style={
                        Object {
                          "color": "#777",
                        }
                      }>
                      >
                    </span>
                  </div>
                  <div
                    style={
                      Object {
                        "paddingLeft": 33,
                        "paddingRight": 3,
                      }
                    }>
                    <span
                      style={
                        Object {
                          "color": "#777",
                        }
                      }>
                      <
                      Checkbox
                    </span>
                    <span>
                      <span>
                        <span>
                          <br />
                            
                        </span>
                        <span
                          style={Object {}}>
                          label
                        </span>
                        <span>
                          =
                          <span
                            style={Object {}}>
                            <span
                              style={
                                Object {
                                  "color": "#22a",
                                  "wordBreak": "break-word",
                                }
                              }>
                              "
                              Checkbox Label One
                              "
                            </span>
                          </span>
                        </span>
                      </span>
                      <span>
                        <span>
                          <br />
                            
                        </span>
                        <span
                          style={Object {}}>
                          value
                        </span>
                        <span>
                          =
                          <span
                            style={Object {}}>
                            <span
                              style={
                                Object {
                                  "color": "#22a",
                                  "wordBreak": "break-word",
                                }
                              }>
                              "
                              1
                              "
                            </span>
                          </span>
                        </span>
                      </span>
                      <span>
                        <span>
                          <br />
                            
                        </span>
                        <span
                          style={Object {}}>
                          disabled
                        </span>
                        <span>
                          =
                          <span
                            style={Object {}}>
                            <span>
                              {
                              <span
                                style={
                                  Object {
                                    "color": "#a11",
                                  }
                                }>
                                false
                              </span>
                              }
                            </span>
                          </span>
                        </span>
                      </span>
                      <span>
                        <span>
                          <br />
                            
                        </span>
                        <span
                          style={Object {}}>
                          checked
                        </span>
                        <span>
                          =
                          <span
                            style={Object {}}>
                            <span>
                              {
                              <span
                                style={
                                  Object {
                                    "color": "#a11",
                                  }
                                }>
                                false
                              </span>
                              }
                            </span>
                          </span>
                        </span>
                        <br />
                      </span>
                    </span>
                    <span
                      style={
                        Object {
                          "color": "#777",
                        }
                      }>
                      />
                    </span>
                  </div>
                  <div
                    style={
                      Object {
                        "paddingLeft": 33,
                        "paddingRight": 3,
                      }
                    }>
                    <span
                      style={
                        Object {
                          "color": "#777",
                        }
                      }>
                      <
                      Checkbox
                    </span>
                    <span>
                      <span>
                        <span>
                          <br />
                            
                        </span>
                        <span
                          style={Object {}}>
                          label
                        </span>
                        <span>
                          =
                          <span
                            style={Object {}}>
                            <span
                              style={
                                Object {
                                  "color": "#22a",
                                  "wordBreak": "break-word",
                                }
                              }>
                              "
                              Checkbox Label Two
                              "
                            </span>
                          </span>
                        </span>
                      </span>
                      <span>
                        <span>
                          <br />
                            
                        </span>
                        <span
                          style={Object {}}>
                          value
                        </span>
                        <span>
                          =
                          <span
                            style={Object {}}>
                            <span
                              style={
                                Object {
                                  "color": "#22a",
                                  "wordBreak": "break-word",
                                }
                              }>
                              "
                              2
                              "
                            </span>
                          </span>
                        </span>
                      </span>
                      <span>
                        <span>
                          <br />
                            
                        </span>
                        <span
                          style={Object {}}>
                          disabled
                        </span>
                        <span>
                          =
                          <span
                            style={Object {}}>
                            <span>
                              {
                              <span
                                style={
                                  Object {
                                    "color": "#a11",
                                  }
                                }>
                                false
                              </span>
                              }
                            </span>
                          </span>
                        </span>
                      </span>
                      <span>
                        <span>
                          <br />
                            
                        </span>
                        <span
                          style={Object {}}>
                          checked
                        </span>
                        <span>
                          =
                          <span
                            style={Object {}}>
                            <span>
                              {
                              <span
                                style={
                                  Object {
                                    "color": "#a11",
                                  }
                                }>
                                false
                              </span>
                              }
                            </span>
                          </span>
                        </span>
                        <br />
                      </span>
                    </span>
                    <span
                      style={
                        Object {
                          "color": "#777",
                        }
                      }>
                      />
                    </span>
                  </div>
                  <div
                    style={
                      Object {
                        "paddingLeft": 18,
                        "paddingRight": 3,
                      }
                    }>
                    <span
                      style={
                        Object {
                          "color": "#777",
                        }
                      }>
                      </
                      CheckboxGroup
                      >
                    </span>
                  </div>
                </div>
              </pre>
            </div>
            <div>
              <h1
                style={
                  Object {
                    "borderBottom": "1px solid #EEE",
  -                 "fontSize": 25,
  +                 "fontSize": "25px",
                    "margin": "20px 0 0 0",
                    "padding": "0 0 5px 0",
                  }
                }>
                Prop Types
              </h1>
              <div>
                <h2
                  style={
                    Object {
                      "margin": "20px 0 0 0",
                    }
                  }>
                  "
                  Checkbox
                  " Component
                </h2>
                <table
                  style={
                    Object {
                      "borderCollapse": "separate",
                      "borderSpacing": "10px 5px",
                      "marginLeft": -10,
                    }
                  }>
                  <thead>
                    <tr>
                      <th>
                        property
                      </th>
                      <th>
                        propType
                      </th>
                      <th>
                        required
                      </th>
                      <th>
                        default
                      </th>
                    </tr>
                  </thead>
                  <tbody>
                    <tr>
                      <td>
                        grouped
                      </td>
                      <td>
                        bool
                      </td>
                      <td>
                        no
                      </td>
                      <td>
                        -
                      </td>
                    </tr>
                    <tr>
                      <td>
                        className
                      </td>
                      <td>
                        string
                      </td>
                      <td>
                        no
                      </td>
                      <td>
                        -
                      </td>
                    </tr>
                    <tr>
                      <td>
                        checked
                      </td>
                      <td>
                        bool
                      </td>
                      <td>
                        no
                      </td>
                      <td>
                        -
                      </td>
                    </tr>
                    <tr>
                      <td>
                        checkboxRef
                      </td>
                      <td>
                        func
                      </td>
                      <td>
                        no
                      </td>
                      <td>
                        -
                      </td>
                    </tr>
                    <tr>
                      <td>
                        cols
                      </td>
                      <td>
                        number
                      </td>
                      <td>
                        no
                      </td>
                      <td>
                        -
                      </td>
                    </tr>
                    <tr>
                      <td>
                        defaultChecked
                      </td>
                      <td>
                        bool
                      </td>
                      <td>
                        no
                      </td>
                      <td>
                        -
                      </td>
                    </tr>
                    <tr>
                      <td>
                        error
                      </td>
                      <td>
                        other
                      </td>
                      <td>
                        no
                      </td>
                      <td>
                        -
                      </td>
                    </tr>
                    <tr>
                      <td>
                        label
                      </td>
                      <td>
                        string
                      </td>
                      <td>
                        no
                      </td>
                      <td>
                        -
                      </td>
                    </tr>
                    <tr>
                      <td>
                        name
                      </td>
                      <td>
                        string
                      </td>
                      <td>
                        no
                      </td>
                      <td>
                        -
                      </td>
                    </tr>
                    <tr>
                      <td>
                        required
                      </td>
                      <td>
                        bool
                      </td>
                      <td>
                        no
                      </td>
                      <td>
                        -
                      </td>
                    </tr>
                    <tr>
                      <td>
                        totalCols
                      </td>
                      <td>
                        number
                      </td>
                      <td>
                        no
                      </td>
                      <td>
                        -
                      </td>
                    </tr>
                    <tr>
                      <td>
                        value
                      </td>
                      <td>
                        other
                      </td>
                      <td>
                        no
                      </td>
                      <td>
                        -
                      </td>
                    </tr>
                  </tbody>
                </table>
              </div>
              <div>
                <h2
                  style={
                    Object {
                      "margin": "20px 0 0 0",
                    }
                  }>
                  "
                  CheckboxGroup
                  " Component
                </h2>
                <table
                  style={
                    Object {
                      "borderCollapse": "separate",
                      "borderSpacing": "10px 5px",
                      "marginLeft": -10,
                    }
                  }>
                  <thead>
                    <tr>
                      <th>
                        property
                      </th>
                      <th>
                        propType
                      </th>
                      <th>
                        required
                      </th>
                      <th>
                        default
                      </th>
                    </tr>
                  </thead>
                  <tbody>
                    <tr>
                      <td>
                        children
                      </td>
                      <td>
                        node
                      </td>
                      <td>
                        no
                      </td>
                      <td>
                        -
                      </td>
                    </tr>
                    <tr>
                      <td>
                        className
                      </td>
                      <td>
                        string
                      </td>
                      <td>
                        no
                      </td>
                      <td>
                        -
                      </td>
                    </tr>
                    <tr>
                      <td>
                        cols
                      </td>
                      <td>
                        number
                      </td>
                      <td>
                        no
                      </td>
                      <td>
                        -
                      </td>
                    </tr>
                    <tr>
                      <td>
                        error
                      </td>
                      <td>
                        other
                      </td>
                      <td>
                        no
                      </td>
                      <td>
                        -
                      </td>
                    </tr>
                    <tr>
                      <td>
                        label
                      </td>
                      <td>
                        string
                      </td>
                      <td>
                        no
                      </td>
                      <td>
                        -
                      </td>
                    </tr>
                    <tr>
                      <td>
                        name
                      </td>
                      <td>
                        string
                      </td>
                      <td>
                        no
                      </td>
                      <td>
                        -
                      </td>
                    </tr>
                    <tr>
                      <td>
                        onChange
                      </td>
                      <td>
                        func
                      </td>
                      <td>
                        no
                      </td>
                      <td>
                        -
                      </td>
                    </tr>
                    <tr>
                      <td>
                        required
                      </td>
                      <td>
                        bool
                      </td>
                      <td>
                        no
                      </td>
                      <td>
                        -
                      </td>
                    </tr>
                    <tr>
                      <td>
                        style
                      </td>
                      <td>
                        object
                      </td>
                      <td>
                        no
                      </td>
                      <td>
                        -
                      </td>
                    </tr>
                    <tr>
                      <td>
                        totalCols
                      </td>
                      <td>
                        number
                      </td>
                      <td>
                        no
                      </td>
                      <td>
                        -
                      </td>
                    </tr>
                  </tbody>
                </table>
              </div>
            </div>
          </div>
        </div>
      </div>
    </div>


✗ Default
  - Snapshot
  + Current story
  
  <div>
      <div
        style={
          Object {
            "position": "relative",
            "zIndex": 0,
          }
        }>
        <fieldset
          className="slds-form-element"
          onChange={[Function]}
          style={undefined}>
          <legend
            className="slds-form-element__label slds-form-element__label--top">
            Radio Group Label
          </legend>
          <div
            className="slds-form-element__control">
            <label
              className="slds-checkbox">
              <input
                checked={true}
                type="checkbox"
                value="1" />
              <span
                className="slds-checkbox--faux" />
              <span
                className="slds-form-element__label">
                Checkbox Label One
              </span>
            </label>
            <label
              className="slds-checkbox">
              <input
                checked={false}
                type="checkbox"
                value="2" />
              <span
                className="slds-checkbox--faux" />
              <span
                className="slds-form-element__label">
                Checkbox Label Two
              </span>
            </label>
          </div>
        </fieldset>
      </div>
      <a
        onClick={[Function]}
        style={
          Object {
            "background": "#28c",
            "borderRadius": "0 0 0 5px",
            "color": "#fff",
            "cursor": "pointer",
            "display": "block",
            "fontFamily": "sans-serif",
  -         "fontSize": 12,
  +         "fontSize": "12px",
            "padding": "5px 15px",
            "position": "fixed",
            "right": 0,
            "textDecoration": "none",
            "top": 0,
          }
        }>
        ?
      </a>
      <div
        style={
          Object {
            "background": "white",
            "bottom": 0,
            "display": "none",
            "left": 0,
            "overflow": "auto",
            "padding": "0 40px",
            "position": "absolute",
            "right": 0,
            "top": 0,
          }
        }>
        <a
          onClick={[Function]}
          style={
            Object {
              "background": "#28c",
              "borderRadius": "0 0 0 5px",
              "color": "#fff",
              "cursor": "pointer",
              "display": "block",
              "fontFamily": "sans-serif",
  -           "fontSize": 12,
  +           "fontSize": "12px",
              "padding": "5px 15px",
              "position": "fixed",
              "right": 0,
              "textDecoration": "none",
              "top": 0,
            }
          }>
          ×
        </a>
        <div
          style={undefined}>
          <div
            style={
              Object {
                "WebkitFontSmoothing": "antialiased",
                "color": "#444",
                "fontFamily": "
                  -apple-system, ".SFNSText-Regular", "San Francisco", "Roboto",
                  "Segoe UI", "Helvetica Neue", "Lucida Grande", sans-serif
                ",
  -             "fontSize": 15,
  +             "fontSize": "15px",
                "fontWeight": 300,
                "lineHeight": 1.45,
              }
            }>
            <div
              style={
                Object {
                  "borderBottom": "1px solid #eee",
                  "marginBottom": 10,
  +               "paddingTop": 10,
                }
              }>
              <h1
                style={
                  Object {
  -                 "fontSize": 35,
  -                 "margin": "20px 0 0 0",
  +                 "fontSize": "35px",
  +                 "margin": 0,
                    "padding": 0,
                  }
                }>
                Checkbox
              </h1>
              <h2
                style={
                  Object {
  -                 "fontSize": 22,
  +                 "fontSize": "22px",
                    "fontWeight": 400,
                    "margin": "0 0 10px 0",
                    "padding": 0,
                  }
                }>
                Default
              </h2>
            </div>
            <div
              style={
                Object {
                  "marginBottom": 0,
                }
              }>
              <p
                style={
                  Object {
                    "WebkitFontSmoothing": "antialiased",
                    "color": "#444",
                    "fontFamily": "
                      -apple-system, ".SFNSText-Regular", "San Francisco", "Roboto",
                      "Segoe UI", "Helvetica Neue", "Lucida Grande", sans-serif
                    ",
  -                 "fontSize": 15,
  +                 "fontSize": "15px",
                  }
                }>
                Checkbox Textarea control
              </p>
            </div>
            <div>
              <h1
                style={
                  Object {
                    "borderBottom": "1px solid #EEE",
  -                 "fontSize": 25,
  +                 "fontSize": "25px",
                    "margin": "20px 0 0 0",
                    "padding": "0 0 5px 0",
                  }
                }>
                Story Source
              </h1>
              <pre
                style={
                  Object {
                    "backgroundColor": "#fafafa",
                    "fontFamily": "Menlo, Monaco, "Courier New", monospace",
                    "fontSize": ".88em",
                    "lineHeight": 1.5,
                    "overflowX": "scroll",
                    "padding": ".5rem",
                  }
                }>
                <div>
                  <div
                    style={
                      Object {
                        "paddingLeft": 18,
                        "paddingRight": 3,
                      }
                    }>
                    <span
                      style={
                        Object {
                          "color": "#777",
                        }
                      }>
                      <
                      CheckboxGroup
                    </span>
                    <span>
                      <span>
                         
                        <span
                          style={Object {}}>
                          label
                        </span>
                        <span>
                          =
                          <span
                            style={Object {}}>
                            <span
                              style={
                                Object {
                                  "color": "#22a",
                                  "wordBreak": "break-word",
                                }
                              }>
                              "
                              Radio Group Label
                              "
                            </span>
                          </span>
                        </span>
                        
                      </span>
                    </span>
                    <span
                      style={
                        Object {
                          "color": "#777",
                        }
                      }>
                      >
                    </span>
                  </div>
                  <div
                    style={
                      Object {
                        "paddingLeft": 33,
                        "paddingRight": 3,
                      }
                    }>
                    <span
                      style={
                        Object {
                          "color": "#777",
                        }
                      }>
                      <
                      Checkbox
                    </span>
                    <span>
                      <span>
                         
                        <span
                          style={Object {}}>
                          label
                        </span>
                        <span>
                          =
                          <span
                            style={Object {}}>
                            <span
                              style={
                                Object {
                                  "color": "#22a",
                                  "wordBreak": "break-word",
                                }
                              }>
                              "
                              Checkbox Label One
                              "
                            </span>
                          </span>
                        </span>
                      </span>
                      <span>
                         
                        <span
                          style={Object {}}>
                          value
                        </span>
                        <span>
                          =
                          <span
                            style={Object {}}>
                            <span
                              style={
                                Object {
                                  "color": "#22a",
                                  "wordBreak": "break-word",
                                }
                              }>
                              "
                              1
                              "
                            </span>
                          </span>
                        </span>
                      </span>
                      <span>
                         
                        <span
                          style={Object {}}>
                          checked
                        </span>
                         
                      </span>
                    </span>
                    <span
                      style={
                        Object {
                          "color": "#777",
                        }
                      }>
                      />
                    </span>
                  </div>
                  <div
                    style={
                      Object {
                        "paddingLeft": 33,
                        "paddingRight": 3,
                      }
                    }>
                    <span
                      style={
                        Object {
                          "color": "#777",
                        }
                      }>
                      <
                      Checkbox
                    </span>
                    <span>
                      <span>
                         
                        <span
                          style={Object {}}>
                          label
                        </span>
                        <span>
                          =
                          <span
                            style={Object {}}>
                            <span
                              style={
                                Object {
                                  "color": "#22a",
                                  "wordBreak": "break-word",
                                }
                              }>
                              "
                              Checkbox Label Two
                              "
                            </span>
                          </span>
                        </span>
                      </span>
                      <span>
                         
                        <span
                          style={Object {}}>
                          value
                        </span>
                        <span>
                          =
                          <span
                            style={Object {}}>
                            <span
                              style={
                                Object {
                                  "color": "#22a",
                                  "wordBreak": "break-word",
                                }
                              }>
                              "
                              2
                              "
                            </span>
                          </span>
                        </span>
                      </span>
                      <span>
                         
                        <span
                          style={Object {}}>
                          checked
                        </span>
                        <span>
                          =
                          <span
                            style={Object {}}>
                            <span>
                              {
                              <span
                                style={
                                  Object {
                                    "color": "#a11",
                                  }
                                }>
                                false
                              </span>
                              }
                            </span>
                          </span>
                        </span>
                         
                      </span>
                    </span>
                    <span
                      style={
                        Object {
                          "color": "#777",
                        }
                      }>
                      />
                    </span>
                  </div>
                  <div
                    style={
                      Object {
                        "paddingLeft": 18,
                        "paddingRight": 3,
                      }
                    }>
                    <span
                      style={
                        Object {
                          "color": "#777",
                        }
                      }>
                      </
                      CheckboxGroup
                      >
                    </span>
                  </div>
                </div>
              </pre>
            </div>
            <div>
              <h1
                style={
                  Object {
                    "borderBottom": "1px solid #EEE",
  -                 "fontSize": 25,
  +                 "fontSize": "25px",
                    "margin": "20px 0 0 0",
                    "padding": "0 0 5px 0",
                  }
                }>
                Prop Types
              </h1>
              <div>
                <h2
                  style={
                    Object {
                      "margin": "20px 0 0 0",
                    }
                  }>
                  "
                  Checkbox
                  " Component
                </h2>
                <table
                  style={
                    Object {
                      "borderCollapse": "separate",
                      "borderSpacing": "10px 5px",
                      "marginLeft": -10,
                    }
                  }>
                  <thead>
                    <tr>
                      <th>
                        property
                      </th>
                      <th>
                        propType
                      </th>
                      <th>
                        required
                      </th>
                      <th>
                        default
                      </th>
                    </tr>
                  </thead>
                  <tbody>
                    <tr>
                      <td>
                        grouped
                      </td>
                      <td>
                        bool
                      </td>
                      <td>
                        no
                      </td>
                      <td>
                        -
                      </td>
                    </tr>
                    <tr>
                      <td>
                        className
                      </td>
                      <td>
                        string
                      </td>
                      <td>
                        no
                      </td>
                      <td>
                        -
                      </td>
                    </tr>
                    <tr>
                      <td>
                        checked
                      </td>
                      <td>
                        bool
                      </td>
                      <td>
                        no
                      </td>
                      <td>
                        -
                      </td>
                    </tr>
                    <tr>
                      <td>
                        checkboxRef
                      </td>
                      <td>
                        func
                      </td>
                      <td>
                        no
                      </td>
                      <td>
                        -
                      </td>
                    </tr>
                    <tr>
                      <td>
                        cols
                      </td>
                      <td>
                        number
                      </td>
                      <td>
                        no
                      </td>
                      <td>
                        -
                      </td>
                    </tr>
                    <tr>
                      <td>
                        defaultChecked
                      </td>
                      <td>
                        bool
                      </td>
                      <td>
                        no
                      </td>
                      <td>
                        -
                      </td>
                    </tr>
                    <tr>
                      <td>
                        error
                      </td>
                      <td>
                        other
                      </td>
                      <td>
                        no
                      </td>
                      <td>
                        -
                      </td>
                    </tr>
                    <tr>
                      <td>
                        label
                      </td>
                      <td>
                        string
                      </td>
                      <td>
                        no
                      </td>
                      <td>
                        -
                      </td>
                    </tr>
                    <tr>
                      <td>
                        name
                      </td>
                      <td>
                        string
                      </td>
                      <td>
                        no
                      </td>
                      <td>
                        -
                      </td>
                    </tr>
                    <tr>
                      <td>
                        required
                      </td>
                      <td>
                        bool
                      </td>
                      <td>
                        no
                      </td>
                      <td>
                        -
                      </td>
                    </tr>
                    <tr>
                      <td>
                        totalCols
                      </td>
                      <td>
                        number
                      </td>
                      <td>
                        no
                      </td>
                      <td>
                        -
                      </td>
                    </tr>
                    <tr>
                      <td>
                        value
                      </td>
                      <td>
                        other
                      </td>
                      <td>
                        no
                      </td>
                      <td>
                        -
                      </td>
                    </tr>
                  </tbody>
                </table>
              </div>
              <div>
                <h2
                  style={
                    Object {
                      "margin": "20px 0 0 0",
                    }
                  }>
                  "
                  CheckboxGroup
                  " Component
                </h2>
                <table
                  style={
                    Object {
                      "borderCollapse": "separate",
                      "borderSpacing": "10px 5px",
                      "marginLeft": -10,
                    }
                  }>
                  <thead>
                    <tr>
                      <th>
                        property
                      </th>
                      <th>
                        propType
                      </th>
                      <th>
                        required
                      </th>
                      <th>
                        default
                      </th>
                    </tr>
                  </thead>
                  <tbody>
                    <tr>
                      <td>
                        children
                      </td>
                      <td>
                        node
                      </td>
                      <td>
                        no
                      </td>
                      <td>
                        -
                      </td>
                    </tr>
                    <tr>
                      <td>
                        className
                      </td>
                      <td>
                        string
                      </td>
                      <td>
                        no
                      </td>
                      <td>
                        -
                      </td>
                    </tr>
                    <tr>
                      <td>
                        cols
                      </td>
                      <td>
                        number
                      </td>
                      <td>
                        no
                      </td>
                      <td>
                        -
                      </td>
                    </tr>
                    <tr>
                      <td>
                        error
                      </td>
                      <td>
                        other
                      </td>
                      <td>
                        no
                      </td>
                      <td>
                        -
                      </td>
                    </tr>
                    <tr>
                      <td>
                        label
                      </td>
                      <td>
                        string
                      </td>
                      <td>
                        no
                      </td>
                      <td>
                        -
                      </td>
                    </tr>
                    <tr>
                      <td>
                        name
                      </td>
                      <td>
                        string
                      </td>
                      <td>
                        no
                      </td>
                      <td>
                        -
                      </td>
                    </tr>
                    <tr>
                      <td>
                        onChange
                      </td>
                      <td>
                        func
                      </td>
                      <td>
                        no
                      </td>
                      <td>
                        -
                      </td>
                    </tr>
                    <tr>
                      <td>
                        required
                      </td>
                      <td>
                        bool
                      </td>
                      <td>
                        no
                      </td>
                      <td>
                        -
                      </td>
                    </tr>
                    <tr>
                      <td>
                        style
                      </td>
                      <td>
                        object
                      </td>
                      <td>
                        no
                      </td>
                      <td>
                        -
                      </td>
                    </tr>
                    <tr>
                      <td>
                        totalCols
                      </td>
                      <td>
                        number
                      </td>
                      <td>
                        no
                      </td>
                      <td>
                        -
                      </td>
                    </tr>
                  </tbody>
                </table>
              </div>
            </div>
          </div>
        </div>
      </div>
    </div>


✗ Required
  - Snapshot
  + Current story
  
  <div>
      <div
        style={
          Object {
            "position": "relative",
            "zIndex": 0,
          }
        }>
        <fieldset
          className="slds-form-element slds-is-required"
          onChange={[Function]}
          style={undefined}>
          <legend
            className="slds-form-element__label slds-form-element__label--top">
            Checkbox Group Label
            <abbr
              className="slds-required">
              *
            </abbr>
          </legend>
          <div
            className="slds-form-element__control">
            <label
              className="slds-checkbox">
              <input
                checked={true}
                type="checkbox"
                value="1" />
              <span
                className="slds-checkbox--faux" />
              <span
                className="slds-form-element__label">
                Checkbox Label One
              </span>
            </label>
            <label
              className="slds-checkbox">
              <input
                type="checkbox"
                value="2" />
              <span
                className="slds-checkbox--faux" />
              <span
                className="slds-form-element__label">
                Checkbox Label Two
              </span>
            </label>
          </div>
        </fieldset>
      </div>
      <a
        onClick={[Function]}
        style={
          Object {
            "background": "#28c",
            "borderRadius": "0 0 0 5px",
            "color": "#fff",
            "cursor": "pointer",
            "display": "block",
            "fontFamily": "sans-serif",
  -         "fontSize": 12,
  +         "fontSize": "12px",
            "padding": "5px 15px",
            "position": "fixed",
            "right": 0,
            "textDecoration": "none",
            "top": 0,
          }
        }>
        ?
      </a>
      <div
        style={
          Object {
            "background": "white",
            "bottom": 0,
            "display": "none",
            "left": 0,
            "overflow": "auto",
            "padding": "0 40px",
            "position": "absolute",
            "right": 0,
            "top": 0,
          }
        }>
        <a
          onClick={[Function]}
          style={
            Object {
              "background": "#28c",
              "borderRadius": "0 0 0 5px",
              "color": "#fff",
              "cursor": "pointer",
              "display": "block",
              "fontFamily": "sans-serif",
  -           "fontSize": 12,
  +           "fontSize": "12px",
              "padding": "5px 15px",
              "position": "fixed",
              "right": 0,
              "textDecoration": "none",
              "top": 0,
            }
          }>
          ×
        </a>
        <div
          style={undefined}>
          <div
            style={
              Object {
                "WebkitFontSmoothing": "antialiased",
                "color": "#444",
                "fontFamily": "
                  -apple-system, ".SFNSText-Regular", "San Francisco", "Roboto",
                  "Segoe UI", "Helvetica Neue", "Lucida Grande", sans-serif
                ",
  -             "fontSize": 15,
  +             "fontSize": "15px",
                "fontWeight": 300,
                "lineHeight": 1.45,
              }
            }>
            <div
              style={
                Object {
                  "borderBottom": "1px solid #eee",
                  "marginBottom": 10,
  +               "paddingTop": 10,
                }
              }>
              <h1
                style={
                  Object {
  -                 "fontSize": 35,
  -                 "margin": "20px 0 0 0",
  +                 "fontSize": "35px",
  +                 "margin": 0,
                    "padding": 0,
                  }
                }>
                Checkbox
              </h1>
              <h2
                style={
                  Object {
  -                 "fontSize": 22,
  +                 "fontSize": "22px",
                    "fontWeight": 400,
                    "margin": "0 0 10px 0",
                    "padding": 0,
                  }
                }>
                Required
              </h2>
            </div>
            <div
              style={
                Object {
                  "marginBottom": 0,
                }
              }>
              <p
                style={
                  Object {
                    "WebkitFontSmoothing": "antialiased",
                    "color": "#444",
                    "fontFamily": "
                      -apple-system, ".SFNSText-Regular", "San Francisco", "Roboto",
                      "Segoe UI", "Helvetica Neue", "Lucida Grande", sans-serif
                    ",
  -                 "fontSize": 15,
  +                 "fontSize": "15px",
                  }
                }>
                Checkbox control with required attribute
              </p>
            </div>
            <div>
              <h1
                style={
                  Object {
                    "borderBottom": "1px solid #EEE",
  -                 "fontSize": 25,
  +                 "fontSize": "25px",
                    "margin": "20px 0 0 0",
                    "padding": "0 0 5px 0",
                  }
                }>
                Story Source
              </h1>
              <pre
                style={
                  Object {
                    "backgroundColor": "#fafafa",
                    "fontFamily": "Menlo, Monaco, "Courier New", monospace",
                    "fontSize": ".88em",
                    "lineHeight": 1.5,
                    "overflowX": "scroll",
                    "padding": ".5rem",
                  }
                }>
                <div>
                  <div
                    style={
                      Object {
                        "paddingLeft": 18,
                        "paddingRight": 3,
                      }
                    }>
                    <span
                      style={
                        Object {
                          "color": "#777",
                        }
                      }>
                      <
                      CheckboxGroup
                    </span>
                    <span>
                      <span>
                         
                        <span
                          style={Object {}}>
                          label
                        </span>
                        <span>
                          =
                          <span
                            style={Object {}}>
                            <span
                              style={
                                Object {
                                  "color": "#22a",
                                  "wordBreak": "break-word",
                                }
                              }>
                              "
                              Checkbox Group Label
                              "
                            </span>
                          </span>
                        </span>
                      </span>
                      <span>
                         
                        <span
                          style={Object {}}>
                          required
                        </span>
                        
                      </span>
                    </span>
                    <span
                      style={
                        Object {
                          "color": "#777",
                        }
                      }>
                      >
                    </span>
                  </div>
                  <div
                    style={
                      Object {
                        "paddingLeft": 33,
                        "paddingRight": 3,
                      }
                    }>
                    <span
                      style={
                        Object {
                          "color": "#777",
                        }
                      }>
                      <
                      Checkbox
                    </span>
                    <span>
                      <span>
                         
                        <span
                          style={Object {}}>
                          label
                        </span>
                        <span>
                          =
                          <span
                            style={Object {}}>
                            <span
                              style={
                                Object {
                                  "color": "#22a",
                                  "wordBreak": "break-word",
                                }
                              }>
                              "
                              Checkbox Label One
                              "
                            </span>
                          </span>
                        </span>
                      </span>
                      <span>
                         
                        <span
                          style={Object {}}>
                          value
                        </span>
                        <span>
                          =
                          <span
                            style={Object {}}>
                            <span
                              style={
                                Object {
                                  "color": "#22a",
                                  "wordBreak": "break-word",
                                }
                              }>
                              "
                              1
                              "
                            </span>
                          </span>
                        </span>
                      </span>
                      <span>
                         
                        <span
                          style={Object {}}>
                          checked
                        </span>
                         
                      </span>
                    </span>
                    <span
                      style={
                        Object {
                          "color": "#777",
                        }
                      }>
                      />
                    </span>
                  </div>
                  <div
                    style={
                      Object {
                        "paddingLeft": 33,
                        "paddingRight": 3,
                      }
                    }>
                    <span
                      style={
                        Object {
                          "color": "#777",
                        }
                      }>
                      <
                      Checkbox
                    </span>
                    <span>
                      <span>
                         
                        <span
                          style={Object {}}>
                          label
                        </span>
                        <span>
                          =
                          <span
                            style={Object {}}>
                            <span
                              style={
                                Object {
                                  "color": "#22a",
                                  "wordBreak": "break-word",
                                }
                              }>
                              "
                              Checkbox Label Two
                              "
                            </span>
                          </span>
                        </span>
                      </span>
                      <span>
                         
                        <span
                          style={Object {}}>
                          value
                        </span>
                        <span>
                          =
                          <span
                            style={Object {}}>
                            <span
                              style={
                                Object {
                                  "color": "#22a",
                                  "wordBreak": "break-word",
                                }
                              }>
                              "
                              2
                              "
                            </span>
                          </span>
                        </span>
                         
                      </span>
                    </span>
                    <span
                      style={
                        Object {
                          "color": "#777",
                        }
                      }>
                      />
                    </span>
                  </div>
                  <div
                    style={
                      Object {
                        "paddingLeft": 18,
                        "paddingRight": 3,
                      }
                    }>
                    <span
                      style={
                        Object {
                          "color": "#777",
                        }
                      }>
                      </
                      CheckboxGroup
                      >
                    </span>
                  </div>
                </div>
              </pre>
            </div>
            <div>
              <h1
                style={
                  Object {
                    "borderBottom": "1px solid #EEE",
  -                 "fontSize": 25,
  +                 "fontSize": "25px",
                    "margin": "20px 0 0 0",
                    "padding": "0 0 5px 0",
                  }
                }>
                Prop Types
              </h1>
              <div>
                <h2
                  style={
                    Object {
                      "margin": "20px 0 0 0",
                    }
                  }>
                  "
                  Checkbox
                  " Component
                </h2>
                <table
                  style={
                    Object {
                      "borderCollapse": "separate",
                      "borderSpacing": "10px 5px",
                      "marginLeft": -10,
                    }
                  }>
                  <thead>
                    <tr>
                      <th>
                        property
                      </th>
                      <th>
                        propType
                      </th>
                      <th>
                        required
                      </th>
                      <th>
                        default
                      </th>
                    </tr>
                  </thead>
                  <tbody>
                    <tr>
                      <td>
                        grouped
                      </td>
                      <td>
                        bool
                      </td>
                      <td>
                        no
                      </td>
                      <td>
                        -
                      </td>
                    </tr>
                    <tr>
                      <td>
                        className
                      </td>
                      <td>
                        string
                      </td>
                      <td>
                        no
                      </td>
                      <td>
                        -
                      </td>
                    </tr>
                    <tr>
                      <td>
                        checked
                      </td>
                      <td>
                        bool
                      </td>
                      <td>
                        no
                      </td>
                      <td>
                        -
                      </td>
                    </tr>
                    <tr>
                      <td>
                        checkboxRef
                      </td>
                      <td>
                        func
                      </td>
                      <td>
                        no
                      </td>
                      <td>
                        -
                      </td>
                    </tr>
                    <tr>
                      <td>
                        cols
                      </td>
                      <td>
                        number
                      </td>
                      <td>
                        no
                      </td>
                      <td>
                        -
                      </td>
                    </tr>
                    <tr>
                      <td>
                        defaultChecked
                      </td>
                      <td>
                        bool
                      </td>
                      <td>
                        no
                      </td>
                      <td>
                        -
                      </td>
                    </tr>
                    <tr>
                      <td>
                        error
                      </td>
                      <td>
                        other
                      </td>
                      <td>
                        no
                      </td>
                      <td>
                        -
                      </td>
                    </tr>
                    <tr>
                      <td>
                        label
                      </td>
                      <td>
                        string
                      </td>
                      <td>
                        no
                      </td>
                      <td>
                        -
                      </td>
                    </tr>
                    <tr>
                      <td>
                        name
                      </td>
                      <td>
                        string
                      </td>
                      <td>
                        no
                      </td>
                      <td>
                        -
                      </td>
                    </tr>
                    <tr>
                      <td>
                        required
                      </td>
                      <td>
                        bool
                      </td>
                      <td>
                        no
                      </td>
                      <td>
                        -
                      </td>
                    </tr>
                    <tr>
                      <td>
                        totalCols
                      </td>
                      <td>
                        number
                      </td>
                      <td>
                        no
                      </td>
                      <td>
                        -
                      </td>
                    </tr>
                    <tr>
                      <td>
                        value
                      </td>
                      <td>
                        other
                      </td>
                      <td>
                        no
                      </td>
                      <td>
                        -
                      </td>
                    </tr>
                  </tbody>
                </table>
              </div>
              <div>
                <h2
                  style={
                    Object {
                      "margin": "20px 0 0 0",
                    }
                  }>
                  "
                  CheckboxGroup
                  " Component
                </h2>
                <table
                  style={
                    Object {
                      "borderCollapse": "separate",
                      "borderSpacing": "10px 5px",
                      "marginLeft": -10,
                    }
                  }>
                  <thead>
                    <tr>
                      <th>
                        property
                      </th>
                      <th>
                        propType
                      </th>
                      <th>
                        required
                      </th>
                      <th>
                        default
                      </th>
                    </tr>
                  </thead>
                  <tbody>
                    <tr>
                      <td>
                        children
                      </td>
                      <td>
                        node
                      </td>
                      <td>
                        no
                      </td>
                      <td>
                        -
                      </td>
                    </tr>
                    <tr>
                      <td>
                        className
                      </td>
                      <td>
                        string
                      </td>
                      <td>
                        no
                      </td>
                      <td>
                        -
                      </td>
                    </tr>
                    <tr>
                      <td>
                        cols
                      </td>
                      <td>
                        number
                      </td>
                      <td>
                        no
                      </td>
                      <td>
                        -
                      </td>
                    </tr>
                    <tr>
                      <td>
                        error
                      </td>
                      <td>
                        other
                      </td>
                      <td>
                        no
                      </td>
                      <td>
                        -
                      </td>
                    </tr>
                    <tr>
                      <td>
                        label
                      </td>
                      <td>
                        string
                      </td>
                      <td>
                        no
                      </td>
                      <td>
                        -
                      </td>
                    </tr>
                    <tr>
                      <td>
                        name
                      </td>
                      <td>
                        string
                      </td>
                      <td>
                        no
                      </td>
                      <td>
                        -
                      </td>
                    </tr>
                    <tr>
                      <td>
                        onChange
                      </td>
                      <td>
                        func
                      </td>
                      <td>
                        no
                      </td>
                      <td>
                        -
                      </td>
                    </tr>
                    <tr>
                      <td>
                        required
                      </td>
                      <td>
                        bool
                      </td>
                      <td>
                        no
                      </td>
                      <td>
                        -
                      </td>
                    </tr>
                    <tr>
                      <td>
                        style
                      </td>
                      <td>
                        object
                      </td>
                      <td>
                        no
                      </td>
                      <td>
                        -
                      </td>
                    </tr>
                    <tr>
                      <td>
                        totalCols
                      </td>
                      <td>
                        number
                      </td>
                      <td>
                        no
                      </td>
                      <td>
                        -
                      </td>
                    </tr>
                  </tbody>
                </table>
              </div>
            </div>
          </div>
        </div>
      </div>
    </div>


✗ Error
  - Snapshot
  + Current story
  
  <div>
      <div
        style={
          Object {
            "position": "relative",
            "zIndex": 0,
          }
        }>
        <fieldset
          className="slds-form-element slds-has-error slds-is-required"
          onChange={[Function]}
          style={undefined}>
          <legend
            className="slds-form-element__label slds-form-element__label--top">
            Checkbox Group Label
            <abbr
              className="slds-required">
              *
            </abbr>
          </legend>
          <div
            className="slds-form-element__control">
            <label
              className="slds-checkbox">
              <input
                checked={true}
                type="checkbox"
                value="1" />
              <span
                className="slds-checkbox--faux" />
              <span
                className="slds-form-element__label">
                Checkbox Label One
              </span>
            </label>
            <label
              className="slds-checkbox">
              <input
                type="checkbox"
                value="2" />
              <span
                className="slds-checkbox--faux" />
              <span
                className="slds-form-element__label">
                Checkbox Label Two
              </span>
            </label>
            <div
              className="slds-form-element__help">
              This field is required
            </div>
          </div>
        </fieldset>
      </div>
      <a
        onClick={[Function]}
        style={
          Object {
            "background": "#28c",
            "borderRadius": "0 0 0 5px",
            "color": "#fff",
            "cursor": "pointer",
            "display": "block",
            "fontFamily": "sans-serif",
  -         "fontSize": 12,
  +         "fontSize": "12px",
            "padding": "5px 15px",
            "position": "fixed",
            "right": 0,
            "textDecoration": "none",
            "top": 0,
          }
        }>
        ?
      </a>
      <div
        style={
          Object {
            "background": "white",
            "bottom": 0,
            "display": "none",
            "left": 0,
            "overflow": "auto",
            "padding": "0 40px",
            "position": "absolute",
            "right": 0,
            "top": 0,
          }
        }>
        <a
          onClick={[Function]}
          style={
            Object {
              "background": "#28c",
              "borderRadius": "0 0 0 5px",
              "color": "#fff",
              "cursor": "pointer",
              "display": "block",
              "fontFamily": "sans-serif",
  -           "fontSize": 12,
  +           "fontSize": "12px",
              "padding": "5px 15px",
              "position": "fixed",
              "right": 0,
              "textDecoration": "none",
              "top": 0,
            }
          }>
          ×
        </a>
        <div
          style={undefined}>
          <div
            style={
              Object {
                "WebkitFontSmoothing": "antialiased",
                "color": "#444",
                "fontFamily": "
                  -apple-system, ".SFNSText-Regular", "San Francisco", "Roboto",
                  "Segoe UI", "Helvetica Neue", "Lucida Grande", sans-serif
                ",
  -             "fontSize": 15,
  +             "fontSize": "15px",
                "fontWeight": 300,
                "lineHeight": 1.45,
              }
            }>
            <div
              style={
                Object {
                  "borderBottom": "1px solid #eee",
                  "marginBottom": 10,
  +               "paddingTop": 10,
                }
              }>
              <h1
                style={
                  Object {
  -                 "fontSize": 35,
  -                 "margin": "20px 0 0 0",
  +                 "fontSize": "35px",
  +                 "margin": 0,
                    "padding": 0,
                  }
                }>
                Checkbox
              </h1>
              <h2
                style={
                  Object {
  -                 "fontSize": 22,
  +                 "fontSize": "22px",
                    "fontWeight": 400,
                    "margin": "0 0 10px 0",
                    "padding": 0,
                  }
                }>
                Error
              </h2>
            </div>
            <div
              style={
                Object {
                  "marginBottom": 0,
                }
              }>
              <p
                style={
                  Object {
                    "WebkitFontSmoothing": "antialiased",
                    "color": "#444",
                    "fontFamily": "
                      -apple-system, ".SFNSText-Regular", "San Francisco", "Roboto",
                      "Segoe UI", "Helvetica Neue", "Lucida Grande", sans-serif
                    ",
  -                 "fontSize": 15,
  +                 "fontSize": "15px",
                  }
                }>
                Checkbox control with error message
              </p>
            </div>
            <div>
              <h1
                style={
                  Object {
                    "borderBottom": "1px solid #EEE",
  -                 "fontSize": 25,
  +                 "fontSize": "25px",
                    "margin": "20px 0 0 0",
                    "padding": "0 0 5px 0",
                  }
                }>
                Story Source
              </h1>
              <pre
                style={
                  Object {
                    "backgroundColor": "#fafafa",
                    "fontFamily": "Menlo, Monaco, "Courier New", monospace",
                    "fontSize": ".88em",
                    "lineHeight": 1.5,
                    "overflowX": "scroll",
                    "padding": ".5rem",
                  }
                }>
                <div>
                  <div
                    style={
                      Object {
                        "paddingLeft": 18,
                        "paddingRight": 3,
                      }
                    }>
                    <span
                      style={
                        Object {
                          "color": "#777",
                        }
                      }>
                      <
                      CheckboxGroup
                    </span>
                    <span>
                      <span>
                         
                        <span
                          style={Object {}}>
                          label
                        </span>
                        <span>
                          =
                          <span
                            style={Object {}}>
                            <span
                              style={
                                Object {
                                  "color": "#22a",
                                  "wordBreak": "break-word",
                                }
                              }>
                              "
                              Checkbox Group Label
                              "
                            </span>
                          </span>
                        </span>
                      </span>
                      <span>
                         
                        <span
                          style={Object {}}>
                          required
                        </span>
                      </span>
                      <span>
                         
                        <span
                          style={Object {}}>
                          error
                        </span>
                        <span>
                          =
                          <span
                            style={Object {}}>
                            <span
                              style={
                                Object {
                                  "color": "#22a",
                                  "wordBreak": "break-word",
                                }
                              }>
                              "
                              This field is required
                              "
                            </span>
                          </span>
                        </span>
                        
                      </span>
                    </span>
                    <span
                      style={
                        Object {
                          "color": "#777",
                        }
                      }>
                      >
                    </span>
                  </div>
                  <div
                    style={
                      Object {
                        "paddingLeft": 33,
                        "paddingRight": 3,
                      }
                    }>
                    <span
                      style={
                        Object {
                          "color": "#777",
                        }
                      }>
                      <
                      Checkbox
                    </span>
                    <span>
                      <span>
                         
                        <span
                          style={Object {}}>
                          label
                        </span>
                        <span>
                          =
                          <span
                            style={Object {}}>
                            <span
                              style={
                                Object {
                                  "color": "#22a",
                                  "wordBreak": "break-word",
                                }
                              }>
                              "
                              Checkbox Label One
                              "
                            </span>
                          </span>
                        </span>
                      </span>
                      <span>
                         
                        <span
                          style={Object {}}>
                          value
                        </span>
                        <span>
                          =
                          <span
                            style={Object {}}>
                            <span
                              style={
                                Object {
                                  "color": "#22a",
                                  "wordBreak": "break-word",
                                }
                              }>
                              "
                              1
                              "
                            </span>
                          </span>
                        </span>
                      </span>
                      <span>
                         
                        <span
                          style={Object {}}>
                          checked
                        </span>
                         
                      </span>
                    </span>
                    <span
                      style={
                        Object {
                          "color": "#777",
                        }
                      }>
                      />
                    </span>
                  </div>
                  <div
                    style={
                      Object {
                        "paddingLeft": 33,
                        "paddingRight": 3,
                      }
                    }>
                    <span
                      style={
                        Object {
                          "color": "#777",
                        }
                      }>
                      <
                      Checkbox
                    </span>
                    <span>
                      <span>
                         
                        <span
                          style={Object {}}>
                          label
                        </span>
                        <span>
                          =
                          <span
                            style={Object {}}>
                            <span
                              style={
                                Object {
                                  "color": "#22a",
                                  "wordBreak": "break-word",
                                }
                              }>
                              "
                              Checkbox Label Two
                              "
                            </span>
                          </span>
                        </span>
                      </span>
                      <span>
                         
                        <span
                          style={Object {}}>
                          value
                        </span>
                        <span>
                          =
                          <span
                            style={Object {}}>
                            <span
                              style={
                                Object {
                                  "color": "#22a",
                                  "wordBreak": "break-word",
                                }
                              }>
                              "
                              2
                              "
                            </span>
                          </span>
                        </span>
                         
                      </span>
                    </span>
                    <span
                      style={
                        Object {
                          "color": "#777",
                        }
                      }>
                      />
                    </span>
                  </div>
                  <div
                    style={
                      Object {
                        "paddingLeft": 18,
                        "paddingRight": 3,
                      }
                    }>
                    <span
                      style={
                        Object {
                          "color": "#777",
                        }
                      }>
                      </
                      CheckboxGroup
                      >
                    </span>
                  </div>
                </div>
              </pre>
            </div>
            <div>
              <h1
                style={
                  Object {
                    "borderBottom": "1px solid #EEE",
  -                 "fontSize": 25,
  +                 "fontSize": "25px",
                    "margin": "20px 0 0 0",
                    "padding": "0 0 5px 0",
                  }
                }>
                Prop Types
              </h1>
              <div>
                <h2
                  style={
                    Object {
                      "margin": "20px 0 0 0",
                    }
                  }>
                  "
                  Checkbox
                  " Component
                </h2>
                <table
                  style={
                    Object {
                      "borderCollapse": "separate",
                      "borderSpacing": "10px 5px",
                      "marginLeft": -10,
                    }
                  }>
                  <thead>
                    <tr>
                      <th>
                        property
                      </th>
                      <th>
                        propType
                      </th>
                      <th>
                        required
                      </th>
                      <th>
                        default
                      </th>
                    </tr>
                  </thead>
                  <tbody>
                    <tr>
                      <td>
                        grouped
                      </td>
                      <td>
                        bool
                      </td>
                      <td>
                        no
                      </td>
                      <td>
                        -
                      </td>
                    </tr>
                    <tr>
                      <td>
                        className
                      </td>
                      <td>
                        string
                      </td>
                      <td>
                        no
                      </td>
                      <td>
                        -
                      </td>
                    </tr>
                    <tr>
                      <td>
                        checked
                      </td>
                      <td>
                        bool
                      </td>
                      <td>
                        no
                      </td>
                      <td>
                        -
                      </td>
                    </tr>
                    <tr>
                      <td>
                        checkboxRef
                      </td>
                      <td>
                        func
                      </td>
                      <td>
                        no
                      </td>
                      <td>
                        -
                      </td>
                    </tr>
                    <tr>
                      <td>
                        cols
                      </td>
                      <td>
                        number
                      </td>
                      <td>
                        no
                      </td>
                      <td>
                        -
                      </td>
                    </tr>
                    <tr>
                      <td>
                        defaultChecked
                      </td>
                      <td>
                        bool
                      </td>
                      <td>
                        no
                      </td>
                      <td>
                        -
                      </td>
                    </tr>
                    <tr>
                      <td>
                        error
                      </td>
                      <td>
                        other
                      </td>
                      <td>
                        no
                      </td>
                      <td>
                        -
                      </td>
                    </tr>
                    <tr>
                      <td>
                        label
                      </td>
                      <td>
                        string
                      </td>
                      <td>
                        no
                      </td>
                      <td>
                        -
                      </td>
                    </tr>
                    <tr>
                      <td>
                        name
                      </td>
                      <td>
                        string
                      </td>
                      <td>
                        no
                      </td>
                      <td>
                        -
                      </td>
                    </tr>
                    <tr>
                      <td>
                        required
                      </td>
                      <td>
                        bool
                      </td>
                      <td>
                        no
                      </td>
                      <td>
                        -
                      </td>
                    </tr>
                    <tr>
                      <td>
                        totalCols
                      </td>
                      <td>
                        number
                      </td>
                      <td>
                        no
                      </td>
                      <td>
                        -
                      </td>
                    </tr>
                    <tr>
                      <td>
                        value
                      </td>
                      <td>
                        other
                      </td>
                      <td>
                        no
                      </td>
                      <td>
                        -
                      </td>
                    </tr>
                  </tbody>
                </table>
              </div>
              <div>
                <h2
                  style={
                    Object {
                      "margin": "20px 0 0 0",
                    }
                  }>
                  "
                  CheckboxGroup
                  " Component
                </h2>
                <table
                  style={
                    Object {
                      "borderCollapse": "separate",
                      "borderSpacing": "10px 5px",
                      "marginLeft": -10,
                    }
                  }>
                  <thead>
                    <tr>
                      <th>
                        property
                      </th>
                      <th>
                        propType
                      </th>
                      <th>
                        required
                      </th>
                      <th>
                        default
                      </th>
                    </tr>
                  </thead>
                  <tbody>
                    <tr>
                      <td>
                        children
                      </td>
                      <td>
                        node
                      </td>
                      <td>
                        no
                      </td>
                      <td>
                        -
                      </td>
                    </tr>
                    <tr>
                      <td>
                        className
                      </td>
                      <td>
                        string
                      </td>
                      <td>
                        no
                      </td>
                      <td>
                        -
                      </td>
                    </tr>
                    <tr>
                      <td>
                        cols
                      </td>
                      <td>
                        number
                      </td>
                      <td>
                        no
                      </td>
                      <td>
                        -
                      </td>
                    </tr>
                    <tr>
                      <td>
                        error
                      </td>
                      <td>
                        other
                      </td>
                      <td>
                        no
                      </td>
                      <td>
                        -
                      </td>
                    </tr>
                    <tr>
                      <td>
                        label
                      </td>
                      <td>
                        string
                      </td>
                      <td>
                        no
                      </td>
                      <td>
                        -
                      </td>
                    </tr>
                    <tr>
                      <td>
                        name
                      </td>
                      <td>
                        string
                      </td>
                      <td>
                        no
                      </td>
                      <td>
                        -
                      </td>
                    </tr>
                    <tr>
                      <td>
                        onChange
                      </td>
                      <td>
                        func
                      </td>
                      <td>
                        no
                      </td>
                      <td>
                        -
                      </td>
                    </tr>
                    <tr>
                      <td>
                        required
                      </td>
                      <td>
                        bool
                      </td>
                      <td>
                        no
                      </td>
                      <td>
                        -
                      </td>
                    </tr>
                    <tr>
                      <td>
                        style
                      </td>
                      <td>
                        object
                      </td>
                      <td>
                        no
                      </td>
                      <td>
                        -
                      </td>
                    </tr>
                    <tr>
                      <td>
                        totalCols
                      </td>
                      <td>
                        number
                      </td>
                      <td>
                        no
                      </td>
                      <td>
                        -
                      </td>
                    </tr>
                  </tbody>
                </table>
              </div>
            </div>
          </div>
        </div>
      </div>
    </div>


✗ Disabled
  - Snapshot
  + Current story
  
  <div>
      <div
        style={
          Object {
            "position": "relative",
            "zIndex": 0,
          }
        }>
        <fieldset
          className="slds-form-element"
          onChange={[Function]}
          style={undefined}>
          <legend
            className="slds-form-element__label slds-form-element__label--top">
            Checkbox Group Label
          </legend>
          <div
            className="slds-form-element__control">
            <label
              className="slds-checkbox">
              <input
                disabled={true}
                type="checkbox"
                value="1" />
              <span
                className="slds-checkbox--faux" />
              <span
                className="slds-form-element__label">
                Checkbox Label One
              </span>
            </label>
            <label
              className="slds-checkbox">
              <input
                disabled={true}
                type="checkbox"
                value="2" />
              <span
                className="slds-checkbox--faux" />
              <span
                className="slds-form-element__label">
                Checkbox Label Two
              </span>
            </label>
          </div>
        </fieldset>
      </div>
      <a
        onClick={[Function]}
        style={
          Object {
            "background": "#28c",
            "borderRadius": "0 0 0 5px",
            "color": "#fff",
            "cursor": "pointer",
            "display": "block",
            "fontFamily": "sans-serif",
  -         "fontSize": 12,
  +         "fontSize": "12px",
            "padding": "5px 15px",
            "position": "fixed",
            "right": 0,
            "textDecoration": "none",
            "top": 0,
          }
        }>
        ?
      </a>
      <div
        style={
          Object {
            "background": "white",
            "bottom": 0,
            "display": "none",
            "left": 0,
            "overflow": "auto",
            "padding": "0 40px",
            "position": "absolute",
            "right": 0,
            "top": 0,
          }
        }>
        <a
          onClick={[Function]}
          style={
            Object {
              "background": "#28c",
              "borderRadius": "0 0 0 5px",
              "color": "#fff",
              "cursor": "pointer",
              "display": "block",
              "fontFamily": "sans-serif",
  -           "fontSize": 12,
  +           "fontSize": "12px",
              "padding": "5px 15px",
              "position": "fixed",
              "right": 0,
              "textDecoration": "none",
              "top": 0,
            }
          }>
          ×
        </a>
        <div
          style={undefined}>
          <div
            style={
              Object {
                "WebkitFontSmoothing": "antialiased",
                "color": "#444",
                "fontFamily": "
                  -apple-system, ".SFNSText-Regular", "San Francisco", "Roboto",
                  "Segoe UI", "Helvetica Neue", "Lucida Grande", sans-serif
                ",
  -             "fontSize": 15,
  +             "fontSize": "15px",
                "fontWeight": 300,
                "lineHeight": 1.45,
              }
            }>
            <div
              style={
                Object {
                  "borderBottom": "1px solid #eee",
                  "marginBottom": 10,
  +               "paddingTop": 10,
                }
              }>
              <h1
                style={
                  Object {
  -                 "fontSize": 35,
  -                 "margin": "20px 0 0 0",
  +                 "fontSize": "35px",
  +                 "margin": 0,
                    "padding": 0,
                  }
                }>
                Checkbox
              </h1>
              <h2
                style={
                  Object {
  -                 "fontSize": 22,
  +                 "fontSize": "22px",
                    "fontWeight": 400,
                    "margin": "0 0 10px 0",
                    "padding": 0,
                  }
                }>
                Disabled
              </h2>
            </div>
            <div
              style={
                Object {
                  "marginBottom": 0,
                }
              }>
              <p
                style={
                  Object {
                    "WebkitFontSmoothing": "antialiased",
                    "color": "#444",
                    "fontFamily": "
                      -apple-system, ".SFNSText-Regular", "San Francisco", "Roboto",
                      "Segoe UI", "Helvetica Neue", "Lucida Grande", sans-serif
                    ",
  -                 "fontSize": 15,
  +                 "fontSize": "15px",
                  }
                }>
                Checkbox control with disabled status
              </p>
            </div>
            <div>
              <h1
                style={
                  Object {
                    "borderBottom": "1px solid #EEE",
  -                 "fontSize": 25,
  +                 "fontSize": "25px",
                    "margin": "20px 0 0 0",
                    "padding": "0 0 5px 0",
                  }
                }>
                Story Source
              </h1>
              <pre
                style={
                  Object {
                    "backgroundColor": "#fafafa",
                    "fontFamily": "Menlo, Monaco, "Courier New", monospace",
                    "fontSize": ".88em",
                    "lineHeight": 1.5,
                    "overflowX": "scroll",
                    "padding": ".5rem",
                  }
                }>
                <div>
                  <div
                    style={
                      Object {
                        "paddingLeft": 18,
                        "paddingRight": 3,
                      }
                    }>
                    <span
                      style={
                        Object {
                          "color": "#777",
                        }
                      }>
                      <
                      CheckboxGroup
                    </span>
                    <span>
                      <span>
                         
                        <span
                          style={Object {}}>
                          label
                        </span>
                        <span>
                          =
                          <span
                            style={Object {}}>
                            <span
                              style={
                                Object {
                                  "color": "#22a",
                                  "wordBreak": "break-word",
                                }
                              }>
                              "
                              Checkbox Group Label
                              "
                            </span>
                          </span>
                        </span>
                        
                      </span>
                    </span>
                    <span
                      style={
                        Object {
                          "color": "#777",
                        }
                      }>
                      >
                    </span>
                  </div>
                  <div
                    style={
                      Object {
                        "paddingLeft": 33,
                        "paddingRight": 3,
                      }
                    }>
                    <span
                      style={
                        Object {
                          "color": "#777",
                        }
                      }>
                      <
                      Checkbox
                    </span>
                    <span>
                      <span>
                         
                        <span
                          style={Object {}}>
                          label
                        </span>
                        <span>
                          =
                          <span
                            style={Object {}}>
                            <span
                              style={
                                Object {
                                  "color": "#22a",
                                  "wordBreak": "break-word",
                                }
                              }>
                              "
                              Checkbox Label One
                              "
                            </span>
                          </span>
                        </span>
                      </span>
                      <span>
                         
                        <span
                          style={Object {}}>
                          value
                        </span>
                        <span>
                          =
                          <span
                            style={Object {}}>
                            <span
                              style={
                                Object {
                                  "color": "#22a",
                                  "wordBreak": "break-word",
                                }
                              }>
                              "
                              1
                              "
                            </span>
                          </span>
                        </span>
                      </span>
                      <span>
                         
                        <span
                          style={Object {}}>
                          disabled
                        </span>
                         
                      </span>
                    </span>
                    <span
                      style={
                        Object {
                          "color": "#777",
                        }
                      }>
                      />
                    </span>
                  </div>
                  <div
                    style={
                      Object {
                        "paddingLeft": 33,
                        "paddingRight": 3,
                      }
                    }>
                    <span
                      style={
                        Object {
                          "color": "#777",
                        }
                      }>
                      <
                      Checkbox
                    </span>
                    <span>
                      <span>
                         
                        <span
                          style={Object {}}>
                          label
                        </span>
                        <span>
                          =
                          <span
                            style={Object {}}>
                            <span
                              style={
                                Object {
                                  "color": "#22a",
                                  "wordBreak": "break-word",
                                }
                              }>
                              "
                              Checkbox Label Two
                              "
                            </span>
                          </span>
                        </span>
                      </span>
                      <span>
                         
                        <span
                          style={Object {}}>
                          value
                        </span>
                        <span>
                          =
                          <span
                            style={Object {}}>
                            <span
                              style={
                                Object {
                                  "color": "#22a",
                                  "wordBreak": "break-word",
                                }
                              }>
                              "
                              2
                              "
                            </span>
                          </span>
                        </span>
                      </span>
                      <span>
                         
                        <span
                          style={Object {}}>
                          disabled
                        </span>
                         
                      </span>
                    </span>
                    <span
                      style={
                        Object {
                          "color": "#777",
                        }
                      }>
                      />
                    </span>
                  </div>
                  <div
                    style={
                      Object {
                        "paddingLeft": 18,
                        "paddingRight": 3,
                      }
                    }>
                    <span
                      style={
                        Object {
                          "color": "#777",
                        }
                      }>
                      </
                      CheckboxGroup
                      >
                    </span>
                  </div>
                </div>
              </pre>
            </div>
            <div>
              <h1
                style={
                  Object {
                    "borderBottom": "1px solid #EEE",
  -                 "fontSize": 25,
  +                 "fontSize": "25px",
                    "margin": "20px 0 0 0",
                    "padding": "0 0 5px 0",
                  }
                }>
                Prop Types
              </h1>
              <div>
                <h2
                  style={
                    Object {
                      "margin": "20px 0 0 0",
                    }
                  }>
                  "
                  Checkbox
                  " Component
                </h2>
                <table
                  style={
                    Object {
                      "borderCollapse": "separate",
                      "borderSpacing": "10px 5px",
                      "marginLeft": -10,
                    }
                  }>
                  <thead>
                    <tr>
                      <th>
                        property
                      </th>
                      <th>
                        propType
                      </th>
                      <th>
                        required
                      </th>
                      <th>
                        default
                      </th>
                    </tr>
                  </thead>
                  <tbody>
                    <tr>
                      <td>
                        grouped
                      </td>
                      <td>
                        bool
                      </td>
                      <td>
                        no
                      </td>
                      <td>
                        -
                      </td>
                    </tr>
                    <tr>
                      <td>
                        className
                      </td>
                      <td>
                        string
                      </td>
                      <td>
                        no
                      </td>
                      <td>
                        -
                      </td>
                    </tr>
                    <tr>
                      <td>
                        checked
                      </td>
                      <td>
                        bool
                      </td>
                      <td>
                        no
                      </td>
                      <td>
                        -
                      </td>
                    </tr>
                    <tr>
                      <td>
                        checkboxRef
                      </td>
                      <td>
                        func
                      </td>
                      <td>
                        no
                      </td>
                      <td>
                        -
                      </td>
                    </tr>
                    <tr>
                      <td>
                        cols
                      </td>
                      <td>
                        number
                      </td>
                      <td>
                        no
                      </td>
                      <td>
                        -
                      </td>
                    </tr>
                    <tr>
                      <td>
                        defaultChecked
                      </td>
                      <td>
                        bool
                      </td>
                      <td>
                        no
                      </td>
                      <td>
                        -
                      </td>
                    </tr>
                    <tr>
                      <td>
                        error
                      </td>
                      <td>
                        other
                      </td>
                      <td>
                        no
                      </td>
                      <td>
                        -
                      </td>
                    </tr>
                    <tr>
                      <td>
                        label
                      </td>
                      <td>
                        string
                      </td>
                      <td>
                        no
                      </td>
                      <td>
                        -
                      </td>
                    </tr>
                    <tr>
                      <td>
                        name
                      </td>
                      <td>
                        string
                      </td>
                      <td>
                        no
                      </td>
                      <td>
                        -
                      </td>
                    </tr>
                    <tr>
                      <td>
                        required
                      </td>
                      <td>
                        bool
                      </td>
                      <td>
                        no
                      </td>
                      <td>
                        -
                      </td>
                    </tr>
                    <tr>
                      <td>
                        totalCols
                      </td>
                      <td>
                        number
                      </td>
                      <td>
                        no
                      </td>
                      <td>
                        -
                      </td>
                    </tr>
                    <tr>
                      <td>
                        value
                      </td>
                      <td>
                        other
                      </td>
                      <td>
                        no
                      </td>
                      <td>
                        -
                      </td>
                    </tr>
                  </tbody>
                </table>
              </div>
              <div>
                <h2
                  style={
                    Object {
                      "margin": "20px 0 0 0",
                    }
                  }>
                  "
                  CheckboxGroup
                  " Component
                </h2>
                <table
                  style={
                    Object {
                      "borderCollapse": "separate",
                      "borderSpacing": "10px 5px",
                      "marginLeft": -10,
                    }
                  }>
                  <thead>
                    <tr>
                      <th>
                        property
                      </th>
                      <th>
                        propType
                      </th>
                      <th>
                        required
                      </th>
                      <th>
                        default
                      </th>
                    </tr>
                  </thead>
                  <tbody>
                    <tr>
                      <td>
                        children
                      </td>
                      <td>
                        node
                      </td>
                      <td>
                        no
                      </td>
                      <td>
                        -
                      </td>
                    </tr>
                    <tr>
                      <td>
                        className
                      </td>
                      <td>
                        string
                      </td>
                      <td>
                        no
                      </td>
                      <td>
                        -
                      </td>
                    </tr>
                    <tr>
                      <td>
                        cols
                      </td>
                      <td>
                        number
                      </td>
                      <td>
                        no
                      </td>
                      <td>
                        -
                      </td>
                    </tr>
                    <tr>
                      <td>
                        error
                      </td>
                      <td>
                        other
                      </td>
                      <td>
                        no
                      </td>
                      <td>
                        -
                      </td>
                    </tr>
                    <tr>
                      <td>
                        label
                      </td>
                      <td>
                        string
                      </td>
                      <td>
                        no
                      </td>
                      <td>
                        -
                      </td>
                    </tr>
                    <tr>
                      <td>
                        name
                      </td>
                      <td>
                        string
                      </td>
                      <td>
                        no
                      </td>
                      <td>
                        -
                      </td>
                    </tr>
                    <tr>
                      <td>
                        onChange
                      </td>
                      <td>
                        func
                      </td>
                      <td>
                        no
                      </td>
                      <td>
                        -
                      </td>
                    </tr>
                    <tr>
                      <td>
                        required
                      </td>
                      <td>
                        bool
                      </td>
                      <td>
                        no
                      </td>
                      <td>
                        -
                      </td>
                    </tr>
                    <tr>
                      <td>
                        style
                      </td>
                      <td>
                        object
                      </td>
                      <td>
                        no
                      </td>
                      <td>
                        -
                      </td>
                    </tr>
                    <tr>
                      <td>
                        totalCols
                      </td>
                      <td>
                        number
                      </td>
                      <td>
                        no
                      </td>
                      <td>
                        -
                      </td>
                    </tr>
                  </tbody>
                </table>
              </div>
            </div>
          </div>
        </div>
      </div>
    </div>


Select

✗ Controlled with knobs
  - Snapshot
  + Current story
  
  <div>
      <div
        style={
          Object {
            "position": "relative",
            "zIndex": 0,
          }
        }>
        <div
          className="slds-form-element">
          <label
            className="slds-form-element__label"
            htmlFor="form-element-$uuid$">
            Select Label
          </label>
          <div
            className="slds-form-element__control">
            <select
              className="slds-select"
              disabled={undefined}
              id="form-element-$uuid$"
              onBlur={[Function]}
              onChange={[Function]}
              value={undefined}>
              <option
  -             label="Option One"
  -             value="1" />
  +             value="1">
  +             Option One
  +           </option>
              <option
  -             label="Option Two"
  -             value="2" />
  +             value="2">
  +             Option Two
  +           </option>
              <option
  -             label="Option Three"
  -             value="3" />
  +             value="3">
  +             Option Three
  +           </option>
            </select>
          </div>
        </div>
      </div>
      <a
        onClick={[Function]}
        style={
          Object {
            "background": "#28c",
            "borderRadius": "0 0 0 5px",
            "color": "#fff",
            "cursor": "pointer",
            "display": "block",
            "fontFamily": "sans-serif",
  -         "fontSize": 12,
  +         "fontSize": "12px",
            "padding": "5px 15px",
            "position": "fixed",
            "right": 0,
            "textDecoration": "none",
            "top": 0,
          }
        }>
        ?
      </a>
      <div
        style={
          Object {
            "background": "white",
            "bottom": 0,
            "display": "none",
            "left": 0,
            "overflow": "auto",
            "padding": "0 40px",
            "position": "absolute",
            "right": 0,
            "top": 0,
          }
        }>
        <a
          onClick={[Function]}
          style={
            Object {
              "background": "#28c",
              "borderRadius": "0 0 0 5px",
              "color": "#fff",
              "cursor": "pointer",
              "display": "block",
              "fontFamily": "sans-serif",
  -           "fontSize": 12,
  +           "fontSize": "12px",
              "padding": "5px 15px",
              "position": "fixed",
              "right": 0,
              "textDecoration": "none",
              "top": 0,
            }
          }>
          ×
        </a>
        <div
          style={undefined}>
          <div
            style={
              Object {
                "WebkitFontSmoothing": "antialiased",
                "color": "#444",
                "fontFamily": "
                  -apple-system, ".SFNSText-Regular", "San Francisco", "Roboto",
                  "Segoe UI", "Helvetica Neue", "Lucida Grande", sans-serif
                ",
  -             "fontSize": 15,
  +             "fontSize": "15px",
                "fontWeight": 300,
                "lineHeight": 1.45,
              }
            }>
            <div
              style={
                Object {
                  "borderBottom": "1px solid #eee",
                  "marginBottom": 10,
  +               "paddingTop": 10,
                }
              }>
              <h1
                style={
                  Object {
  -                 "fontSize": 35,
  -                 "margin": "20px 0 0 0",
  +                 "fontSize": "35px",
  +                 "margin": 0,
                    "padding": 0,
                  }
                }>
                Select
              </h1>
              <h2
                style={
                  Object {
  -                 "fontSize": 22,
  +                 "fontSize": "22px",
                    "fontWeight": 400,
                    "margin": "0 0 10px 0",
                    "padding": 0,
                  }
                }>
                Controlled with knobs
              </h2>
            </div>
            <div
              style={
                Object {
                  "marginBottom": 0,
                }
              }>
              <p
                style={
                  Object {
                    "WebkitFontSmoothing": "antialiased",
                    "color": "#444",
                    "fontFamily": "
                      -apple-system, ".SFNSText-Regular", "San Francisco", "Roboto",
                      "Segoe UI", "Helvetica Neue", "Lucida Grande", sans-serif
                    ",
  -                 "fontSize": 15,
  +                 "fontSize": "15px",
                  }
                }>
                Select controlled with knobs
              </p>
            </div>
            <div>
              <h1
                style={
                  Object {
                    "borderBottom": "1px solid #EEE",
  -                 "fontSize": 25,
  +                 "fontSize": "25px",
                    "margin": "20px 0 0 0",
                    "padding": "0 0 5px 0",
                  }
                }>
                Story Source
              </h1>
              <pre
                style={
                  Object {
                    "backgroundColor": "#fafafa",
                    "fontFamily": "Menlo, Monaco, "Courier New", monospace",
                    "fontSize": ".88em",
                    "lineHeight": 1.5,
                    "overflowX": "scroll",
                    "padding": ".5rem",
                  }
                }>
                <div>
                  <div
                    style={
                      Object {
                        "paddingLeft": 18,
                        "paddingRight": 3,
                      }
                    }>
                    <span
                      style={
                        Object {
                          "color": "#777",
                        }
                      }>
                      <
                      Select
                    </span>
                    <span>
                      <span>
                        <span>
                          <br />
                            
                        </span>
                        <span
                          style={Object {}}>
                          label
                        </span>
                        <span>
                          =
                          <span
                            style={Object {}}>
                            <span
                              style={
                                Object {
                                  "color": "#22a",
                                  "wordBreak": "break-word",
                                }
                              }>
                              "
                              Select Label
                              "
                            </span>
                          </span>
                        </span>
                      </span>
                      <span>
                        <span>
                          <br />
                            
                        </span>
                        <span
                          style={Object {}}>
                          error
                        </span>
                        <span>
                          =
                          <span
                            style={Object {}}>
                            <span>
                              {
                              <span
                                style={
                                  Object {
                                    "color": "#777",
                                  }
                                }>
                                undefined
                              </span>
                              }
                            </span>
                          </span>
                        </span>
                      </span>
                      <span>
                        <span>
                          <br />
                            
                        </span>
                        <span
                          style={Object {}}>
                          required
                        </span>
                        <span>
                          =
                          <span
                            style={Object {}}>
                            <span>
                              {
                              <span
                                style={
                                  Object {
                                    "color": "#777",
                                  }
                                }>
                                undefined
                              </span>
                              }
                            </span>
                          </span>
                        </span>
                      </span>
                      <span>
                        <span>
                          <br />
                            
                        </span>
                        <span
                          style={Object {}}>
                          value
                        </span>
                        <span>
                          =
                          <span
                            style={Object {}}>
                            <span>
                              {
                              <span
                                style={
                                  Object {
                                    "color": "#777",
                                  }
                                }>
                                undefined
                              </span>
                              }
                            </span>
                          </span>
                        </span>
                      </span>
                      <span>
                        <span>
                          <br />
                            
                        </span>
                        <span
                          style={Object {}}>
                          disabled
                        </span>
                        <span>
                          =
                          <span
                            style={Object {}}>
                            <span>
                              {
                              <span
                                style={
                                  Object {
                                    "color": "#777",
                                  }
                                }>
                                undefined
                              </span>
                              }
                            </span>
                          </span>
                        </span>
                      </span>
                      <span>
                        <span>
                          <br />
                            
                        </span>
                        <span
                          style={Object {}}>
                          onChange
                        </span>
                        <span>
                          =
                          <span
                            style={Object {}}>
                            <span>
                              {
                              <span
                                style={
                                  Object {
                                    "color": "#170",
                                  }
                                }>
  -                             anonymous()
  +                             change()
                              </span>
                              }
                            </span>
                          </span>
                        </span>
                      </span>
                      <span>
                        <span>
                          <br />
                            
                        </span>
                        <span
                          style={Object {}}>
                          onBlur
                        </span>
                        <span>
                          =
                          <span
                            style={Object {}}>
                            <span>
                              {
                              <span
                                style={
                                  Object {
                                    "color": "#170",
                                  }
                                }>
  -                             anonymous()
  +                             blur()
                              </span>
                              }
                            </span>
                          </span>
                        </span>
                        <br />
                      </span>
                    </span>
                    <span
                      style={
                        Object {
                          "color": "#777",
                        }
                      }>
                      >
                    </span>
                  </div>
                  <div
                    style={
                      Object {
                        "paddingLeft": 33,
                        "paddingRight": 3,
                      }
                    }>
                    <span
                      style={
                        Object {
                          "color": "#777",
                        }
                      }>
                      <
                      Option
                    </span>
                    <span>
                      <span>
                         
                        <span
                          style={Object {}}>
                          label
                        </span>
                        <span>
                          =
                          <span
                            style={Object {}}>
                            <span
                              style={
                                Object {
                                  "color": "#22a",
                                  "wordBreak": "break-word",
                                }
                              }>
                              "
                              Option One
                              "
                            </span>
                          </span>
                        </span>
                      </span>
                      <span>
                         
                        <span
                          style={Object {}}>
                          value
                        </span>
                        <span>
                          =
                          <span
                            style={Object {}}>
                            <span
                              style={
                                Object {
                                  "color": "#22a",
                                  "wordBreak": "break-word",
                                }
                              }>
                              "
                              1
                              "
                            </span>
                          </span>
                        </span>
                         
                      </span>
                    </span>
                    <span
                      style={
                        Object {
                          "color": "#777",
                        }
                      }>
                      />
                    </span>
                  </div>
                  <div
                    style={
                      Object {
                        "paddingLeft": 33,
                        "paddingRight": 3,
                      }
                    }>
                    <span
                      style={
                        Object {
                          "color": "#777",
                        }
                      }>
                      <
                      Option
                    </span>
                    <span>
                      <span>
                         
                        <span
                          style={Object {}}>
                          label
                        </span>
                        <span>
                          =
                          <span
                            style={Object {}}>
                            <span
                              style={
                                Object {
                                  "color": "#22a",
                                  "wordBreak": "break-word",
                                }
                              }>
                              "
                              Option Two
                              "
                            </span>
                          </span>
                        </span>
                      </span>
                      <span>
                         
                        <span
                          style={Object {}}>
                          value
                        </span>
                        <span>
                          =
                          <span
                            style={Object {}}>
                            <span
                              style={
                                Object {
                                  "color": "#22a",
                                  "wordBreak": "break-word",
                                }
                              }>
                              "
                              2
                              "
                            </span>
                          </span>
                        </span>
                         
                      </span>
                    </span>
                    <span
                      style={
                        Object {
                          "color": "#777",
                        }
                      }>
                      />
                    </span>
                  </div>
                  <div
                    style={
                      Object {
                        "paddingLeft": 33,
                        "paddingRight": 3,
                      }
                    }>
                    <span
                      style={
                        Object {
                          "color": "#777",
                        }
                      }>
                      <
                      Option
                    </span>
                    <span>
                      <span>
                         
                        <span
                          style={Object {}}>
                          label
                        </span>
                        <span>
                          =
                          <span
                            style={Object {}}>
                            <span
                              style={
                                Object {
                                  "color": "#22a",
                                  "wordBreak": "break-word",
                                }
                              }>
                              "
                              Option Three
                              "
                            </span>
                          </span>
                        </span>
                      </span>
                      <span>
                         
                        <span
                          style={Object {}}>
                          value
                        </span>
                        <span>
                          =
                          <span
                            style={Object {}}>
                            <span
                              style={
                                Object {
                                  "color": "#22a",
                                  "wordBreak": "break-word",
                                }
                              }>
                              "
                              3
                              "
                            </span>
                          </span>
                        </span>
                         
                      </span>
                    </span>
                    <span
                      style={
                        Object {
                          "color": "#777",
                        }
                      }>
                      />
                    </span>
                  </div>
                  <div
                    style={
                      Object {
                        "paddingLeft": 18,
                        "paddingRight": 3,
                      }
                    }>
                    <span
                      style={
                        Object {
                          "color": "#777",
                        }
                      }>
                      </
                      Select
                      >
                    </span>
                  </div>
                </div>
              </pre>
            </div>
            <div>
              <h1
                style={
                  Object {
                    "borderBottom": "1px solid #EEE",
  -                 "fontSize": 25,
  +                 "fontSize": "25px",
                    "margin": "20px 0 0 0",
                    "padding": "0 0 5px 0",
                  }
                }>
                Prop Types
              </h1>
              <div>
                <h2
                  style={
                    Object {
                      "margin": "20px 0 0 0",
                    }
                  }>
                  "
                  Option
                  " Component
                </h2>
                <small>
                  No propTypes defined!
                </small>
              </div>
              <div>
                <h2
                  style={
                    Object {
                      "margin": "20px 0 0 0",
                    }
                  }>
                  "
                  Select
                  " Component
                </h2>
                <table
                  style={
                    Object {
                      "borderCollapse": "separate",
                      "borderSpacing": "10px 5px",
                      "marginLeft": -10,
                    }
                  }>
                  <thead>
                    <tr>
                      <th>
                        property
                      </th>
                      <th>
                        propType
                      </th>
                      <th>
                        required
                      </th>
                      <th>
                        default
                      </th>
                    </tr>
                  </thead>
                  <tbody>
                    <tr>
                      <td>
                        className
                      </td>
                      <td>
                        string
                      </td>
                      <td>
                        no
                      </td>
                      <td>
                        -
                      </td>
                    </tr>
                    <tr>
                      <td>
                        cols
                      </td>
                      <td>
                        number
                      </td>
                      <td>
                        no
                      </td>
                      <td>
                        -
                      </td>
                    </tr>
                    <tr>
                      <td>
                        error
                      </td>
                      <td>
                        other
                      </td>
                      <td>
                        no
                      </td>
                      <td>
                        -
                      </td>
                    </tr>
                    <tr>
                      <td>
                        id
                      </td>
                      <td>
                        string
                      </td>
                      <td>
                        no
                      </td>
                      <td>
                        -
                      </td>
                    </tr>
                    <tr>
                      <td>
                        label
                      </td>
                      <td>
                        string
                      </td>
                      <td>
                        no
                      </td>
                      <td>
                        -
                      </td>
                    </tr>
                    <tr>
                      <td>
                        onChange
                      </td>
                      <td>
                        func
                      </td>
                      <td>
                        no
                      </td>
                      <td>
                        -
                      </td>
                    </tr>
                    <tr>
                      <td>
                        required
                      </td>
                      <td>
                        bool
                      </td>
                      <td>
                        no
                      </td>
                      <td>
                        -
                      </td>
                    </tr>
                    <tr>
                      <td>
                        totalCols
                      </td>
                      <td>
                        number
                      </td>
                      <td>
                        no
                      </td>
                      <td>
                        -
                      </td>
                    </tr>
                  </tbody>
                </table>
              </div>
            </div>
          </div>
        </div>
      </div>
    </div>


✗ Default
  - Snapshot
  + Current story
  
  <div>
      <div
        style={
          Object {
            "position": "relative",
            "zIndex": 0,
          }
        }>
        <div
          className="slds-form-element">
          <label
            className="slds-form-element__label"
            htmlFor="form-element-$uuid$">
            Select Label
          </label>
          <div
            className="slds-form-element__control">
            <select
              className="slds-select"
              id="form-element-$uuid$"
              onBlur={[Function]}
              onChange={[Function]}>
              <option
  -             label="Option One"
  -             value="1" />
  +             value="1">
  +             Option One
  +           </option>
              <option
  -             label="Option Two"
  -             value="2" />
  +             value="2">
  +             Option Two
  +           </option>
              <option
  -             label="Option Three"
  -             value="3" />
  +             value="3">
  +             Option Three
  +           </option>
            </select>
          </div>
        </div>
      </div>
      <a
        onClick={[Function]}
        style={
          Object {
            "background": "#28c",
            "borderRadius": "0 0 0 5px",
            "color": "#fff",
            "cursor": "pointer",
            "display": "block",
            "fontFamily": "sans-serif",
  -         "fontSize": 12,
  +         "fontSize": "12px",
            "padding": "5px 15px",
            "position": "fixed",
            "right": 0,
            "textDecoration": "none",
            "top": 0,
          }
        }>
        ?
      </a>
      <div
        style={
          Object {
            "background": "white",
            "bottom": 0,
            "display": "none",
            "left": 0,
            "overflow": "auto",
            "padding": "0 40px",
            "position": "absolute",
            "right": 0,
            "top": 0,
          }
        }>
        <a
          onClick={[Function]}
          style={
            Object {
              "background": "#28c",
              "borderRadius": "0 0 0 5px",
              "color": "#fff",
              "cursor": "pointer",
              "display": "block",
              "fontFamily": "sans-serif",
  -           "fontSize": 12,
  +           "fontSize": "12px",
              "padding": "5px 15px",
              "position": "fixed",
              "right": 0,
              "textDecoration": "none",
              "top": 0,
            }
          }>
          ×
        </a>
        <div
          style={undefined}>
          <div
            style={
              Object {
                "WebkitFontSmoothing": "antialiased",
                "color": "#444",
                "fontFamily": "
                  -apple-system, ".SFNSText-Regular", "San Francisco", "Roboto",
                  "Segoe UI", "Helvetica Neue", "Lucida Grande", sans-serif
                ",
  -             "fontSize": 15,
  +             "fontSize": "15px",
                "fontWeight": 300,
                "lineHeight": 1.45,
              }
            }>
            <div
              style={
                Object {
                  "borderBottom": "1px solid #eee",
                  "marginBottom": 10,
  +               "paddingTop": 10,
                }
              }>
              <h1
                style={
                  Object {
  -                 "fontSize": 35,
  -                 "margin": "20px 0 0 0",
  +                 "fontSize": "35px",
  +                 "margin": 0,
                    "padding": 0,
                  }
                }>
                Select
              </h1>
              <h2
                style={
                  Object {
  -                 "fontSize": 22,
  +                 "fontSize": "22px",
                    "fontWeight": 400,
                    "margin": "0 0 10px 0",
                    "padding": 0,
                  }
                }>
                Default
              </h2>
            </div>
            <div
              style={
                Object {
                  "marginBottom": 0,
                }
              }>
              <p
                style={
                  Object {
                    "WebkitFontSmoothing": "antialiased",
                    "color": "#444",
                    "fontFamily": "
                      -apple-system, ".SFNSText-Regular", "San Francisco", "Roboto",
                      "Segoe UI", "Helvetica Neue", "Lucida Grande", sans-serif
                    ",
  -                 "fontSize": 15,
  +                 "fontSize": "15px",
                  }
                }>
                Default Select control
              </p>
            </div>
            <div>
              <h1
                style={
                  Object {
                    "borderBottom": "1px solid #EEE",
  -                 "fontSize": 25,
  +                 "fontSize": "25px",
                    "margin": "20px 0 0 0",
                    "padding": "0 0 5px 0",
                  }
                }>
                Story Source
              </h1>
              <pre
                style={
                  Object {
                    "backgroundColor": "#fafafa",
                    "fontFamily": "Menlo, Monaco, "Courier New", monospace",
                    "fontSize": ".88em",
                    "lineHeight": 1.5,
                    "overflowX": "scroll",
                    "padding": ".5rem",
                  }
                }>
                <div>
                  <div
                    style={
                      Object {
                        "paddingLeft": 18,
                        "paddingRight": 3,
                      }
                    }>
                    <span
                      style={
                        Object {
                          "color": "#777",
                        }
                      }>
                      <
                      Select
                    </span>
                    <span>
                      <span>
                         
                        <span
                          style={Object {}}>
                          label
                        </span>
                        <span>
                          =
                          <span
                            style={Object {}}>
                            <span
                              style={
                                Object {
                                  "color": "#22a",
                                  "wordBreak": "break-word",
                                }
                              }>
                              "
                              Select Label
                              "
                            </span>
                          </span>
                        </span>
                      </span>
                      <span>
                         
                        <span
                          style={Object {}}>
                          onChange
                        </span>
                        <span>
                          =
                          <span
                            style={Object {}}>
                            <span>
                              {
                              <span
                                style={
                                  Object {
                                    "color": "#170",
                                  }
                                }>
  -                             anonymous()
  +                             change()
                              </span>
                              }
                            </span>
                          </span>
                        </span>
                      </span>
                      <span>
                         
                        <span
                          style={Object {}}>
                          onBlur
                        </span>
                        <span>
                          =
                          <span
                            style={Object {}}>
                            <span>
                              {
                              <span
                                style={
                                  Object {
                                    "color": "#170",
                                  }
                                }>
  -                             anonymous()
  +                             blur()
                              </span>
                              }
                            </span>
                          </span>
                        </span>
                        
                      </span>
                    </span>
                    <span
                      style={
                        Object {
                          "color": "#777",
                        }
                      }>
                      >
                    </span>
                  </div>
                  <div
                    style={
                      Object {
                        "paddingLeft": 33,
                        "paddingRight": 3,
                      }
                    }>
                    <span
                      style={
                        Object {
                          "color": "#777",
                        }
                      }>
                      <
                      Option
                    </span>
                    <span>
                      <span>
                         
                        <span
                          style={Object {}}>
                          label
                        </span>
                        <span>
                          =
                          <span
                            style={Object {}}>
                            <span
                              style={
                                Object {
                                  "color": "#22a",
                                  "wordBreak": "break-word",
                                }
                              }>
                              "
                              Option One
                              "
                            </span>
                          </span>
                        </span>
                      </span>
                      <span>
                         
                        <span
                          style={Object {}}>
                          value
                        </span>
                        <span>
                          =
                          <span
                            style={Object {}}>
                            <span
                              style={
                                Object {
                                  "color": "#22a",
                                  "wordBreak": "break-word",
                                }
                              }>
                              "
                              1
                              "
                            </span>
                          </span>
                        </span>
                         
                      </span>
                    </span>
                    <span
                      style={
                        Object {
                          "color": "#777",
                        }
                      }>
                      />
                    </span>
                  </div>
                  <div
                    style={
                      Object {
                        "paddingLeft": 33,
                        "paddingRight": 3,
                      }
                    }>
                    <span
                      style={
                        Object {
                          "color": "#777",
                        }
                      }>
                      <
                      Option
                    </span>
                    <span>
                      <span>
                         
                        <span
                          style={Object {}}>
                          label
                        </span>
                        <span>
                          =
                          <span
                            style={Object {}}>
                            <span
                              style={
                                Object {
                                  "color": "#22a",
                                  "wordBreak": "break-word",
                                }
                              }>
                              "
                              Option Two
                              "
                            </span>
                          </span>
                        </span>
                      </span>
                      <span>
                         
                        <span
                          style={Object {}}>
                          value
                        </span>
                        <span>
                          =
                          <span
                            style={Object {}}>
                            <span
                              style={
                                Object {
                                  "color": "#22a",
                                  "wordBreak": "break-word",
                                }
                              }>
                              "
                              2
                              "
                            </span>
                          </span>
                        </span>
                         
                      </span>
                    </span>
                    <span
                      style={
                        Object {
                          "color": "#777",
                        }
                      }>
                      />
                    </span>
                  </div>
                  <div
                    style={
                      Object {
                        "paddingLeft": 33,
                        "paddingRight": 3,
                      }
                    }>
                    <span
                      style={
                        Object {
                          "color": "#777",
                        }
                      }>
                      <
                      Option
                    </span>
                    <span>
                      <span>
                         
                        <span
                          style={Object {}}>
                          label
                        </span>
                        <span>
                          =
                          <span
                            style={Object {}}>
                            <span
                              style={
                                Object {
                                  "color": "#22a",
                                  "wordBreak": "break-word",
                                }
                              }>
                              "
                              Option Three
                              "
                            </span>
                          </span>
                        </span>
                      </span>
                      <span>
                         
                        <span
                          style={Object {}}>
                          value
                        </span>
                        <span>
                          =
                          <span
                            style={Object {}}>
                            <span
                              style={
                                Object {
                                  "color": "#22a",
                                  "wordBreak": "break-word",
                                }
                              }>
                              "
                              3
                              "
                            </span>
                          </span>
                        </span>
                         
                      </span>
                    </span>
                    <span
                      style={
                        Object {
                          "color": "#777",
                        }
                      }>
                      />
                    </span>
                  </div>
                  <div
                    style={
                      Object {
                        "paddingLeft": 18,
                        "paddingRight": 3,
                      }
                    }>
                    <span
                      style={
                        Object {
                          "color": "#777",
                        }
                      }>
                      </
                      Select
                      >
                    </span>
                  </div>
                </div>
              </pre>
            </div>
            <div>
              <h1
                style={
                  Object {
                    "borderBottom": "1px solid #EEE",
  -                 "fontSize": 25,
  +                 "fontSize": "25px",
                    "margin": "20px 0 0 0",
                    "padding": "0 0 5px 0",
                  }
                }>
                Prop Types
              </h1>
              <div>
                <h2
                  style={
                    Object {
                      "margin": "20px 0 0 0",
                    }
                  }>
                  "
                  Option
                  " Component
                </h2>
                <small>
                  No propTypes defined!
                </small>
              </div>
              <div>
                <h2
                  style={
                    Object {
                      "margin": "20px 0 0 0",
                    }
                  }>
                  "
                  Select
                  " Component
                </h2>
                <table
                  style={
                    Object {
                      "borderCollapse": "separate",
                      "borderSpacing": "10px 5px",
                      "marginLeft": -10,
                    }
                  }>
                  <thead>
                    <tr>
                      <th>
                        property
                      </th>
                      <th>
                        propType
                      </th>
                      <th>
                        required
                      </th>
                      <th>
                        default
                      </th>
                    </tr>
                  </thead>
                  <tbody>
                    <tr>
                      <td>
                        className
                      </td>
                      <td>
                        string
                      </td>
                      <td>
                        no
                      </td>
                      <td>
                        -
                      </td>
                    </tr>
                    <tr>
                      <td>
                        cols
                      </td>
                      <td>
                        number
                      </td>
                      <td>
                        no
                      </td>
                      <td>
                        -
                      </td>
                    </tr>
                    <tr>
                      <td>
                        error
                      </td>
                      <td>
                        other
                      </td>
                      <td>
                        no
                      </td>
                      <td>
                        -
                      </td>
                    </tr>
                    <tr>
                      <td>
                        id
                      </td>
                      <td>
                        string
                      </td>
                      <td>
                        no
                      </td>
                      <td>
                        -
                      </td>
                    </tr>
                    <tr>
                      <td>
                        label
                      </td>
                      <td>
                        string
                      </td>
                      <td>
                        no
                      </td>
                      <td>
                        -
                      </td>
                    </tr>
                    <tr>
                      <td>
                        onChange
                      </td>
                      <td>
                        func
                      </td>
                      <td>
                        no
                      </td>
                      <td>
                        -
                      </td>
                    </tr>
                    <tr>
                      <td>
                        required
                      </td>
                      <td>
                        bool
                      </td>
                      <td>
                        no
                      </td>
                      <td>
                        -
                      </td>
                    </tr>
                    <tr>
                      <td>
                        totalCols
                      </td>
                      <td>
                        number
                      </td>
                      <td>
                        no
                      </td>
                      <td>
                        -
                      </td>
                    </tr>
                  </tbody>
                </table>
              </div>
            </div>
          </div>
        </div>
      </div>
    </div>


✗ Required
  - Snapshot
  + Current story
  
  <div>
      <div
        style={
          Object {
            "position": "relative",
            "zIndex": 0,
          }
        }>
        <div
          className="slds-form-element">
          <label
            className="slds-form-element__label"
            htmlFor="form-element-$uuid$">
            Select Label
            <abbr
              className="slds-required">
              *
            </abbr>
          </label>
          <div
            className="slds-form-element__control">
            <select
              className="slds-select"
              id="form-element-$uuid$"
              onBlur={[Function]}
              onChange={[Function]}>
              <option
  -             label="Option One"
  -             value="1" />
  +             value="1">
  +             Option One
  +           </option>
              <option
  -             label="Option Two"
  -             value="2" />
  +             value="2">
  +             Option Two
  +           </option>
              <option
  -             label="Option Three"
  -             value="3" />
  +             value="3">
  +             Option Three
  +           </option>
            </select>
          </div>
        </div>
      </div>
      <a
        onClick={[Function]}
        style={
          Object {
            "background": "#28c",
            "borderRadius": "0 0 0 5px",
            "color": "#fff",
            "cursor": "pointer",
            "display": "block",
            "fontFamily": "sans-serif",
  -         "fontSize": 12,
  +         "fontSize": "12px",
            "padding": "5px 15px",
            "position": "fixed",
            "right": 0,
            "textDecoration": "none",
            "top": 0,
          }
        }>
        ?
      </a>
      <div
        style={
          Object {
            "background": "white",
            "bottom": 0,
            "display": "none",
            "left": 0,
            "overflow": "auto",
            "padding": "0 40px",
            "position": "absolute",
            "right": 0,
            "top": 0,
          }
        }>
        <a
          onClick={[Function]}
          style={
            Object {
              "background": "#28c",
              "borderRadius": "0 0 0 5px",
              "color": "#fff",
              "cursor": "pointer",
              "display": "block",
              "fontFamily": "sans-serif",
  -           "fontSize": 12,
  +           "fontSize": "12px",
              "padding": "5px 15px",
              "position": "fixed",
              "right": 0,
              "textDecoration": "none",
              "top": 0,
            }
          }>
          ×
        </a>
        <div
          style={undefined}>
          <div
            style={
              Object {
                "WebkitFontSmoothing": "antialiased",
                "color": "#444",
                "fontFamily": "
                  -apple-system, ".SFNSText-Regular", "San Francisco", "Roboto",
                  "Segoe UI", "Helvetica Neue", "Lucida Grande", sans-serif
                ",
  -             "fontSize": 15,
  +             "fontSize": "15px",
                "fontWeight": 300,
                "lineHeight": 1.45,
              }
            }>
            <div
              style={
                Object {
                  "borderBottom": "1px solid #eee",
                  "marginBottom": 10,
  +               "paddingTop": 10,
                }
              }>
              <h1
                style={
                  Object {
  -                 "fontSize": 35,
  -                 "margin": "20px 0 0 0",
  +                 "fontSize": "35px",
  +                 "margin": 0,
                    "padding": 0,
                  }
                }>
                Select
              </h1>
              <h2
                style={
                  Object {
  -                 "fontSize": 22,
  +                 "fontSize": "22px",
                    "fontWeight": 400,
                    "margin": "0 0 10px 0",
                    "padding": 0,
                  }
                }>
                Required
              </h2>
            </div>
            <div
              style={
                Object {
                  "marginBottom": 0,
                }
              }>
              <p
                style={
                  Object {
                    "WebkitFontSmoothing": "antialiased",
                    "color": "#444",
                    "fontFamily": "
                      -apple-system, ".SFNSText-Regular", "San Francisco", "Roboto",
                      "Segoe UI", "Helvetica Neue", "Lucida Grande", sans-serif
                    ",
  -                 "fontSize": 15,
  +                 "fontSize": "15px",
                  }
                }>
                Select control with required attribute
              </p>
            </div>
            <div>
              <h1
                style={
                  Object {
                    "borderBottom": "1px solid #EEE",
  -                 "fontSize": 25,
  +                 "fontSize": "25px",
                    "margin": "20px 0 0 0",
                    "padding": "0 0 5px 0",
                  }
                }>
                Story Source
              </h1>
              <pre
                style={
                  Object {
                    "backgroundColor": "#fafafa",
                    "fontFamily": "Menlo, Monaco, "Courier New", monospace",
                    "fontSize": ".88em",
                    "lineHeight": 1.5,
                    "overflowX": "scroll",
                    "padding": ".5rem",
                  }
                }>
                <div>
                  <div
                    style={
                      Object {
                        "paddingLeft": 18,
                        "paddingRight": 3,
                      }
                    }>
                    <span
                      style={
                        Object {
                          "color": "#777",
                        }
                      }>
                      <
                      Select
                    </span>
                    <span>
                      <span>
                        <span>
                          <br />
                            
                        </span>
                        <span
                          style={Object {}}>
                          label
                        </span>
                        <span>
                          =
                          <span
                            style={Object {}}>
                            <span
                              style={
                                Object {
                                  "color": "#22a",
                                  "wordBreak": "break-word",
                                }
                              }>
                              "
                              Select Label
                              "
                            </span>
                          </span>
                        </span>
                      </span>
                      <span>
                        <span>
                          <br />
                            
                        </span>
                        <span
                          style={Object {}}>
                          required
                        </span>
                      </span>
                      <span>
                        <span>
                          <br />
                            
                        </span>
                        <span
                          style={Object {}}>
                          onChange
                        </span>
                        <span>
                          =
                          <span
                            style={Object {}}>
                            <span>
                              {
                              <span
                                style={
                                  Object {
                                    "color": "#170",
                                  }
                                }>
  -                             anonymous()
  +                             change()
                              </span>
                              }
                            </span>
                          </span>
                        </span>
                      </span>
                      <span>
                        <span>
                          <br />
                            
                        </span>
                        <span
                          style={Object {}}>
                          onBlur
                        </span>
                        <span>
                          =
                          <span
                            style={Object {}}>
                            <span>
                              {
                              <span
                                style={
                                  Object {
                                    "color": "#170",
                                  }
                                }>
  -                             anonymous()
  +                             blur()
                              </span>
                              }
                            </span>
                          </span>
                        </span>
                        <br />
                      </span>
                    </span>
                    <span
                      style={
                        Object {
                          "color": "#777",
                        }
                      }>
                      >
                    </span>
                  </div>
                  <div
                    style={
                      Object {
                        "paddingLeft": 33,
                        "paddingRight": 3,
                      }
                    }>
                    <span
                      style={
                        Object {
                          "color": "#777",
                        }
                      }>
                      <
                      Option
                    </span>
                    <span>
                      <span>
                         
                        <span
                          style={Object {}}>
                          label
                        </span>
                        <span>
                          =
                          <span
                            style={Object {}}>
                            <span
                              style={
                                Object {
                                  "color": "#22a",
                                  "wordBreak": "break-word",
                                }
                              }>
                              "
                              Option One
                              "
                            </span>
                          </span>
                        </span>
                      </span>
                      <span>
                         
                        <span
                          style={Object {}}>
                          value
                        </span>
                        <span>
                          =
                          <span
                            style={Object {}}>
                            <span
                              style={
                                Object {
                                  "color": "#22a",
                                  "wordBreak": "break-word",
                                }
                              }>
                              "
                              1
                              "
                            </span>
                          </span>
                        </span>
                         
                      </span>
                    </span>
                    <span
                      style={
                        Object {
                          "color": "#777",
                        }
                      }>
                      />
                    </span>
                  </div>
                  <div
                    style={
                      Object {
                        "paddingLeft": 33,
                        "paddingRight": 3,
                      }
                    }>
                    <span
                      style={
                        Object {
                          "color": "#777",
                        }
                      }>
                      <
                      Option
                    </span>
                    <span>
                      <span>
                         
                        <span
                          style={Object {}}>
                          label
                        </span>
                        <span>
                          =
                          <span
                            style={Object {}}>
                            <span
                              style={
                                Object {
                                  "color": "#22a",
                                  "wordBreak": "break-word",
                                }
                              }>
                              "
                              Option Two
                              "
                            </span>
                          </span>
                        </span>
                      </span>
                      <span>
                         
                        <span
                          style={Object {}}>
                          value
                        </span>
                        <span>
                          =
                          <span
                            style={Object {}}>
                            <span
                              style={
                                Object {
                                  "color": "#22a",
                                  "wordBreak": "break-word",
                                }
                              }>
                              "
                              2
                              "
                            </span>
                          </span>
                        </span>
                         
                      </span>
                    </span>
                    <span
                      style={
                        Object {
                          "color": "#777",
                        }
                      }>
                      />
                    </span>
                  </div>
                  <div
                    style={
                      Object {
                        "paddingLeft": 33,
                        "paddingRight": 3,
                      }
                    }>
                    <span
                      style={
                        Object {
                          "color": "#777",
                        }
                      }>
                      <
                      Option
                    </span>
                    <span>
                      <span>
                         
                        <span
                          style={Object {}}>
                          label
                        </span>
                        <span>
                          =
                          <span
                            style={Object {}}>
                            <span
                              style={
                                Object {
                                  "color": "#22a",
                                  "wordBreak": "break-word",
                                }
                              }>
                              "
                              Option Three
                              "
                            </span>
                          </span>
                        </span>
                      </span>
                      <span>
                         
                        <span
                          style={Object {}}>
                          value
                        </span>
                        <span>
                          =
                          <span
                            style={Object {}}>
                            <span
                              style={
                                Object {
                                  "color": "#22a",
                                  "wordBreak": "break-word",
                                }
                              }>
                              "
                              3
                              "
                            </span>
                          </span>
                        </span>
                         
                      </span>
                    </span>
                    <span
                      style={
                        Object {
                          "color": "#777",
                        }
                      }>
                      />
                    </span>
                  </div>
                  <div
                    style={
                      Object {
                        "paddingLeft": 18,
                        "paddingRight": 3,
                      }
                    }>
                    <span
                      style={
                        Object {
                          "color": "#777",
                        }
                      }>
                      </
                      Select
                      >
                    </span>
                  </div>
                </div>
              </pre>
            </div>
            <div>
              <h1
                style={
                  Object {
                    "borderBottom": "1px solid #EEE",
  -                 "fontSize": 25,
  +                 "fontSize": "25px",
                    "margin": "20px 0 0 0",
                    "padding": "0 0 5px 0",
                  }
                }>
                Prop Types
              </h1>
              <div>
                <h2
                  style={
                    Object {
                      "margin": "20px 0 0 0",
                    }
                  }>
                  "
                  Option
                  " Component
                </h2>
                <small>
                  No propTypes defined!
                </small>
              </div>
              <div>
                <h2
                  style={
                    Object {
                      "margin": "20px 0 0 0",
                    }
                  }>
                  "
                  Select
                  " Component
                </h2>
                <table
                  style={
                    Object {
                      "borderCollapse": "separate",
                      "borderSpacing": "10px 5px",
                      "marginLeft": -10,
                    }
                  }>
                  <thead>
                    <tr>
                      <th>
                        property
                      </th>
                      <th>
                        propType
                      </th>
                      <th>
                        required
                      </th>
                      <th>
                        default
                      </th>
                    </tr>
                  </thead>
                  <tbody>
                    <tr>
                      <td>
                        className
                      </td>
                      <td>
                        string
                      </td>
                      <td>
                        no
                      </td>
                      <td>
                        -
                      </td>
                    </tr>
                    <tr>
                      <td>
                        cols
                      </td>
                      <td>
                        number
                      </td>
                      <td>
                        no
                      </td>
                      <td>
                        -
                      </td>
                    </tr>
                    <tr>
                      <td>
                        error
                      </td>
                      <td>
                        other
                      </td>
                      <td>
                        no
                      </td>
                      <td>
                        -
                      </td>
                    </tr>
                    <tr>
                      <td>
                        id
                      </td>
                      <td>
                        string
                      </td>
                      <td>
                        no
                      </td>
                      <td>
                        -
                      </td>
                    </tr>
                    <tr>
                      <td>
                        label
                      </td>
                      <td>
                        string
                      </td>
                      <td>
                        no
                      </td>
                      <td>
                        -
                      </td>
                    </tr>
                    <tr>
                      <td>
                        onChange
                      </td>
                      <td>
                        func
                      </td>
                      <td>
                        no
                      </td>
                      <td>
                        -
                      </td>
                    </tr>
                    <tr>
                      <td>
                        required
                      </td>
                      <td>
                        bool
                      </td>
                      <td>
                        no
                      </td>
                      <td>
                        -
                      </td>
                    </tr>
                    <tr>
                      <td>
                        totalCols
                      </td>
                      <td>
                        number
                      </td>
                      <td>
                        no
                      </td>
                      <td>
                        -
                      </td>
                    </tr>
                  </tbody>
                </table>
              </div>
            </div>
          </div>
        </div>
      </div>
    </div>


✗ Error
  - Snapshot
  + Current story
  
  <div>
      <div
        style={
          Object {
            "position": "relative",
            "zIndex": 0,
          }
        }>
        <div
          className="slds-form-element slds-has-error">
          <label
            className="slds-form-element__label"
            htmlFor="form-element-$uuid$">
            Select Label
            <abbr
              className="slds-required">
              *
            </abbr>
          </label>
          <div
            className="slds-form-element__control">
            <select
              className="slds-select"
              id="form-element-$uuid$"
              onBlur={[Function]}
              onChange={[Function]}>
              <option
  -             label="Option One"
  -             value="1" />
  +             value="1">
  +             Option One
  +           </option>
              <option
  -             label="Option Two"
  -             value="2" />
  +             value="2">
  +             Option Two
  +           </option>
              <option
  -             label="Option Three"
  -             value="3" />
  +             value="3">
  +             Option Three
  +           </option>
            </select>
            <span
              className="slds-form-element__help">
              This field is required
            </span>
          </div>
        </div>
      </div>
      <a
        onClick={[Function]}
        style={
          Object {
            "background": "#28c",
            "borderRadius": "0 0 0 5px",
            "color": "#fff",
            "cursor": "pointer",
            "display": "block",
            "fontFamily": "sans-serif",
  -         "fontSize": 12,
  +         "fontSize": "12px",
            "padding": "5px 15px",
            "position": "fixed",
            "right": 0,
            "textDecoration": "none",
            "top": 0,
          }
        }>
        ?
      </a>
      <div
        style={
          Object {
            "background": "white",
            "bottom": 0,
            "display": "none",
            "left": 0,
            "overflow": "auto",
            "padding": "0 40px",
            "position": "absolute",
            "right": 0,
            "top": 0,
          }
        }>
        <a
          onClick={[Function]}
          style={
            Object {
              "background": "#28c",
              "borderRadius": "0 0 0 5px",
              "color": "#fff",
              "cursor": "pointer",
              "display": "block",
              "fontFamily": "sans-serif",
  -           "fontSize": 12,
  +           "fontSize": "12px",
              "padding": "5px 15px",
              "position": "fixed",
              "right": 0,
              "textDecoration": "none",
              "top": 0,
            }
          }>
          ×
        </a>
        <div
          style={undefined}>
          <div
            style={
              Object {
                "WebkitFontSmoothing": "antialiased",
                "color": "#444",
                "fontFamily": "
                  -apple-system, ".SFNSText-Regular", "San Francisco", "Roboto",
                  "Segoe UI", "Helvetica Neue", "Lucida Grande", sans-serif
                ",
  -             "fontSize": 15,
  +             "fontSize": "15px",
                "fontWeight": 300,
                "lineHeight": 1.45,
              }
            }>
            <div
              style={
                Object {
                  "borderBottom": "1px solid #eee",
                  "marginBottom": 10,
  +               "paddingTop": 10,
                }
              }>
              <h1
                style={
                  Object {
  -                 "fontSize": 35,
  -                 "margin": "20px 0 0 0",
  +                 "fontSize": "35px",
  +                 "margin": 0,
                    "padding": 0,
                  }
                }>
                Select
              </h1>
              <h2
                style={
                  Object {
  -                 "fontSize": 22,
  +                 "fontSize": "22px",
                    "fontWeight": 400,
                    "margin": "0 0 10px 0",
                    "padding": 0,
                  }
                }>
                Error
              </h2>
            </div>
            <div
              style={
                Object {
                  "marginBottom": 0,
                }
              }>
              <p
                style={
                  Object {
                    "WebkitFontSmoothing": "antialiased",
                    "color": "#444",
                    "fontFamily": "
                      -apple-system, ".SFNSText-Regular", "San Francisco", "Roboto",
                      "Segoe UI", "Helvetica Neue", "Lucida Grande", sans-serif
                    ",
  -                 "fontSize": 15,
  +                 "fontSize": "15px",
                  }
                }>
                Select control with error message
              </p>
            </div>
            <div>
              <h1
                style={
                  Object {
                    "borderBottom": "1px solid #EEE",
  -                 "fontSize": 25,
  +                 "fontSize": "25px",
                    "margin": "20px 0 0 0",
                    "padding": "0 0 5px 0",
                  }
                }>
                Story Source
              </h1>
              <pre
                style={
                  Object {
                    "backgroundColor": "#fafafa",
                    "fontFamily": "Menlo, Monaco, "Courier New", monospace",
                    "fontSize": ".88em",
                    "lineHeight": 1.5,
                    "overflowX": "scroll",
                    "padding": ".5rem",
                  }
                }>
                <div>
                  <div
                    style={
                      Object {
                        "paddingLeft": 18,
                        "paddingRight": 3,
                      }
                    }>
                    <span
                      style={
                        Object {
                          "color": "#777",
                        }
                      }>
                      <
                      Select
                    </span>
                    <span>
                      <span>
                        <span>
                          <br />
                            
                        </span>
                        <span
                          style={Object {}}>
                          label
                        </span>
                        <span>
                          =
                          <span
                            style={Object {}}>
                            <span
                              style={
                                Object {
                                  "color": "#22a",
                                  "wordBreak": "break-word",
                                }
                              }>
                              "
                              Select Label
                              "
                            </span>
                          </span>
                        </span>
                      </span>
                      <span>
                        <span>
                          <br />
                            
                        </span>
                        <span
                          style={Object {}}>
                          required
                        </span>
                      </span>
                      <span>
                        <span>
                          <br />
                            
                        </span>
                        <span
                          style={Object {}}>
                          error
                        </span>
                        <span>
                          =
                          <span
                            style={Object {}}>
                            <span
                              style={
                                Object {
                                  "color": "#22a",
                                  "wordBreak": "break-word",
                                }
                              }>
                              "
                              This field is required
                              "
                            </span>
                          </span>
                        </span>
                      </span>
                      <span>
                        <span>
                          <br />
                            
                        </span>
                        <span
                          style={Object {}}>
                          onChange
                        </span>
                        <span>
                          =
                          <span
                            style={Object {}}>
                            <span>
                              {
                              <span
                                style={
                                  Object {
                                    "color": "#170",
                                  }
                                }>
  -                             anonymous()
  +                             change()
                              </span>
                              }
                            </span>
                          </span>
                        </span>
                      </span>
                      <span>
                        <span>
                          <br />
                            
                        </span>
                        <span
                          style={Object {}}>
                          onBlur
                        </span>
                        <span>
                          =
                          <span
                            style={Object {}}>
                            <span>
                              {
                              <span
                                style={
                                  Object {
                                    "color": "#170",
                                  }
                                }>
  -                             anonymous()
  +                             blur()
                              </span>
                              }
                            </span>
                          </span>
                        </span>
                        <br />
                      </span>
                    </span>
                    <span
                      style={
                        Object {
                          "color": "#777",
                        }
                      }>
                      >
                    </span>
                  </div>
                  <div
                    style={
                      Object {
                        "paddingLeft": 33,
                        "paddingRight": 3,
                      }
                    }>
                    <span
                      style={
                        Object {
                          "color": "#777",
                        }
                      }>
                      <
                      Option
                    </span>
                    <span>
                      <span>
                         
                        <span
                          style={Object {}}>
                          label
                        </span>
                        <span>
                          =
                          <span
                            style={Object {}}>
                            <span
                              style={
                                Object {
                                  "color": "#22a",
                                  "wordBreak": "break-word",
                                }
                              }>
                              "
                              Option One
                              "
                            </span>
                          </span>
                        </span>
                      </span>
                      <span>
                         
                        <span
                          style={Object {}}>
                          value
                        </span>
                        <span>
                          =
                          <span
                            style={Object {}}>
                            <span
                              style={
                                Object {
                                  "color": "#22a",
                                  "wordBreak": "break-word",
                                }
                              }>
                              "
                              1
                              "
                            </span>
                          </span>
                        </span>
                         
                      </span>
                    </span>
                    <span
                      style={
                        Object {
                          "color": "#777",
                        }
                      }>
                      />
                    </span>
                  </div>
                  <div
                    style={
                      Object {
                        "paddingLeft": 33,
                        "paddingRight": 3,
                      }
                    }>
                    <span
                      style={
                        Object {
                          "color": "#777",
                        }
                      }>
                      <
                      Option
                    </span>
                    <span>
                      <span>
                         
                        <span
                          style={Object {}}>
                          label
                        </span>
                        <span>
                          =
                          <span
                            style={Object {}}>
                            <span
                              style={
                                Object {
                                  "color": "#22a",
                                  "wordBreak": "break-word",
                                }
                              }>
                              "
                              Option Two
                              "
                            </span>
                          </span>
                        </span>
                      </span>
                      <span>
                         
                        <span
                          style={Object {}}>
                          value
                        </span>
                        <span>
                          =
                          <span
                            style={Object {}}>
                            <span
                              style={
                                Object {
                                  "color": "#22a",
                                  "wordBreak": "break-word",
                                }
                              }>
                              "
                              2
                              "
                            </span>
                          </span>
                        </span>
                         
                      </span>
                    </span>
                    <span
                      style={
                        Object {
                          "color": "#777",
                        }
                      }>
                      />
                    </span>
                  </div>
                  <div
                    style={
                      Object {
                        "paddingLeft": 33,
                        "paddingRight": 3,
                      }
                    }>
                    <span
                      style={
                        Object {
                          "color": "#777",
                        }
                      }>
                      <
                      Option
                    </span>
                    <span>
                      <span>
                         
                        <span
                          style={Object {}}>
                          label
                        </span>
                        <span>
                          =
                          <span
                            style={Object {}}>
                            <span
                              style={
                                Object {
                                  "color": "#22a",
                                  "wordBreak": "break-word",
                                }
                              }>
                              "
                              Option Three
                              "
                            </span>
                          </span>
                        </span>
                      </span>
                      <span>
                         
                        <span
                          style={Object {}}>
                          value
                        </span>
                        <span>
                          =
                          <span
                            style={Object {}}>
                            <span
                              style={
                                Object {
                                  "color": "#22a",
                                  "wordBreak": "break-word",
                                }
                              }>
                              "
                              3
                              "
                            </span>
                          </span>
                        </span>
                         
                      </span>
                    </span>
                    <span
                      style={
                        Object {
                          "color": "#777",
                        }
                      }>
                      />
                    </span>
                  </div>
                  <div
                    style={
                      Object {
                        "paddingLeft": 18,
                        "paddingRight": 3,
                      }
                    }>
                    <span
                      style={
                        Object {
                          "color": "#777",
                        }
                      }>
                      </
                      Select
                      >
                    </span>
                  </div>
                </div>
              </pre>
            </div>
            <div>
              <h1
                style={
                  Object {
                    "borderBottom": "1px solid #EEE",
  -                 "fontSize": 25,
  +                 "fontSize": "25px",
                    "margin": "20px 0 0 0",
                    "padding": "0 0 5px 0",
                  }
                }>
                Prop Types
              </h1>
              <div>
                <h2
                  style={
                    Object {
                      "margin": "20px 0 0 0",
                    }
                  }>
                  "
                  Option
                  " Component
                </h2>
                <small>
                  No propTypes defined!
                </small>
              </div>
              <div>
                <h2
                  style={
                    Object {
                      "margin": "20px 0 0 0",
                    }
                  }>
                  "
                  Select
                  " Component
                </h2>
                <table
                  style={
                    Object {
                      "borderCollapse": "separate",
                      "borderSpacing": "10px 5px",
                      "marginLeft": -10,
                    }
                  }>
                  <thead>
                    <tr>
                      <th>
                        property
                      </th>
                      <th>
                        propType
                      </th>
                      <th>
                        required
                      </th>
                      <th>
                        default
                      </th>
                    </tr>
                  </thead>
                  <tbody>
                    <tr>
                      <td>
                        className
                      </td>
                      <td>
                        string
                      </td>
                      <td>
                        no
                      </td>
                      <td>
                        -
                      </td>
                    </tr>
                    <tr>
                      <td>
                        cols
                      </td>
                      <td>
                        number
                      </td>
                      <td>
                        no
                      </td>
                      <td>
                        -
                      </td>
                    </tr>
                    <tr>
                      <td>
                        error
                      </td>
                      <td>
                        other
                      </td>
                      <td>
                        no
                      </td>
                      <td>
                        -
                      </td>
                    </tr>
                    <tr>
                      <td>
                        id
                      </td>
                      <td>
                        string
                      </td>
                      <td>
                        no
                      </td>
                      <td>
                        -
                      </td>
                    </tr>
                    <tr>
                      <td>
                        label
                      </td>
                      <td>
                        string
                      </td>
                      <td>
                        no
                      </td>
                      <td>
                        -
                      </td>
                    </tr>
                    <tr>
                      <td>
                        onChange
                      </td>
                      <td>
                        func
                      </td>
                      <td>
                        no
                      </td>
                      <td>
                        -
                      </td>
                    </tr>
                    <tr>
                      <td>
                        required
                      </td>
                      <td>
                        bool
                      </td>
                      <td>
                        no
                      </td>
                      <td>
                        -
                      </td>
                    </tr>
                    <tr>
                      <td>
                        totalCols
                      </td>
                      <td>
                        number
                      </td>
                      <td>
                        no
                      </td>
                      <td>
                        -
                      </td>
                    </tr>
                  </tbody>
                </table>
              </div>
            </div>
          </div>
        </div>
      </div>
    </div>


✗ Disabled
  - Snapshot
  + Current story
  
  <div>
      <div
        style={
          Object {
            "position": "relative",
            "zIndex": 0,
          }
        }>
        <div
          className="slds-form-element">
          <label
            className="slds-form-element__label"
            htmlFor="form-element-$uuid$">
            Select Label
          </label>
          <div
            className="slds-form-element__control">
            <select
              className="slds-select"
              disabled={true}
              id="form-element-$uuid$"
              onBlur={[Function]}
              onChange={[Function]}>
              <option
  -             label="Option One"
  -             value="1" />
  +             value="1">
  +             Option One
  +           </option>
              <option
  -             label="Option Two"
  -             value="2" />
  +             value="2">
  +             Option Two
  +           </option>
              <option
  -             label="Option Three"
  -             value="3" />
  +             value="3">
  +             Option Three
  +           </option>
            </select>
          </div>
        </div>
      </div>
      <a
        onClick={[Function]}
        style={
          Object {
            "background": "#28c",
            "borderRadius": "0 0 0 5px",
            "color": "#fff",
            "cursor": "pointer",
            "display": "block",
            "fontFamily": "sans-serif",
  -         "fontSize": 12,
  +         "fontSize": "12px",
            "padding": "5px 15px",
            "position": "fixed",
            "right": 0,
            "textDecoration": "none",
            "top": 0,
          }
        }>
        ?
      </a>
      <div
        style={
          Object {
            "background": "white",
            "bottom": 0,
            "display": "none",
            "left": 0,
            "overflow": "auto",
            "padding": "0 40px",
            "position": "absolute",
            "right": 0,
            "top": 0,
          }
        }>
        <a
          onClick={[Function]}
          style={
            Object {
              "background": "#28c",
              "borderRadius": "0 0 0 5px",
              "color": "#fff",
              "cursor": "pointer",
              "display": "block",
              "fontFamily": "sans-serif",
  -           "fontSize": 12,
  +           "fontSize": "12px",
              "padding": "5px 15px",
              "position": "fixed",
              "right": 0,
              "textDecoration": "none",
              "top": 0,
            }
          }>
          ×
        </a>
        <div
          style={undefined}>
          <div
            style={
              Object {
                "WebkitFontSmoothing": "antialiased",
                "color": "#444",
                "fontFamily": "
                  -apple-system, ".SFNSText-Regular", "San Francisco", "Roboto",
                  "Segoe UI", "Helvetica Neue", "Lucida Grande", sans-serif
                ",
  -             "fontSize": 15,
  +             "fontSize": "15px",
                "fontWeight": 300,
                "lineHeight": 1.45,
              }
            }>
            <div
              style={
                Object {
                  "borderBottom": "1px solid #eee",
                  "marginBottom": 10,
  +               "paddingTop": 10,
                }
              }>
              <h1
                style={
                  Object {
  -                 "fontSize": 35,
  -                 "margin": "20px 0 0 0",
  +                 "fontSize": "35px",
  +                 "margin": 0,
                    "padding": 0,
                  }
                }>
                Select
              </h1>
              <h2
                style={
                  Object {
  -                 "fontSize": 22,
  +                 "fontSize": "22px",
                    "fontWeight": 400,
                    "margin": "0 0 10px 0",
                    "padding": 0,
                  }
                }>
                Disabled
              </h2>
            </div>
            <div
              style={
                Object {
                  "marginBottom": 0,
                }
              }>
              <p
                style={
                  Object {
                    "WebkitFontSmoothing": "antialiased",
                    "color": "#444",
                    "fontFamily": "
                      -apple-system, ".SFNSText-Regular", "San Francisco", "Roboto",
                      "Segoe UI", "Helvetica Neue", "Lucida Grande", sans-serif
                    ",
  -                 "fontSize": 15,
  +                 "fontSize": "15px",
                  }
                }>
                Select control with disabled status
              </p>
            </div>
            <div>
              <h1
                style={
                  Object {
                    "borderBottom": "1px solid #EEE",
  -                 "fontSize": 25,
  +                 "fontSize": "25px",
                    "margin": "20px 0 0 0",
                    "padding": "0 0 5px 0",
                  }
                }>
                Story Source
              </h1>
              <pre
                style={
                  Object {
                    "backgroundColor": "#fafafa",
                    "fontFamily": "Menlo, Monaco, "Courier New", monospace",
                    "fontSize": ".88em",
                    "lineHeight": 1.5,
                    "overflowX": "scroll",
                    "padding": ".5rem",
                  }
                }>
                <div>
                  <div
                    style={
                      Object {
                        "paddingLeft": 18,
                        "paddingRight": 3,
                      }
                    }>
                    <span
                      style={
                        Object {
                          "color": "#777",
                        }
                      }>
                      <
                      Select
                    </span>
                    <span>
                      <span>
                        <span>
                          <br />
                            
                        </span>
                        <span
                          style={Object {}}>
                          label
                        </span>
                        <span>
                          =
                          <span
                            style={Object {}}>
                            <span
                              style={
                                Object {
                                  "color": "#22a",
                                  "wordBreak": "break-word",
                                }
                              }>
                              "
                              Select Label
                              "
                            </span>
                          </span>
                        </span>
                      </span>
                      <span>
                        <span>
                          <br />
                            
                        </span>
                        <span
                          style={Object {}}>
                          disabled
                        </span>
                      </span>
                      <span>
                        <span>
                          <br />
                            
                        </span>
                        <span
                          style={Object {}}>
                          onChange
                        </span>
                        <span>
                          =
                          <span
                            style={Object {}}>
                            <span>
                              {
                              <span
                                style={
                                  Object {
                                    "color": "#170",
                                  }
                                }>
  -                             anonymous()
  +                             change()
                              </span>
                              }
                            </span>
                          </span>
                        </span>
                      </span>
                      <span>
                        <span>
                          <br />
                            
                        </span>
                        <span
                          style={Object {}}>
                          onBlur
                        </span>
                        <span>
                          =
                          <span
                            style={Object {}}>
                            <span>
                              {
                              <span
                                style={
                                  Object {
                                    "color": "#170",
                                  }
                                }>
  -                             anonymous()
  +                             blur()
                              </span>
                              }
                            </span>
                          </span>
                        </span>
                        <br />
                      </span>
                    </span>
                    <span
                      style={
                        Object {
                          "color": "#777",
                        }
                      }>
                      >
                    </span>
                  </div>
                  <div
                    style={
                      Object {
                        "paddingLeft": 33,
                        "paddingRight": 3,
                      }
                    }>
                    <span
                      style={
                        Object {
                          "color": "#777",
                        }
                      }>
                      <
                      Option
                    </span>
                    <span>
                      <span>
                         
                        <span
                          style={Object {}}>
                          label
                        </span>
                        <span>
                          =
                          <span
                            style={Object {}}>
                            <span
                              style={
                                Object {
                                  "color": "#22a",
                                  "wordBreak": "break-word",
                                }
                              }>
                              "
                              Option One
                              "
                            </span>
                          </span>
                        </span>
                      </span>
                      <span>
                         
                        <span
                          style={Object {}}>
                          value
                        </span>
                        <span>
                          =
                          <span
                            style={Object {}}>
                            <span
                              style={
                                Object {
                                  "color": "#22a",
                                  "wordBreak": "break-word",
                                }
                              }>
                              "
                              1
                              "
                            </span>
                          </span>
                        </span>
                         
                      </span>
                    </span>
                    <span
                      style={
                        Object {
                          "color": "#777",
                        }
                      }>
                      />
                    </span>
                  </div>
                  <div
                    style={
                      Object {
                        "paddingLeft": 33,
                        "paddingRight": 3,
                      }
                    }>
                    <span
                      style={
                        Object {
                          "color": "#777",
                        }
                      }>
                      <
                      Option
                    </span>
                    <span>
                      <span>
                         
                        <span
                          style={Object {}}>
                          label
                        </span>
                        <span>
                          =
                          <span
                            style={Object {}}>
                            <span
                              style={
                                Object {
                                  "color": "#22a",
                                  "wordBreak": "break-word",
                                }
                              }>
                              "
                              Option Two
                              "
                            </span>
                          </span>
                        </span>
                      </span>
                      <span>
                         
                        <span
                          style={Object {}}>
                          value
                        </span>
                        <span>
                          =
                          <span
                            style={Object {}}>
                            <span
                              style={
                                Object {
                                  "color": "#22a",
                                  "wordBreak": "break-word",
                                }
                              }>
                              "
                              2
                              "
                            </span>
                          </span>
                        </span>
                         
                      </span>
                    </span>
                    <span
                      style={
                        Object {
                          "color": "#777",
                        }
                      }>
                      />
                    </span>
                  </div>
                  <div
                    style={
                      Object {
                        "paddingLeft": 33,
                        "paddingRight": 3,
                      }
                    }>
                    <span
                      style={
                        Object {
                          "color": "#777",
                        }
                      }>
                      <
                      Option
                    </span>
                    <span>
                      <span>
                         
                        <span
                          style={Object {}}>
                          label
                        </span>
                        <span>
                          =
                          <span
                            style={Object {}}>
                            <span
                              style={
                                Object {
                                  "color": "#22a",
                                  "wordBreak": "break-word",
                                }
                              }>
                              "
                              Option Three
                              "
                            </span>
                          </span>
                        </span>
                      </span>
                      <span>
                         
                        <span
                          style={Object {}}>
                          value
                        </span>
                        <span>
                          =
                          <span
                            style={Object {}}>
                            <span
                              style={
                                Object {
                                  "color": "#22a",
                                  "wordBreak": "break-word",
                                }
                              }>
                              "
                              3
                              "
                            </span>
                          </span>
                        </span>
                         
                      </span>
                    </span>
                    <span
                      style={
                        Object {
                          "color": "#777",
                        }
                      }>
                      />
                    </span>
                  </div>
                  <div
                    style={
                      Object {
                        "paddingLeft": 18,
                        "paddingRight": 3,
                      }
                    }>
                    <span
                      style={
                        Object {
                          "color": "#777",
                        }
                      }>
                      </
                      Select
                      >
                    </span>
                  </div>
                </div>
              </pre>
            </div>
            <div>
              <h1
                style={
                  Object {
                    "borderBottom": "1px solid #EEE",
  -                 "fontSize": 25,
  +                 "fontSize": "25px",
                    "margin": "20px 0 0 0",
                    "padding": "0 0 5px 0",
                  }
                }>
                Prop Types
              </h1>
              <div>
                <h2
                  style={
                    Object {
                      "margin": "20px 0 0 0",
                    }
                  }>
                  "
                  Option
                  " Component
                </h2>
                <small>
                  No propTypes defined!
                </small>
              </div>
              <div>
                <h2
                  style={
                    Object {
                      "margin": "20px 0 0 0",
                    }
                  }>
                  "
                  Select
                  " Component
                </h2>
                <table
                  style={
                    Object {
                      "borderCollapse": "separate",
                      "borderSpacing": "10px 5px",
                      "marginLeft": -10,
                    }
                  }>
                  <thead>
                    <tr>
                      <th>
                        property
                      </th>
                      <th>
                        propType
                      </th>
                      <th>
                        required
                      </th>
                      <th>
                        default
                      </th>
                    </tr>
                  </thead>
                  <tbody>
                    <tr>
                      <td>
                        className
                      </td>
                      <td>
                        string
                      </td>
                      <td>
                        no
                      </td>
                      <td>
                        -
                      </td>
                    </tr>
                    <tr>
                      <td>
                        cols
                      </td>
                      <td>
                        number
                      </td>
                      <td>
                        no
                      </td>
                      <td>
                        -
                      </td>
                    </tr>
                    <tr>
                      <td>
                        error
                      </td>
                      <td>
                        other
                      </td>
                      <td>
                        no
                      </td>
                      <td>
                        -
                      </td>
                    </tr>
                    <tr>
                      <td>
                        id
                      </td>
                      <td>
                        string
                      </td>
                      <td>
                        no
                      </td>
                      <td>
                        -
                      </td>
                    </tr>
                    <tr>
                      <td>
                        label
                      </td>
                      <td>
                        string
                      </td>
                      <td>
                        no
                      </td>
                      <td>
                        -
                      </td>
                    </tr>
                    <tr>
                      <td>
                        onChange
                      </td>
                      <td>
                        func
                      </td>
                      <td>
                        no
                      </td>
                      <td>
                        -
                      </td>
                    </tr>
                    <tr>
                      <td>
                        required
                      </td>
                      <td>
                        bool
                      </td>
                      <td>
                        no
                      </td>
                      <td>
                        -
                      </td>
                    </tr>
                    <tr>
                      <td>
                        totalCols
                      </td>
                      <td>
                        number
                      </td>
                      <td>
                        no
                      </td>
                      <td>
                        -
                      </td>
                    </tr>
                  </tbody>
                </table>
              </div>
            </div>
          </div>
        </div>
      </div>
    </div>


Picklist

✗ Controlled with knobs
  - Snapshot
  + Current story
  
  <div>
      <div
        style={
          Object {
            "position": "relative",
            "zIndex": 0,
          }
        }>
        <div
          className="slds-form-element react-slds-dropdown-form-element">
          <div
            className="slds-form-element">
            <label
              className="slds-form-element__label"
              htmlFor="form-element-$uuid$">
              Picklist Label
            </label>
            <div
              className="slds-form-element__control">
              <div
                aria-expanded={undefined}
                className="slds-picklist">
                <button
                  className="slds-picklist__label slds-button slds-button--neutral"
                  id="form-element-$uuid$"
                  onBlur={[Function]}
                  onClick={[Function]}
                  onKeyDown={[Function]}
                  type="button">
                  <span
                    className="slds-truncate">
                    <span>
                       
                    </span>
                  </span>
                  <svg
                    aria-hidden={true}
                    className="slds-icon slds-icon-text-default"
                    dangerouslySetInnerHTML={
                      Object {
                        "__html": "<use xlink:href="/assets/icons/utility-sprite/svg/symbols.svg#down"></use>",
                      }
                    }
                    style={undefined} />
                </button>
              </div>
            </div>
          </div>
          <div
            className="react-slds-dropdown-control-wrapper"
            style={undefined}>
            <div
              className="slds-form-element__control">
              <div />
            </div>
          </div>
        </div>
      </div>
      <a
        onClick={[Function]}
        style={
          Object {
            "background": "#28c",
            "borderRadius": "0 0 0 5px",
            "color": "#fff",
            "cursor": "pointer",
            "display": "block",
            "fontFamily": "sans-serif",
  -         "fontSize": 12,
  +         "fontSize": "12px",
            "padding": "5px 15px",
            "position": "fixed",
            "right": 0,
            "textDecoration": "none",
            "top": 0,
          }
        }>
        ?
      </a>
      <div
        style={
          Object {
            "background": "white",
            "bottom": 0,
            "display": "none",
            "left": 0,
            "overflow": "auto",
            "padding": "0 40px",
            "position": "absolute",
            "right": 0,
            "top": 0,
          }
        }>
        <a
          onClick={[Function]}
          style={
            Object {
              "background": "#28c",
              "borderRadius": "0 0 0 5px",
              "color": "#fff",
              "cursor": "pointer",
              "display": "block",
              "fontFamily": "sans-serif",
  -           "fontSize": 12,
  +           "fontSize": "12px",
              "padding": "5px 15px",
              "position": "fixed",
              "right": 0,
              "textDecoration": "none",
              "top": 0,
            }
          }>
          ×
        </a>
        <div
          style={undefined}>
          <div
            style={
              Object {
                "WebkitFontSmoothing": "antialiased",
                "color": "#444",
                "fontFamily": "
                  -apple-system, ".SFNSText-Regular", "San Francisco", "Roboto",
                  "Segoe UI", "Helvetica Neue", "Lucida Grande", sans-serif
                ",
  -             "fontSize": 15,
  +             "fontSize": "15px",
                "fontWeight": 300,
                "lineHeight": 1.45,
              }
            }>
            <div
              style={
                Object {
                  "borderBottom": "1px solid #eee",
                  "marginBottom": 10,
  +               "paddingTop": 10,
                }
              }>
              <h1
                style={
                  Object {
  -                 "fontSize": 35,
  -                 "margin": "20px 0 0 0",
  +                 "fontSize": "35px",
  +                 "margin": 0,
                    "padding": 0,
                  }
                }>
                Picklist
              </h1>
              <h2
                style={
                  Object {
  -                 "fontSize": 22,
  +                 "fontSize": "22px",
                    "fontWeight": 400,
                    "margin": "0 0 10px 0",
                    "padding": 0,
                  }
                }>
                Controlled with knobs
              </h2>
            </div>
            <div
              style={
                Object {
                  "marginBottom": 0,
                }
              }>
              <p
                style={
                  Object {
                    "WebkitFontSmoothing": "antialiased",
                    "color": "#444",
                    "fontFamily": "
                      -apple-system, ".SFNSText-Regular", "San Francisco", "Roboto",
                      "Segoe UI", "Helvetica Neue", "Lucida Grande", sans-serif
                    ",
  -                 "fontSize": 15,
  +                 "fontSize": "15px",
                  }
                }>
                Picklist controlled with knobs
              </p>
            </div>
            <div>
              <h1
                style={
                  Object {
                    "borderBottom": "1px solid #EEE",
  -                 "fontSize": 25,
  +                 "fontSize": "25px",
                    "margin": "20px 0 0 0",
                    "padding": "0 0 5px 0",
                  }
                }>
                Story Source
              </h1>
              <pre
                style={
                  Object {
                    "backgroundColor": "#fafafa",
                    "fontFamily": "Menlo, Monaco, "Courier New", monospace",
                    "fontSize": ".88em",
                    "lineHeight": 1.5,
                    "overflowX": "scroll",
                    "padding": ".5rem",
                  }
                }>
                <div>
                  <div
                    style={
                      Object {
                        "paddingLeft": 18,
                        "paddingRight": 3,
                      }
                    }>
                    <span
                      style={
                        Object {
                          "color": "#777",
                        }
                      }>
                      <
                      Picklist
                    </span>
                    <span>
                      <span>
                        <span>
                          <br />
                            
                        </span>
                        <span
                          style={Object {}}>
                          label
                        </span>
                        <span>
                          =
                          <span
                            style={Object {}}>
                            <span
                              style={
                                Object {
                                  "color": "#22a",
                                  "wordBreak": "break-word",
                                }
                              }>
                              "
                              Picklist Label
                              "
                            </span>
                          </span>
                        </span>
                      </span>
                      <span>
                        <span>
                          <br />
                            
                        </span>
                        <span
                          style={Object {}}>
                          onSelect
                        </span>
                        <span>
                          =
                          <span
                            style={Object {}}>
                            <span>
                              {
                              <span
                                style={
                                  Object {
                                    "color": "#170",
                                  }
                                }>
  -                             anonymous()
  +                             select()
                              </span>
                              }
                            </span>
                          </span>
                        </span>
                      </span>
                      <span>
                        <span>
                          <br />
                            
                        </span>
                        <span
                          style={Object {}}>
                          onChange
                        </span>
                        <span>
                          =
                          <span
                            style={Object {}}>
                            <span>
                              {
                              <span
                                style={
                                  Object {
                                    "color": "#170",
                                  }
                                }>
  -                             anonymous()
  +                             change()
                              </span>
                              }
                            </span>
                          </span>
                        </span>
                      </span>
                      <span>
                        <span>
                          <br />
                            
                        </span>
                        <span
                          style={Object {}}>
                          onValueChange
                        </span>
                        <span>
                          =
                          <span
                            style={Object {}}>
                            <span>
                              {
                              <span
                                style={
                                  Object {
                                    "color": "#170",
                                  }
                                }>
  -                             anonymous()
  +                             valueChange()
                              </span>
                              }
                            </span>
                          </span>
                        </span>
                      </span>
                      <span>
                        <span>
                          <br />
                            
                        </span>
                        <span
                          style={Object {}}>
                          onBlur
                        </span>
                        <span>
                          =
                          <span
                            style={Object {}}>
                            <span>
                              {
                              <span
                                style={
                                  Object {
                                    "color": "#170",
                                  }
                                }>
  -                             anonymous()
  +                             blur()
                              </span>
                              }
                            </span>
                          </span>
                        </span>
                        <br />
                      </span>
                    </span>
                    <span
                      style={
                        Object {
                          "color": "#777",
                        }
                      }>
                      >
                    </span>
                  </div>
                  <div
                    style={
                      Object {
                        "paddingLeft": 33,
                        "paddingRight": 3,
                      }
                    }>
                    <span
                      style={
                        Object {
                          "color": "#777",
                        }
                      }>
                      <
                      PicklistItem
                    </span>
                    <span>
                      <span>
                         
                        <span
                          style={Object {}}>
                          label
                        </span>
                        <span>
                          =
                          <span
                            style={Object {}}>
                            <span
                              style={
                                Object {
                                  "color": "#22a",
                                  "wordBreak": "break-word",
                                }
                              }>
                              "
                              Picklsit Item One
                              "
                            </span>
                          </span>
                        </span>
                      </span>
                      <span>
                         
                        <span
                          style={Object {}}>
                          value
                        </span>
                        <span>
                          =
                          <span
                            style={Object {}}>
                            <span
                              style={
                                Object {
                                  "color": "#22a",
                                  "wordBreak": "break-word",
                                }
                              }>
                              "
                              1
                              "
                            </span>
                          </span>
                        </span>
                      </span>
                      <span>
                         
                        <span
                          style={Object {}}>
                          disabled
                        </span>
                        <span>
                          =
                          <span
                            style={Object {}}>
                            <span>
                              {
                              <span
                                style={
                                  Object {
                                    "color": "#777",
                                  }
                                }>
                                undefined
                              </span>
                              }
                            </span>
                          </span>
                        </span>
                         
                      </span>
                    </span>
                    <span
                      style={
                        Object {
                          "color": "#777",
                        }
                      }>
                      />
                    </span>
                  </div>
                  <div
                    style={
                      Object {
                        "paddingLeft": 33,
                        "paddingRight": 3,
                      }
                    }>
                    <span
                      style={
                        Object {
                          "color": "#777",
                        }
                      }>
                      <
                      PicklistItem
                    </span>
                    <span>
                      <span>
                         
                        <span
                          style={Object {}}>
                          label
                        </span>
                        <span>
                          =
                          <span
                            style={Object {}}>
                            <span
                              style={
                                Object {
                                  "color": "#22a",
                                  "wordBreak": "break-word",
                                }
                              }>
                              "
                              Picklsit Item Two
                              "
                            </span>
                          </span>
                        </span>
                      </span>
                      <span>
                         
                        <span
                          style={Object {}}>
                          value
                        </span>
                        <span>
                          =
                          <span
                            style={Object {}}>
                            <span
                              style={
                                Object {
                                  "color": "#22a",
                                  "wordBreak": "break-word",
                                }
                              }>
                              "
                              2
                              "
                            </span>
                          </span>
                        </span>
                      </span>
                      <span>
                         
                        <span
                          style={Object {}}>
                          disabled
                        </span>
                        <span>
                          =
                          <span
                            style={Object {}}>
                            <span>
                              {
                              <span
                                style={
                                  Object {
                                    "color": "#777",
                                  }
                                }>
                                undefined
                              </span>
                              }
                            </span>
                          </span>
                        </span>
                         
                      </span>
                    </span>
                    <span
                      style={
                        Object {
                          "color": "#777",
                        }
                      }>
                      />
                    </span>
                  </div>
                  <div
                    style={
                      Object {
                        "paddingLeft": 33,
                        "paddingRight": 3,
                      }
                    }>
                    <span
                      style={
                        Object {
                          "color": "#777",
                        }
                      }>
                      <
                      PicklistItem
                    </span>
                    <span>
                      <span>
                         
                        <span
                          style={Object {}}>
                          label
                        </span>
                        <span>
                          =
                          <span
                            style={Object {}}>
                            <span
                              style={
                                Object {
                                  "color": "#22a",
                                  "wordBreak": "break-word",
                                }
                              }>
                              "
                              Picklist Item Three
                              "
                            </span>
                          </span>
                        </span>
                      </span>
                      <span>
                         
                        <span
                          style={Object {}}>
                          value
                        </span>
                        <span>
                          =
                          <span
                            style={Object {}}>
                            <span
                              style={
                                Object {
                                  "color": "#22a",
                                  "wordBreak": "break-word",
                                }
                              }>
                              "
                              3
                              "
                            </span>
                          </span>
                        </span>
                      </span>
                      <span>
                         
                        <span
                          style={Object {}}>
                          disabled
                        </span>
                        <span>
                          =
                          <span
                            style={Object {}}>
                            <span>
                              {
                              <span
                                style={
                                  Object {
                                    "color": "#777",
                                  }
                                }>
                                undefined
                              </span>
                              }
                            </span>
                          </span>
                        </span>
                         
                      </span>
                    </span>
                    <span
                      style={
                        Object {
                          "color": "#777",
                        }
                      }>
                      />
                    </span>
                  </div>
                  <div
                    style={
                      Object {
                        "paddingLeft": 18,
                        "paddingRight": 3,
                      }
                    }>
                    <span
                      style={
                        Object {
                          "color": "#777",
                        }
                      }>
                      </
                      Picklist
                      >
                    </span>
                  </div>
                </div>
              </pre>
            </div>
            <div>
              <h1
                style={
                  Object {
                    "borderBottom": "1px solid #EEE",
  -                 "fontSize": 25,
  +                 "fontSize": "25px",
                    "margin": "20px 0 0 0",
                    "padding": "0 0 5px 0",
                  }
                }>
                Prop Types
              </h1>
              <div>
                <h2
                  style={
                    Object {
                      "margin": "20px 0 0 0",
                    }
                  }>
                  "
                  Picklist
                  " Component
                </h2>
                <table
                  style={
                    Object {
                      "borderCollapse": "separate",
                      "borderSpacing": "10px 5px",
                      "marginLeft": -10,
                    }
                  }>
                  <thead>
                    <tr>
                      <th>
                        property
                      </th>
                      <th>
                        propType
                      </th>
                      <th>
                        required
                      </th>
                      <th>
                        default
                      </th>
                    </tr>
                  </thead>
                  <tbody>
                    <tr>
                      <td>
                        selectedText
                      </td>
                      <td>
                        string
                      </td>
                      <td>
                        no
                      </td>
                      <td>
                        <span
                          style={
                            Object {
                              "color": "#22a",
                              "wordBreak": "break-word",
                            }
                          }>
                          "
                          
                          "
                        </span>
                      </td>
                    </tr>
                    <tr>
                      <td>
                        id
                      </td>
                      <td>
                        string
                      </td>
                      <td>
                        no
                      </td>
                      <td>
                        -
                      </td>
                    </tr>
                    <tr>
                      <td>
                        children
                      </td>
                      <td>
                        node
                      </td>
                      <td>
                        no
                      </td>
                      <td>
                        -
                      </td>
                    </tr>
                    <tr>
                      <td>
                        defaultOpened
                      </td>
                      <td>
                        bool
                      </td>
                      <td>
                        no
                      </td>
                      <td>
                        -
                      </td>
                    </tr>
                    <tr>
                      <td>
                        className
                      </td>
                      <td>
                        string
                      </td>
                      <td>
                        no
                      </td>
                      <td>
                        -
                      </td>
                    </tr>
                    <tr>
                      <td>
                        error
                      </td>
                      <td>
                        other
                      </td>
                      <td>
                        no
                      </td>
                      <td>
                        -
                      </td>
                    </tr>
                    <tr>
                      <td>
                        defaultValue
                      </td>
                      <td>
                        other
                      </td>
                      <td>
                        no
                      </td>
                      <td>
                        <span>
                          {
                          <span
                            style={
                              Object {
                                "color": "#666",
                              }
                            }>
                            [
                            ]
                          </span>
                          }
                        </span>
                      </td>
                    </tr>
                    <tr>
                      <td>
                        cols
                      </td>
                      <td>
                        number
                      </td>
                      <td>
                        no
                      </td>
                      <td>
                        -
                      </td>
                    </tr>
                    <tr>
                      <td>
                        onSelect
                      </td>
                      <td>
                        func
                      </td>
                      <td>
                        no
                      </td>
                      <td>
                        -
                      </td>
                    </tr>
                    <tr>
                      <td>
                        name
                      </td>
                      <td>
                        string
                      </td>
                      <td>
                        no
                      </td>
                      <td>
                        -
                      </td>
                    </tr>
                    <tr>
                      <td>
                        label
                      </td>
                      <td>
                        string
                      </td>
                      <td>
                        no
                      </td>
                      <td>
                        -
                      </td>
                    </tr>
                    <tr>
                      <td>
                        multiSelect
                      </td>
                      <td>
                        bool
                      </td>
                      <td>
                        no
                      </td>
                      <td>
                        <span>
                          {
                          <span
                            style={
                              Object {
                                "color": "#a11",
                              }
                            }>
                            false
                          </span>
                          }
                        </span>
                      </td>
                    </tr>
                    <tr>
                      <td>
                        menuSize
                      </td>
                      <td>
                        string
                      </td>
                      <td>
                        no
                      </td>
                      <td>
                        -
                      </td>
                    </tr>
                    <tr>
                      <td>
                        onBlur
                      </td>
                      <td>
                        func
                      </td>
                      <td>
                        no
                      </td>
                      <td>
                        -
                      </td>
                    </tr>
                    <tr>
                      <td>
                        onChange
                      </td>
                      <td>
                        func
                      </td>
                      <td>
                        no
                      </td>
                      <td>
                        -
                      </td>
                    </tr>
                    <tr>
                      <td>
                        onComplete
                      </td>
                      <td>
                        func
                      </td>
                      <td>
                        no
                      </td>
                      <td>
                        -
                      </td>
                    </tr>
                    <tr>
                      <td>
                        onKeyDown
                      </td>
                      <td>
                        func
                      </td>
                      <td>
                        no
                      </td>
                      <td>
                        -
                      </td>
                    </tr>
                    <tr>
                      <td>
                        onValueChange
                      </td>
                      <td>
                        func
                      </td>
                      <td>
                        no
                      </td>
                      <td>
                        -
                      </td>
                    </tr>
                    <tr>
                      <td>
                        optionsSelectedText
                      </td>
                      <td>
                        string
                      </td>
                      <td>
                        no
                      </td>
                      <td>
                        <span
                          style={
                            Object {
                              "color": "#22a",
                              "wordBreak": "break-word",
                            }
                          }>
                          "
                          
                          "
                        </span>
                      </td>
                    </tr>
                    <tr>
                      <td>
                        required
                      </td>
                      <td>
                        bool
                      </td>
                      <td>
                        no
                      </td>
                      <td>
                        -
                      </td>
                    </tr>
                    <tr>
                      <td>
                        totalCols
                      </td>
                      <td>
                        number
                      </td>
                      <td>
                        no
                      </td>
                      <td>
                        -
                      </td>
                    </tr>
                    <tr>
                      <td>
                        value
                      </td>
                      <td>
                        other
                      </td>
                      <td>
                        no
                      </td>
                      <td>
                        -
                      </td>
                    </tr>
                  </tbody>
                </table>
              </div>
              <div>
                <h2
                  style={
                    Object {
                      "margin": "20px 0 0 0",
                    }
                  }>
                  "
                  PicklistItem
                  " Component
                </h2>
                <table
                  style={
                    Object {
                      "borderCollapse": "separate",
                      "borderSpacing": "10px 5px",
                      "marginLeft": -10,
                    }
                  }>
                  <thead>
                    <tr>
                      <th>
                        property
                      </th>
                      <th>
                        propType
                      </th>
                      <th>
                        required
                      </th>
                      <th>
                        default
                      </th>
                    </tr>
                  </thead>
                  <tbody>
                    <tr>
                      <td>
                        children
                      </td>
                      <td>
                        node
                      </td>
                      <td>
                        no
                      </td>
                      <td>
                        -
                      </td>
                    </tr>
                    <tr>
                      <td>
                        label
                      </td>
                      <td>
                        other
                      </td>
                      <td>
                        no
                      </td>
                      <td>
                        -
                      </td>
                    </tr>
                    <tr>
                      <td>
                        selected
                      </td>
                      <td>
                        bool
                      </td>
                      <td>
                        no
                      </td>
                      <td>
                        -
                      </td>
                    </tr>
                    <tr>
                      <td>
                        value
                      </td>
                      <td>
                        other
                      </td>
                      <td>
                        no
                      </td>
                      <td>
                        -
                      </td>
                    </tr>
                  </tbody>
                </table>
              </div>
            </div>
          </div>
        </div>
      </div>
    </div>


✗ Default
  - Snapshot
  + Current story
  
  <div>
      <div
        style={
          Object {
            "position": "relative",
            "zIndex": 0,
          }
        }>
        <div
          className="slds-form-element react-slds-dropdown-form-element">
          <div
            className="slds-form-element">
            <label
              className="slds-form-element__label"
              htmlFor="form-element-$uuid$">
              Picklist Label
            </label>
            <div
              className="slds-form-element__control">
              <div
                aria-expanded={undefined}
                className="slds-picklist">
                <button
                  className="slds-picklist__label slds-button slds-button--neutral"
                  id="form-element-$uuid$"
                  onBlur={[Function]}
                  onClick={[Function]}
                  onKeyDown={[Function]}
                  type="button">
                  <span
                    className="slds-truncate">
                    Select item from here
                  </span>
                  <svg
                    aria-hidden={true}
                    className="slds-icon slds-icon-text-default"
                    dangerouslySetInnerHTML={
                      Object {
                        "__html": "<use xlink:href="/assets/icons/utility-sprite/svg/symbols.svg#down"></use>",
                      }
                    }
                    style={undefined} />
                </button>
              </div>
            </div>
          </div>
          <div
            className="react-slds-dropdown-control-wrapper"
            style={undefined}>
            <div
              className="slds-form-element__control">
              <div />
            </div>
          </div>
        </div>
      </div>
      <a
        onClick={[Function]}
        style={
          Object {
            "background": "#28c",
            "borderRadius": "0 0 0 5px",
            "color": "#fff",
            "cursor": "pointer",
            "display": "block",
            "fontFamily": "sans-serif",
  -         "fontSize": 12,
  +         "fontSize": "12px",
            "padding": "5px 15px",
            "position": "fixed",
            "right": 0,
            "textDecoration": "none",
            "top": 0,
          }
        }>
        ?
      </a>
      <div
        style={
          Object {
            "background": "white",
            "bottom": 0,
            "display": "none",
            "left": 0,
            "overflow": "auto",
            "padding": "0 40px",
            "position": "absolute",
            "right": 0,
            "top": 0,
          }
        }>
        <a
          onClick={[Function]}
          style={
            Object {
              "background": "#28c",
              "borderRadius": "0 0 0 5px",
              "color": "#fff",
              "cursor": "pointer",
              "display": "block",
              "fontFamily": "sans-serif",
  -           "fontSize": 12,
  +           "fontSize": "12px",
              "padding": "5px 15px",
              "position": "fixed",
              "right": 0,
              "textDecoration": "none",
              "top": 0,
            }
          }>
          ×
        </a>
        <div
          style={undefined}>
          <div
            style={
              Object {
                "WebkitFontSmoothing": "antialiased",
                "color": "#444",
                "fontFamily": "
                  -apple-system, ".SFNSText-Regular", "San Francisco", "Roboto",
                  "Segoe UI", "Helvetica Neue", "Lucida Grande", sans-serif
                ",
  -             "fontSize": 15,
  +             "fontSize": "15px",
                "fontWeight": 300,
                "lineHeight": 1.45,
              }
            }>
            <div
              style={
                Object {
                  "borderBottom": "1px solid #eee",
                  "marginBottom": 10,
  +               "paddingTop": 10,
                }
              }>
              <h1
                style={
                  Object {
  -                 "fontSize": 35,
  -                 "margin": "20px 0 0 0",
  +                 "fontSize": "35px",
  +                 "margin": 0,
                    "padding": 0,
                  }
                }>
                Picklist
              </h1>
              <h2
                style={
                  Object {
  -                 "fontSize": 22,
  +                 "fontSize": "22px",
                    "fontWeight": 400,
                    "margin": "0 0 10px 0",
                    "padding": 0,
                  }
                }>
                Default
              </h2>
            </div>
            <div
              style={
                Object {
                  "marginBottom": 0,
                }
              }>
              <p
                style={
                  Object {
                    "WebkitFontSmoothing": "antialiased",
                    "color": "#444",
                    "fontFamily": "
                      -apple-system, ".SFNSText-Regular", "San Francisco", "Roboto",
                      "Segoe UI", "Helvetica Neue", "Lucida Grande", sans-serif
                    ",
  -                 "fontSize": 15,
  +                 "fontSize": "15px",
                  }
                }>
                Default Picklist control
              </p>
            </div>
            <div>
              <h1
                style={
                  Object {
                    "borderBottom": "1px solid #EEE",
  -                 "fontSize": 25,
  +                 "fontSize": "25px",
                    "margin": "20px 0 0 0",
                    "padding": "0 0 5px 0",
                  }
                }>
                Story Source
              </h1>
              <pre
                style={
                  Object {
                    "backgroundColor": "#fafafa",
                    "fontFamily": "Menlo, Monaco, "Courier New", monospace",
                    "fontSize": ".88em",
                    "lineHeight": 1.5,
                    "overflowX": "scroll",
                    "padding": ".5rem",
                  }
                }>
                <div>
                  <div
                    style={
                      Object {
                        "paddingLeft": 18,
                        "paddingRight": 3,
                      }
                    }>
                    <span
                      style={
                        Object {
                          "color": "#777",
                        }
                      }>
                      <
                      Picklist
                    </span>
                    <span>
                      <span>
                        <span>
                          <br />
                            
                        </span>
                        <span
                          style={Object {}}>
                          label
                        </span>
                        <span>
                          =
                          <span
                            style={Object {}}>
                            <span
                              style={
                                Object {
                                  "color": "#22a",
                                  "wordBreak": "break-word",
                                }
                              }>
                              "
                              Picklist Label
                              "
                            </span>
                          </span>
                        </span>
                      </span>
                      <span>
                        <span>
                          <br />
                            
                        </span>
                        <span
                          style={Object {}}>
                          selectedText
                        </span>
                        <span>
                          =
                          <span
                            style={Object {}}>
                            <span
                              style={
                                Object {
                                  "color": "#22a",
                                  "wordBreak": "break-word",
                                }
                              }>
                              "
                              Select item from here
                              "
                            </span>
                          </span>
                        </span>
                      </span>
                      <span>
                        <span>
                          <br />
                            
                        </span>
                        <span
                          style={Object {}}>
                          onChange
                        </span>
                        <span>
                          =
                          <span
                            style={Object {}}>
                            <span>
                              {
                              <span
                                style={
                                  Object {
                                    "color": "#170",
                                  }
                                }>
  -                             anonymous()
  +                             change()
                              </span>
                              }
                            </span>
                          </span>
                        </span>
                      </span>
                      <span>
                        <span>
                          <br />
                            
                        </span>
                        <span
                          style={Object {}}>
                          onValueChange
                        </span>
                        <span>
                          =
                          <span
                            style={Object {}}>
                            <span>
                              {
                              <span
                                style={
                                  Object {
                                    "color": "#170",
                                  }
                                }>
  -                             anonymous()
  +                             valueChange()
                              </span>
                              }
                            </span>
                          </span>
                        </span>
                      </span>
                      <span>
                        <span>
                          <br />
                            
                        </span>
                        <span
                          style={Object {}}>
                          onSelect
                        </span>
                        <span>
                          =
                          <span
                            style={Object {}}>
                            <span>
                              {
                              <span
                                style={
                                  Object {
                                    "color": "#170",
                                  }
                                }>
  -                             anonymous()
  +                             select()
                              </span>
                              }
                            </span>
                          </span>
                        </span>
                        <br />
                      </span>
                    </span>
                    <span
                      style={
                        Object {
                          "color": "#777",
                        }
                      }>
                      >
                    </span>
                  </div>
                  <div
                    style={
                      Object {
                        "paddingLeft": 33,
                        "paddingRight": 3,
                      }
                    }>
                    <span
                      style={
                        Object {
                          "color": "#777",
                        }
                      }>
                      <
                      PicklistItem
                    </span>
                    <span>
                      <span>
                         
                        <span
                          style={Object {}}>
                          label
                        </span>
                        <span>
                          =
                          <span
                            style={Object {}}>
                            <span
                              style={
                                Object {
                                  "color": "#22a",
                                  "wordBreak": "break-word",
                                }
                              }>
                              "
                              Picklsit Item One
                              "
                            </span>
                          </span>
                        </span>
                      </span>
                      <span>
                         
                        <span
                          style={Object {}}>
                          value
                        </span>
                        <span>
                          =
                          <span
                            style={Object {}}>
                            <span
                              style={
                                Object {
                                  "color": "#22a",
                                  "wordBreak": "break-word",
                                }
                              }>
                              "
                              1
                              "
                            </span>
                          </span>
                        </span>
                         
                      </span>
                    </span>
                    <span
                      style={
                        Object {
                          "color": "#777",
                        }
                      }>
                      />
                    </span>
                  </div>
                  <div
                    style={
                      Object {
                        "paddingLeft": 33,
                        "paddingRight": 3,
                      }
                    }>
                    <span
                      style={
                        Object {
                          "color": "#777",
                        }
                      }>
                      <
                      PicklistItem
                    </span>
                    <span>
                      <span>
                         
                        <span
                          style={Object {}}>
                          label
                        </span>
                        <span>
                          =
                          <span
                            style={Object {}}>
                            <span
                              style={
                                Object {
                                  "color": "#22a",
                                  "wordBreak": "break-word",
                                }
                              }>
                              "
                              Picklsit Item Two
                              "
                            </span>
                          </span>
                        </span>
                      </span>
                      <span>
                         
                        <span
                          style={Object {}}>
                          value
                        </span>
                        <span>
                          =
                          <span
                            style={Object {}}>
                            <span
                              style={
                                Object {
                                  "color": "#22a",
                                  "wordBreak": "break-word",
                                }
                              }>
                              "
                              2
                              "
                            </span>
                          </span>
                        </span>
                         
                      </span>
                    </span>
                    <span
                      style={
                        Object {
                          "color": "#777",
                        }
                      }>
                      />
                    </span>
                  </div>
                  <div
                    style={
                      Object {
                        "paddingLeft": 33,
                        "paddingRight": 3,
                      }
                    }>
                    <span
                      style={
                        Object {
                          "color": "#777",
                        }
                      }>
                      <
                      PicklistItem
                    </span>
                    <span>
                      <span>
                         
                        <span
                          style={Object {}}>
                          label
                        </span>
                        <span>
                          =
                          <span
                            style={Object {}}>
                            <span
                              style={
                                Object {
                                  "color": "#22a",
                                  "wordBreak": "break-word",
                                }
                              }>
                              "
                              Picklist Item Three
                              "
                            </span>
                          </span>
                        </span>
                      </span>
                      <span>
                         
                        <span
                          style={Object {}}>
                          value
                        </span>
                        <span>
                          =
                          <span
                            style={Object {}}>
                            <span
                              style={
                                Object {
                                  "color": "#22a",
                                  "wordBreak": "break-word",
                                }
                              }>
                              "
                              3
                              "
                            </span>
                          </span>
                        </span>
                         
                      </span>
                    </span>
                    <span
                      style={
                        Object {
                          "color": "#777",
                        }
                      }>
                      />
                    </span>
                  </div>
                  <div
                    style={
                      Object {
                        "paddingLeft": 18,
                        "paddingRight": 3,
                      }
                    }>
                    <span
                      style={
                        Object {
                          "color": "#777",
                        }
                      }>
                      </
                      Picklist
                      >
                    </span>
                  </div>
                </div>
              </pre>
            </div>
            <div>
              <h1
                style={
                  Object {
                    "borderBottom": "1px solid #EEE",
  -                 "fontSize": 25,
  +                 "fontSize": "25px",
                    "margin": "20px 0 0 0",
                    "padding": "0 0 5px 0",
                  }
                }>
                Prop Types
              </h1>
              <div>
                <h2
                  style={
                    Object {
                      "margin": "20px 0 0 0",
                    }
                  }>
                  "
                  Picklist
                  " Component
                </h2>
                <table
                  style={
                    Object {
                      "borderCollapse": "separate",
                      "borderSpacing": "10px 5px",
                      "marginLeft": -10,
                    }
                  }>
                  <thead>
                    <tr>
                      <th>
                        property
                      </th>
                      <th>
                        propType
                      </th>
                      <th>
                        required
                      </th>
                      <th>
                        default
                      </th>
                    </tr>
                  </thead>
                  <tbody>
                    <tr>
                      <td>
                        selectedText
                      </td>
                      <td>
                        string
                      </td>
                      <td>
                        no
                      </td>
                      <td>
                        <span
                          style={
                            Object {
                              "color": "#22a",
                              "wordBreak": "break-word",
                            }
                          }>
                          "
                          
                          "
                        </span>
                      </td>
                    </tr>
                    <tr>
                      <td>
                        id
                      </td>
                      <td>
                        string
                      </td>
                      <td>
                        no
                      </td>
                      <td>
                        -
                      </td>
                    </tr>
                    <tr>
                      <td>
                        children
                      </td>
                      <td>
                        node
                      </td>
                      <td>
                        no
                      </td>
                      <td>
                        -
                      </td>
                    </tr>
                    <tr>
                      <td>
                        defaultOpened
                      </td>
                      <td>
                        bool
                      </td>
                      <td>
                        no
                      </td>
                      <td>
                        -
                      </td>
                    </tr>
                    <tr>
                      <td>
                        className
                      </td>
                      <td>
                        string
                      </td>
                      <td>
                        no
                      </td>
                      <td>
                        -
                      </td>
                    </tr>
                    <tr>
                      <td>
                        error
                      </td>
                      <td>
                        other
                      </td>
                      <td>
                        no
                      </td>
                      <td>
                        -
                      </td>
                    </tr>
                    <tr>
                      <td>
                        defaultValue
                      </td>
                      <td>
                        other
                      </td>
                      <td>
                        no
                      </td>
                      <td>
                        <span>
                          {
                          <span
                            style={
                              Object {
                                "color": "#666",
                              }
                            }>
                            [
                            ]
                          </span>
                          }
                        </span>
                      </td>
                    </tr>
                    <tr>
                      <td>
                        cols
                      </td>
                      <td>
                        number
                      </td>
                      <td>
                        no
                      </td>
                      <td>
                        -
                      </td>
                    </tr>
                    <tr>
                      <td>
                        onSelect
                      </td>
                      <td>
                        func
                      </td>
                      <td>
                        no
                      </td>
                      <td>
                        -
                      </td>
                    </tr>
                    <tr>
                      <td>
                        name
                      </td>
                      <td>
                        string
                      </td>
                      <td>
                        no
                      </td>
                      <td>
                        -
                      </td>
                    </tr>
                    <tr>
                      <td>
                        label
                      </td>
                      <td>
                        string
                      </td>
                      <td>
                        no
                      </td>
                      <td>
                        -
                      </td>
                    </tr>
                    <tr>
                      <td>
                        multiSelect
                      </td>
                      <td>
                        bool
                      </td>
                      <td>
                        no
                      </td>
                      <td>
                        <span>
                          {
                          <span
                            style={
                              Object {
                                "color": "#a11",
                              }
                            }>
                            false
                          </span>
                          }
                        </span>
                      </td>
                    </tr>
                    <tr>
                      <td>
                        menuSize
                      </td>
                      <td>
                        string
                      </td>
                      <td>
                        no
                      </td>
                      <td>
                        -
                      </td>
                    </tr>
                    <tr>
                      <td>
                        onBlur
                      </td>
                      <td>
                        func
                      </td>
                      <td>
                        no
                      </td>
                      <td>
                        -
                      </td>
                    </tr>
                    <tr>
                      <td>
                        onChange
                      </td>
                      <td>
                        func
                      </td>
                      <td>
                        no
                      </td>
                      <td>
                        -
                      </td>
                    </tr>
                    <tr>
                      <td>
                        onComplete
                      </td>
                      <td>
                        func
                      </td>
                      <td>
                        no
                      </td>
                      <td>
                        -
                      </td>
                    </tr>
                    <tr>
                      <td>
                        onKeyDown
                      </td>
                      <td>
                        func
                      </td>
                      <td>
                        no
                      </td>
                      <td>
                        -
                      </td>
                    </tr>
                    <tr>
                      <td>
                        onValueChange
                      </td>
                      <td>
                        func
                      </td>
                      <td>
                        no
                      </td>
                      <td>
                        -
                      </td>
                    </tr>
                    <tr>
                      <td>
                        optionsSelectedText
                      </td>
                      <td>
                        string
                      </td>
                      <td>
                        no
                      </td>
                      <td>
                        <span
                          style={
                            Object {
                              "color": "#22a",
                              "wordBreak": "break-word",
                            }
                          }>
                          "
                          
                          "
                        </span>
                      </td>
                    </tr>
                    <tr>
                      <td>
                        required
                      </td>
                      <td>
                        bool
                      </td>
                      <td>
                        no
                      </td>
                      <td>
                        -
                      </td>
                    </tr>
                    <tr>
                      <td>
                        totalCols
                      </td>
                      <td>
                        number
                      </td>
                      <td>
                        no
                      </td>
                      <td>
                        -
                      </td>
                    </tr>
                    <tr>
                      <td>
                        value
                      </td>
                      <td>
                        other
                      </td>
                      <td>
                        no
                      </td>
                      <td>
                        -
                      </td>
                    </tr>
                  </tbody>
                </table>
              </div>
              <div>
                <h2
                  style={
                    Object {
                      "margin": "20px 0 0 0",
                    }
                  }>
                  "
                  PicklistItem
                  " Component
                </h2>
                <table
                  style={
                    Object {
                      "borderCollapse": "separate",
                      "borderSpacing": "10px 5px",
                      "marginLeft": -10,
                    }
                  }>
                  <thead>
                    <tr>
                      <th>
                        property
                      </th>
                      <th>
                        propType
                      </th>
                      <th>
                        required
                      </th>
                      <th>
                        default
                      </th>
                    </tr>
                  </thead>
                  <tbody>
                    <tr>
                      <td>
                        children
                      </td>
                      <td>
                        node
                      </td>
                      <td>
                        no
                      </td>
                      <td>
                        -
                      </td>
                    </tr>
                    <tr>
                      <td>
                        label
                      </td>
                      <td>
                        other
                      </td>
                      <td>
                        no
                      </td>
                      <td>
                        -
                      </td>
                    </tr>
                    <tr>
                      <td>
                        selected
                      </td>
                      <td>
                        bool
                      </td>
                      <td>
                        no
                      </td>
                      <td>
                        -
                      </td>
                    </tr>
                    <tr>
                      <td>
                        value
                      </td>
                      <td>
                        other
                      </td>
                      <td>
                        no
                      </td>
                      <td>
                        -
                      </td>
                    </tr>
                  </tbody>
                </table>
              </div>
            </div>
          </div>
        </div>
      </div>
    </div>


✗ Required
  - Snapshot
  + Current story
  
  <div>
      <div
        style={
          Object {
            "position": "relative",
            "zIndex": 0,
          }
        }>
        <div
          className="slds-form-element react-slds-dropdown-form-element">
          <div
            className="slds-form-element">
            <label
              className="slds-form-element__label"
              htmlFor="form-element-$uuid$">
              Picklist Label
              <abbr
                className="slds-required">
                *
              </abbr>
            </label>
            <div
              className="slds-form-element__control">
              <div
                aria-expanded={undefined}
                className="slds-picklist">
                <button
                  className="slds-picklist__label slds-button slds-button--neutral"
                  id="form-element-$uuid$"
                  onBlur={[Function]}
                  onClick={[Function]}
                  onKeyDown={[Function]}
                  type="button">
                  <span
                    className="slds-truncate">
                    <span>
                       
                    </span>
                  </span>
                  <svg
                    aria-hidden={true}
                    className="slds-icon slds-icon-text-default"
                    dangerouslySetInnerHTML={
                      Object {
                        "__html": "<use xlink:href="/assets/icons/utility-sprite/svg/symbols.svg#down"></use>",
                      }
                    }
                    style={undefined} />
                </button>
              </div>
            </div>
          </div>
          <div
            className="react-slds-dropdown-control-wrapper"
            style={undefined}>
            <div
              className="slds-form-element__control">
              <div />
            </div>
          </div>
        </div>
      </div>
      <a
        onClick={[Function]}
        style={
          Object {
            "background": "#28c",
            "borderRadius": "0 0 0 5px",
            "color": "#fff",
            "cursor": "pointer",
            "display": "block",
            "fontFamily": "sans-serif",
  -         "fontSize": 12,
  +         "fontSize": "12px",
            "padding": "5px 15px",
            "position": "fixed",
            "right": 0,
            "textDecoration": "none",
            "top": 0,
          }
        }>
        ?
      </a>
      <div
        style={
          Object {
            "background": "white",
            "bottom": 0,
            "display": "none",
            "left": 0,
            "overflow": "auto",
            "padding": "0 40px",
            "position": "absolute",
            "right": 0,
            "top": 0,
          }
        }>
        <a
          onClick={[Function]}
          style={
            Object {
              "background": "#28c",
              "borderRadius": "0 0 0 5px",
              "color": "#fff",
              "cursor": "pointer",
              "display": "block",
              "fontFamily": "sans-serif",
  -           "fontSize": 12,
  +           "fontSize": "12px",
              "padding": "5px 15px",
              "position": "fixed",
              "right": 0,
              "textDecoration": "none",
              "top": 0,
            }
          }>
          ×
        </a>
        <div
          style={undefined}>
          <div
            style={
              Object {
                "WebkitFontSmoothing": "antialiased",
                "color": "#444",
                "fontFamily": "
                  -apple-system, ".SFNSText-Regular", "San Francisco", "Roboto",
                  "Segoe UI", "Helvetica Neue", "Lucida Grande", sans-serif
                ",
  -             "fontSize": 15,
  +             "fontSize": "15px",
                "fontWeight": 300,
                "lineHeight": 1.45,
              }
            }>
            <div
              style={
                Object {
                  "borderBottom": "1px solid #eee",
                  "marginBottom": 10,
  +               "paddingTop": 10,
                }
              }>
              <h1
                style={
                  Object {
  -                 "fontSize": 35,
  -                 "margin": "20px 0 0 0",
  +                 "fontSize": "35px",
  +                 "margin": 0,
                    "padding": 0,
                  }
                }>
                Picklist
              </h1>
              <h2
                style={
                  Object {
  -                 "fontSize": 22,
  +                 "fontSize": "22px",
                    "fontWeight": 400,
                    "margin": "0 0 10px 0",
                    "padding": 0,
                  }
                }>
                Required
              </h2>
            </div>
            <div
              style={
                Object {
                  "marginBottom": 0,
                }
              }>
              <p
                style={
                  Object {
                    "WebkitFontSmoothing": "antialiased",
                    "color": "#444",
                    "fontFamily": "
                      -apple-system, ".SFNSText-Regular", "San Francisco", "Roboto",
                      "Segoe UI", "Helvetica Neue", "Lucida Grande", sans-serif
                    ",
  -                 "fontSize": 15,
  +                 "fontSize": "15px",
                  }
                }>
                Picklist control with required attribute
              </p>
            </div>
            <div>
              <h1
                style={
                  Object {
                    "borderBottom": "1px solid #EEE",
  -                 "fontSize": 25,
  +                 "fontSize": "25px",
                    "margin": "20px 0 0 0",
                    "padding": "0 0 5px 0",
                  }
                }>
                Story Source
              </h1>
              <pre
                style={
                  Object {
                    "backgroundColor": "#fafafa",
                    "fontFamily": "Menlo, Monaco, "Courier New", monospace",
                    "fontSize": ".88em",
                    "lineHeight": 1.5,
                    "overflowX": "scroll",
                    "padding": ".5rem",
                  }
                }>
                <div>
                  <div
                    style={
                      Object {
                        "paddingLeft": 18,
                        "paddingRight": 3,
                      }
                    }>
                    <span
                      style={
                        Object {
                          "color": "#777",
                        }
                      }>
                      <
                      Picklist
                    </span>
                    <span>
                      <span>
                        <span>
                          <br />
                            
                        </span>
                        <span
                          style={Object {}}>
                          label
                        </span>
                        <span>
                          =
                          <span
                            style={Object {}}>
                            <span
                              style={
                                Object {
                                  "color": "#22a",
                                  "wordBreak": "break-word",
                                }
                              }>
                              "
                              Picklist Label
                              "
                            </span>
                          </span>
                        </span>
                      </span>
                      <span>
                        <span>
                          <br />
                            
                        </span>
                        <span
                          style={Object {}}>
                          required
                        </span>
                      </span>
                      <span>
                        <span>
                          <br />
                            
                        </span>
                        <span
                          style={Object {}}>
                          onChange
                        </span>
                        <span>
                          =
                          <span
                            style={Object {}}>
                            <span>
                              {
                              <span
                                style={
                                  Object {
                                    "color": "#170",
                                  }
                                }>
  -                             anonymous()
  +                             change()
                              </span>
                              }
                            </span>
                          </span>
                        </span>
                      </span>
                      <span>
                        <span>
                          <br />
                            
                        </span>
                        <span
                          style={Object {}}>
                          onValueChange
                        </span>
                        <span>
                          =
                          <span
                            style={Object {}}>
                            <span>
                              {
                              <span
                                style={
                                  Object {
                                    "color": "#170",
                                  }
                                }>
  -                             anonymous()
  +                             valueChange()
                              </span>
                              }
                            </span>
                          </span>
                        </span>
                      </span>
                      <span>
                        <span>
                          <br />
                            
                        </span>
                        <span
                          style={Object {}}>
                          onSelect
                        </span>
                        <span>
                          =
                          <span
                            style={Object {}}>
                            <span>
                              {
                              <span
                                style={
                                  Object {
                                    "color": "#170",
                                  }
                                }>
  -                             anonymous()
  +                             select()
                              </span>
                              }
                            </span>
                          </span>
                        </span>
                        <br />
                      </span>
                    </span>
                    <span
                      style={
                        Object {
                          "color": "#777",
                        }
                      }>
                      >
                    </span>
                  </div>
                  <div
                    style={
                      Object {
                        "paddingLeft": 33,
                        "paddingRight": 3,
                      }
                    }>
                    <span
                      style={
                        Object {
                          "color": "#777",
                        }
                      }>
                      <
                      PicklistItem
                    </span>
                    <span>
                      <span>
                         
                        <span
                          style={Object {}}>
                          label
                        </span>
                        <span>
                          =
                          <span
                            style={Object {}}>
                            <span
                              style={
                                Object {
                                  "color": "#22a",
                                  "wordBreak": "break-word",
                                }
                              }>
                              "
                              Picklsit Item One
                              "
                            </span>
                          </span>
                        </span>
                      </span>
                      <span>
                         
                        <span
                          style={Object {}}>
                          value
                        </span>
                        <span>
                          =
                          <span
                            style={Object {}}>
                            <span
                              style={
                                Object {
                                  "color": "#22a",
                                  "wordBreak": "break-word",
                                }
                              }>
                              "
                              1
                              "
                            </span>
                          </span>
                        </span>
                         
                      </span>
                    </span>
                    <span
                      style={
                        Object {
                          "color": "#777",
                        }
                      }>
                      />
                    </span>
                  </div>
                  <div
                    style={
                      Object {
                        "paddingLeft": 33,
                        "paddingRight": 3,
                      }
                    }>
                    <span
                      style={
                        Object {
                          "color": "#777",
                        }
                      }>
                      <
                      PicklistItem
                    </span>
                    <span>
                      <span>
                         
                        <span
                          style={Object {}}>
                          label
                        </span>
                        <span>
                          =
                          <span
                            style={Object {}}>
                            <span
                              style={
                                Object {
                                  "color": "#22a",
                                  "wordBreak": "break-word",
                                }
                              }>
                              "
                              Picklsit Item Two
                              "
                            </span>
                          </span>
                        </span>
                      </span>
                      <span>
                         
                        <span
                          style={Object {}}>
                          value
                        </span>
                        <span>
                          =
                          <span
                            style={Object {}}>
                            <span
                              style={
                                Object {
                                  "color": "#22a",
                                  "wordBreak": "break-word",
                                }
                              }>
                              "
                              2
                              "
                            </span>
                          </span>
                        </span>
                         
                      </span>
                    </span>
                    <span
                      style={
                        Object {
                          "color": "#777",
                        }
                      }>
                      />
                    </span>
                  </div>
                  <div
                    style={
                      Object {
                        "paddingLeft": 33,
                        "paddingRight": 3,
                      }
                    }>
                    <span
                      style={
                        Object {
                          "color": "#777",
                        }
                      }>
                      <
                      PicklistItem
                    </span>
                    <span>
                      <span>
                         
                        <span
                          style={Object {}}>
                          label
                        </span>
                        <span>
                          =
                          <span
                            style={Object {}}>
                            <span
                              style={
                                Object {
                                  "color": "#22a",
                                  "wordBreak": "break-word",
                                }
                              }>
                              "
                              Picklist Item Three
                              "
                            </span>
                          </span>
                        </span>
                      </span>
                      <span>
                         
                        <span
                          style={Object {}}>
                          value
                        </span>
                        <span>
                          =
                          <span
                            style={Object {}}>
                            <span
                              style={
                                Object {
                                  "color": "#22a",
                                  "wordBreak": "break-word",
                                }
                              }>
                              "
                              3
                              "
                            </span>
                          </span>
                        </span>
                         
                      </span>
                    </span>
                    <span
                      style={
                        Object {
                          "color": "#777",
                        }
                      }>
                      />
                    </span>
                  </div>
                  <div
                    style={
                      Object {
                        "paddingLeft": 18,
                        "paddingRight": 3,
                      }
                    }>
                    <span
                      style={
                        Object {
                          "color": "#777",
                        }
                      }>
                      </
                      Picklist
                      >
                    </span>
                  </div>
                </div>
              </pre>
            </div>
            <div>
              <h1
                style={
                  Object {
                    "borderBottom": "1px solid #EEE",
  -                 "fontSize": 25,
  +                 "fontSize": "25px",
                    "margin": "20px 0 0 0",
                    "padding": "0 0 5px 0",
                  }
                }>
                Prop Types
              </h1>
              <div>
                <h2
                  style={
                    Object {
                      "margin": "20px 0 0 0",
                    }
                  }>
                  "
                  Picklist
                  " Component
                </h2>
                <table
                  style={
                    Object {
                      "borderCollapse": "separate",
                      "borderSpacing": "10px 5px",
                      "marginLeft": -10,
                    }
                  }>
                  <thead>
                    <tr>
                      <th>
                        property
                      </th>
                      <th>
                        propType
                      </th>
                      <th>
                        required
                      </th>
                      <th>
                        default
                      </th>
                    </tr>
                  </thead>
                  <tbody>
                    <tr>
                      <td>
                        selectedText
                      </td>
                      <td>
                        string
                      </td>
                      <td>
                        no
                      </td>
                      <td>
                        <span
                          style={
                            Object {
                              "color": "#22a",
                              "wordBreak": "break-word",
                            }
                          }>
                          "
                          
                          "
                        </span>
                      </td>
                    </tr>
                    <tr>
                      <td>
                        id
                      </td>
                      <td>
                        string
                      </td>
                      <td>
                        no
                      </td>
                      <td>
                        -
                      </td>
                    </tr>
                    <tr>
                      <td>
                        children
                      </td>
                      <td>
                        node
                      </td>
                      <td>
                        no
                      </td>
                      <td>
                        -
                      </td>
                    </tr>
                    <tr>
                      <td>
                        defaultOpened
                      </td>
                      <td>
                        bool
                      </td>
                      <td>
                        no
                      </td>
                      <td>
                        -
                      </td>
                    </tr>
                    <tr>
                      <td>
                        className
                      </td>
                      <td>
                        string
                      </td>
                      <td>
                        no
                      </td>
                      <td>
                        -
                      </td>
                    </tr>
                    <tr>
                      <td>
                        error
                      </td>
                      <td>
                        other
                      </td>
                      <td>
                        no
                      </td>
                      <td>
                        -
                      </td>
                    </tr>
                    <tr>
                      <td>
                        defaultValue
                      </td>
                      <td>
                        other
                      </td>
                      <td>
                        no
                      </td>
                      <td>
                        <span>
                          {
                          <span
                            style={
                              Object {
                                "color": "#666",
                              }
                            }>
                            [
                            ]
                          </span>
                          }
                        </span>
                      </td>
                    </tr>
                    <tr>
                      <td>
                        cols
                      </td>
                      <td>
                        number
                      </td>
                      <td>
                        no
                      </td>
                      <td>
                        -
                      </td>
                    </tr>
                    <tr>
                      <td>
                        onSelect
                      </td>
                      <td>
                        func
                      </td>
                      <td>
                        no
                      </td>
                      <td>
                        -
                      </td>
                    </tr>
                    <tr>
                      <td>
                        name
                      </td>
                      <td>
                        string
                      </td>
                      <td>
                        no
                      </td>
                      <td>
                        -
                      </td>
                    </tr>
                    <tr>
                      <td>
                        label
                      </td>
                      <td>
                        string
                      </td>
                      <td>
                        no
                      </td>
                      <td>
                        -
                      </td>
                    </tr>
                    <tr>
                      <td>
                        multiSelect
                      </td>
                      <td>
                        bool
                      </td>
                      <td>
                        no
                      </td>
                      <td>
                        <span>
                          {
                          <span
                            style={
                              Object {
                                "color": "#a11",
                              }
                            }>
                            false
                          </span>
                          }
                        </span>
                      </td>
                    </tr>
                    <tr>
                      <td>
                        menuSize
                      </td>
                      <td>
                        string
                      </td>
                      <td>
                        no
                      </td>
                      <td>
                        -
                      </td>
                    </tr>
                    <tr>
                      <td>
                        onBlur
                      </td>
                      <td>
                        func
                      </td>
                      <td>
                        no
                      </td>
                      <td>
                        -
                      </td>
                    </tr>
                    <tr>
                      <td>
                        onChange
                      </td>
                      <td>
                        func
                      </td>
                      <td>
                        no
                      </td>
                      <td>
                        -
                      </td>
                    </tr>
                    <tr>
                      <td>
                        onComplete
                      </td>
                      <td>
                        func
                      </td>
                      <td>
                        no
                      </td>
                      <td>
                        -
                      </td>
                    </tr>
                    <tr>
                      <td>
                        onKeyDown
                      </td>
                      <td>
                        func
                      </td>
                      <td>
                        no
                      </td>
                      <td>
                        -
                      </td>
                    </tr>
                    <tr>
                      <td>
                        onValueChange
                      </td>
                      <td>
                        func
                      </td>
                      <td>
                        no
                      </td>
                      <td>
                        -
                      </td>
                    </tr>
                    <tr>
                      <td>
                        optionsSelectedText
                      </td>
                      <td>
                        string
                      </td>
                      <td>
                        no
                      </td>
                      <td>
                        <span
                          style={
                            Object {
                              "color": "#22a",
                              "wordBreak": "break-word",
                            }
                          }>
                          "
                          
                          "
                        </span>
                      </td>
                    </tr>
                    <tr>
                      <td>
                        required
                      </td>
                      <td>
                        bool
                      </td>
                      <td>
                        no
                      </td>
                      <td>
                        -
                      </td>
                    </tr>
                    <tr>
                      <td>
                        totalCols
                      </td>
                      <td>
                        number
                      </td>
                      <td>
                        no
                      </td>
                      <td>
                        -
                      </td>
                    </tr>
                    <tr>
                      <td>
                        value
                      </td>
                      <td>
                        other
                      </td>
                      <td>
                        no
                      </td>
                      <td>
                        -
                      </td>
                    </tr>
                  </tbody>
                </table>
              </div>
              <div>
                <h2
                  style={
                    Object {
                      "margin": "20px 0 0 0",
                    }
                  }>
                  "
                  PicklistItem
                  " Component
                </h2>
                <table
                  style={
                    Object {
                      "borderCollapse": "separate",
                      "borderSpacing": "10px 5px",
                      "marginLeft": -10,
                    }
                  }>
                  <thead>
                    <tr>
                      <th>
                        property
                      </th>
                      <th>
                        propType
                      </th>
                      <th>
                        required
                      </th>
                      <th>
                        default
                      </th>
                    </tr>
                  </thead>
                  <tbody>
                    <tr>
                      <td>
                        children
                      </td>
                      <td>
                        node
                      </td>
                      <td>
                        no
                      </td>
                      <td>
                        -
                      </td>
                    </tr>
                    <tr>
                      <td>
                        label
                      </td>
                      <td>
                        other
                      </td>
                      <td>
                        no
                      </td>
                      <td>
                        -
                      </td>
                    </tr>
                    <tr>
                      <td>
                        selected
                      </td>
                      <td>
                        bool
                      </td>
                      <td>
                        no
                      </td>
                      <td>
                        -
                      </td>
                    </tr>
                    <tr>
                      <td>
                        value
                      </td>
                      <td>
                        other
                      </td>
                      <td>
                        no
                      </td>
                      <td>
                        -
                      </td>
                    </tr>
                  </tbody>
                </table>
              </div>
            </div>
          </div>
        </div>
      </div>
    </div>


✗ Error
  - Snapshot
  + Current story
  
  <div>
      <div
        style={
          Object {
            "position": "relative",
            "zIndex": 0,
          }
        }>
        <div
          className="slds-form-element slds-has-error react-slds-dropdown-form-element">
          <div
            className="slds-form-element">
            <label
              className="slds-form-element__label"
              htmlFor="form-element-$uuid$">
              Picklist Label
              <abbr
                className="slds-required">
                *
              </abbr>
            </label>
            <div
              className="slds-form-element__control">
              <div
                aria-expanded={undefined}
                className="slds-picklist">
                <button
                  className="slds-picklist__label slds-button slds-button--neutral"
                  id="form-element-$uuid$"
                  onBlur={[Function]}
                  onClick={[Function]}
                  onKeyDown={[Function]}
                  type="button">
                  <span
                    className="slds-truncate">
                    <span>
                       
                    </span>
                  </span>
                  <svg
                    aria-hidden={true}
                    className="slds-icon slds-icon-text-default"
                    dangerouslySetInnerHTML={
                      Object {
                        "__html": "<use xlink:href="/assets/icons/utility-sprite/svg/symbols.svg#down"></use>",
                      }
                    }
                    style={undefined} />
                </button>
              </div>
            </div>
          </div>
          <div
            className="react-slds-dropdown-control-wrapper"
            style={undefined}>
            <div
              className="slds-form-element__control">
              <div />
              <span
                className="slds-form-element__help">
                This field is required
              </span>
            </div>
          </div>
        </div>
      </div>
      <a
        onClick={[Function]}
        style={
          Object {
            "background": "#28c",
            "borderRadius": "0 0 0 5px",
            "color": "#fff",
            "cursor": "pointer",
            "display": "block",
            "fontFamily": "sans-serif",
  -         "fontSize": 12,
  +         "fontSize": "12px",
            "padding": "5px 15px",
            "position": "fixed",
            "right": 0,
            "textDecoration": "none",
            "top": 0,
          }
        }>
        ?
      </a>
      <div
        style={
          Object {
            "background": "white",
            "bottom": 0,
            "display": "none",
            "left": 0,
            "overflow": "auto",
            "padding": "0 40px",
            "position": "absolute",
            "right": 0,
            "top": 0,
          }
        }>
        <a
          onClick={[Function]}
          style={
            Object {
              "background": "#28c",
              "borderRadius": "0 0 0 5px",
              "color": "#fff",
              "cursor": "pointer",
              "display": "block",
              "fontFamily": "sans-serif",
  -           "fontSize": 12,
  +           "fontSize": "12px",
              "padding": "5px 15px",
              "position": "fixed",
              "right": 0,
              "textDecoration": "none",
              "top": 0,
            }
          }>
          ×
        </a>
        <div
          style={undefined}>
          <div
            style={
              Object {
                "WebkitFontSmoothing": "antialiased",
                "color": "#444",
                "fontFamily": "
                  -apple-system, ".SFNSText-Regular", "San Francisco", "Roboto",
                  "Segoe UI", "Helvetica Neue", "Lucida Grande", sans-serif
                ",
  -             "fontSize": 15,
  +             "fontSize": "15px",
                "fontWeight": 300,
                "lineHeight": 1.45,
              }
            }>
            <div
              style={
                Object {
                  "borderBottom": "1px solid #eee",
                  "marginBottom": 10,
  +               "paddingTop": 10,
                }
              }>
              <h1
                style={
                  Object {
  -                 "fontSize": 35,
  -                 "margin": "20px 0 0 0",
  +                 "fontSize": "35px",
  +                 "margin": 0,
                    "padding": 0,
                  }
                }>
                Picklist
              </h1>
              <h2
                style={
                  Object {
  -                 "fontSize": 22,
  +                 "fontSize": "22px",
                    "fontWeight": 400,
                    "margin": "0 0 10px 0",
                    "padding": 0,
                  }
                }>
                Error
              </h2>
            </div>
            <div
              style={
                Object {
                  "marginBottom": 0,
                }
              }>
              <p
                style={
                  Object {
                    "WebkitFontSmoothing": "antialiased",
                    "color": "#444",
                    "fontFamily": "
                      -apple-system, ".SFNSText-Regular", "San Francisco", "Roboto",
                      "Segoe UI", "Helvetica Neue", "Lucida Grande", sans-serif
                    ",
  -                 "fontSize": 15,
  +                 "fontSize": "15px",
                  }
                }>
                Picklist control with error message
              </p>
            </div>
            <div>
              <h1
                style={
                  Object {
                    "borderBottom": "1px solid #EEE",
  -                 "fontSize": 25,
  +                 "fontSize": "25px",
                    "margin": "20px 0 0 0",
                    "padding": "0 0 5px 0",
                  }
                }>
                Story Source
              </h1>
              <pre
                style={
                  Object {
                    "backgroundColor": "#fafafa",
                    "fontFamily": "Menlo, Monaco, "Courier New", monospace",
                    "fontSize": ".88em",
                    "lineHeight": 1.5,
                    "overflowX": "scroll",
                    "padding": ".5rem",
                  }
                }>
                <div>
                  <div
                    style={
                      Object {
                        "paddingLeft": 18,
                        "paddingRight": 3,
                      }
                    }>
                    <span
                      style={
                        Object {
                          "color": "#777",
                        }
                      }>
                      <
                      Picklist
                    </span>
                    <span>
                      <span>
                        <span>
                          <br />
                            
                        </span>
                        <span
                          style={Object {}}>
                          label
                        </span>
                        <span>
                          =
                          <span
                            style={Object {}}>
                            <span
                              style={
                                Object {
                                  "color": "#22a",
                                  "wordBreak": "break-word",
                                }
                              }>
                              "
                              Picklist Label
                              "
                            </span>
                          </span>
                        </span>
                      </span>
                      <span>
                        <span>
                          <br />
                            
                        </span>
                        <span
                          style={Object {}}>
                          required
                        </span>
                      </span>
                      <span>
                        <span>
                          <br />
                            
                        </span>
                        <span
                          style={Object {}}>
                          error
                        </span>
                        <span>
                          =
                          <span
                            style={Object {}}>
                            <span
                              style={
                                Object {
                                  "color": "#22a",
                                  "wordBreak": "break-word",
                                }
                              }>
                              "
                              This field is required
                              "
                            </span>
                          </span>
                        </span>
                      </span>
                      <span>
                        <span>
                          <br />
                            
                        </span>
                        <span
                          style={Object {}}>
                          onChange
                        </span>
                        <span>
                          =
                          <span
                            style={Object {}}>
                            <span>
                              {
                              <span
                                style={
                                  Object {
                                    "color": "#170",
                                  }
                                }>
  -                             anonymous()
  +                             change()
                              </span>
                              }
                            </span>
                          </span>
                        </span>
                      </span>
                      <span>
                        <span>
                          <br />
                            
                        </span>
                        <span
                          style={Object {}}>
                          onValueChange
                        </span>
                        <span>
                          =
                          <span
                            style={Object {}}>
                            <span>
                              {
                              <span
                                style={
                                  Object {
                                    "color": "#170",
                                  }
                                }>
  -                             anonymous()
  +                             valueChange()
                              </span>
                              }
                            </span>
                          </span>
                        </span>
                      </span>
                      <span>
                        <span>
                          <br />
                            
                        </span>
                        <span
                          style={Object {}}>
                          onSelect
                        </span>
                        <span>
                          =
                          <span
                            style={Object {}}>
                            <span>
                              {
                              <span
                                style={
                                  Object {
                                    "color": "#170",
                                  }
                                }>
  -                             anonymous()
  +                             select()
                              </span>
                              }
                            </span>
                          </span>
                        </span>
                        <br />
                      </span>
                    </span>
                    <span
                      style={
                        Object {
                          "color": "#777",
                        }
                      }>
                      >
                    </span>
                  </div>
                  <div
                    style={
                      Object {
                        "paddingLeft": 33,
                        "paddingRight": 3,
                      }
                    }>
                    <span
                      style={
                        Object {
                          "color": "#777",
                        }
                      }>
                      <
                      PicklistItem
                    </span>
                    <span>
                      <span>
                         
                        <span
                          style={Object {}}>
                          label
                        </span>
                        <span>
                          =
                          <span
                            style={Object {}}>
                            <span
                              style={
                                Object {
                                  "color": "#22a",
                                  "wordBreak": "break-word",
                                }
                              }>
                              "
                              Picklsit Item One
                              "
                            </span>
                          </span>
                        </span>
                      </span>
                      <span>
                         
                        <span
                          style={Object {}}>
                          value
                        </span>
                        <span>
                          =
                          <span
                            style={Object {}}>
                            <span
                              style={
                                Object {
                                  "color": "#22a",
                                  "wordBreak": "break-word",
                                }
                              }>
                              "
                              1
                              "
                            </span>
                          </span>
                        </span>
                         
                      </span>
                    </span>
                    <span
                      style={
                        Object {
                          "color": "#777",
                        }
                      }>
                      />
                    </span>
                  </div>
                  <div
                    style={
                      Object {
                        "paddingLeft": 33,
                        "paddingRight": 3,
                      }
                    }>
                    <span
                      style={
                        Object {
                          "color": "#777",
                        }
                      }>
                      <
                      PicklistItem
                    </span>
                    <span>
                      <span>
                         
                        <span
                          style={Object {}}>
                          label
                        </span>
                        <span>
                          =
                          <span
                            style={Object {}}>
                            <span
                              style={
                                Object {
                                  "color": "#22a",
                                  "wordBreak": "break-word",
                                }
                              }>
                              "
                              Picklsit Item Two
                              "
                            </span>
                          </span>
                        </span>
                      </span>
                      <span>
                         
                        <span
                          style={Object {}}>
                          value
                        </span>
                        <span>
                          =
                          <span
                            style={Object {}}>
                            <span
                              style={
                                Object {
                                  "color": "#22a",
                                  "wordBreak": "break-word",
                                }
                              }>
                              "
                              2
                              "
                            </span>
                          </span>
                        </span>
                         
                      </span>
                    </span>
                    <span
                      style={
                        Object {
                          "color": "#777",
                        }
                      }>
                      />
                    </span>
                  </div>
                  <div
                    style={
                      Object {
                        "paddingLeft": 33,
                        "paddingRight": 3,
                      }
                    }>
                    <span
                      style={
                        Object {
                          "color": "#777",
                        }
                      }>
                      <
                      PicklistItem
                    </span>
                    <span>
                      <span>
                         
                        <span
                          style={Object {}}>
                          label
                        </span>
                        <span>
                          =
                          <span
                            style={Object {}}>
                            <span
                              style={
                                Object {
                                  "color": "#22a",
                                  "wordBreak": "break-word",
                                }
                              }>
                              "
                              Picklist Item Three
                              "
                            </span>
                          </span>
                        </span>
                      </span>
                      <span>
                         
                        <span
                          style={Object {}}>
                          value
                        </span>
                        <span>
                          =
                          <span
                            style={Object {}}>
                            <span
                              style={
                                Object {
                                  "color": "#22a",
                                  "wordBreak": "break-word",
                                }
                              }>
                              "
                              3
                              "
                            </span>
                          </span>
                        </span>
                         
                      </span>
                    </span>
                    <span
                      style={
                        Object {
                          "color": "#777",
                        }
                      }>
                      />
                    </span>
                  </div>
                  <div
                    style={
                      Object {
                        "paddingLeft": 18,
                        "paddingRight": 3,
                      }
                    }>
                    <span
                      style={
                        Object {
                          "color": "#777",
                        }
                      }>
                      </
                      Picklist
                      >
                    </span>
                  </div>
                </div>
              </pre>
            </div>
            <div>
              <h1
                style={
                  Object {
                    "borderBottom": "1px solid #EEE",
  -                 "fontSize": 25,
  +                 "fontSize": "25px",
                    "margin": "20px 0 0 0",
                    "padding": "0 0 5px 0",
                  }
                }>
                Prop Types
              </h1>
              <div>
                <h2
                  style={
                    Object {
                      "margin": "20px 0 0 0",
                    }
                  }>
                  "
                  Picklist
                  " Component
                </h2>
                <table
                  style={
                    Object {
                      "borderCollapse": "separate",
                      "borderSpacing": "10px 5px",
                      "marginLeft": -10,
                    }
                  }>
                  <thead>
                    <tr>
                      <th>
                        property
                      </th>
                      <th>
                        propType
                      </th>
                      <th>
                        required
                      </th>
                      <th>
                        default
                      </th>
                    </tr>
                  </thead>
                  <tbody>
                    <tr>
                      <td>
                        selectedText
                      </td>
                      <td>
                        string
                      </td>
                      <td>
                        no
                      </td>
                      <td>
                        <span
                          style={
                            Object {
                              "color": "#22a",
                              "wordBreak": "break-word",
                            }
                          }>
                          "
                          
                          "
                        </span>
                      </td>
                    </tr>
                    <tr>
                      <td>
                        id
                      </td>
                      <td>
                        string
                      </td>
                      <td>
                        no
                      </td>
                      <td>
                        -
                      </td>
                    </tr>
                    <tr>
                      <td>
                        children
                      </td>
                      <td>
                        node
                      </td>
                      <td>
                        no
                      </td>
                      <td>
                        -
                      </td>
                    </tr>
                    <tr>
                      <td>
                        defaultOpened
                      </td>
                      <td>
                        bool
                      </td>
                      <td>
                        no
                      </td>
                      <td>
                        -
                      </td>
                    </tr>
                    <tr>
                      <td>
                        className
                      </td>
                      <td>
                        string
                      </td>
                      <td>
                        no
                      </td>
                      <td>
                        -
                      </td>
                    </tr>
                    <tr>
                      <td>
                        error
                      </td>
                      <td>
                        other
                      </td>
                      <td>
                        no
                      </td>
                      <td>
                        -
                      </td>
                    </tr>
                    <tr>
                      <td>
                        defaultValue
                      </td>
                      <td>
                        other
                      </td>
                      <td>
                        no
                      </td>
                      <td>
                        <span>
                          {
                          <span
                            style={
                              Object {
                                "color": "#666",
                              }
                            }>
                            [
                            ]
                          </span>
                          }
                        </span>
                      </td>
                    </tr>
                    <tr>
                      <td>
                        cols
                      </td>
                      <td>
                        number
                      </td>
                      <td>
                        no
                      </td>
                      <td>
                        -
                      </td>
                    </tr>
                    <tr>
                      <td>
                        onSelect
                      </td>
                      <td>
                        func
                      </td>
                      <td>
                        no
                      </td>
                      <td>
                        -
                      </td>
                    </tr>
                    <tr>
                      <td>
                        name
                      </td>
                      <td>
                        string
                      </td>
                      <td>
                        no
                      </td>
                      <td>
                        -
                      </td>
                    </tr>
                    <tr>
                      <td>
                        label
                      </td>
                      <td>
                        string
                      </td>
                      <td>
                        no
                      </td>
                      <td>
                        -
                      </td>
                    </tr>
                    <tr>
                      <td>
                        multiSelect
                      </td>
                      <td>
                        bool
                      </td>
                      <td>
                        no
                      </td>
                      <td>
                        <span>
                          {
                          <span
                            style={
                              Object {
                                "color": "#a11",
                              }
                            }>
                            false
                          </span>
                          }
                        </span>
                      </td>
                    </tr>
                    <tr>
                      <td>
                        menuSize
                      </td>
                      <td>
                        string
                      </td>
                      <td>
                        no
                      </td>
                      <td>
                        -
                      </td>
                    </tr>
                    <tr>
                      <td>
                        onBlur
                      </td>
                      <td>
                        func
                      </td>
                      <td>
                        no
                      </td>
                      <td>
                        -
                      </td>
                    </tr>
                    <tr>
                      <td>
                        onChange
                      </td>
                      <td>
                        func
                      </td>
                      <td>
                        no
                      </td>
                      <td>
                        -
                      </td>
                    </tr>
                    <tr>
                      <td>
                        onComplete
                      </td>
                      <td>
                        func
                      </td>
                      <td>
                        no
                      </td>
                      <td>
                        -
                      </td>
                    </tr>
                    <tr>
                      <td>
                        onKeyDown
                      </td>
                      <td>
                        func
                      </td>
                      <td>
                        no
                      </td>
                      <td>
                        -
                      </td>
                    </tr>
                    <tr>
                      <td>
                        onValueChange
                      </td>
                      <td>
                        func
                      </td>
                      <td>
                        no
                      </td>
                      <td>
                        -
                      </td>
                    </tr>
                    <tr>
                      <td>
                        optionsSelectedText
                      </td>
                      <td>
                        string
                      </td>
                      <td>
                        no
                      </td>
                      <td>
                        <span
                          style={
                            Object {
                              "color": "#22a",
                              "wordBreak": "break-word",
                            }
                          }>
                          "
                          
                          "
                        </span>
                      </td>
                    </tr>
                    <tr>
                      <td>
                        required
                      </td>
                      <td>
                        bool
                      </td>
                      <td>
                        no
                      </td>
                      <td>
                        -
                      </td>
                    </tr>
                    <tr>
                      <td>
                        totalCols
                      </td>
                      <td>
                        number
                      </td>
                      <td>
                        no
                      </td>
                      <td>
                        -
                      </td>
                    </tr>
                    <tr>
                      <td>
                        value
                      </td>
                      <td>
                        other
                      </td>
                      <td>
                        no
                      </td>
                      <td>
                        -
                      </td>
                    </tr>
                  </tbody>
                </table>
              </div>
              <div>
                <h2
                  style={
                    Object {
                      "margin": "20px 0 0 0",
                    }
                  }>
                  "
                  PicklistItem
                  " Component
                </h2>
                <table
                  style={
                    Object {
                      "borderCollapse": "separate",
                      "borderSpacing": "10px 5px",
                      "marginLeft": -10,
                    }
                  }>
                  <thead>
                    <tr>
                      <th>
                        property
                      </th>
                      <th>
                        propType
                      </th>
                      <th>
                        required
                      </th>
                      <th>
                        default
                      </th>
                    </tr>
                  </thead>
                  <tbody>
                    <tr>
                      <td>
                        children
                      </td>
                      <td>
                        node
                      </td>
                      <td>
                        no
                      </td>
                      <td>
                        -
                      </td>
                    </tr>
                    <tr>
                      <td>
                        label
                      </td>
                      <td>
                        other
                      </td>
                      <td>
                        no
                      </td>
                      <td>
                        -
                      </td>
                    </tr>
                    <tr>
                      <td>
                        selected
                      </td>
                      <td>
                        bool
                      </td>
                      <td>
                        no
                      </td>
                      <td>
                        -
                      </td>
                    </tr>
                    <tr>
                      <td>
                        value
                      </td>
                      <td>
                        other
                      </td>
                      <td>
                        no
                      </td>
                      <td>
                        -
                      </td>
                    </tr>
                  </tbody>
                </table>
              </div>
            </div>
          </div>
        </div>
      </div>
    </div>


✗ Disabled
  - Snapshot
  + Current story
  
  <div>
      <div
        style={
          Object {
            "position": "relative",
            "zIndex": 0,
          }
        }>
        <div
          className="slds-form-element react-slds-dropdown-form-element">
          <div
            className="slds-form-element">
            <label
              className="slds-form-element__label"
              htmlFor="form-element-$uuid$">
              Picklist Label
            </label>
            <div
              className="slds-form-element__control">
              <div
                aria-expanded={undefined}
                className="slds-picklist">
                <button
                  className="slds-picklist__label slds-button slds-button--neutral"
                  id="form-element-$uuid$"
                  onBlur={[Function]}
                  onClick={[Function]}
                  onKeyDown={[Function]}
                  type="button">
                  <span
                    className="slds-truncate">
                    <span>
                       
                    </span>
                  </span>
                  <svg
                    aria-hidden={true}
                    className="slds-icon slds-icon-text-default"
                    dangerouslySetInnerHTML={
                      Object {
                        "__html": "<use xlink:href="/assets/icons/utility-sprite/svg/symbols.svg#down"></use>",
                      }
                    }
                    style={undefined} />
                </button>
              </div>
            </div>
          </div>
          <div
            className="react-slds-dropdown-control-wrapper"
            style={undefined}>
            <div
              className="slds-form-element__control">
              <div />
            </div>
          </div>
        </div>
      </div>
      <a
        onClick={[Function]}
        style={
          Object {
            "background": "#28c",
            "borderRadius": "0 0 0 5px",
            "color": "#fff",
            "cursor": "pointer",
            "display": "block",
            "fontFamily": "sans-serif",
  -         "fontSize": 12,
  +         "fontSize": "12px",
            "padding": "5px 15px",
            "position": "fixed",
            "right": 0,
            "textDecoration": "none",
            "top": 0,
          }
        }>
        ?
      </a>
      <div
        style={
          Object {
            "background": "white",
            "bottom": 0,
            "display": "none",
            "left": 0,
            "overflow": "auto",
            "padding": "0 40px",
            "position": "absolute",
            "right": 0,
            "top": 0,
          }
        }>
        <a
          onClick={[Function]}
          style={
            Object {
              "background": "#28c",
              "borderRadius": "0 0 0 5px",
              "color": "#fff",
              "cursor": "pointer",
              "display": "block",
              "fontFamily": "sans-serif",
  -           "fontSize": 12,
  +           "fontSize": "12px",
              "padding": "5px 15px",
              "position": "fixed",
              "right": 0,
              "textDecoration": "none",
              "top": 0,
            }
          }>
          ×
        </a>
        <div
          style={undefined}>
          <div
            style={
              Object {
                "WebkitFontSmoothing": "antialiased",
                "color": "#444",
                "fontFamily": "
                  -apple-system, ".SFNSText-Regular", "San Francisco", "Roboto",
                  "Segoe UI", "Helvetica Neue", "Lucida Grande", sans-serif
                ",
  -             "fontSize": 15,
  +             "fontSize": "15px",
                "fontWeight": 300,
                "lineHeight": 1.45,
              }
            }>
            <div
              style={
                Object {
                  "borderBottom": "1px solid #eee",
                  "marginBottom": 10,
  +               "paddingTop": 10,
                }
              }>
              <h1
                style={
                  Object {
  -                 "fontSize": 35,
  -                 "margin": "20px 0 0 0",
  +                 "fontSize": "35px",
  +                 "margin": 0,
                    "padding": 0,
                  }
                }>
                Picklist
              </h1>
              <h2
                style={
                  Object {
  -                 "fontSize": 22,
  +                 "fontSize": "22px",
                    "fontWeight": 400,
                    "margin": "0 0 10px 0",
                    "padding": 0,
                  }
                }>
                Disabled
              </h2>
            </div>
            <div
              style={
                Object {
                  "marginBottom": 0,
                }
              }>
              <p
                style={
                  Object {
                    "WebkitFontSmoothing": "antialiased",
                    "color": "#444",
                    "fontFamily": "
                      -apple-system, ".SFNSText-Regular", "San Francisco", "Roboto",
                      "Segoe UI", "Helvetica Neue", "Lucida Grande", sans-serif
                    ",
  -                 "fontSize": 15,
  +                 "fontSize": "15px",
                  }
                }>
                Picklist with disabled items
              </p>
            </div>
            <div>
              <h1
                style={
                  Object {
                    "borderBottom": "1px solid #EEE",
  -                 "fontSize": 25,
  +                 "fontSize": "25px",
                    "margin": "20px 0 0 0",
                    "padding": "0 0 5px 0",
                  }
                }>
                Story Source
              </h1>
              <pre
                style={
                  Object {
                    "backgroundColor": "#fafafa",
                    "fontFamily": "Menlo, Monaco, "Courier New", monospace",
                    "fontSize": ".88em",
                    "lineHeight": 1.5,
                    "overflowX": "scroll",
                    "padding": ".5rem",
                  }
                }>
                <div>
                  <div
                    style={
                      Object {
                        "paddingLeft": 18,
                        "paddingRight": 3,
                      }
                    }>
                    <span
                      style={
                        Object {
                          "color": "#777",
                        }
                      }>
                      <
                      Picklist
                    </span>
                    <span>
                      <span>
                        <span>
                          <br />
                            
                        </span>
                        <span
                          style={Object {}}>
                          label
                        </span>
                        <span>
                          =
                          <span
                            style={Object {}}>
                            <span
                              style={
                                Object {
                                  "color": "#22a",
                                  "wordBreak": "break-word",
                                }
                              }>
                              "
                              Picklist Label
                              "
                            </span>
                          </span>
                        </span>
                      </span>
                      <span>
                        <span>
                          <br />
                            
                        </span>
                        <span
                          style={Object {}}>
                          onChange
                        </span>
                        <span>
                          =
                          <span
                            style={Object {}}>
                            <span>
                              {
                              <span
                                style={
                                  Object {
                                    "color": "#170",
                                  }
                                }>
  -                             anonymous()
  +                             change()
                              </span>
                              }
                            </span>
                          </span>
                        </span>
                      </span>
                      <span>
                        <span>
                          <br />
                            
                        </span>
                        <span
                          style={Object {}}>
                          onValueChange
                        </span>
                        <span>
                          =
                          <span
                            style={Object {}}>
                            <span>
                              {
                              <span
                                style={
                                  Object {
                                    "color": "#170",
                                  }
                                }>
  -                             anonymous()
  +                             valueChange()
                              </span>
                              }
                            </span>
                          </span>
                        </span>
                      </span>
                      <span>
                        <span>
                          <br />
                            
                        </span>
                        <span
                          style={Object {}}>
                          onSelect
                        </span>
                        <span>
                          =
                          <span
                            style={Object {}}>
                            <span>
                              {
                              <span
                                style={
                                  Object {
                                    "color": "#170",
                                  }
                                }>
  -                             anonymous()
  +                             select()
                              </span>
                              }
                            </span>
                          </span>
                        </span>
                        <br />
                      </span>
                    </span>
                    <span
                      style={
                        Object {
                          "color": "#777",
                        }
                      }>
                      >
                    </span>
                  </div>
                  <div
                    style={
                      Object {
                        "paddingLeft": 33,
                        "paddingRight": 3,
                      }
                    }>
                    <span
                      style={
                        Object {
                          "color": "#777",
                        }
                      }>
                      <
                      PicklistItem
                    </span>
                    <span>
                      <span>
                         
                        <span
                          style={Object {}}>
                          label
                        </span>
                        <span>
                          =
                          <span
                            style={Object {}}>
                            <span
                              style={
                                Object {
                                  "color": "#22a",
                                  "wordBreak": "break-word",
                                }
                              }>
                              "
                              Picklsit Item One
                              "
                            </span>
                          </span>
                        </span>
                      </span>
                      <span>
                         
                        <span
                          style={Object {}}>
                          value
                        </span>
                        <span>
                          =
                          <span
                            style={Object {}}>
                            <span
                              style={
                                Object {
                                  "color": "#22a",
                                  "wordBreak": "break-word",
                                }
                              }>
                              "
                              1
                              "
                            </span>
                          </span>
                        </span>
                      </span>
                      <span>
                         
                        <span
                          style={Object {}}>
                          disabled
                        </span>
                         
                      </span>
                    </span>
                    <span
                      style={
                        Object {
                          "color": "#777",
                        }
                      }>
                      />
                    </span>
                  </div>
                  <div
                    style={
                      Object {
                        "paddingLeft": 33,
                        "paddingRight": 3,
                      }
                    }>
                    <span
                      style={
                        Object {
                          "color": "#777",
                        }
                      }>
                      <
                      PicklistItem
                    </span>
                    <span>
                      <span>
                         
                        <span
                          style={Object {}}>
                          label
                        </span>
                        <span>
                          =
                          <span
                            style={Object {}}>
                            <span
                              style={
                                Object {
                                  "color": "#22a",
                                  "wordBreak": "break-word",
                                }
                              }>
                              "
                              Picklsit Item Two
                              "
                            </span>
                          </span>
                        </span>
                      </span>
                      <span>
                         
                        <span
                          style={Object {}}>
                          value
                        </span>
                        <span>
                          =
                          <span
                            style={Object {}}>
                            <span
                              style={
                                Object {
                                  "color": "#22a",
                                  "wordBreak": "break-word",
                                }
                              }>
                              "
                              2
                              "
                            </span>
                          </span>
                        </span>
                      </span>
                      <span>
                         
                        <span
                          style={Object {}}>
                          disabled
                        </span>
                         
                      </span>
                    </span>
                    <span
                      style={
                        Object {
                          "color": "#777",
                        }
                      }>
                      />
                    </span>
                  </div>
                  <div
                    style={
                      Object {
                        "paddingLeft": 33,
                        "paddingRight": 3,
                      }
                    }>
                    <span
                      style={
                        Object {
                          "color": "#777",
                        }
                      }>
                      <
                      PicklistItem
                    </span>
                    <span>
                      <span>
                         
                        <span
                          style={Object {}}>
                          label
                        </span>
                        <span>
                          =
                          <span
                            style={Object {}}>
                            <span
                              style={
                                Object {
                                  "color": "#22a",
                                  "wordBreak": "break-word",
                                }
                              }>
                              "
                              Picklist Item Three
                              "
                            </span>
                          </span>
                        </span>
                      </span>
                      <span>
                         
                        <span
                          style={Object {}}>
                          value
                        </span>
                        <span>
                          =
                          <span
                            style={Object {}}>
                            <span
                              style={
                                Object {
                                  "color": "#22a",
                                  "wordBreak": "break-word",
                                }
                              }>
                              "
                              3
                              "
                            </span>
                          </span>
                        </span>
                      </span>
                      <span>
                         
                        <span
                          style={Object {}}>
                          disabled
                        </span>
                         
                      </span>
                    </span>
                    <span
                      style={
                        Object {
                          "color": "#777",
                        }
                      }>
                      />
                    </span>
                  </div>
                  <div
                    style={
                      Object {
                        "paddingLeft": 18,
                        "paddingRight": 3,
                      }
                    }>
                    <span
                      style={
                        Object {
                          "color": "#777",
                        }
                      }>
                      </
                      Picklist
                      >
                    </span>
                  </div>
                </div>
              </pre>
            </div>
            <div>
              <h1
                style={
                  Object {
                    "borderBottom": "1px solid #EEE",
  -                 "fontSize": 25,
  +                 "fontSize": "25px",
                    "margin": "20px 0 0 0",
                    "padding": "0 0 5px 0",
                  }
                }>
                Prop Types
              </h1>
              <div>
                <h2
                  style={
                    Object {
                      "margin": "20px 0 0 0",
                    }
                  }>
                  "
                  Picklist
                  " Component
                </h2>
                <table
                  style={
                    Object {
                      "borderCollapse": "separate",
                      "borderSpacing": "10px 5px",
                      "marginLeft": -10,
                    }
                  }>
                  <thead>
                    <tr>
                      <th>
                        property
                      </th>
                      <th>
                        propType
                      </th>
                      <th>
                        required
                      </th>
                      <th>
                        default
                      </th>
                    </tr>
                  </thead>
                  <tbody>
                    <tr>
                      <td>
                        selectedText
                      </td>
                      <td>
                        string
                      </td>
                      <td>
                        no
                      </td>
                      <td>
                        <span
                          style={
                            Object {
                              "color": "#22a",
                              "wordBreak": "break-word",
                            }
                          }>
                          "
                          
                          "
                        </span>
                      </td>
                    </tr>
                    <tr>
                      <td>
                        id
                      </td>
                      <td>
                        string
                      </td>
                      <td>
                        no
                      </td>
                      <td>
                        -
                      </td>
                    </tr>
                    <tr>
                      <td>
                        children
                      </td>
                      <td>
                        node
                      </td>
                      <td>
                        no
                      </td>
                      <td>
                        -
                      </td>
                    </tr>
                    <tr>
                      <td>
                        defaultOpened
                      </td>
                      <td>
                        bool
                      </td>
                      <td>
                        no
                      </td>
                      <td>
                        -
                      </td>
                    </tr>
                    <tr>
                      <td>
                        className
                      </td>
                      <td>
                        string
                      </td>
                      <td>
                        no
                      </td>
                      <td>
                        -
                      </td>
                    </tr>
                    <tr>
                      <td>
                        error
                      </td>
                      <td>
                        other
                      </td>
                      <td>
                        no
                      </td>
                      <td>
                        -
                      </td>
                    </tr>
                    <tr>
                      <td>
                        defaultValue
                      </td>
                      <td>
                        other
                      </td>
                      <td>
                        no
                      </td>
                      <td>
                        <span>
                          {
                          <span
                            style={
                              Object {
                                "color": "#666",
                              }
                            }>
                            [
                            ]
                          </span>
                          }
                        </span>
                      </td>
                    </tr>
                    <tr>
                      <td>
                        cols
                      </td>
                      <td>
                        number
                      </td>
                      <td>
                        no
                      </td>
                      <td>
                        -
                      </td>
                    </tr>
                    <tr>
                      <td>
                        onSelect
                      </td>
                      <td>
                        func
                      </td>
                      <td>
                        no
                      </td>
                      <td>
                        -
                      </td>
                    </tr>
                    <tr>
                      <td>
                        name
                      </td>
                      <td>
                        string
                      </td>
                      <td>
                        no
                      </td>
                      <td>
                        -
                      </td>
                    </tr>
                    <tr>
                      <td>
                        label
                      </td>
                      <td>
                        string
                      </td>
                      <td>
                        no
                      </td>
                      <td>
                        -
                      </td>
                    </tr>
                    <tr>
                      <td>
                        multiSelect
                      </td>
                      <td>
                        bool
                      </td>
                      <td>
                        no
                      </td>
                      <td>
                        <span>
                          {
                          <span
                            style={
                              Object {
                                "color": "#a11",
                              }
                            }>
                            false
                          </span>
                          }
                        </span>
                      </td>
                    </tr>
                    <tr>
                      <td>
                        menuSize
                      </td>
                      <td>
                        string
                      </td>
                      <td>
                        no
                      </td>
                      <td>
                        -
                      </td>
                    </tr>
                    <tr>
                      <td>
                        onBlur
                      </td>
                      <td>
                        func
                      </td>
                      <td>
                        no
                      </td>
                      <td>
                        -
                      </td>
                    </tr>
                    <tr>
                      <td>
                        onChange
                      </td>
                      <td>
                        func
                      </td>
                      <td>
                        no
                      </td>
                      <td>
                        -
                      </td>
                    </tr>
                    <tr>
                      <td>
                        onComplete
                      </td>
                      <td>
                        func
                      </td>
                      <td>
                        no
                      </td>
                      <td>
                        -
                      </td>
                    </tr>
                    <tr>
                      <td>
                        onKeyDown
                      </td>
                      <td>
                        func
                      </td>
                      <td>
                        no
                      </td>
                      <td>
                        -
                      </td>
                    </tr>
                    <tr>
                      <td>
                        onValueChange
                      </td>
                      <td>
                        func
                      </td>
                      <td>
                        no
                      </td>
                      <td>
                        -
                      </td>
                    </tr>
                    <tr>
                      <td>
                        optionsSelectedText
                      </td>
                      <td>
                        string
                      </td>
                      <td>
                        no
                      </td>
                      <td>
                        <span
                          style={
                            Object {
                              "color": "#22a",
                              "wordBreak": "break-word",
                            }
                          }>
                          "
                          
                          "
                        </span>
                      </td>
                    </tr>
                    <tr>
                      <td>
                        required
                      </td>
                      <td>
                        bool
                      </td>
                      <td>
                        no
                      </td>
                      <td>
                        -
                      </td>
                    </tr>
                    <tr>
                      <td>
                        totalCols
                      </td>
                      <td>
                        number
                      </td>
                      <td>
                        no
                      </td>
                      <td>
                        -
                      </td>
                    </tr>
                    <tr>
                      <td>
                        value
                      </td>
                      <td>
                        other
                      </td>
                      <td>
                        no
                      </td>
                      <td>
                        -
                      </td>
                    </tr>
                  </tbody>
                </table>
              </div>
              <div>
                <h2
                  style={
                    Object {
                      "margin": "20px 0 0 0",
                    }
                  }>
                  "
                  PicklistItem
                  " Component
                </h2>
                <table
                  style={
                    Object {
                      "borderCollapse": "separate",
                      "borderSpacing": "10px 5px",
                      "marginLeft": -10,
                    }
                  }>
                  <thead>
                    <tr>
                      <th>
                        property
                      </th>
                      <th>
                        propType
                      </th>
                      <th>
                        required
                      </th>
                      <th>
                        default
                      </th>
                    </tr>
                  </thead>
                  <tbody>
                    <tr>
                      <td>
                        children
                      </td>
                      <td>
                        node
                      </td>
                      <td>
                        no
                      </td>
                      <td>
                        -
                      </td>
                    </tr>
                    <tr>
                      <td>
                        label
                      </td>
                      <td>
                        other
                      </td>
                      <td>
                        no
                      </td>
                      <td>
                        -
                      </td>
                    </tr>
                    <tr>
                      <td>
                        selected
                      </td>
                      <td>
                        bool
                      </td>
                      <td>
                        no
                      </td>
                      <td>
                        -
                      </td>
                    </tr>
                    <tr>
                      <td>
                        value
                      </td>
                      <td>
                        other
                      </td>
                      <td>
                        no
                      </td>
                      <td>
                        -
                      </td>
                    </tr>
                  </tbody>
                </table>
              </div>
            </div>
          </div>
        </div>
      </div>
    </div>


✗ Single item selected
  - Snapshot
  + Current story
  
  <div>
      <div
        style={
          Object {
            "position": "relative",
            "zIndex": 0,
          }
        }>
        <div
          className="slds-form-element react-slds-dropdown-form-element">
          <div
            className="slds-form-element">
            <label
              className="slds-form-element__label"
              htmlFor="form-element-$uuid$">
              Picklist Label
            </label>
            <div
              className="slds-form-element__control">
              <div
                aria-expanded={undefined}
                className="slds-picklist">
                <button
                  className="slds-picklist__label slds-button slds-button--neutral"
                  id="form-element-$uuid$"
                  onBlur={[Function]}
                  onClick={[Function]}
                  onKeyDown={[Function]}
                  type="button">
                  <span
                    className="slds-truncate">
                    Picklsit Item One
                  </span>
                  <svg
                    aria-hidden={true}
                    className="slds-icon slds-icon-text-default"
                    dangerouslySetInnerHTML={
                      Object {
                        "__html": "<use xlink:href="/assets/icons/utility-sprite/svg/symbols.svg#down"></use>",
                      }
                    }
                    style={undefined} />
                </button>
              </div>
            </div>
          </div>
          <div
            className="react-slds-dropdown-control-wrapper"
            style={undefined}>
            <div
              className="slds-form-element__control">
              <div />
            </div>
          </div>
        </div>
      </div>
      <a
        onClick={[Function]}
        style={
          Object {
            "background": "#28c",
            "borderRadius": "0 0 0 5px",
            "color": "#fff",
            "cursor": "pointer",
            "display": "block",
            "fontFamily": "sans-serif",
  -         "fontSize": 12,
  +         "fontSize": "12px",
            "padding": "5px 15px",
            "position": "fixed",
            "right": 0,
            "textDecoration": "none",
            "top": 0,
          }
        }>
        ?
      </a>
      <div
        style={
          Object {
            "background": "white",
            "bottom": 0,
            "display": "none",
            "left": 0,
            "overflow": "auto",
            "padding": "0 40px",
            "position": "absolute",
            "right": 0,
            "top": 0,
          }
        }>
        <a
          onClick={[Function]}
          style={
            Object {
              "background": "#28c",
              "borderRadius": "0 0 0 5px",
              "color": "#fff",
              "cursor": "pointer",
              "display": "block",
              "fontFamily": "sans-serif",
  -           "fontSize": 12,
  +           "fontSize": "12px",
              "padding": "5px 15px",
              "position": "fixed",
              "right": 0,
              "textDecoration": "none",
              "top": 0,
            }
          }>
          ×
        </a>
        <div
          style={undefined}>
          <div
            style={
              Object {
                "WebkitFontSmoothing": "antialiased",
                "color": "#444",
                "fontFamily": "
                  -apple-system, ".SFNSText-Regular", "San Francisco", "Roboto",
                  "Segoe UI", "Helvetica Neue", "Lucida Grande", sans-serif
                ",
  -             "fontSize": 15,
  +             "fontSize": "15px",
                "fontWeight": 300,
                "lineHeight": 1.45,
              }
            }>
            <div
              style={
                Object {
                  "borderBottom": "1px solid #eee",
                  "marginBottom": 10,
  +               "paddingTop": 10,
                }
              }>
              <h1
                style={
                  Object {
  -                 "fontSize": 35,
  -                 "margin": "20px 0 0 0",
  +                 "fontSize": "35px",
  +                 "margin": 0,
                    "padding": 0,
                  }
                }>
                Picklist
              </h1>
              <h2
                style={
                  Object {
  -                 "fontSize": 22,
  +                 "fontSize": "22px",
                    "fontWeight": 400,
                    "margin": "0 0 10px 0",
                    "padding": 0,
                  }
                }>
                Single item selected
              </h2>
            </div>
            <div
              style={
                Object {
                  "marginBottom": 0,
                }
              }>
              <p
                style={
                  Object {
                    "WebkitFontSmoothing": "antialiased",
                    "color": "#444",
                    "fontFamily": "
                      -apple-system, ".SFNSText-Regular", "San Francisco", "Roboto",
                      "Segoe UI", "Helvetica Neue", "Lucida Grande", sans-serif
                    ",
  -                 "fontSize": 15,
  +                 "fontSize": "15px",
                  }
                }>
                Picklist with a single item value is specified
              </p>
            </div>
            <div>
              <h1
                style={
                  Object {
                    "borderBottom": "1px solid #EEE",
  -                 "fontSize": 25,
  +                 "fontSize": "25px",
                    "margin": "20px 0 0 0",
                    "padding": "0 0 5px 0",
                  }
                }>
                Story Source
              </h1>
              <pre
                style={
                  Object {
                    "backgroundColor": "#fafafa",
                    "fontFamily": "Menlo, Monaco, "Courier New", monospace",
                    "fontSize": ".88em",
                    "lineHeight": 1.5,
                    "overflowX": "scroll",
                    "padding": ".5rem",
                  }
                }>
                <div>
                  <div
                    style={
                      Object {
                        "paddingLeft": 18,
                        "paddingRight": 3,
                      }
                    }>
                    <span
                      style={
                        Object {
                          "color": "#777",
                        }
                      }>
                      <
                      Picklist
                    </span>
                    <span>
                      <span>
                        <span>
                          <br />
                            
                        </span>
                        <span
                          style={Object {}}>
                          label
                        </span>
                        <span>
                          =
                          <span
                            style={Object {}}>
                            <span
                              style={
                                Object {
                                  "color": "#22a",
                                  "wordBreak": "break-word",
                                }
                              }>
                              "
                              Picklist Label
                              "
                            </span>
                          </span>
                        </span>
                      </span>
                      <span>
                        <span>
                          <br />
                            
                        </span>
                        <span
                          style={Object {}}>
                          value
                        </span>
                        <span>
                          =
                          <span
                            style={Object {}}>
                            <span
                              style={
                                Object {
                                  "color": "#22a",
                                  "wordBreak": "break-word",
                                }
                              }>
                              "
                              1
                              "
                            </span>
                          </span>
                        </span>
                      </span>
                      <span>
                        <span>
                          <br />
                            
                        </span>
                        <span
                          style={Object {}}>
                          onChange
                        </span>
                        <span>
                          =
                          <span
                            style={Object {}}>
                            <span>
                              {
                              <span
                                style={
                                  Object {
                                    "color": "#170",
                                  }
                                }>
  -                             anonymous()
  +                             change()
                              </span>
                              }
                            </span>
                          </span>
                        </span>
                      </span>
                      <span>
                        <span>
                          <br />
                            
                        </span>
                        <span
                          style={Object {}}>
                          onValueChange
                        </span>
                        <span>
                          =
                          <span
                            style={Object {}}>
                            <span>
                              {
                              <span
                                style={
                                  Object {
                                    "color": "#170",
                                  }
                                }>
  -                             anonymous()
  +                             valueChange()
                              </span>
                              }
                            </span>
                          </span>
                        </span>
                      </span>
                      <span>
                        <span>
                          <br />
                            
                        </span>
                        <span
                          style={Object {}}>
                          onSelect
                        </span>
                        <span>
                          =
                          <span
                            style={Object {}}>
                            <span>
                              {
                              <span
                                style={
                                  Object {
                                    "color": "#170",
                                  }
                                }>
  -                             anonymous()
  +                             select()
                              </span>
                              }
                            </span>
                          </span>
                        </span>
                        <br />
                      </span>
                    </span>
                    <span
                      style={
                        Object {
                          "color": "#777",
                        }
                      }>
                      >
                    </span>
                  </div>
                  <div
                    style={
                      Object {
                        "paddingLeft": 33,
                        "paddingRight": 3,
                      }
                    }>
                    <span
                      style={
                        Object {
                          "color": "#777",
                        }
                      }>
                      <
                      PicklistItem
                    </span>
                    <span>
                      <span>
                         
                        <span
                          style={Object {}}>
                          label
                        </span>
                        <span>
                          =
                          <span
                            style={Object {}}>
                            <span
                              style={
                                Object {
                                  "color": "#22a",
                                  "wordBreak": "break-word",
                                }
                              }>
                              "
                              Picklsit Item One
                              "
                            </span>
                          </span>
                        </span>
                      </span>
                      <span>
                         
                        <span
                          style={Object {}}>
                          value
                        </span>
                        <span>
                          =
                          <span
                            style={Object {}}>
                            <span
                              style={
                                Object {
                                  "color": "#22a",
                                  "wordBreak": "break-word",
                                }
                              }>
                              "
                              1
                              "
                            </span>
                          </span>
                        </span>
                         
                      </span>
                    </span>
                    <span
                      style={
                        Object {
                          "color": "#777",
                        }
                      }>
                      />
                    </span>
                  </div>
                  <div
                    style={
                      Object {
                        "paddingLeft": 33,
                        "paddingRight": 3,
                      }
                    }>
                    <span
                      style={
                        Object {
                          "color": "#777",
                        }
                      }>
                      <
                      PicklistItem
                    </span>
                    <span>
                      <span>
                         
                        <span
                          style={Object {}}>
                          label
                        </span>
                        <span>
                          =
                          <span
                            style={Object {}}>
                            <span
                              style={
                                Object {
                                  "color": "#22a",
                                  "wordBreak": "break-word",
                                }
                              }>
                              "
                              Picklsit Item Two
                              "
                            </span>
                          </span>
                        </span>
                      </span>
                      <span>
                         
                        <span
                          style={Object {}}>
                          value
                        </span>
                        <span>
                          =
                          <span
                            style={Object {}}>
                            <span
                              style={
                                Object {
                                  "color": "#22a",
                                  "wordBreak": "break-word",
                                }
                              }>
                              "
                              2
                              "
                            </span>
                          </span>
                        </span>
                         
                      </span>
                    </span>
                    <span
                      style={
                        Object {
                          "color": "#777",
                        }
                      }>
                      />
                    </span>
                  </div>
                  <div
                    style={
                      Object {
                        "paddingLeft": 33,
                        "paddingRight": 3,
                      }
                    }>
                    <span
                      style={
                        Object {
                          "color": "#777",
                        }
                      }>
                      <
                      PicklistItem
                    </span>
                    <span>
                      <span>
                         
                        <span
                          style={Object {}}>
                          label
                        </span>
                        <span>
                          =
                          <span
                            style={Object {}}>
                            <span
                              style={
                                Object {
                                  "color": "#22a",
                                  "wordBreak": "break-word",
                                }
                              }>
                              "
                              Picklist Item Three
                              "
                            </span>
                          </span>
                        </span>
                      </span>
                      <span>
                         
                        <span
                          style={Object {}}>
                          value
                        </span>
                        <span>
                          =
                          <span
                            style={Object {}}>
                            <span
                              style={
                                Object {
                                  "color": "#22a",
                                  "wordBreak": "break-word",
                                }
                              }>
                              "
                              3
                              "
                            </span>
                          </span>
                        </span>
                         
                      </span>
                    </span>
                    <span
                      style={
                        Object {
                          "color": "#777",
                        }
                      }>
                      />
                    </span>
                  </div>
                  <div
                    style={
                      Object {
                        "paddingLeft": 18,
                        "paddingRight": 3,
                      }
                    }>
                    <span
                      style={
                        Object {
                          "color": "#777",
                        }
                      }>
                      </
                      Picklist
                      >
                    </span>
                  </div>
                </div>
              </pre>
            </div>
            <div>
              <h1
                style={
                  Object {
                    "borderBottom": "1px solid #EEE",
  -                 "fontSize": 25,
  +                 "fontSize": "25px",
                    "margin": "20px 0 0 0",
                    "padding": "0 0 5px 0",
                  }
                }>
                Prop Types
              </h1>
              <div>
                <h2
                  style={
                    Object {
                      "margin": "20px 0 0 0",
                    }
                  }>
                  "
                  Picklist
                  " Component
                </h2>
                <table
                  style={
                    Object {
                      "borderCollapse": "separate",
                      "borderSpacing": "10px 5px",
                      "marginLeft": -10,
                    }
                  }>
                  <thead>
                    <tr>
                      <th>
                        property
                      </th>
                      <th>
                        propType
                      </th>
                      <th>
                        required
                      </th>
                      <th>
                        default
                      </th>
                    </tr>
                  </thead>
                  <tbody>
                    <tr>
                      <td>
                        selectedText
                      </td>
                      <td>
                        string
                      </td>
                      <td>
                        no
                      </td>
                      <td>
                        <span
                          style={
                            Object {
                              "color": "#22a",
                              "wordBreak": "break-word",
                            }
                          }>
                          "
                          
                          "
                        </span>
                      </td>
                    </tr>
                    <tr>
                      <td>
                        id
                      </td>
                      <td>
                        string
                      </td>
                      <td>
                        no
                      </td>
                      <td>
                        -
                      </td>
                    </tr>
                    <tr>
                      <td>
                        children
                      </td>
                      <td>
                        node
                      </td>
                      <td>
                        no
                      </td>
                      <td>
                        -
                      </td>
                    </tr>
                    <tr>
                      <td>
                        defaultOpened
                      </td>
                      <td>
                        bool
                      </td>
                      <td>
                        no
                      </td>
                      <td>
                        -
                      </td>
                    </tr>
                    <tr>
                      <td>
                        className
                      </td>
                      <td>
                        string
                      </td>
                      <td>
                        no
                      </td>
                      <td>
                        -
                      </td>
                    </tr>
                    <tr>
                      <td>
                        error
                      </td>
                      <td>
                        other
                      </td>
                      <td>
                        no
                      </td>
                      <td>
                        -
                      </td>
                    </tr>
                    <tr>
                      <td>
                        defaultValue
                      </td>
                      <td>
                        other
                      </td>
                      <td>
                        no
                      </td>
                      <td>
                        <span>
                          {
                          <span
                            style={
                              Object {
                                "color": "#666",
                              }
                            }>
                            [
                            ]
                          </span>
                          }
                        </span>
                      </td>
                    </tr>
                    <tr>
                      <td>
                        cols
                      </td>
                      <td>
                        number
                      </td>
                      <td>
                        no
                      </td>
                      <td>
                        -
                      </td>
                    </tr>
                    <tr>
                      <td>
                        onSelect
                      </td>
                      <td>
                        func
                      </td>
                      <td>
                        no
                      </td>
                      <td>
                        -
                      </td>
                    </tr>
                    <tr>
                      <td>
                        name
                      </td>
                      <td>
                        string
                      </td>
                      <td>
                        no
                      </td>
                      <td>
                        -
                      </td>
                    </tr>
                    <tr>
                      <td>
                        label
                      </td>
                      <td>
                        string
                      </td>
                      <td>
                        no
                      </td>
                      <td>
                        -
                      </td>
                    </tr>
                    <tr>
                      <td>
                        multiSelect
                      </td>
                      <td>
                        bool
                      </td>
                      <td>
                        no
                      </td>
                      <td>
                        <span>
                          {
                          <span
                            style={
                              Object {
                                "color": "#a11",
                              }
                            }>
                            false
                          </span>
                          }
                        </span>
                      </td>
                    </tr>
                    <tr>
                      <td>
                        menuSize
                      </td>
                      <td>
                        string
                      </td>
                      <td>
                        no
                      </td>
                      <td>
                        -
                      </td>
                    </tr>
                    <tr>
                      <td>
                        onBlur
                      </td>
                      <td>
                        func
                      </td>
                      <td>
                        no
                      </td>
                      <td>
                        -
                      </td>
                    </tr>
                    <tr>
                      <td>
                        onChange
                      </td>
                      <td>
                        func
                      </td>
                      <td>
                        no
                      </td>
                      <td>
                        -
                      </td>
                    </tr>
                    <tr>
                      <td>
                        onComplete
                      </td>
                      <td>
                        func
                      </td>
                      <td>
                        no
                      </td>
                      <td>
                        -
                      </td>
                    </tr>
                    <tr>
                      <td>
                        onKeyDown
                      </td>
                      <td>
                        func
                      </td>
                      <td>
                        no
                      </td>
                      <td>
                        -
                      </td>
                    </tr>
                    <tr>
                      <td>
                        onValueChange
                      </td>
                      <td>
                        func
                      </td>
                      <td>
                        no
                      </td>
                      <td>
                        -
                      </td>
                    </tr>
                    <tr>
                      <td>
                        optionsSelectedText
                      </td>
                      <td>
                        string
                      </td>
                      <td>
                        no
                      </td>
                      <td>
                        <span
                          style={
                            Object {
                              "color": "#22a",
                              "wordBreak": "break-word",
                            }
                          }>
                          "
                          
                          "
                        </span>
                      </td>
                    </tr>
                    <tr>
                      <td>
                        required
                      </td>
                      <td>
                        bool
                      </td>
                      <td>
                        no
                      </td>
                      <td>
                        -
                      </td>
                    </tr>
                    <tr>
                      <td>
                        totalCols
                      </td>
                      <td>
                        number
                      </td>
                      <td>
                        no
                      </td>
                      <td>
                        -
                      </td>
                    </tr>
                    <tr>
                      <td>
                        value
                      </td>
                      <td>
                        other
                      </td>
                      <td>
                        no
                      </td>
                      <td>
                        -
                      </td>
                    </tr>
                  </tbody>
                </table>
              </div>
              <div>
                <h2
                  style={
                    Object {
                      "margin": "20px 0 0 0",
                    }
                  }>
                  "
                  PicklistItem
                  " Component
                </h2>
                <table
                  style={
                    Object {
                      "borderCollapse": "separate",
                      "borderSpacing": "10px 5px",
                      "marginLeft": -10,
                    }
                  }>
                  <thead>
                    <tr>
                      <th>
                        property
                      </th>
                      <th>
                        propType
                      </th>
                      <th>
                        required
                      </th>
                      <th>
                        default
                      </th>
                    </tr>
                  </thead>
                  <tbody>
                    <tr>
                      <td>
                        children
                      </td>
                      <td>
                        node
                      </td>
                      <td>
                        no
                      </td>
                      <td>
                        -
                      </td>
                    </tr>
                    <tr>
                      <td>
                        label
                      </td>
                      <td>
                        other
                      </td>
                      <td>
                        no
                      </td>
                      <td>
                        -
                      </td>
                    </tr>
                    <tr>
                      <td>
                        selected
                      </td>
                      <td>
                        bool
                      </td>
                      <td>
                        no
                      </td>
                      <td>
                        -
                      </td>
                    </tr>
                    <tr>
                      <td>
                        value
                      </td>
                      <td>
                        other
                      </td>
                      <td>
                        no
                      </td>
                      <td>
                        -
                      </td>
                    </tr>
                  </tbody>
                </table>
              </div>
            </div>
          </div>
        </div>
      </div>
    </div>


✗ Multiple items selected
  - Snapshot
  + Current story
  
  <div>
      <div
        style={
          Object {
            "position": "relative",
            "zIndex": 0,
          }
        }>
        <div
          className="slds-form-element react-slds-dropdown-form-element">
          <div
            className="slds-form-element">
            <label
              className="slds-form-element__label"
              htmlFor="form-element-$uuid$">
              Picklist Label
            </label>
            <div
              className="slds-form-element__control">
              <div
                aria-expanded={undefined}
                className="slds-picklist">
                <button
                  className="slds-picklist__label slds-button slds-button--neutral"
                  id="form-element-$uuid$"
                  onBlur={[Function]}
                  onClick={[Function]}
                  onKeyDown={[Function]}
                  type="button">
                  <span
                    className="slds-truncate">
                    multiple items are selected
                  </span>
                  <svg
                    aria-hidden={true}
                    className="slds-icon slds-icon-text-default"
                    dangerouslySetInnerHTML={
                      Object {
                        "__html": "<use xlink:href="/assets/icons/utility-sprite/svg/symbols.svg#down"></use>",
                      }
                    }
                    style={undefined} />
                </button>
              </div>
            </div>
          </div>
          <div
            className="react-slds-dropdown-control-wrapper"
            style={undefined}>
            <div
              className="slds-form-element__control">
              <div />
            </div>
          </div>
        </div>
      </div>
      <a
        onClick={[Function]}
        style={
          Object {
            "background": "#28c",
            "borderRadius": "0 0 0 5px",
            "color": "#fff",
            "cursor": "pointer",
            "display": "block",
            "fontFamily": "sans-serif",
  -         "fontSize": 12,
  +         "fontSize": "12px",
            "padding": "5px 15px",
            "position": "fixed",
            "right": 0,
            "textDecoration": "none",
            "top": 0,
          }
        }>
        ?
      </a>
      <div
        style={
          Object {
            "background": "white",
            "bottom": 0,
            "display": "none",
            "left": 0,
            "overflow": "auto",
            "padding": "0 40px",
            "position": "absolute",
            "right": 0,
            "top": 0,
          }
        }>
        <a
          onClick={[Function]}
          style={
            Object {
              "background": "#28c",
              "borderRadius": "0 0 0 5px",
              "color": "#fff",
              "cursor": "pointer",
              "display": "block",
              "fontFamily": "sans-serif",
  -           "fontSize": 12,
  +           "fontSize": "12px",
              "padding": "5px 15px",
              "position": "fixed",
              "right": 0,
              "textDecoration": "none",
              "top": 0,
            }
          }>
          ×
        </a>
        <div
          style={undefined}>
          <div
            style={
              Object {
                "WebkitFontSmoothing": "antialiased",
                "color": "#444",
                "fontFamily": "
                  -apple-system, ".SFNSText-Regular", "San Francisco", "Roboto",
                  "Segoe UI", "Helvetica Neue", "Lucida Grande", sans-serif
                ",
  -             "fontSize": 15,
  +             "fontSize": "15px",
                "fontWeight": 300,
                "lineHeight": 1.45,
              }
            }>
            <div
              style={
                Object {
                  "borderBottom": "1px solid #eee",
                  "marginBottom": 10,
  +               "paddingTop": 10,
                }
              }>
              <h1
                style={
                  Object {
  -                 "fontSize": 35,
  -                 "margin": "20px 0 0 0",
  +                 "fontSize": "35px",
  +                 "margin": 0,
                    "padding": 0,
                  }
                }>
                Picklist
              </h1>
              <h2
                style={
                  Object {
  -                 "fontSize": 22,
  +                 "fontSize": "22px",
                    "fontWeight": 400,
                    "margin": "0 0 10px 0",
                    "padding": 0,
                  }
                }>
                Multiple items selected
              </h2>
            </div>
            <div
              style={
                Object {
                  "marginBottom": 0,
                }
              }>
              <p
                style={
                  Object {
                    "WebkitFontSmoothing": "antialiased",
                    "color": "#444",
                    "fontFamily": "
                      -apple-system, ".SFNSText-Regular", "San Francisco", "Roboto",
                      "Segoe UI", "Helvetica Neue", "Lucida Grande", sans-serif
                    ",
  -                 "fontSize": 15,
  +                 "fontSize": "15px",
                  }
                }>
                Picklist with multiple item values are specified
              </p>
            </div>
            <div>
              <h1
                style={
                  Object {
                    "borderBottom": "1px solid #EEE",
  -                 "fontSize": 25,
  +                 "fontSize": "25px",
                    "margin": "20px 0 0 0",
                    "padding": "0 0 5px 0",
                  }
                }>
                Story Source
              </h1>
              <pre
                style={
                  Object {
                    "backgroundColor": "#fafafa",
                    "fontFamily": "Menlo, Monaco, "Courier New", monospace",
                    "fontSize": ".88em",
                    "lineHeight": 1.5,
                    "overflowX": "scroll",
                    "padding": ".5rem",
                  }
                }>
                <div>
                  <div
                    style={
                      Object {
                        "paddingLeft": 18,
                        "paddingRight": 3,
                      }
                    }>
                    <span
                      style={
                        Object {
                          "color": "#777",
                        }
                      }>
                      <
                      Picklist
                    </span>
                    <span>
                      <span>
                        <span>
                          <br />
                            
                        </span>
                        <span
                          style={Object {}}>
                          label
                        </span>
                        <span>
                          =
                          <span
                            style={Object {}}>
                            <span
                              style={
                                Object {
                                  "color": "#22a",
                                  "wordBreak": "break-word",
                                }
                              }>
                              "
                              Picklist Label
                              "
                            </span>
                          </span>
                        </span>
                      </span>
                      <span>
                        <span>
                          <br />
                            
                        </span>
                        <span
                          style={Object {}}>
                          value
                        </span>
                        <span>
                          =
                          <span
                            style={Object {}}>
                            <span>
                              {
                              <span
                                style={
                                  Object {
                                    "color": "#666",
                                  }
                                }>
                                [
                                <span
                                  style={
                                    Object {
                                      "color": "#22a",
                                      "wordBreak": "break-word",
                                    }
                                  }>
                                  "
                                  1
                                  "
                                </span>
                                , 
                                <span
                                  style={
                                    Object {
                                      "color": "#22a",
                                      "wordBreak": "break-word",
                                    }
                                  }>
                                  "
                                  3
                                  "
                                </span>
                                ]
                              </span>
                              }
                            </span>
                          </span>
                        </span>
                      </span>
                      <span>
                        <span>
                          <br />
                            
                        </span>
                        <span
                          style={Object {}}>
                          optionsSelectedText
                        </span>
                        <span>
                          =
                          <span
                            style={Object {}}>
                            <span
                              style={
                                Object {
                                  "color": "#22a",
                                  "wordBreak": "break-word",
                                }
                              }>
                              "
                              multiple items are selected
                              "
                            </span>
                          </span>
                        </span>
                      </span>
                      <span>
                        <span>
                          <br />
                            
                        </span>
                        <span
                          style={Object {}}>
                          multiSelect
                        </span>
                      </span>
                      <span>
                        <span>
                          <br />
                            
                        </span>
                        <span
                          style={Object {}}>
                          onChange
                        </span>
                        <span>
                          =
                          <span
                            style={Object {}}>
                            <span>
                              {
                              <span
                                style={
                                  Object {
                                    "color": "#170",
                                  }
                                }>
  -                             anonymous()
  +                             change()
                              </span>
                              }
                            </span>
                          </span>
                        </span>
                      </span>
                      <span>
                        <span>
                          <br />
                            
                        </span>
                        <span
                          style={Object {}}>
                          onValueChange
                        </span>
                        <span>
                          =
                          <span
                            style={Object {}}>
                            <span>
                              {
                              <span
                                style={
                                  Object {
                                    "color": "#170",
                                  }
                                }>
  -                             anonymous()
  +                             valueChange()
                              </span>
                              }
                            </span>
                          </span>
                        </span>
                      </span>
                      <span>
                        <span>
                          <br />
                            
                        </span>
                        <span
                          style={Object {}}>
                          onSelect
                        </span>
                        <span>
                          =
                          <span
                            style={Object {}}>
                            <span>
                              {
                              <span
                                style={
                                  Object {
                                    "color": "#170",
                                  }
                                }>
  -                             anonymous()
  +                             select()
                              </span>
                              }
                            </span>
                          </span>
                        </span>
                        <br />
                      </span>
                    </span>
                    <span
                      style={
                        Object {
                          "color": "#777",
                        }
                      }>
                      >
                    </span>
                  </div>
                  <div
                    style={
                      Object {
                        "paddingLeft": 33,
                        "paddingRight": 3,
                      }
                    }>
                    <span
                      style={
                        Object {
                          "color": "#777",
                        }
                      }>
                      <
                      PicklistItem
                    </span>
                    <span>
                      <span>
                         
                        <span
                          style={Object {}}>
                          label
                        </span>
                        <span>
                          =
                          <span
                            style={Object {}}>
                            <span
                              style={
                                Object {
                                  "color": "#22a",
                                  "wordBreak": "break-word",
                                }
                              }>
                              "
                              Picklsit Item One
                              "
                            </span>
                          </span>
                        </span>
                      </span>
                      <span>
                         
                        <span
                          style={Object {}}>
                          value
                        </span>
                        <span>
                          =
                          <span
                            style={Object {}}>
                            <span
                              style={
                                Object {
                                  "color": "#22a",
                                  "wordBreak": "break-word",
                                }
                              }>
                              "
                              1
                              "
                            </span>
                          </span>
                        </span>
                         
                      </span>
                    </span>
                    <span
                      style={
                        Object {
                          "color": "#777",
                        }
                      }>
                      />
                    </span>
                  </div>
                  <div
                    style={
                      Object {
                        "paddingLeft": 33,
                        "paddingRight": 3,
                      }
                    }>
                    <span
                      style={
                        Object {
                          "color": "#777",
                        }
                      }>
                      <
                      PicklistItem
                    </span>
                    <span>
                      <span>
                         
                        <span
                          style={Object {}}>
                          label
                        </span>
                        <span>
                          =
                          <span
                            style={Object {}}>
                            <span
                              style={
                                Object {
                                  "color": "#22a",
                                  "wordBreak": "break-word",
                                }
                              }>
                              "
                              Picklsit Item Two
                              "
                            </span>
                          </span>
                        </span>
                      </span>
                      <span>
                         
                        <span
                          style={Object {}}>
                          value
                        </span>
                        <span>
                          =
                          <span
                            style={Object {}}>
                            <span
                              style={
                                Object {
                                  "color": "#22a",
                                  "wordBreak": "break-word",
                                }
                              }>
                              "
                              2
                              "
                            </span>
                          </span>
                        </span>
                         
                      </span>
                    </span>
                    <span
                      style={
                        Object {
                          "color": "#777",
                        }
                      }>
                      />
                    </span>
                  </div>
                  <div
                    style={
                      Object {
                        "paddingLeft": 33,
                        "paddingRight": 3,
                      }
                    }>
                    <span
                      style={
                        Object {
                          "color": "#777",
                        }
                      }>
                      <
                      PicklistItem
                    </span>
                    <span>
                      <span>
                         
                        <span
                          style={Object {}}>
                          label
                        </span>
                        <span>
                          =
                          <span
                            style={Object {}}>
                            <span
                              style={
                                Object {
                                  "color": "#22a",
                                  "wordBreak": "break-word",
                                }
                              }>
                              "
                              Picklist Item Three
                              "
                            </span>
                          </span>
                        </span>
                      </span>
                      <span>
                         
                        <span
                          style={Object {}}>
                          value
                        </span>
                        <span>
                          =
                          <span
                            style={Object {}}>
                            <span
                              style={
                                Object {
                                  "color": "#22a",
                                  "wordBreak": "break-word",
                                }
                              }>
                              "
                              3
                              "
                            </span>
                          </span>
                        </span>
                         
                      </span>
                    </span>
                    <span
                      style={
                        Object {
                          "color": "#777",
                        }
                      }>
                      />
                    </span>
                  </div>
                  <div
                    style={
                      Object {
                        "paddingLeft": 18,
                        "paddingRight": 3,
                      }
                    }>
                    <span
                      style={
                        Object {
                          "color": "#777",
                        }
                      }>
                      </
                      Picklist
                      >
                    </span>
                  </div>
                </div>
              </pre>
            </div>
            <div>
              <h1
                style={
                  Object {
                    "borderBottom": "1px solid #EEE",
  -                 "fontSize": 25,
  +                 "fontSize": "25px",
                    "margin": "20px 0 0 0",
                    "padding": "0 0 5px 0",
                  }
                }>
                Prop Types
              </h1>
              <div>
                <h2
                  style={
                    Object {
                      "margin": "20px 0 0 0",
                    }
                  }>
                  "
                  Picklist
                  " Component
                </h2>
                <table
                  style={
                    Object {
                      "borderCollapse": "separate",
                      "borderSpacing": "10px 5px",
                      "marginLeft": -10,
                    }
                  }>
                  <thead>
                    <tr>
                      <th>
                        property
                      </th>
                      <th>
                        propType
                      </th>
                      <th>
                        required
                      </th>
                      <th>
                        default
                      </th>
                    </tr>
                  </thead>
                  <tbody>
                    <tr>
                      <td>
                        selectedText
                      </td>
                      <td>
                        string
                      </td>
                      <td>
                        no
                      </td>
                      <td>
                        <span
                          style={
                            Object {
                              "color": "#22a",
                              "wordBreak": "break-word",
                            }
                          }>
                          "
                          
                          "
                        </span>
                      </td>
                    </tr>
                    <tr>
                      <td>
                        id
                      </td>
                      <td>
                        string
                      </td>
                      <td>
                        no
                      </td>
                      <td>
                        -
                      </td>
                    </tr>
                    <tr>
                      <td>
                        children
                      </td>
                      <td>
                        node
                      </td>
                      <td>
                        no
                      </td>
                      <td>
                        -
                      </td>
                    </tr>
                    <tr>
                      <td>
                        defaultOpened
                      </td>
                      <td>
                        bool
                      </td>
                      <td>
                        no
                      </td>
                      <td>
                        -
                      </td>
                    </tr>
                    <tr>
                      <td>
                        className
                      </td>
                      <td>
                        string
                      </td>
                      <td>
                        no
                      </td>
                      <td>
                        -
                      </td>
                    </tr>
                    <tr>
                      <td>
                        error
                      </td>
                      <td>
                        other
                      </td>
                      <td>
                        no
                      </td>
                      <td>
                        -
                      </td>
                    </tr>
                    <tr>
                      <td>
                        defaultValue
                      </td>
                      <td>
                        other
                      </td>
                      <td>
                        no
                      </td>
                      <td>
                        <span>
                          {
                          <span
                            style={
                              Object {
                                "color": "#666",
                              }
                            }>
                            [
                            ]
                          </span>
                          }
                        </span>
                      </td>
                    </tr>
                    <tr>
                      <td>
                        cols
                      </td>
                      <td>
                        number
                      </td>
                      <td>
                        no
                      </td>
                      <td>
                        -
                      </td>
                    </tr>
                    <tr>
                      <td>
                        onSelect
                      </td>
                      <td>
                        func
                      </td>
                      <td>
                        no
                      </td>
                      <td>
                        -
                      </td>
                    </tr>
                    <tr>
                      <td>
                        name
                      </td>
                      <td>
                        string
                      </td>
                      <td>
                        no
                      </td>
                      <td>
                        -
                      </td>
                    </tr>
                    <tr>
                      <td>
                        label
                      </td>
                      <td>
                        string
                      </td>
                      <td>
                        no
                      </td>
                      <td>
                        -
                      </td>
                    </tr>
                    <tr>
                      <td>
                        multiSelect
                      </td>
                      <td>
                        bool
                      </td>
                      <td>
                        no
                      </td>
                      <td>
                        <span>
                          {
                          <span
                            style={
                              Object {
                                "color": "#a11",
                              }
                            }>
                            false
                          </span>
                          }
                        </span>
                      </td>
                    </tr>
                    <tr>
                      <td>
                        menuSize
                      </td>
                      <td>
                        string
                      </td>
                      <td>
                        no
                      </td>
                      <td>
                        -
                      </td>
                    </tr>
                    <tr>
                      <td>
                        onBlur
                      </td>
                      <td>
                        func
                      </td>
                      <td>
                        no
                      </td>
                      <td>
                        -
                      </td>
                    </tr>
                    <tr>
                      <td>
                        onChange
                      </td>
                      <td>
                        func
                      </td>
                      <td>
                        no
                      </td>
                      <td>
                        -
                      </td>
                    </tr>
                    <tr>
                      <td>
                        onComplete
                      </td>
                      <td>
                        func
                      </td>
                      <td>
                        no
                      </td>
                      <td>
                        -
                      </td>
                    </tr>
                    <tr>
                      <td>
                        onKeyDown
                      </td>
                      <td>
                        func
                      </td>
                      <td>
                        no
                      </td>
                      <td>
                        -
                      </td>
                    </tr>
                    <tr>
                      <td>
                        onValueChange
                      </td>
                      <td>
                        func
                      </td>
                      <td>
                        no
                      </td>
                      <td>
                        -
                      </td>
                    </tr>
                    <tr>
                      <td>
                        optionsSelectedText
                      </td>
                      <td>
                        string
                      </td>
                      <td>
                        no
                      </td>
                      <td>
                        <span
                          style={
                            Object {
                              "color": "#22a",
                              "wordBreak": "break-word",
                            }
                          }>
                          "
                          
                          "
                        </span>
                      </td>
                    </tr>
                    <tr>
                      <td>
                        required
                      </td>
                      <td>
                        bool
                      </td>
                      <td>
                        no
                      </td>
                      <td>
                        -
                      </td>
                    </tr>
                    <tr>
                      <td>
                        totalCols
                      </td>
                      <td>
                        number
                      </td>
                      <td>
                        no
                      </td>
                      <td>
                        -
                      </td>
                    </tr>
                    <tr>
                      <td>
                        value
                      </td>
                      <td>
                        other
                      </td>
                      <td>
                        no
                      </td>
                      <td>
                        -
                      </td>
                    </tr>
                  </tbody>
                </table>
              </div>
              <div>
                <h2
                  style={
                    Object {
                      "margin": "20px 0 0 0",
                    }
                  }>
                  "
                  PicklistItem
                  " Component
                </h2>
                <table
                  style={
                    Object {
                      "borderCollapse": "separate",
                      "borderSpacing": "10px 5px",
                      "marginLeft": -10,
                    }
                  }>
                  <thead>
                    <tr>
                      <th>
                        property
                      </th>
                      <th>
                        propType
                      </th>
                      <th>
                        required
                      </th>
                      <th>
                        default
                      </th>
                    </tr>
                  </thead>
                  <tbody>
                    <tr>
                      <td>
                        children
                      </td>
                      <td>
                        node
                      </td>
                      <td>
                        no
                      </td>
                      <td>
                        -
                      </td>
                    </tr>
                    <tr>
                      <td>
                        label
                      </td>
                      <td>
                        other
                      </td>
                      <td>
                        no
                      </td>
                      <td>
                        -
                      </td>
                    </tr>
                    <tr>
                      <td>
                        selected
                      </td>
                      <td>
                        bool
                      </td>
                      <td>
                        no
                      </td>
                      <td>
                        -
                      </td>
                    </tr>
                    <tr>
                      <td>
                        value
                      </td>
                      <td>
                        other
                      </td>
                      <td>
                        no
                      </td>
                      <td>
                        -
                      </td>
                    </tr>
                  </tbody>
                </table>
              </div>
            </div>
          </div>
        </div>
      </div>
    </div>


DateInput

✗ Controlled with knobs
  - Snapshot
  + Current story
  
  <div>
      <div
        style={
          Object {
            "position": "relative",
            "zIndex": 0,
          }
        }>
        <div
          className="slds-form-element react-slds-dropdown-form-element">
          <div
            className="slds-form-element">
            <label
              className="slds-form-element__label"
              htmlFor="form-element-$uuid$">
              Date Input Label
            </label>
            <div
              className="slds-form-element__control">
              <div
                className="slds-input-has-icon slds-input-has-icon--right">
                <input
                  className="slds-input"
                  defaultValue={undefined}
                  id="form-element-$uuid$"
                  onBlur={[Function]}
                  onChange={[Function]}
                  onKeyDown={[Function]}
                  readOnly={undefined}
                  type={undefined}
                  value={undefined} />
                <span
                  onClick={[Function]}
                  style={
                    Object {
                      "cursor": "pointer",
                    }
                  }
                  tabIndex={-1}>
                  <svg
                    aria-hidden={true}
                    className="slds-icon slds-icon-text-default slds-input__icon"
                    dangerouslySetInnerHTML={
                      Object {
                        "__html": "<use xlink:href="/assets/icons/utility-sprite/svg/symbols.svg#event"></use>",
                      }
                    }
                    style={undefined} />
                </span>
              </div>
            </div>
          </div>
          <div
            className="react-slds-dropdown-control-wrapper"
            style={Object {}}>
            <div
              className="slds-form-element__control">
              <div />
            </div>
          </div>
        </div>
      </div>
      <a
        onClick={[Function]}
        style={
          Object {
            "background": "#28c",
            "borderRadius": "0 0 0 5px",
            "color": "#fff",
            "cursor": "pointer",
            "display": "block",
            "fontFamily": "sans-serif",
  -         "fontSize": 12,
  +         "fontSize": "12px",
            "padding": "5px 15px",
            "position": "fixed",
            "right": 0,
            "textDecoration": "none",
            "top": 0,
          }
        }>
        ?
      </a>
      <div
        style={
          Object {
            "background": "white",
            "bottom": 0,
            "display": "none",
            "left": 0,
            "overflow": "auto",
            "padding": "0 40px",
            "position": "absolute",
            "right": 0,
            "top": 0,
          }
        }>
        <a
          onClick={[Function]}
          style={
            Object {
              "background": "#28c",
              "borderRadius": "0 0 0 5px",
              "color": "#fff",
              "cursor": "pointer",
              "display": "block",
              "fontFamily": "sans-serif",
  -           "fontSize": 12,
  +           "fontSize": "12px",
              "padding": "5px 15px",
              "position": "fixed",
              "right": 0,
              "textDecoration": "none",
              "top": 0,
            }
          }>
          ×
        </a>
        <div
          style={undefined}>
          <div
            style={
              Object {
                "WebkitFontSmoothing": "antialiased",
                "color": "#444",
                "fontFamily": "
                  -apple-system, ".SFNSText-Regular", "San Francisco", "Roboto",
                  "Segoe UI", "Helvetica Neue", "Lucida Grande", sans-serif
                ",
  -             "fontSize": 15,
  +             "fontSize": "15px",
                "fontWeight": 300,
                "lineHeight": 1.45,
              }
            }>
            <div
              style={
                Object {
                  "borderBottom": "1px solid #eee",
                  "marginBottom": 10,
  +               "paddingTop": 10,
                }
              }>
              <h1
                style={
                  Object {
  -                 "fontSize": 35,
  -                 "margin": "20px 0 0 0",
  +                 "fontSize": "35px",
  +                 "margin": 0,
                    "padding": 0,
                  }
                }>
                DateInput
              </h1>
              <h2
                style={
                  Object {
  -                 "fontSize": 22,
  +                 "fontSize": "22px",
                    "fontWeight": 400,
                    "margin": "0 0 10px 0",
                    "padding": 0,
                  }
                }>
                Controlled with knobs
              </h2>
            </div>
            <div
              style={
                Object {
                  "marginBottom": 0,
                }
              }>
              <p
                style={
                  Object {
                    "WebkitFontSmoothing": "antialiased",
                    "color": "#444",
                    "fontFamily": "
                      -apple-system, ".SFNSText-Regular", "San Francisco", "Roboto",
                      "Segoe UI", "Helvetica Neue", "Lucida Grande", sans-serif
                    ",
  -                 "fontSize": 15,
  +                 "fontSize": "15px",
                  }
                }>
                DateInput controlled with knobs
              </p>
            </div>
            <div>
              <h1
                style={
                  Object {
                    "borderBottom": "1px solid #EEE",
  -                 "fontSize": 25,
  +                 "fontSize": "25px",
                    "margin": "20px 0 0 0",
                    "padding": "0 0 5px 0",
                  }
                }>
                Story Source
              </h1>
              <pre
                style={
                  Object {
                    "backgroundColor": "#fafafa",
                    "fontFamily": "Menlo, Monaco, "Courier New", monospace",
                    "fontSize": ".88em",
                    "lineHeight": 1.5,
                    "overflowX": "scroll",
                    "padding": ".5rem",
                  }
                }>
                <div
                  style={
                    Object {
                      "paddingLeft": 18,
                      "paddingRight": 3,
                    }
                  }>
                  <span
                    style={
                      Object {
                        "color": "#777",
                      }
                    }>
                    <
                    DateInput
                  </span>
                  <span>
                    <span>
                      <span>
                        <br />
                          
                      </span>
                      <span
                        style={Object {}}>
                        label
                      </span>
                      <span>
                        =
                        <span
                          style={Object {}}>
                          <span
                            style={
                              Object {
                                "color": "#22a",
                                "wordBreak": "break-word",
                              }
                            }>
                            "
                            Date Input Label
                            "
                          </span>
                        </span>
                      </span>
                    </span>
                    <span>
                      <span>
                        <br />
                          
                      </span>
                      <span
                        style={Object {}}>
                        onBlur
                      </span>
                      <span>
                        =
                        <span
                          style={Object {}}>
                          <span>
                            {
                            <span
                              style={
                                Object {
                                  "color": "#170",
                                }
                              }>
  -                           anonymous()
  +                           blur()
                            </span>
                            }
                          </span>
                        </span>
                      </span>
                    </span>
                    <span>
                      <span>
                        <br />
                          
                      </span>
                      <span
                        style={Object {}}>
                        onValueChange
                      </span>
                      <span>
                        =
                        <span
                          style={Object {}}>
                          <span>
                            {
                            <span
                              style={
                                Object {
                                  "color": "#170",
                                }
                              }>
  -                           anonymous()
  +                           valueChange()
                            </span>
                            }
                          </span>
                        </span>
                      </span>
                    </span>
                    <span>
                      <span>
                        <br />
                          
                      </span>
                      <span
                        style={Object {}}>
                        onComplete
                      </span>
                      <span>
                        =
                        <span
                          style={Object {}}>
                          <span>
                            {
                            <span
                              style={
                                Object {
                                  "color": "#170",
                                }
                              }>
  -                           anonymous()
  +                           complete()
                            </span>
                            }
                          </span>
                        </span>
                      </span>
                      <br />
                    </span>
                  </span>
                  <span
                    style={
                      Object {
                        "color": "#777",
                      }
                    }>
                    />
                  </span>
                </div>
              </pre>
            </div>
            <div>
              <h1
                style={
                  Object {
                    "borderBottom": "1px solid #EEE",
  -                 "fontSize": 25,
  +                 "fontSize": "25px",
                    "margin": "20px 0 0 0",
                    "padding": "0 0 5px 0",
                  }
                }>
                Prop Types
              </h1>
              <div>
                <h2
                  style={
                    Object {
                      "margin": "20px 0 0 0",
                    }
                  }>
                  "
                  DateInput
                  " Component
                </h2>
                <table
                  style={
                    Object {
                      "borderCollapse": "separate",
                      "borderSpacing": "10px 5px",
                      "marginLeft": -10,
                    }
                  }>
                  <thead>
                    <tr>
                      <th>
                        property
                      </th>
                      <th>
                        propType
                      </th>
                      <th>
                        required
                      </th>
                      <th>
                        default
                      </th>
                    </tr>
                  </thead>
                  <tbody>
                    <tr>
                      <td>
                        includeTime
                      </td>
                      <td>
                        bool
                      </td>
                      <td>
                        no
                      </td>
                      <td>
                        -
                      </td>
                    </tr>
                    <tr>
                      <td>
                        extensionRenderer
                      </td>
                      <td>
                        func
                      </td>
                      <td>
                        no
                      </td>
                      <td>
                        -
                      </td>
                    </tr>
                    <tr>
                      <td>
                        dateFormat
                      </td>
                      <td>
                        string
                      </td>
                      <td>
                        no
                      </td>
                      <td>
                        -
                      </td>
                    </tr>
                    <tr>
                      <td>
                        error
                      </td>
                      <td>
                        other
                      </td>
                      <td>
                        no
                      </td>
                      <td>
                        -
                      </td>
                    </tr>
                    <tr>
                      <td>
                        defaultOpened
                      </td>
                      <td>
                        bool
                      </td>
                      <td>
                        no
                      </td>
                      <td>
                        -
                      </td>
                    </tr>
                    <tr>
                      <td>
                        cols
                      </td>
                      <td>
                        number
                      </td>
                      <td>
                        no
                      </td>
                      <td>
                        -
                      </td>
                    </tr>
                    <tr>
                      <td>
                        defaultValue
                      </td>
                      <td>
                        string
                      </td>
                      <td>
                        no
                      </td>
                      <td>
                        -
                      </td>
                    </tr>
                    <tr>
                      <td>
                        onChange
                      </td>
                      <td>
                        func
                      </td>
                      <td>
                        no
                      </td>
                      <td>
                        -
                      </td>
                    </tr>
                    <tr>
                      <td>
                        id
                      </td>
                      <td>
                        string
                      </td>
                      <td>
                        no
                      </td>
                      <td>
                        -
                      </td>
                    </tr>
                    <tr>
                      <td>
                        onValueChange
                      </td>
                      <td>
                        func
                      </td>
                      <td>
                        no
                      </td>
                      <td>
                        -
                      </td>
                    </tr>
                    <tr>
                      <td>
                        required
                      </td>
                      <td>
                        bool
                      </td>
                      <td>
                        no
                      </td>
                      <td>
                        -
                      </td>
                    </tr>
                    <tr>
                      <td>
                        onKeyDown
                      </td>
                      <td>
                        func
                      </td>
                      <td>
                        no
                      </td>
                      <td>
                        -
                      </td>
                    </tr>
                    <tr>
                      <td>
                        onBlur
                      </td>
                      <td>
                        func
                      </td>
                      <td>
                        no
                      </td>
                      <td>
                        -
                      </td>
                    </tr>
                    <tr>
                      <td>
                        maxDate
                      </td>
                      <td>
                        string
                      </td>
                      <td>
                        no
                      </td>
                      <td>
                        -
                      </td>
                    </tr>
                    <tr>
                      <td>
                        label
                      </td>
                      <td>
                        string
                      </td>
                      <td>
                        no
                      </td>
                      <td>
                        -
                      </td>
                    </tr>
                    <tr>
                      <td>
                        onComplete
                      </td>
                      <td>
                        func
                      </td>
                      <td>
                        no
                      </td>
                      <td>
                        -
                      </td>
                    </tr>
                    <tr>
                      <td>
                        menuAlign
                      </td>
                      <td>
                        other
                      </td>
                      <td>
                        no
                      </td>
                      <td>
                        <span
                          style={
                            Object {
                              "color": "#22a",
                              "wordBreak": "break-word",
                            }
                          }>
                          "
                          left
                          "
                        </span>
                      </td>
                    </tr>
                    <tr>
                      <td>
                        minDate
                      </td>
                      <td>
                        string
                      </td>
                      <td>
                        no
                      </td>
                      <td>
                        -
                      </td>
                    </tr>
                    <tr>
                      <td>
                        totalCols
                      </td>
                      <td>
                        number
                      </td>
                      <td>
                        no
                      </td>
                      <td>
                        -
                      </td>
                    </tr>
                    <tr>
                      <td>
                        value
                      </td>
                      <td>
                        string
                      </td>
                      <td>
                        no
                      </td>
                      <td>
                        -
                      </td>
                    </tr>
                  </tbody>
                </table>
              </div>
            </div>
          </div>
        </div>
      </div>
    </div>


✗ Default
  - Snapshot
  + Current story
  
  <div>
      <div
        style={
          Object {
            "position": "relative",
            "zIndex": 0,
          }
        }>
        <div
          className="slds-form-element react-slds-dropdown-form-element">
          <div
            className="slds-form-element">
            <label
              className="slds-form-element__label"
              htmlFor="form-element-$uuid$">
              Date Input Label
            </label>
            <div
              className="slds-form-element__control">
              <div
                className="slds-input-has-icon slds-input-has-icon--right">
                <input
                  className="slds-input"
                  defaultValue={undefined}
                  id="form-element-$uuid$"
                  onBlur={[Function]}
                  onChange={[Function]}
                  onKeyDown={[Function]}
                  readOnly={undefined}
                  type={undefined}
                  value="04/13/2016" />
                <span
                  onClick={[Function]}
                  style={
                    Object {
                      "cursor": "pointer",
                    }
                  }
                  tabIndex={-1}>
                  <svg
                    aria-hidden={true}
                    className="slds-icon slds-icon-text-default slds-input__icon"
                    dangerouslySetInnerHTML={
                      Object {
                        "__html": "<use xlink:href="/assets/icons/utility-sprite/svg/symbols.svg#event"></use>",
                      }
                    }
                    style={undefined} />
                </span>
              </div>
            </div>
          </div>
          <div
            className="react-slds-dropdown-control-wrapper"
            style={Object {}}>
            <div
              className="slds-form-element__control">
              <div />
            </div>
          </div>
        </div>
      </div>
      <a
        onClick={[Function]}
        style={
          Object {
            "background": "#28c",
            "borderRadius": "0 0 0 5px",
            "color": "#fff",
            "cursor": "pointer",
            "display": "block",
            "fontFamily": "sans-serif",
  -         "fontSize": 12,
  +         "fontSize": "12px",
            "padding": "5px 15px",
            "position": "fixed",
            "right": 0,
            "textDecoration": "none",
            "top": 0,
          }
        }>
        ?
      </a>
      <div
        style={
          Object {
            "background": "white",
            "bottom": 0,
            "display": "none",
            "left": 0,
            "overflow": "auto",
            "padding": "0 40px",
            "position": "absolute",
            "right": 0,
            "top": 0,
          }
        }>
        <a
          onClick={[Function]}
          style={
            Object {
              "background": "#28c",
              "borderRadius": "0 0 0 5px",
              "color": "#fff",
              "cursor": "pointer",
              "display": "block",
              "fontFamily": "sans-serif",
  -           "fontSize": 12,
  +           "fontSize": "12px",
              "padding": "5px 15px",
              "position": "fixed",
              "right": 0,
              "textDecoration": "none",
              "top": 0,
            }
          }>
          ×
        </a>
        <div
          style={undefined}>
          <div
            style={
              Object {
                "WebkitFontSmoothing": "antialiased",
                "color": "#444",
                "fontFamily": "
                  -apple-system, ".SFNSText-Regular", "San Francisco", "Roboto",
                  "Segoe UI", "Helvetica Neue", "Lucida Grande", sans-serif
                ",
  -             "fontSize": 15,
  +             "fontSize": "15px",
                "fontWeight": 300,
                "lineHeight": 1.45,
              }
            }>
            <div
              style={
                Object {
                  "borderBottom": "1px solid #eee",
                  "marginBottom": 10,
  +               "paddingTop": 10,
                }
              }>
              <h1
                style={
                  Object {
  -                 "fontSize": 35,
  -                 "margin": "20px 0 0 0",
  +                 "fontSize": "35px",
  +                 "margin": 0,
                    "padding": 0,
                  }
                }>
                DateInput
              </h1>
              <h2
                style={
                  Object {
  -                 "fontSize": 22,
  +                 "fontSize": "22px",
                    "fontWeight": 400,
                    "margin": "0 0 10px 0",
                    "padding": 0,
                  }
                }>
                Default
              </h2>
            </div>
            <div
              style={
                Object {
                  "marginBottom": 0,
                }
              }>
              <p
                style={
                  Object {
                    "WebkitFontSmoothing": "antialiased",
                    "color": "#444",
                    "fontFamily": "
                      -apple-system, ".SFNSText-Regular", "San Francisco", "Roboto",
                      "Segoe UI", "Helvetica Neue", "Lucida Grande", sans-serif
                    ",
  -                 "fontSize": 15,
  +                 "fontSize": "15px",
                  }
                }>
                Default date input control
              </p>
            </div>
            <div>
              <h1
                style={
                  Object {
                    "borderBottom": "1px solid #EEE",
  -                 "fontSize": 25,
  +                 "fontSize": "25px",
                    "margin": "20px 0 0 0",
                    "padding": "0 0 5px 0",
                  }
                }>
                Story Source
              </h1>
              <pre
                style={
                  Object {
                    "backgroundColor": "#fafafa",
                    "fontFamily": "Menlo, Monaco, "Courier New", monospace",
                    "fontSize": ".88em",
                    "lineHeight": 1.5,
                    "overflowX": "scroll",
                    "padding": ".5rem",
                  }
                }>
                <div
                  style={
                    Object {
                      "paddingLeft": 18,
                      "paddingRight": 3,
                    }
                  }>
                  <span
                    style={
                      Object {
                        "color": "#777",
                      }
                    }>
                    <
                    DateInput
                  </span>
                  <span>
                    <span>
                      <span>
                        <br />
                          
                      </span>
                      <span
                        style={Object {}}>
                        label
                      </span>
                      <span>
                        =
                        <span
                          style={Object {}}>
                          <span
                            style={
                              Object {
                                "color": "#22a",
                                "wordBreak": "break-word",
                              }
                            }>
                            "
                            Date Input Label
                            "
                          </span>
                        </span>
                      </span>
                    </span>
                    <span>
                      <span>
                        <br />
                          
                      </span>
                      <span
                        style={Object {}}>
                        value
                      </span>
                      <span>
                        =
                        <span
                          style={Object {}}>
                          <span
                            style={
                              Object {
                                "color": "#22a",
                                "wordBreak": "break-word",
                              }
                            }>
                            "
                            2016-04-13
                            "
                          </span>
                        </span>
                      </span>
                    </span>
                    <span>
                      <span>
                        <br />
                          
                      </span>
                      <span
                        style={Object {}}>
                        onBlur
                      </span>
                      <span>
                        =
                        <span
                          style={Object {}}>
                          <span>
                            {
                            <span
                              style={
                                Object {
                                  "color": "#170",
                                }
                              }>
  -                           anonymous()
  +                           blur()
                            </span>
                            }
                          </span>
                        </span>
                      </span>
                    </span>
                    <span>
                      <span>
                        <br />
                          
                      </span>
                      <span
                        style={Object {}}>
                        onValueChange
                      </span>
                      <span>
                        =
                        <span
                          style={Object {}}>
                          <span>
                            {
                            <span
                              style={
                                Object {
                                  "color": "#170",
                                }
                              }>
  -                           anonymous()
  +                           valueChange()
                            </span>
                            }
                          </span>
                        </span>
                      </span>
                    </span>
                    <span>
                      <span>
                        <br />
                          
                      </span>
                      <span
                        style={Object {}}>
                        onComplete
                      </span>
                      <span>
                        =
                        <span
                          style={Object {}}>
                          <span>
                            {
                            <span
                              style={
                                Object {
                                  "color": "#170",
                                }
                              }>
  -                           anonymous()
  +                           complete()
                            </span>
                            }
                          </span>
                        </span>
                      </span>
                      <br />
                    </span>
                  </span>
                  <span
                    style={
                      Object {
                        "color": "#777",
                      }
                    }>
                    />
                  </span>
                </div>
              </pre>
            </div>
            <div>
              <h1
                style={
                  Object {
                    "borderBottom": "1px solid #EEE",
  -                 "fontSize": 25,
  +                 "fontSize": "25px",
                    "margin": "20px 0 0 0",
                    "padding": "0 0 5px 0",
                  }
                }>
                Prop Types
              </h1>
              <div>
                <h2
                  style={
                    Object {
                      "margin": "20px 0 0 0",
                    }
                  }>
                  "
                  DateInput
                  " Component
                </h2>
                <table
                  style={
                    Object {
                      "borderCollapse": "separate",
                      "borderSpacing": "10px 5px",
                      "marginLeft": -10,
                    }
                  }>
                  <thead>
                    <tr>
                      <th>
                        property
                      </th>
                      <th>
                        propType
                      </th>
                      <th>
                        required
                      </th>
                      <th>
                        default
                      </th>
                    </tr>
                  </thead>
                  <tbody>
                    <tr>
                      <td>
                        includeTime
                      </td>
                      <td>
                        bool
                      </td>
                      <td>
                        no
                      </td>
                      <td>
                        -
                      </td>
                    </tr>
                    <tr>
                      <td>
                        extensionRenderer
                      </td>
                      <td>
                        func
                      </td>
                      <td>
                        no
                      </td>
                      <td>
                        -
                      </td>
                    </tr>
                    <tr>
                      <td>
                        dateFormat
                      </td>
                      <td>
                        string
                      </td>
                      <td>
                        no
                      </td>
                      <td>
                        -
                      </td>
                    </tr>
                    <tr>
                      <td>
                        error
                      </td>
                      <td>
                        other
                      </td>
                      <td>
                        no
                      </td>
                      <td>
                        -
                      </td>
                    </tr>
                    <tr>
                      <td>
                        defaultOpened
                      </td>
                      <td>
                        bool
                      </td>
                      <td>
                        no
                      </td>
                      <td>
                        -
                      </td>
                    </tr>
                    <tr>
                      <td>
                        cols
                      </td>
                      <td>
                        number
                      </td>
                      <td>
                        no
                      </td>
                      <td>
                        -
                      </td>
                    </tr>
                    <tr>
                      <td>
                        defaultValue
                      </td>
                      <td>
                        string
                      </td>
                      <td>
                        no
                      </td>
                      <td>
                        -
                      </td>
                    </tr>
                    <tr>
                      <td>
                        onChange
                      </td>
                      <td>
                        func
                      </td>
                      <td>
                        no
                      </td>
                      <td>
                        -
                      </td>
                    </tr>
                    <tr>
                      <td>
                        id
                      </td>
                      <td>
                        string
                      </td>
                      <td>
                        no
                      </td>
                      <td>
                        -
                      </td>
                    </tr>
                    <tr>
                      <td>
                        onValueChange
                      </td>
                      <td>
                        func
                      </td>
                      <td>
                        no
                      </td>
                      <td>
                        -
                      </td>
                    </tr>
                    <tr>
                      <td>
                        required
                      </td>
                      <td>
                        bool
                      </td>
                      <td>
                        no
                      </td>
                      <td>
                        -
                      </td>
                    </tr>
                    <tr>
                      <td>
                        onKeyDown
                      </td>
                      <td>
                        func
                      </td>
                      <td>
                        no
                      </td>
                      <td>
                        -
                      </td>
                    </tr>
                    <tr>
                      <td>
                        onBlur
                      </td>
                      <td>
                        func
                      </td>
                      <td>
                        no
                      </td>
                      <td>
                        -
                      </td>
                    </tr>
                    <tr>
                      <td>
                        maxDate
                      </td>
                      <td>
                        string
                      </td>
                      <td>
                        no
                      </td>
                      <td>
                        -
                      </td>
                    </tr>
                    <tr>
                      <td>
                        label
                      </td>
                      <td>
                        string
                      </td>
                      <td>
                        no
                      </td>
                      <td>
                        -
                      </td>
                    </tr>
                    <tr>
                      <td>
                        onComplete
                      </td>
                      <td>
                        func
                      </td>
                      <td>
                        no
                      </td>
                      <td>
                        -
                      </td>
                    </tr>
                    <tr>
                      <td>
                        menuAlign
                      </td>
                      <td>
                        other
                      </td>
                      <td>
                        no
                      </td>
                      <td>
                        <span
                          style={
                            Object {
                              "color": "#22a",
                              "wordBreak": "break-word",
                            }
                          }>
                          "
                          left
                          "
                        </span>
                      </td>
                    </tr>
                    <tr>
                      <td>
                        minDate
                      </td>
                      <td>
                        string
                      </td>
                      <td>
                        no
                      </td>
                      <td>
                        -
                      </td>
                    </tr>
                    <tr>
                      <td>
                        totalCols
                      </td>
                      <td>
                        number
                      </td>
                      <td>
                        no
                      </td>
                      <td>
                        -
                      </td>
                    </tr>
                    <tr>
                      <td>
                        value
                      </td>
                      <td>
                        string
                      </td>
                      <td>
                        no
                      </td>
                      <td>
                        -
                      </td>
                    </tr>
                  </tbody>
                </table>
              </div>
            </div>
          </div>
        </div>
      </div>
    </div>


✗ Required
  - Snapshot
  + Current story
  
  <div>
      <div
        style={
          Object {
            "position": "relative",
            "zIndex": 0,
          }
        }>
        <div
          className="slds-form-element react-slds-dropdown-form-element">
          <div
            className="slds-form-element">
            <label
              className="slds-form-element__label"
              htmlFor="form-element-$uuid$">
              Date Input Label
              <abbr
                className="slds-required">
                *
              </abbr>
            </label>
            <div
              className="slds-form-element__control">
              <div
                className="slds-input-has-icon slds-input-has-icon--right">
                <input
                  className="slds-input"
                  defaultValue={undefined}
                  id="form-element-$uuid$"
                  onBlur={[Function]}
                  onChange={[Function]}
                  onKeyDown={[Function]}
                  readOnly={undefined}
                  type={undefined}
                  value="04/13/2016" />
                <span
                  onClick={[Function]}
                  style={
                    Object {
                      "cursor": "pointer",
                    }
                  }
                  tabIndex={-1}>
                  <svg
                    aria-hidden={true}
                    className="slds-icon slds-icon-text-default slds-input__icon"
                    dangerouslySetInnerHTML={
                      Object {
                        "__html": "<use xlink:href="/assets/icons/utility-sprite/svg/symbols.svg#event"></use>",
                      }
                    }
                    style={undefined} />
                </span>
              </div>
            </div>
          </div>
          <div
            className="react-slds-dropdown-control-wrapper"
            style={Object {}}>
            <div
              className="slds-form-element__control">
              <div />
            </div>
          </div>
        </div>
      </div>
      <a
        onClick={[Function]}
        style={
          Object {
            "background": "#28c",
            "borderRadius": "0 0 0 5px",
            "color": "#fff",
            "cursor": "pointer",
            "display": "block",
            "fontFamily": "sans-serif",
  -         "fontSize": 12,
  +         "fontSize": "12px",
            "padding": "5px 15px",
            "position": "fixed",
            "right": 0,
            "textDecoration": "none",
            "top": 0,
          }
        }>
        ?
      </a>
      <div
        style={
          Object {
            "background": "white",
            "bottom": 0,
            "display": "none",
            "left": 0,
            "overflow": "auto",
            "padding": "0 40px",
            "position": "absolute",
            "right": 0,
            "top": 0,
          }
        }>
        <a
          onClick={[Function]}
          style={
            Object {
              "background": "#28c",
              "borderRadius": "0 0 0 5px",
              "color": "#fff",
              "cursor": "pointer",
              "display": "block",
              "fontFamily": "sans-serif",
  -           "fontSize": 12,
  +           "fontSize": "12px",
              "padding": "5px 15px",
              "position": "fixed",
              "right": 0,
              "textDecoration": "none",
              "top": 0,
            }
          }>
          ×
        </a>
        <div
          style={undefined}>
          <div
            style={
              Object {
                "WebkitFontSmoothing": "antialiased",
                "color": "#444",
                "fontFamily": "
                  -apple-system, ".SFNSText-Regular", "San Francisco", "Roboto",
                  "Segoe UI", "Helvetica Neue", "Lucida Grande", sans-serif
                ",
  -             "fontSize": 15,
  +             "fontSize": "15px",
                "fontWeight": 300,
                "lineHeight": 1.45,
              }
            }>
            <div
              style={
                Object {
                  "borderBottom": "1px solid #eee",
                  "marginBottom": 10,
  +               "paddingTop": 10,
                }
              }>
              <h1
                style={
                  Object {
  -                 "fontSize": 35,
  -                 "margin": "20px 0 0 0",
  +                 "fontSize": "35px",
  +                 "margin": 0,
                    "padding": 0,
                  }
                }>
                DateInput
              </h1>
              <h2
                style={
                  Object {
  -                 "fontSize": 22,
  +                 "fontSize": "22px",
                    "fontWeight": 400,
                    "margin": "0 0 10px 0",
                    "padding": 0,
                  }
                }>
                Required
              </h2>
            </div>
            <div
              style={
                Object {
                  "marginBottom": 0,
                }
              }>
              <p
                style={
                  Object {
                    "WebkitFontSmoothing": "antialiased",
                    "color": "#444",
                    "fontFamily": "
                      -apple-system, ".SFNSText-Regular", "San Francisco", "Roboto",
                      "Segoe UI", "Helvetica Neue", "Lucida Grande", sans-serif
                    ",
  -                 "fontSize": 15,
  +                 "fontSize": "15px",
                  }
                }>
                Date input control with required attribute
              </p>
            </div>
            <div>
              <h1
                style={
                  Object {
                    "borderBottom": "1px solid #EEE",
  -                 "fontSize": 25,
  +                 "fontSize": "25px",
                    "margin": "20px 0 0 0",
                    "padding": "0 0 5px 0",
                  }
                }>
                Story Source
              </h1>
              <pre
                style={
                  Object {
                    "backgroundColor": "#fafafa",
                    "fontFamily": "Menlo, Monaco, "Courier New", monospace",
                    "fontSize": ".88em",
                    "lineHeight": 1.5,
                    "overflowX": "scroll",
                    "padding": ".5rem",
                  }
                }>
                <div
                  style={
                    Object {
                      "paddingLeft": 18,
                      "paddingRight": 3,
                    }
                  }>
                  <span
                    style={
                      Object {
                        "color": "#777",
                      }
                    }>
                    <
                    DateInput
                  </span>
                  <span>
                    <span>
                      <span>
                        <br />
                          
                      </span>
                      <span
                        style={Object {}}>
                        label
                      </span>
                      <span>
                        =
                        <span
                          style={Object {}}>
                          <span
                            style={
                              Object {
                                "color": "#22a",
                                "wordBreak": "break-word",
                              }
                            }>
                            "
                            Date Input Label
                            "
                          </span>
                        </span>
                      </span>
                    </span>
                    <span>
                      <span>
                        <br />
                          
                      </span>
                      <span
                        style={Object {}}>
                        value
                      </span>
                      <span>
                        =
                        <span
                          style={Object {}}>
                          <span
                            style={
                              Object {
                                "color": "#22a",
                                "wordBreak": "break-word",
                              }
                            }>
                            "
                            2016-04-13
                            "
                          </span>
                        </span>
                      </span>
                    </span>
                    <span>
                      <span>
                        <br />
                          
                      </span>
                      <span
                        style={Object {}}>
                        required
                      </span>
                    </span>
                    <span>
                      <span>
                        <br />
                          
                      </span>
                      <span
                        style={Object {}}>
                        onBlur
                      </span>
                      <span>
                        =
                        <span
                          style={Object {}}>
                          <span>
                            {
                            <span
                              style={
                                Object {
                                  "color": "#170",
                                }
                              }>
  -                           anonymous()
  +                           blur()
                            </span>
                            }
                          </span>
                        </span>
                      </span>
                    </span>
                    <span>
                      <span>
                        <br />
                          
                      </span>
                      <span
                        style={Object {}}>
                        onValueChange
                      </span>
                      <span>
                        =
                        <span
                          style={Object {}}>
                          <span>
                            {
                            <span
                              style={
                                Object {
                                  "color": "#170",
                                }
                              }>
  -                           anonymous()
  +                           valueChange()
                            </span>
                            }
                          </span>
                        </span>
                      </span>
                    </span>
                    <span>
                      <span>
                        <br />
                          
                      </span>
                      <span
                        style={Object {}}>
                        onComplete
                      </span>
                      <span>
                        =
                        <span
                          style={Object {}}>
                          <span>
                            {
                            <span
                              style={
                                Object {
                                  "color": "#170",
                                }
                              }>
  -                           anonymous()
  +                           complete()
                            </span>
                            }
                          </span>
                        </span>
                      </span>
                      <br />
                    </span>
                  </span>
                  <span
                    style={
                      Object {
                        "color": "#777",
                      }
                    }>
                    />
                  </span>
                </div>
              </pre>
            </div>
            <div>
              <h1
                style={
                  Object {
                    "borderBottom": "1px solid #EEE",
  -                 "fontSize": 25,
  +                 "fontSize": "25px",
                    "margin": "20px 0 0 0",
                    "padding": "0 0 5px 0",
                  }
                }>
                Prop Types
              </h1>
              <div>
                <h2
                  style={
                    Object {
                      "margin": "20px 0 0 0",
                    }
                  }>
                  "
                  DateInput
                  " Component
                </h2>
                <table
                  style={
                    Object {
                      "borderCollapse": "separate",
                      "borderSpacing": "10px 5px",
                      "marginLeft": -10,
                    }
                  }>
                  <thead>
                    <tr>
                      <th>
                        property
                      </th>
                      <th>
                        propType
                      </th>
                      <th>
                        required
                      </th>
                      <th>
                        default
                      </th>
                    </tr>
                  </thead>
                  <tbody>
                    <tr>
                      <td>
                        includeTime
                      </td>
                      <td>
                        bool
                      </td>
                      <td>
                        no
                      </td>
                      <td>
                        -
                      </td>
                    </tr>
                    <tr>
                      <td>
                        extensionRenderer
                      </td>
                      <td>
                        func
                      </td>
                      <td>
                        no
                      </td>
                      <td>
                        -
                      </td>
                    </tr>
                    <tr>
                      <td>
                        dateFormat
                      </td>
                      <td>
                        string
                      </td>
                      <td>
                        no
                      </td>
                      <td>
                        -
                      </td>
                    </tr>
                    <tr>
                      <td>
                        error
                      </td>
                      <td>
                        other
                      </td>
                      <td>
                        no
                      </td>
                      <td>
                        -
                      </td>
                    </tr>
                    <tr>
                      <td>
                        defaultOpened
                      </td>
                      <td>
                        bool
                      </td>
                      <td>
                        no
                      </td>
                      <td>
                        -
                      </td>
                    </tr>
                    <tr>
                      <td>
                        cols
                      </td>
                      <td>
                        number
                      </td>
                      <td>
                        no
                      </td>
                      <td>
                        -
                      </td>
                    </tr>
                    <tr>
                      <td>
                        defaultValue
                      </td>
                      <td>
                        string
                      </td>
                      <td>
                        no
                      </td>
                      <td>
                        -
                      </td>
                    </tr>
                    <tr>
                      <td>
                        onChange
                      </td>
                      <td>
                        func
                      </td>
                      <td>
                        no
                      </td>
                      <td>
                        -
                      </td>
                    </tr>
                    <tr>
                      <td>
                        id
                      </td>
                      <td>
                        string
                      </td>
                      <td>
                        no
                      </td>
                      <td>
                        -
                      </td>
                    </tr>
                    <tr>
                      <td>
                        onValueChange
                      </td>
                      <td>
                        func
                      </td>
                      <td>
                        no
                      </td>
                      <td>
                        -
                      </td>
                    </tr>
                    <tr>
                      <td>
                        required
                      </td>
                      <td>
                        bool
                      </td>
                      <td>
                        no
                      </td>
                      <td>
                        -
                      </td>
                    </tr>
                    <tr>
                      <td>
                        onKeyDown
                      </td>
                      <td>
                        func
                      </td>
                      <td>
                        no
                      </td>
                      <td>
                        -
                      </td>
                    </tr>
                    <tr>
                      <td>
                        onBlur
                      </td>
                      <td>
                        func
                      </td>
                      <td>
                        no
                      </td>
                      <td>
                        -
                      </td>
                    </tr>
                    <tr>
                      <td>
                        maxDate
                      </td>
                      <td>
                        string
                      </td>
                      <td>
                        no
                      </td>
                      <td>
                        -
                      </td>
                    </tr>
                    <tr>
                      <td>
                        label
                      </td>
                      <td>
                        string
                      </td>
                      <td>
                        no
                      </td>
                      <td>
                        -
                      </td>
                    </tr>
                    <tr>
                      <td>
                        onComplete
                      </td>
                      <td>
                        func
                      </td>
                      <td>
                        no
                      </td>
                      <td>
                        -
                      </td>
                    </tr>
                    <tr>
                      <td>
                        menuAlign
                      </td>
                      <td>
                        other
                      </td>
                      <td>
                        no
                      </td>
                      <td>
                        <span
                          style={
                            Object {
                              "color": "#22a",
                              "wordBreak": "break-word",
                            }
                          }>
                          "
                          left
                          "
                        </span>
                      </td>
                    </tr>
                    <tr>
                      <td>
                        minDate
                      </td>
                      <td>
                        string
                      </td>
                      <td>
                        no
                      </td>
                      <td>
                        -
                      </td>
                    </tr>
                    <tr>
                      <td>
                        totalCols
                      </td>
                      <td>
                        number
                      </td>
                      <td>
                        no
                      </td>
                      <td>
                        -
                      </td>
                    </tr>
                    <tr>
                      <td>
                        value
                      </td>
                      <td>
                        string
                      </td>
                      <td>
                        no
                      </td>
                      <td>
                        -
                      </td>
                    </tr>
                  </tbody>
                </table>
              </div>
            </div>
          </div>
        </div>
      </div>
    </div>


✗ Error
  - Snapshot
  + Current story
  
  <div>
      <div
        style={
          Object {
            "position": "relative",
            "zIndex": 0,
          }
        }>
        <div
          className="slds-form-element slds-has-error react-slds-dropdown-form-element">
          <div
            className="slds-form-element">
            <label
              className="slds-form-element__label"
              htmlFor="form-element-$uuid$">
              Date Input Label
              <abbr
                className="slds-required">
                *
              </abbr>
            </label>
            <div
              className="slds-form-element__control">
              <div
                className="slds-input-has-icon slds-input-has-icon--right">
                <input
                  className="slds-input"
                  defaultValue={undefined}
                  id="form-element-$uuid$"
                  onBlur={[Function]}
                  onChange={[Function]}
                  onKeyDown={[Function]}
                  readOnly={undefined}
                  type={undefined}
                  value="04/13/2016" />
                <span
                  onClick={[Function]}
                  style={
                    Object {
                      "cursor": "pointer",
                    }
                  }
                  tabIndex={-1}>
                  <svg
                    aria-hidden={true}
                    className="slds-icon slds-icon-text-default slds-input__icon"
                    dangerouslySetInnerHTML={
                      Object {
                        "__html": "<use xlink:href="/assets/icons/utility-sprite/svg/symbols.svg#event"></use>",
                      }
                    }
                    style={undefined} />
                </span>
              </div>
            </div>
          </div>
          <div
            className="react-slds-dropdown-control-wrapper"
            style={Object {}}>
            <div
              className="slds-form-element__control">
              <div />
              <span
                className="slds-form-element__help">
                This field is required
              </span>
            </div>
          </div>
        </div>
      </div>
      <a
        onClick={[Function]}
        style={
          Object {
            "background": "#28c",
            "borderRadius": "0 0 0 5px",
            "color": "#fff",
            "cursor": "pointer",
            "display": "block",
            "fontFamily": "sans-serif",
  -         "fontSize": 12,
  +         "fontSize": "12px",
            "padding": "5px 15px",
            "position": "fixed",
            "right": 0,
            "textDecoration": "none",
            "top": 0,
          }
        }>
        ?
      </a>
      <div
        style={
          Object {
            "background": "white",
            "bottom": 0,
            "display": "none",
            "left": 0,
            "overflow": "auto",
            "padding": "0 40px",
            "position": "absolute",
            "right": 0,
            "top": 0,
          }
        }>
        <a
          onClick={[Function]}
          style={
            Object {
              "background": "#28c",
              "borderRadius": "0 0 0 5px",
              "color": "#fff",
              "cursor": "pointer",
              "display": "block",
              "fontFamily": "sans-serif",
  -           "fontSize": 12,
  +           "fontSize": "12px",
              "padding": "5px 15px",
              "position": "fixed",
              "right": 0,
              "textDecoration": "none",
              "top": 0,
            }
          }>
          ×
        </a>
        <div
          style={undefined}>
          <div
            style={
              Object {
                "WebkitFontSmoothing": "antialiased",
                "color": "#444",
                "fontFamily": "
                  -apple-system, ".SFNSText-Regular", "San Francisco", "Roboto",
                  "Segoe UI", "Helvetica Neue", "Lucida Grande", sans-serif
                ",
  -             "fontSize": 15,
  +             "fontSize": "15px",
                "fontWeight": 300,
                "lineHeight": 1.45,
              }
            }>
            <div
              style={
                Object {
                  "borderBottom": "1px solid #eee",
                  "marginBottom": 10,
  +               "paddingTop": 10,
                }
              }>
              <h1
                style={
                  Object {
  -                 "fontSize": 35,
  -                 "margin": "20px 0 0 0",
  +                 "fontSize": "35px",
  +                 "margin": 0,
                    "padding": 0,
                  }
                }>
                DateInput
              </h1>
              <h2
                style={
                  Object {
  -                 "fontSize": 22,
  +                 "fontSize": "22px",
                    "fontWeight": 400,
                    "margin": "0 0 10px 0",
                    "padding": 0,
                  }
                }>
                Error
              </h2>
            </div>
            <div
              style={
                Object {
                  "marginBottom": 0,
                }
              }>
              <p
                style={
                  Object {
                    "WebkitFontSmoothing": "antialiased",
                    "color": "#444",
                    "fontFamily": "
                      -apple-system, ".SFNSText-Regular", "San Francisco", "Roboto",
                      "Segoe UI", "Helvetica Neue", "Lucida Grande", sans-serif
                    ",
  -                 "fontSize": 15,
  +                 "fontSize": "15px",
                  }
                }>
                Date input control with error message
              </p>
            </div>
            <div>
              <h1
                style={
                  Object {
                    "borderBottom": "1px solid #EEE",
  -                 "fontSize": 25,
  +                 "fontSize": "25px",
                    "margin": "20px 0 0 0",
                    "padding": "0 0 5px 0",
                  }
                }>
                Story Source
              </h1>
              <pre
                style={
                  Object {
                    "backgroundColor": "#fafafa",
                    "fontFamily": "Menlo, Monaco, "Courier New", monospace",
                    "fontSize": ".88em",
                    "lineHeight": 1.5,
                    "overflowX": "scroll",
                    "padding": ".5rem",
                  }
                }>
                <div
                  style={
                    Object {
                      "paddingLeft": 18,
                      "paddingRight": 3,
                    }
                  }>
                  <span
                    style={
                      Object {
                        "color": "#777",
                      }
                    }>
                    <
                    DateInput
                  </span>
                  <span>
                    <span>
                      <span>
                        <br />
                          
                      </span>
                      <span
                        style={Object {}}>
                        label
                      </span>
                      <span>
                        =
                        <span
                          style={Object {}}>
                          <span
                            style={
                              Object {
                                "color": "#22a",
                                "wordBreak": "break-word",
                              }
                            }>
                            "
                            Date Input Label
                            "
                          </span>
                        </span>
                      </span>
                    </span>
                    <span>
                      <span>
                        <br />
                          
                      </span>
                      <span
                        style={Object {}}>
                        value
                      </span>
                      <span>
                        =
                        <span
                          style={Object {}}>
                          <span
                            style={
                              Object {
                                "color": "#22a",
                                "wordBreak": "break-word",
                              }
                            }>
                            "
                            2016-04-13
                            "
                          </span>
                        </span>
                      </span>
                    </span>
                    <span>
                      <span>
                        <br />
                          
                      </span>
                      <span
                        style={Object {}}>
                        required
                      </span>
                    </span>
                    <span>
                      <span>
                        <br />
                          
                      </span>
                      <span
                        style={Object {}}>
                        error
                      </span>
                      <span>
                        =
                        <span
                          style={Object {}}>
                          <span
                            style={
                              Object {
                                "color": "#22a",
                                "wordBreak": "break-word",
                              }
                            }>
                            "
                            This field is required
                            "
                          </span>
                        </span>
                      </span>
                    </span>
                    <span>
                      <span>
                        <br />
                          
                      </span>
                      <span
                        style={Object {}}>
                        onBlur
                      </span>
                      <span>
                        =
                        <span
                          style={Object {}}>
                          <span>
                            {
                            <span
                              style={
                                Object {
                                  "color": "#170",
                                }
                              }>
  -                           anonymous()
  +                           blur()
                            </span>
                            }
                          </span>
                        </span>
                      </span>
                    </span>
                    <span>
                      <span>
                        <br />
                          
                      </span>
                      <span
                        style={Object {}}>
                        onValueChange
                      </span>
                      <span>
                        =
                        <span
                          style={Object {}}>
                          <span>
                            {
                            <span
                              style={
                                Object {
                                  "color": "#170",
                                }
                              }>
  -                           anonymous()
  +                           valueChange()
                            </span>
                            }
                          </span>
                        </span>
                      </span>
                    </span>
                    <span>
                      <span>
                        <br />
                          
                      </span>
                      <span
                        style={Object {}}>
                        onComplete
                      </span>
                      <span>
                        =
                        <span
                          style={Object {}}>
                          <span>
                            {
                            <span
                              style={
                                Object {
                                  "color": "#170",
                                }
                              }>
  -                           anonymous()
  +                           complete()
                            </span>
                            }
                          </span>
                        </span>
                      </span>
                      <br />
                    </span>
                  </span>
                  <span
                    style={
                      Object {
                        "color": "#777",
                      }
                    }>
                    />
                  </span>
                </div>
              </pre>
            </div>
            <div>
              <h1
                style={
                  Object {
                    "borderBottom": "1px solid #EEE",
  -                 "fontSize": 25,
  +                 "fontSize": "25px",
                    "margin": "20px 0 0 0",
                    "padding": "0 0 5px 0",
                  }
                }>
                Prop Types
              </h1>
              <div>
                <h2
                  style={
                    Object {
                      "margin": "20px 0 0 0",
                    }
                  }>
                  "
                  DateInput
                  " Component
                </h2>
                <table
                  style={
                    Object {
                      "borderCollapse": "separate",
                      "borderSpacing": "10px 5px",
                      "marginLeft": -10,
                    }
                  }>
                  <thead>
                    <tr>
                      <th>
                        property
                      </th>
                      <th>
                        propType
                      </th>
                      <th>
                        required
                      </th>
                      <th>
                        default
                      </th>
                    </tr>
                  </thead>
                  <tbody>
                    <tr>
                      <td>
                        includeTime
                      </td>
                      <td>
                        bool
                      </td>
                      <td>
                        no
                      </td>
                      <td>
                        -
                      </td>
                    </tr>
                    <tr>
                      <td>
                        extensionRenderer
                      </td>
                      <td>
                        func
                      </td>
                      <td>
                        no
                      </td>
                      <td>
                        -
                      </td>
                    </tr>
                    <tr>
                      <td>
                        dateFormat
                      </td>
                      <td>
                        string
                      </td>
                      <td>
                        no
                      </td>
                      <td>
                        -
                      </td>
                    </tr>
                    <tr>
                      <td>
                        error
                      </td>
                      <td>
                        other
                      </td>
                      <td>
                        no
                      </td>
                      <td>
                        -
                      </td>
                    </tr>
                    <tr>
                      <td>
                        defaultOpened
                      </td>
                      <td>
                        bool
                      </td>
                      <td>
                        no
                      </td>
                      <td>
                        -
                      </td>
                    </tr>
                    <tr>
                      <td>
                        cols
                      </td>
                      <td>
                        number
                      </td>
                      <td>
                        no
                      </td>
                      <td>
                        -
                      </td>
                    </tr>
                    <tr>
                      <td>
                        defaultValue
                      </td>
                      <td>
                        string
                      </td>
                      <td>
                        no
                      </td>
                      <td>
                        -
                      </td>
                    </tr>
                    <tr>
                      <td>
                        onChange
                      </td>
                      <td>
                        func
                      </td>
                      <td>
                        no
                      </td>
                      <td>
                        -
                      </td>
                    </tr>
                    <tr>
                      <td>
                        id
                      </td>
                      <td>
                        string
                      </td>
                      <td>
                        no
                      </td>
                      <td>
                        -
                      </td>
                    </tr>
                    <tr>
                      <td>
                        onValueChange
                      </td>
                      <td>
                        func
                      </td>
                      <td>
                        no
                      </td>
                      <td>
                        -
                      </td>
                    </tr>
                    <tr>
                      <td>
                        required
                      </td>
                      <td>
                        bool
                      </td>
                      <td>
                        no
                      </td>
                      <td>
                        -
                      </td>
                    </tr>
                    <tr>
                      <td>
                        onKeyDown
                      </td>
                      <td>
                        func
                      </td>
                      <td>
                        no
                      </td>
                      <td>
                        -
                      </td>
                    </tr>
                    <tr>
                      <td>
                        onBlur
                      </td>
                      <td>
                        func
                      </td>
                      <td>
                        no
                      </td>
                      <td>
                        -
                      </td>
                    </tr>
                    <tr>
                      <td>
                        maxDate
                      </td>
                      <td>
                        string
                      </td>
                      <td>
                        no
                      </td>
                      <td>
                        -
                      </td>
                    </tr>
                    <tr>
                      <td>
                        label
                      </td>
                      <td>
                        string
                      </td>
                      <td>
                        no
                      </td>
                      <td>
                        -
                      </td>
                    </tr>
                    <tr>
                      <td>
                        onComplete
                      </td>
                      <td>
                        func
                      </td>
                      <td>
                        no
                      </td>
                      <td>
                        -
                      </td>
                    </tr>
                    <tr>
                      <td>
                        menuAlign
                      </td>
                      <td>
                        other
                      </td>
                      <td>
                        no
                      </td>
                      <td>
                        <span
                          style={
                            Object {
                              "color": "#22a",
                              "wordBreak": "break-word",
                            }
                          }>
                          "
                          left
                          "
                        </span>
                      </td>
                    </tr>
                    <tr>
                      <td>
                        minDate
                      </td>
                      <td>
                        string
                      </td>
                      <td>
                        no
                      </td>
                      <td>
                        -
                      </td>
                    </tr>
                    <tr>
                      <td>
                        totalCols
                      </td>
                      <td>
                        number
                      </td>
                      <td>
                        no
                      </td>
                      <td>
                        -
                      </td>
                    </tr>
                    <tr>
                      <td>
                        value
                      </td>
                      <td>
                        string
                      </td>
                      <td>
                        no
                      </td>
                      <td>
                        -
                      </td>
                    </tr>
                  </tbody>
                </table>
              </div>
            </div>
          </div>
        </div>
      </div>
    </div>


✗ Disabled
  - Snapshot
  + Current story
  
  <div>
      <div
        style={
          Object {
            "position": "relative",
            "zIndex": 0,
          }
        }>
        <div
          className="slds-form-element react-slds-dropdown-form-element">
          <div
            className="slds-form-element">
            <label
              className="slds-form-element__label"
              htmlFor="form-element-$uuid$">
              Date Input Label
            </label>
            <div
              className="slds-form-element__control">
              <div
                className="slds-input-has-icon slds-input-has-icon--right">
                <input
                  className="slds-input"
                  defaultValue={undefined}
                  disabled={true}
                  id="form-element-$uuid$"
                  onBlur={[Function]}
                  onChange={[Function]}
                  onKeyDown={[Function]}
                  readOnly={undefined}
                  type={undefined}
                  value="04/13/2016" />
                <span
                  onClick={[Function]}
                  style={
                    Object {
                      "cursor": "pointer",
                    }
                  }
                  tabIndex={-1}>
                  <svg
                    aria-hidden={true}
                    className="slds-icon slds-icon-text-default slds-input__icon"
                    dangerouslySetInnerHTML={
                      Object {
                        "__html": "<use xlink:href="/assets/icons/utility-sprite/svg/symbols.svg#event"></use>",
                      }
                    }
                    style={undefined} />
                </span>
              </div>
            </div>
          </div>
          <div
            className="react-slds-dropdown-control-wrapper"
            style={Object {}}>
            <div
              className="slds-form-element__control">
              <div />
            </div>
          </div>
        </div>
      </div>
      <a
        onClick={[Function]}
        style={
          Object {
            "background": "#28c",
            "borderRadius": "0 0 0 5px",
            "color": "#fff",
            "cursor": "pointer",
            "display": "block",
            "fontFamily": "sans-serif",
  -         "fontSize": 12,
  +         "fontSize": "12px",
            "padding": "5px 15px",
            "position": "fixed",
            "right": 0,
            "textDecoration": "none",
            "top": 0,
          }
        }>
        ?
      </a>
      <div
        style={
          Object {
            "background": "white",
            "bottom": 0,
            "display": "none",
            "left": 0,
            "overflow": "auto",
            "padding": "0 40px",
            "position": "absolute",
            "right": 0,
            "top": 0,
          }
        }>
        <a
          onClick={[Function]}
          style={
            Object {
              "background": "#28c",
              "borderRadius": "0 0 0 5px",
              "color": "#fff",
              "cursor": "pointer",
              "display": "block",
              "fontFamily": "sans-serif",
  -           "fontSize": 12,
  +           "fontSize": "12px",
              "padding": "5px 15px",
              "position": "fixed",
              "right": 0,
              "textDecoration": "none",
              "top": 0,
            }
          }>
          ×
        </a>
        <div
          style={undefined}>
          <div
            style={
              Object {
                "WebkitFontSmoothing": "antialiased",
                "color": "#444",
                "fontFamily": "
                  -apple-system, ".SFNSText-Regular", "San Francisco", "Roboto",
                  "Segoe UI", "Helvetica Neue", "Lucida Grande", sans-serif
                ",
  -             "fontSize": 15,
  +             "fontSize": "15px",
                "fontWeight": 300,
                "lineHeight": 1.45,
              }
            }>
            <div
              style={
                Object {
                  "borderBottom": "1px solid #eee",
                  "marginBottom": 10,
  +               "paddingTop": 10,
                }
              }>
              <h1
                style={
                  Object {
  -                 "fontSize": 35,
  -                 "margin": "20px 0 0 0",
  +                 "fontSize": "35px",
  +                 "margin": 0,
                    "padding": 0,
                  }
                }>
                DateInput
              </h1>
              <h2
                style={
                  Object {
  -                 "fontSize": 22,
  +                 "fontSize": "22px",
                    "fontWeight": 400,
                    "margin": "0 0 10px 0",
                    "padding": 0,
                  }
                }>
                Disabled
              </h2>
            </div>
            <div
              style={
                Object {
                  "marginBottom": 0,
                }
              }>
              <p
                style={
                  Object {
                    "WebkitFontSmoothing": "antialiased",
                    "color": "#444",
                    "fontFamily": "
                      -apple-system, ".SFNSText-Regular", "San Francisco", "Roboto",
                      "Segoe UI", "Helvetica Neue", "Lucida Grande", sans-serif
                    ",
  -                 "fontSize": 15,
  +                 "fontSize": "15px",
                  }
                }>
                Date input control with disabled status
              </p>
            </div>
            <div>
              <h1
                style={
                  Object {
                    "borderBottom": "1px solid #EEE",
  -                 "fontSize": 25,
  +                 "fontSize": "25px",
                    "margin": "20px 0 0 0",
                    "padding": "0 0 5px 0",
                  }
                }>
                Story Source
              </h1>
              <pre
                style={
                  Object {
                    "backgroundColor": "#fafafa",
                    "fontFamily": "Menlo, Monaco, "Courier New", monospace",
                    "fontSize": ".88em",
                    "lineHeight": 1.5,
                    "overflowX": "scroll",
                    "padding": ".5rem",
                  }
                }>
                <div
                  style={
                    Object {
                      "paddingLeft": 18,
                      "paddingRight": 3,
                    }
                  }>
                  <span
                    style={
                      Object {
                        "color": "#777",
                      }
                    }>
                    <
                    DateInput
                  </span>
                  <span>
                    <span>
                      <span>
                        <br />
                          
                      </span>
                      <span
                        style={Object {}}>
                        label
                      </span>
                      <span>
                        =
                        <span
                          style={Object {}}>
                          <span
                            style={
                              Object {
                                "color": "#22a",
                                "wordBreak": "break-word",
                              }
                            }>
                            "
                            Date Input Label
                            "
                          </span>
                        </span>
                      </span>
                    </span>
                    <span>
                      <span>
                        <br />
                          
                      </span>
                      <span
                        style={Object {}}>
                        value
                      </span>
                      <span>
                        =
                        <span
                          style={Object {}}>
                          <span
                            style={
                              Object {
                                "color": "#22a",
                                "wordBreak": "break-word",
                              }
                            }>
                            "
                            2016-04-13
                            "
                          </span>
                        </span>
                      </span>
                    </span>
                    <span>
                      <span>
                        <br />
                          
                      </span>
                      <span
                        style={Object {}}>
                        disabled
                      </span>
                    </span>
                    <span>
                      <span>
                        <br />
                          
                      </span>
                      <span
                        style={Object {}}>
                        onBlur
                      </span>
                      <span>
                        =
                        <span
                          style={Object {}}>
                          <span>
                            {
                            <span
                              style={
                                Object {
                                  "color": "#170",
                                }
                              }>
  -                           anonymous()
  +                           blur()
                            </span>
                            }
                          </span>
                        </span>
                      </span>
                    </span>
                    <span>
                      <span>
                        <br />
                          
                      </span>
                      <span
                        style={Object {}}>
                        onValueChange
                      </span>
                      <span>
                        =
                        <span
                          style={Object {}}>
                          <span>
                            {
                            <span
                              style={
                                Object {
                                  "color": "#170",
                                }
                              }>
  -                           anonymous()
  +                           valueChange()
                            </span>
                            }
                          </span>
                        </span>
                      </span>
                    </span>
                    <span>
                      <span>
                        <br />
                          
                      </span>
                      <span
                        style={Object {}}>
                        onComplete
                      </span>
                      <span>
                        =
                        <span
                          style={Object {}}>
                          <span>
                            {
                            <span
                              style={
                                Object {
                                  "color": "#170",
                                }
                              }>
  -                           anonymous()
  +                           complete()
                            </span>
                            }
                          </span>
                        </span>
                      </span>
                      <br />
                    </span>
                  </span>
                  <span
                    style={
                      Object {
                        "color": "#777",
                      }
                    }>
                    />
                  </span>
                </div>
              </pre>
            </div>
            <div>
              <h1
                style={
                  Object {
                    "borderBottom": "1px solid #EEE",
  -                 "fontSize": 25,
  +                 "fontSize": "25px",
                    "margin": "20px 0 0 0",
                    "padding": "0 0 5px 0",
                  }
                }>
                Prop Types
              </h1>
              <div>
                <h2
                  style={
                    Object {
                      "margin": "20px 0 0 0",
                    }
                  }>
                  "
                  DateInput
                  " Component
                </h2>
                <table
                  style={
                    Object {
                      "borderCollapse": "separate",
                      "borderSpacing": "10px 5px",
                      "marginLeft": -10,
                    }
                  }>
                  <thead>
                    <tr>
                      <th>
                        property
                      </th>
                      <th>
                        propType
                      </th>
                      <th>
                        required
                      </th>
                      <th>
                        default
                      </th>
                    </tr>
                  </thead>
                  <tbody>
                    <tr>
                      <td>
                        includeTime
                      </td>
                      <td>
                        bool
                      </td>
                      <td>
                        no
                      </td>
                      <td>
                        -
                      </td>
                    </tr>
                    <tr>
                      <td>
                        extensionRenderer
                      </td>
                      <td>
                        func
                      </td>
                      <td>
                        no
                      </td>
                      <td>
                        -
                      </td>
                    </tr>
                    <tr>
                      <td>
                        dateFormat
                      </td>
                      <td>
                        string
                      </td>
                      <td>
                        no
                      </td>
                      <td>
                        -
                      </td>
                    </tr>
                    <tr>
                      <td>
                        error
                      </td>
                      <td>
                        other
                      </td>
                      <td>
                        no
                      </td>
                      <td>
                        -
                      </td>
                    </tr>
                    <tr>
                      <td>
                        defaultOpened
                      </td>
                      <td>
                        bool
                      </td>
                      <td>
                        no
                      </td>
                      <td>
                        -
                      </td>
                    </tr>
                    <tr>
                      <td>
                        cols
                      </td>
                      <td>
                        number
                      </td>
                      <td>
                        no
                      </td>
                      <td>
                        -
                      </td>
                    </tr>
                    <tr>
                      <td>
                        defaultValue
                      </td>
                      <td>
                        string
                      </td>
                      <td>
                        no
                      </td>
                      <td>
                        -
                      </td>
                    </tr>
                    <tr>
                      <td>
                        onChange
                      </td>
                      <td>
                        func
                      </td>
                      <td>
                        no
                      </td>
                      <td>
                        -
                      </td>
                    </tr>
                    <tr>
                      <td>
                        id
                      </td>
                      <td>
                        string
                      </td>
                      <td>
                        no
                      </td>
                      <td>
                        -
                      </td>
                    </tr>
                    <tr>
                      <td>
                        onValueChange
                      </td>
                      <td>
                        func
                      </td>
                      <td>
                        no
                      </td>
                      <td>
                        -
                      </td>
                    </tr>
                    <tr>
                      <td>
                        required
                      </td>
                      <td>
                        bool
                      </td>
                      <td>
                        no
                      </td>
                      <td>
                        -
                      </td>
                    </tr>
                    <tr>
                      <td>
                        onKeyDown
                      </td>
                      <td>
                        func
                      </td>
                      <td>
                        no
                      </td>
                      <td>
                        -
                      </td>
                    </tr>
                    <tr>
                      <td>
                        onBlur
                      </td>
                      <td>
                        func
                      </td>
                      <td>
                        no
                      </td>
                      <td>
                        -
                      </td>
                    </tr>
                    <tr>
                      <td>
                        maxDate
                      </td>
                      <td>
                        string
                      </td>
                      <td>
                        no
                      </td>
                      <td>
                        -
                      </td>
                    </tr>
                    <tr>
                      <td>
                        label
                      </td>
                      <td>
                        string
                      </td>
                      <td>
                        no
                      </td>
                      <td>
                        -
                      </td>
                    </tr>
                    <tr>
                      <td>
                        onComplete
                      </td>
                      <td>
                        func
                      </td>
                      <td>
                        no
                      </td>
                      <td>
                        -
                      </td>
                    </tr>
                    <tr>
                      <td>
                        menuAlign
                      </td>
                      <td>
                        other
                      </td>
                      <td>
                        no
                      </td>
                      <td>
                        <span
                          style={
                            Object {
                              "color": "#22a",
                              "wordBreak": "break-word",
                            }
                          }>
                          "
                          left
                          "
                        </span>
                      </td>
                    </tr>
                    <tr>
                      <td>
                        minDate
                      </td>
                      <td>
                        string
                      </td>
                      <td>
                        no
                      </td>
                      <td>
                        -
                      </td>
                    </tr>
                    <tr>
                      <td>
                        totalCols
                      </td>
                      <td>
                        number
                      </td>
                      <td>
                        no
                      </td>
                      <td>
                        -
                      </td>
                    </tr>
                    <tr>
                      <td>
                        value
                      </td>
                      <td>
                        string
                      </td>
                      <td>
                        no
                      </td>
                      <td>
                        -
                      </td>
                    </tr>
                  </tbody>
                </table>
              </div>
            </div>
          </div>
        </div>
      </div>
    </div>


✗ With date format
  - Snapshot
  + Current story
  
  <div>
      <div
        style={
          Object {
            "position": "relative",
            "zIndex": 0,
          }
        }>
        <div
          className="slds-form-element react-slds-dropdown-form-element">
          <div
            className="slds-form-element">
            <label
              className="slds-form-element__label"
              htmlFor="form-element-$uuid$">
              Date Input Label
            </label>
            <div
              className="slds-form-element__control">
              <div
                className="slds-input-has-icon slds-input-has-icon--right">
                <input
                  className="slds-input"
                  defaultValue={undefined}
                  id="form-element-$uuid$"
                  onBlur={[Function]}
                  onChange={[Function]}
                  onKeyDown={[Function]}
                  readOnly={undefined}
                  type={undefined}
                  value="2016.04.13" />
                <span
                  onClick={[Function]}
                  style={
                    Object {
                      "cursor": "pointer",
                    }
                  }
                  tabIndex={-1}>
                  <svg
                    aria-hidden={true}
                    className="slds-icon slds-icon-text-default slds-input__icon"
                    dangerouslySetInnerHTML={
                      Object {
                        "__html": "<use xlink:href="/assets/icons/utility-sprite/svg/symbols.svg#event"></use>",
                      }
                    }
                    style={undefined} />
                </span>
              </div>
            </div>
          </div>
          <div
            className="react-slds-dropdown-control-wrapper"
            style={Object {}}>
            <div
              className="slds-form-element__control">
              <div />
            </div>
          </div>
        </div>
      </div>
      <a
        onClick={[Function]}
        style={
          Object {
            "background": "#28c",
            "borderRadius": "0 0 0 5px",
            "color": "#fff",
            "cursor": "pointer",
            "display": "block",
            "fontFamily": "sans-serif",
  -         "fontSize": 12,
  +         "fontSize": "12px",
            "padding": "5px 15px",
            "position": "fixed",
            "right": 0,
            "textDecoration": "none",
            "top": 0,
          }
        }>
        ?
      </a>
      <div
        style={
          Object {
            "background": "white",
            "bottom": 0,
            "display": "none",
            "left": 0,
            "overflow": "auto",
            "padding": "0 40px",
            "position": "absolute",
            "right": 0,
            "top": 0,
          }
        }>
        <a
          onClick={[Function]}
          style={
            Object {
              "background": "#28c",
              "borderRadius": "0 0 0 5px",
              "color": "#fff",
              "cursor": "pointer",
              "display": "block",
              "fontFamily": "sans-serif",
  -           "fontSize": 12,
  +           "fontSize": "12px",
              "padding": "5px 15px",
              "position": "fixed",
              "right": 0,
              "textDecoration": "none",
              "top": 0,
            }
          }>
          ×
        </a>
        <div
          style={undefined}>
          <div
            style={
              Object {
                "WebkitFontSmoothing": "antialiased",
                "color": "#444",
                "fontFamily": "
                  -apple-system, ".SFNSText-Regular", "San Francisco", "Roboto",
                  "Segoe UI", "Helvetica Neue", "Lucida Grande", sans-serif
                ",
  -             "fontSize": 15,
  +             "fontSize": "15px",
                "fontWeight": 300,
                "lineHeight": 1.45,
              }
            }>
            <div
              style={
                Object {
                  "borderBottom": "1px solid #eee",
                  "marginBottom": 10,
  +               "paddingTop": 10,
                }
              }>
              <h1
                style={
                  Object {
  -                 "fontSize": 35,
  -                 "margin": "20px 0 0 0",
  +                 "fontSize": "35px",
  +                 "margin": 0,
                    "padding": 0,
                  }
                }>
                DateInput
              </h1>
              <h2
                style={
                  Object {
  -                 "fontSize": 22,
  +                 "fontSize": "22px",
                    "fontWeight": 400,
                    "margin": "0 0 10px 0",
                    "padding": 0,
                  }
                }>
                With date format
              </h2>
            </div>
            <div
              style={
                Object {
                  "marginBottom": 0,
                }
              }>
              <p
                style={
                  Object {
                    "WebkitFontSmoothing": "antialiased",
                    "color": "#444",
                    "fontFamily": "
                      -apple-system, ".SFNSText-Regular", "San Francisco", "Roboto",
                      "Segoe UI", "Helvetica Neue", "Lucida Grande", sans-serif
                    ",
  -                 "fontSize": 15,
  +                 "fontSize": "15px",
                  }
                }>
                Date input control with date format specified (YYYY.MM.DD)
              </p>
            </div>
            <div>
              <h1
                style={
                  Object {
                    "borderBottom": "1px solid #EEE",
  -                 "fontSize": 25,
  +                 "fontSize": "25px",
                    "margin": "20px 0 0 0",
                    "padding": "0 0 5px 0",
                  }
                }>
                Story Source
              </h1>
              <pre
                style={
                  Object {
                    "backgroundColor": "#fafafa",
                    "fontFamily": "Menlo, Monaco, "Courier New", monospace",
                    "fontSize": ".88em",
                    "lineHeight": 1.5,
                    "overflowX": "scroll",
                    "padding": ".5rem",
                  }
                }>
                <div
                  style={
                    Object {
                      "paddingLeft": 18,
                      "paddingRight": 3,
                    }
                  }>
                  <span
                    style={
                      Object {
                        "color": "#777",
                      }
                    }>
                    <
                    DateInput
                  </span>
                  <span>
                    <span>
                      <span>
                        <br />
                          
                      </span>
                      <span
                        style={Object {}}>
                        label
                      </span>
                      <span>
                        =
                        <span
                          style={Object {}}>
                          <span
                            style={
                              Object {
                                "color": "#22a",
                                "wordBreak": "break-word",
                              }
                            }>
                            "
                            Date Input Label
                            "
                          </span>
                        </span>
                      </span>
                    </span>
                    <span>
                      <span>
                        <br />
                          
                      </span>
                      <span
                        style={Object {}}>
                        value
                      </span>
                      <span>
                        =
                        <span
                          style={Object {}}>
                          <span
                            style={
                              Object {
                                "color": "#22a",
                                "wordBreak": "break-word",
                              }
                            }>
                            "
                            2016-04-13
                            "
                          </span>
                        </span>
                      </span>
                    </span>
                    <span>
                      <span>
                        <br />
                          
                      </span>
                      <span
                        style={Object {}}>
                        dateFormat
                      </span>
                      <span>
                        =
                        <span
                          style={Object {}}>
                          <span
                            style={
                              Object {
                                "color": "#22a",
                                "wordBreak": "break-word",
                              }
                            }>
                            "
                            YYYY.MM.DD
                            "
                          </span>
                        </span>
                      </span>
                    </span>
                    <span>
                      <span>
                        <br />
                          
                      </span>
                      <span
                        style={Object {}}>
                        onBlur
                      </span>
                      <span>
                        =
                        <span
                          style={Object {}}>
                          <span>
                            {
                            <span
                              style={
                                Object {
                                  "color": "#170",
                                }
                              }>
  -                           anonymous()
  +                           blur()
                            </span>
                            }
                          </span>
                        </span>
                      </span>
                    </span>
                    <span>
                      <span>
                        <br />
                          
                      </span>
                      <span
                        style={Object {}}>
                        onValueChange
                      </span>
                      <span>
                        =
                        <span
                          style={Object {}}>
                          <span>
                            {
                            <span
                              style={
                                Object {
                                  "color": "#170",
                                }
                              }>
  -                           anonymous()
  +                           valueChange()
                            </span>
                            }
                          </span>
                        </span>
                      </span>
                    </span>
                    <span>
                      <span>
                        <br />
                          
                      </span>
                      <span
                        style={Object {}}>
                        onComplete
                      </span>
                      <span>
                        =
                        <span
                          style={Object {}}>
                          <span>
                            {
                            <span
                              style={
                                Object {
                                  "color": "#170",
                                }
                              }>
  -                           anonymous()
  +                           complete()
                            </span>
                            }
                          </span>
                        </span>
                      </span>
                      <br />
                    </span>
                  </span>
                  <span
                    style={
                      Object {
                        "color": "#777",
                      }
                    }>
                    />
                  </span>
                </div>
              </pre>
            </div>
            <div>
              <h1
                style={
                  Object {
                    "borderBottom": "1px solid #EEE",
  -                 "fontSize": 25,
  +                 "fontSize": "25px",
                    "margin": "20px 0 0 0",
                    "padding": "0 0 5px 0",
                  }
                }>
                Prop Types
              </h1>
              <div>
                <h2
                  style={
                    Object {
                      "margin": "20px 0 0 0",
                    }
                  }>
                  "
                  DateInput
                  " Component
                </h2>
                <table
                  style={
                    Object {
                      "borderCollapse": "separate",
                      "borderSpacing": "10px 5px",
                      "marginLeft": -10,
                    }
                  }>
                  <thead>
                    <tr>
                      <th>
                        property
                      </th>
                      <th>
                        propType
                      </th>
                      <th>
                        required
                      </th>
                      <th>
                        default
                      </th>
                    </tr>
                  </thead>
                  <tbody>
                    <tr>
                      <td>
                        includeTime
                      </td>
                      <td>
                        bool
                      </td>
                      <td>
                        no
                      </td>
                      <td>
                        -
                      </td>
                    </tr>
                    <tr>
                      <td>
                        extensionRenderer
                      </td>
                      <td>
                        func
                      </td>
                      <td>
                        no
                      </td>
                      <td>
                        -
                      </td>
                    </tr>
                    <tr>
                      <td>
                        dateFormat
                      </td>
                      <td>
                        string
                      </td>
                      <td>
                        no
                      </td>
                      <td>
                        -
                      </td>
                    </tr>
                    <tr>
                      <td>
                        error
                      </td>
                      <td>
                        other
                      </td>
                      <td>
                        no
                      </td>
                      <td>
                        -
                      </td>
                    </tr>
                    <tr>
                      <td>
                        defaultOpened
                      </td>
                      <td>
                        bool
                      </td>
                      <td>
                        no
                      </td>
                      <td>
                        -
                      </td>
                    </tr>
                    <tr>
                      <td>
                        cols
                      </td>
                      <td>
                        number
                      </td>
                      <td>
                        no
                      </td>
                      <td>
                        -
                      </td>
                    </tr>
                    <tr>
                      <td>
                        defaultValue
                      </td>
                      <td>
                        string
                      </td>
                      <td>
                        no
                      </td>
                      <td>
                        -
                      </td>
                    </tr>
                    <tr>
                      <td>
                        onChange
                      </td>
                      <td>
                        func
                      </td>
                      <td>
                        no
                      </td>
                      <td>
                        -
                      </td>
                    </tr>
                    <tr>
                      <td>
                        id
                      </td>
                      <td>
                        string
                      </td>
                      <td>
                        no
                      </td>
                      <td>
                        -
                      </td>
                    </tr>
                    <tr>
                      <td>
                        onValueChange
                      </td>
                      <td>
                        func
                      </td>
                      <td>
                        no
                      </td>
                      <td>
                        -
                      </td>
                    </tr>
                    <tr>
                      <td>
                        required
                      </td>
                      <td>
                        bool
                      </td>
                      <td>
                        no
                      </td>
                      <td>
                        -
                      </td>
                    </tr>
                    <tr>
                      <td>
                        onKeyDown
                      </td>
                      <td>
                        func
                      </td>
                      <td>
                        no
                      </td>
                      <td>
                        -
                      </td>
                    </tr>
                    <tr>
                      <td>
                        onBlur
                      </td>
                      <td>
                        func
                      </td>
                      <td>
                        no
                      </td>
                      <td>
                        -
                      </td>
                    </tr>
                    <tr>
                      <td>
                        maxDate
                      </td>
                      <td>
                        string
                      </td>
                      <td>
                        no
                      </td>
                      <td>
                        -
                      </td>
                    </tr>
                    <tr>
                      <td>
                        label
                      </td>
                      <td>
                        string
                      </td>
                      <td>
                        no
                      </td>
                      <td>
                        -
                      </td>
                    </tr>
                    <tr>
                      <td>
                        onComplete
                      </td>
                      <td>
                        func
                      </td>
                      <td>
                        no
                      </td>
                      <td>
                        -
                      </td>
                    </tr>
                    <tr>
                      <td>
                        menuAlign
                      </td>
                      <td>
                        other
                      </td>
                      <td>
                        no
                      </td>
                      <td>
                        <span
                          style={
                            Object {
                              "color": "#22a",
                              "wordBreak": "break-word",
                            }
                          }>
                          "
                          left
                          "
                        </span>
                      </td>
                    </tr>
                    <tr>
                      <td>
                        minDate
                      </td>
                      <td>
                        string
                      </td>
                      <td>
                        no
                      </td>
                      <td>
                        -
                      </td>
                    </tr>
                    <tr>
                      <td>
                        totalCols
                      </td>
                      <td>
                        number
                      </td>
                      <td>
                        no
                      </td>
                      <td>
                        -
                      </td>
                    </tr>
                    <tr>
                      <td>
                        value
                      </td>
                      <td>
                        string
                      </td>
                      <td>
                        no
                      </td>
                      <td>
                        -
                      </td>
                    </tr>
                  </tbody>
                </table>
              </div>
            </div>
          </div>
        </div>
      </div>
    </div>


✗ With min/max date
  - Snapshot
  + Current story
  
  <div>
      <div
        style={
          Object {
            "position": "relative",
            "zIndex": 0,
          }
        }>
        <div
          className="slds-form-element react-slds-dropdown-form-element">
          <div
            className="slds-form-element">
            <label
              className="slds-form-element__label"
              htmlFor="form-element-$uuid$">
              Date Input Label
            </label>
            <div
              className="slds-form-element__control">
              <div
                className="slds-input-has-icon slds-input-has-icon--right">
                <input
                  className="slds-input"
                  defaultValue={undefined}
                  id="form-element-$uuid$"
                  onBlur={[Function]}
                  onChange={[Function]}
                  onKeyDown={[Function]}
                  readOnly={undefined}
                  type={undefined}
                  value="04/13/2016" />
                <span
                  onClick={[Function]}
                  style={
                    Object {
                      "cursor": "pointer",
                    }
                  }
                  tabIndex={-1}>
                  <svg
                    aria-hidden={true}
                    className="slds-icon slds-icon-text-default slds-input__icon"
                    dangerouslySetInnerHTML={
                      Object {
                        "__html": "<use xlink:href="/assets/icons/utility-sprite/svg/symbols.svg#event"></use>",
                      }
                    }
                    style={undefined} />
                </span>
              </div>
            </div>
          </div>
          <div
            className="react-slds-dropdown-control-wrapper"
            style={Object {}}>
            <div
              className="slds-form-element__control">
              <div />
            </div>
          </div>
        </div>
      </div>
      <a
        onClick={[Function]}
        style={
          Object {
            "background": "#28c",
            "borderRadius": "0 0 0 5px",
            "color": "#fff",
            "cursor": "pointer",
            "display": "block",
            "fontFamily": "sans-serif",
  -         "fontSize": 12,
  +         "fontSize": "12px",
            "padding": "5px 15px",
            "position": "fixed",
            "right": 0,
            "textDecoration": "none",
            "top": 0,
          }
        }>
        ?
      </a>
      <div
        style={
          Object {
            "background": "white",
            "bottom": 0,
            "display": "none",
            "left": 0,
            "overflow": "auto",
            "padding": "0 40px",
            "position": "absolute",
            "right": 0,
            "top": 0,
          }
        }>
        <a
          onClick={[Function]}
          style={
            Object {
              "background": "#28c",
              "borderRadius": "0 0 0 5px",
              "color": "#fff",
              "cursor": "pointer",
              "display": "block",
              "fontFamily": "sans-serif",
  -           "fontSize": 12,
  +           "fontSize": "12px",
              "padding": "5px 15px",
              "position": "fixed",
              "right": 0,
              "textDecoration": "none",
              "top": 0,
            }
          }>
          ×
        </a>
        <div
          style={undefined}>
          <div
            style={
              Object {
                "WebkitFontSmoothing": "antialiased",
                "color": "#444",
                "fontFamily": "
                  -apple-system, ".SFNSText-Regular", "San Francisco", "Roboto",
                  "Segoe UI", "Helvetica Neue", "Lucida Grande", sans-serif
                ",
  -             "fontSize": 15,
  +             "fontSize": "15px",
                "fontWeight": 300,
                "lineHeight": 1.45,
              }
            }>
            <div
              style={
                Object {
                  "borderBottom": "1px solid #eee",
                  "marginBottom": 10,
  +               "paddingTop": 10,
                }
              }>
              <h1
                style={
                  Object {
  -                 "fontSize": 35,
  -                 "margin": "20px 0 0 0",
  +                 "fontSize": "35px",
  +                 "margin": 0,
                    "padding": 0,
                  }
                }>
                DateInput
              </h1>
              <h2
                style={
                  Object {
  -                 "fontSize": 22,
  +                 "fontSize": "22px",
                    "fontWeight": 400,
                    "margin": "0 0 10px 0",
                    "padding": 0,
                  }
                }>
                With min/max date
              </h2>
            </div>
            <div
              style={
                Object {
                  "marginBottom": 0,
                }
              }>
              <p
                style={
                  Object {
                    "WebkitFontSmoothing": "antialiased",
                    "color": "#444",
                    "fontFamily": "
                      -apple-system, ".SFNSText-Regular", "San Francisco", "Roboto",
                      "Segoe UI", "Helvetica Neue", "Lucida Grande", sans-serif
                    ",
  -                 "fontSize": 15,
  +                 "fontSize": "15px",
                  }
                }>
                Date input control with minimum date boundary
              </p>
            </div>
            <div>
              <h1
                style={
                  Object {
                    "borderBottom": "1px solid #EEE",
  -                 "fontSize": 25,
  +                 "fontSize": "25px",
                    "margin": "20px 0 0 0",
                    "padding": "0 0 5px 0",
                  }
                }>
                Story Source
              </h1>
              <pre
                style={
                  Object {
                    "backgroundColor": "#fafafa",
                    "fontFamily": "Menlo, Monaco, "Courier New", monospace",
                    "fontSize": ".88em",
                    "lineHeight": 1.5,
                    "overflowX": "scroll",
                    "padding": ".5rem",
                  }
                }>
                <div
                  style={
                    Object {
                      "paddingLeft": 18,
                      "paddingRight": 3,
                    }
                  }>
                  <span
                    style={
                      Object {
                        "color": "#777",
                      }
                    }>
                    <
                    DateInput
                  </span>
                  <span>
                    <span>
                      <span>
                        <br />
                          
                      </span>
                      <span
                        style={Object {}}>
                        label
                      </span>
                      <span>
                        =
                        <span
                          style={Object {}}>
                          <span
                            style={
                              Object {
                                "color": "#22a",
                                "wordBreak": "break-word",
                              }
                            }>
                            "
                            Date Input Label
                            "
                          </span>
                        </span>
                      </span>
                    </span>
                    <span>
                      <span>
                        <br />
                          
                      </span>
                      <span
                        style={Object {}}>
                        value
                      </span>
                      <span>
                        =
                        <span
                          style={Object {}}>
                          <span
                            style={
                              Object {
                                "color": "#22a",
                                "wordBreak": "break-word",
                              }
                            }>
                            "
                            2016-04-13
                            "
                          </span>
                        </span>
                      </span>
                    </span>
                    <span>
                      <span>
                        <br />
                          
                      </span>
                      <span
                        style={Object {}}>
                        minDate
                      </span>
                      <span>
                        =
                        <span
                          style={Object {}}>
                          <span
                            style={
                              Object {
                                "color": "#22a",
                                "wordBreak": "break-word",
                              }
                            }>
                            "
                            2016-04-10
                            "
                          </span>
                        </span>
                      </span>
                    </span>
                    <span>
                      <span>
                        <br />
                          
                      </span>
                      <span
                        style={Object {}}>
                        maxDate
                      </span>
                      <span>
                        =
                        <span
                          style={Object {}}>
                          <span
                            style={
                              Object {
                                "color": "#22a",
                                "wordBreak": "break-word",
                              }
                            }>
                            "
                            2016-04-19
                            "
                          </span>
                        </span>
                      </span>
                    </span>
                    <span>
                      <span>
                        <br />
                          
                      </span>
                      <span
                        style={Object {}}>
                        onBlur
                      </span>
                      <span>
                        =
                        <span
                          style={Object {}}>
                          <span>
                            {
                            <span
                              style={
                                Object {
                                  "color": "#170",
                                }
                              }>
  -                           anonymous()
  +                           blur()
                            </span>
                            }
                          </span>
                        </span>
                      </span>
                    </span>
                    <span>
                      <span>
                        <br />
                          
                      </span>
                      <span
                        style={Object {}}>
                        onValueChange
                      </span>
                      <span>
                        =
                        <span
                          style={Object {}}>
                          <span>
                            {
                            <span
                              style={
                                Object {
                                  "color": "#170",
                                }
                              }>
  -                           anonymous()
  +                           valueChange()
                            </span>
                            }
                          </span>
                        </span>
                      </span>
                    </span>
                    <span>
                      <span>
                        <br />
                          
                      </span>
                      <span
                        style={Object {}}>
                        onComplete
                      </span>
                      <span>
                        =
                        <span
                          style={Object {}}>
                          <span>
                            {
                            <span
                              style={
                                Object {
                                  "color": "#170",
                                }
                              }>
  -                           anonymous()
  +                           complete()
                            </span>
                            }
                          </span>
                        </span>
                      </span>
                      <br />
                    </span>
                  </span>
                  <span
                    style={
                      Object {
                        "color": "#777",
                      }
                    }>
                    />
                  </span>
                </div>
              </pre>
            </div>
            <div>
              <h1
                style={
                  Object {
                    "borderBottom": "1px solid #EEE",
  -                 "fontSize": 25,
  +                 "fontSize": "25px",
                    "margin": "20px 0 0 0",
                    "padding": "0 0 5px 0",
                  }
                }>
                Prop Types
              </h1>
              <div>
                <h2
                  style={
                    Object {
                      "margin": "20px 0 0 0",
                    }
                  }>
                  "
                  DateInput
                  " Component
                </h2>
                <table
                  style={
                    Object {
                      "borderCollapse": "separate",
                      "borderSpacing": "10px 5px",
                      "marginLeft": -10,
                    }
                  }>
                  <thead>
                    <tr>
                      <th>
                        property
                      </th>
                      <th>
                        propType
                      </th>
                      <th>
                        required
                      </th>
                      <th>
                        default
                      </th>
                    </tr>
                  </thead>
                  <tbody>
                    <tr>
                      <td>
                        includeTime
                      </td>
                      <td>
                        bool
                      </td>
                      <td>
                        no
                      </td>
                      <td>
                        -
                      </td>
                    </tr>
                    <tr>
                      <td>
                        extensionRenderer
                      </td>
                      <td>
                        func
                      </td>
                      <td>
                        no
                      </td>
                      <td>
                        -
                      </td>
                    </tr>
                    <tr>
                      <td>
                        dateFormat
                      </td>
                      <td>
                        string
                      </td>
                      <td>
                        no
                      </td>
                      <td>
                        -
                      </td>
                    </tr>
                    <tr>
                      <td>
                        error
                      </td>
                      <td>
                        other
                      </td>
                      <td>
                        no
                      </td>
                      <td>
                        -
                      </td>
                    </tr>
                    <tr>
                      <td>
                        defaultOpened
                      </td>
                      <td>
                        bool
                      </td>
                      <td>
                        no
                      </td>
                      <td>
                        -
                      </td>
                    </tr>
                    <tr>
                      <td>
                        cols
                      </td>
                      <td>
                        number
                      </td>
                      <td>
                        no
                      </td>
                      <td>
                        -
                      </td>
                    </tr>
                    <tr>
                      <td>
                        defaultValue
                      </td>
                      <td>
                        string
                      </td>
                      <td>
                        no
                      </td>
                      <td>
                        -
                      </td>
                    </tr>
                    <tr>
                      <td>
                        onChange
                      </td>
                      <td>
                        func
                      </td>
                      <td>
                        no
                      </td>
                      <td>
                        -
                      </td>
                    </tr>
                    <tr>
                      <td>
                        id
                      </td>
                      <td>
                        string
                      </td>
                      <td>
                        no
                      </td>
                      <td>
                        -
                      </td>
                    </tr>
                    <tr>
                      <td>
                        onValueChange
                      </td>
                      <td>
                        func
                      </td>
                      <td>
                        no
                      </td>
                      <td>
                        -
                      </td>
                    </tr>
                    <tr>
                      <td>
                        required
                      </td>
                      <td>
                        bool
                      </td>
                      <td>
                        no
                      </td>
                      <td>
                        -
                      </td>
                    </tr>
                    <tr>
                      <td>
                        onKeyDown
                      </td>
                      <td>
                        func
                      </td>
                      <td>
                        no
                      </td>
                      <td>
                        -
                      </td>
                    </tr>
                    <tr>
                      <td>
                        onBlur
                      </td>
                      <td>
                        func
                      </td>
                      <td>
                        no
                      </td>
                      <td>
                        -
                      </td>
                    </tr>
                    <tr>
                      <td>
                        maxDate
                      </td>
                      <td>
                        string
                      </td>
                      <td>
                        no
                      </td>
                      <td>
                        -
                      </td>
                    </tr>
                    <tr>
                      <td>
                        label
                      </td>
                      <td>
                        string
                      </td>
                      <td>
                        no
                      </td>
                      <td>
                        -
                      </td>
                    </tr>
                    <tr>
                      <td>
                        onComplete
                      </td>
                      <td>
                        func
                      </td>
                      <td>
                        no
                      </td>
                      <td>
                        -
                      </td>
                    </tr>
                    <tr>
                      <td>
                        menuAlign
                      </td>
                      <td>
                        other
                      </td>
                      <td>
                        no
                      </td>
                      <td>
                        <span
                          style={
                            Object {
                              "color": "#22a",
                              "wordBreak": "break-word",
                            }
                          }>
                          "
                          left
                          "
                        </span>
                      </td>
                    </tr>
                    <tr>
                      <td>
                        minDate
                      </td>
                      <td>
                        string
                      </td>
                      <td>
                        no
                      </td>
                      <td>
                        -
                      </td>
                    </tr>
                    <tr>
                      <td>
                        totalCols
                      </td>
                      <td>
                        number
                      </td>
                      <td>
                        no
                      </td>
                      <td>
                        -
                      </td>
                    </tr>
                    <tr>
                      <td>
                        value
                      </td>
                      <td>
                        string
                      </td>
                      <td>
                        no
                      </td>
                      <td>
                        -
                      </td>
                    </tr>
                  </tbody>
                </table>
              </div>
            </div>
          </div>
        </div>
      </div>
    </div>


✗ Include time data
  - Snapshot
  + Current story
  
  <div>
      <div
        style={
          Object {
            "position": "relative",
            "zIndex": 0,
          }
        }>
        <div
          className="slds-form-element react-slds-dropdown-form-element">
          <div
            className="slds-form-element">
            <label
              className="slds-form-element__label"
              htmlFor="form-element-$uuid$">
              Date Input Label
            </label>
            <div
              className="slds-form-element__control">
              <div
                className="slds-input-has-icon slds-input-has-icon--right">
                <input
                  className="slds-input"
                  defaultValue={undefined}
                  id="form-element-$uuid$"
                  onBlur={[Function]}
                  onChange={[Function]}
                  onKeyDown={[Function]}
                  readOnly={undefined}
                  type={undefined}
                  value="2016/04/13 23:42:56" />
                <span
                  onClick={[Function]}
                  style={
                    Object {
                      "cursor": "pointer",
                    }
                  }
                  tabIndex={-1}>
                  <svg
                    aria-hidden={true}
                    className="slds-icon slds-icon-text-default slds-input__icon"
                    dangerouslySetInnerHTML={
                      Object {
                        "__html": "<use xlink:href="/assets/icons/utility-sprite/svg/symbols.svg#event"></use>",
                      }
                    }
                    style={undefined} />
                </span>
              </div>
            </div>
          </div>
          <div
            className="react-slds-dropdown-control-wrapper"
            style={Object {}}>
            <div
              className="slds-form-element__control">
              <div />
            </div>
          </div>
        </div>
      </div>
      <a
        onClick={[Function]}
        style={
          Object {
            "background": "#28c",
            "borderRadius": "0 0 0 5px",
            "color": "#fff",
            "cursor": "pointer",
            "display": "block",
            "fontFamily": "sans-serif",
  -         "fontSize": 12,
  +         "fontSize": "12px",
            "padding": "5px 15px",
            "position": "fixed",
            "right": 0,
            "textDecoration": "none",
            "top": 0,
          }
        }>
        ?
      </a>
      <div
        style={
          Object {
            "background": "white",
            "bottom": 0,
            "display": "none",
            "left": 0,
            "overflow": "auto",
            "padding": "0 40px",
            "position": "absolute",
            "right": 0,
            "top": 0,
          }
        }>
        <a
          onClick={[Function]}
          style={
            Object {
              "background": "#28c",
              "borderRadius": "0 0 0 5px",
              "color": "#fff",
              "cursor": "pointer",
              "display": "block",
              "fontFamily": "sans-serif",
  -           "fontSize": 12,
  +           "fontSize": "12px",
              "padding": "5px 15px",
              "position": "fixed",
              "right": 0,
              "textDecoration": "none",
              "top": 0,
            }
          }>
          ×
        </a>
        <div
          style={undefined}>
          <div
            style={
              Object {
                "WebkitFontSmoothing": "antialiased",
                "color": "#444",
                "fontFamily": "
                  -apple-system, ".SFNSText-Regular", "San Francisco", "Roboto",
                  "Segoe UI", "Helvetica Neue", "Lucida Grande", sans-serif
                ",
  -             "fontSize": 15,
  +             "fontSize": "15px",
                "fontWeight": 300,
                "lineHeight": 1.45,
              }
            }>
            <div
              style={
                Object {
                  "borderBottom": "1px solid #eee",
                  "marginBottom": 10,
  +               "paddingTop": 10,
                }
              }>
              <h1
                style={
                  Object {
  -                 "fontSize": 35,
  -                 "margin": "20px 0 0 0",
  +                 "fontSize": "35px",
  +                 "margin": 0,
                    "padding": 0,
                  }
                }>
                DateInput
              </h1>
              <h2
                style={
                  Object {
  -                 "fontSize": 22,
  +                 "fontSize": "22px",
                    "fontWeight": 400,
                    "margin": "0 0 10px 0",
                    "padding": 0,
                  }
                }>
                Include time data
              </h2>
            </div>
            <div
              style={
                Object {
                  "marginBottom": 0,
                }
              }>
              <p
                style={
                  Object {
                    "WebkitFontSmoothing": "antialiased",
                    "color": "#444",
                    "fontFamily": "
                      -apple-system, ".SFNSText-Regular", "San Francisco", "Roboto",
                      "Segoe UI", "Helvetica Neue", "Lucida Grande", sans-serif
                    ",
  -                 "fontSize": 15,
  +                 "fontSize": "15px",
                  }
                }>
                Date input control with time information
              </p>
            </div>
            <div>
              <h1
                style={
                  Object {
                    "borderBottom": "1px solid #EEE",
  -                 "fontSize": 25,
  +                 "fontSize": "25px",
                    "margin": "20px 0 0 0",
                    "padding": "0 0 5px 0",
                  }
                }>
                Story Source
              </h1>
              <pre
                style={
                  Object {
                    "backgroundColor": "#fafafa",
                    "fontFamily": "Menlo, Monaco, "Courier New", monospace",
                    "fontSize": ".88em",
                    "lineHeight": 1.5,
                    "overflowX": "scroll",
                    "padding": ".5rem",
                  }
                }>
                <div
                  style={
                    Object {
                      "paddingLeft": 18,
                      "paddingRight": 3,
                    }
                  }>
                  <span
                    style={
                      Object {
                        "color": "#777",
                      }
                    }>
                    <
                    DateInput
                  </span>
                  <span>
                    <span>
                      <span>
                        <br />
                          
                      </span>
                      <span
                        style={Object {}}>
                        label
                      </span>
                      <span>
                        =
                        <span
                          style={Object {}}>
                          <span
                            style={
                              Object {
                                "color": "#22a",
                                "wordBreak": "break-word",
                              }
                            }>
                            "
                            Date Input Label
                            "
                          </span>
                        </span>
                      </span>
                    </span>
                    <span>
                      <span>
                        <br />
                          
                      </span>
                      <span
                        style={Object {}}>
                        value
                      </span>
                      <span>
                        =
                        <span
                          style={Object {}}>
                          <span
                            style={
                              Object {
                                "color": "#22a",
                                "wordBreak": "break-word",
                              }
                            }>
                            "
                            2016-04-13T23:42:56+0900
                            "
                          </span>
                        </span>
                      </span>
                    </span>
                    <span>
                      <span>
                        <br />
                          
                      </span>
                      <span
                        style={Object {}}>
                        dateFormat
                      </span>
                      <span>
                        =
                        <span
                          style={Object {}}>
                          <span
                            style={
                              Object {
                                "color": "#22a",
                                "wordBreak": "break-word",
                              }
                            }>
                            "
                            YYYY/MM/DD HH:mm:ss
                            "
                          </span>
                        </span>
                      </span>
                    </span>
                    <span>
                      <span>
                        <br />
                          
                      </span>
                      <span
                        style={Object {}}>
                        includeTime
                      </span>
                    </span>
                    <span>
                      <span>
                        <br />
                          
                      </span>
                      <span
                        style={Object {}}>
                        onBlur
                      </span>
                      <span>
                        =
                        <span
                          style={Object {}}>
                          <span>
                            {
                            <span
                              style={
                                Object {
                                  "color": "#170",
                                }
                              }>
  -                           anonymous()
  +                           blur()
                            </span>
                            }
                          </span>
                        </span>
                      </span>
                    </span>
                    <span>
                      <span>
                        <br />
                          
                      </span>
                      <span
                        style={Object {}}>
                        onValueChange
                      </span>
                      <span>
                        =
                        <span
                          style={Object {}}>
                          <span>
                            {
                            <span
                              style={
                                Object {
                                  "color": "#170",
                                }
                              }>
  -                           anonymous()
  +                           valueChange()
                            </span>
                            }
                          </span>
                        </span>
                      </span>
                    </span>
                    <span>
                      <span>
                        <br />
                          
                      </span>
                      <span
                        style={Object {}}>
                        onComplete
                      </span>
                      <span>
                        =
                        <span
                          style={Object {}}>
                          <span>
                            {
                            <span
                              style={
                                Object {
                                  "color": "#170",
                                }
                              }>
  -                           anonymous()
  +                           complete()
                            </span>
                            }
                          </span>
                        </span>
                      </span>
                      <br />
                    </span>
                  </span>
                  <span
                    style={
                      Object {
                        "color": "#777",
                      }
                    }>
                    />
                  </span>
                </div>
              </pre>
            </div>
            <div>
              <h1
                style={
                  Object {
                    "borderBottom": "1px solid #EEE",
  -                 "fontSize": 25,
  +                 "fontSize": "25px",
                    "margin": "20px 0 0 0",
                    "padding": "0 0 5px 0",
                  }
                }>
                Prop Types
              </h1>
              <div>
                <h2
                  style={
                    Object {
                      "margin": "20px 0 0 0",
                    }
                  }>
                  "
                  DateInput
                  " Component
                </h2>
                <table
                  style={
                    Object {
                      "borderCollapse": "separate",
                      "borderSpacing": "10px 5px",
                      "marginLeft": -10,
                    }
                  }>
                  <thead>
                    <tr>
                      <th>
                        property
                      </th>
                      <th>
                        propType
                      </th>
                      <th>
                        required
                      </th>
                      <th>
                        default
                      </th>
                    </tr>
                  </thead>
                  <tbody>
                    <tr>
                      <td>
                        includeTime
                      </td>
                      <td>
                        bool
                      </td>
                      <td>
                        no
                      </td>
                      <td>
                        -
                      </td>
                    </tr>
                    <tr>
                      <td>
                        extensionRenderer
                      </td>
                      <td>
                        func
                      </td>
                      <td>
                        no
                      </td>
                      <td>
                        -
                      </td>
                    </tr>
                    <tr>
                      <td>
                        dateFormat
                      </td>
                      <td>
                        string
                      </td>
                      <td>
                        no
                      </td>
                      <td>
                        -
                      </td>
                    </tr>
                    <tr>
                      <td>
                        error
                      </td>
                      <td>
                        other
                      </td>
                      <td>
                        no
                      </td>
                      <td>
                        -
                      </td>
                    </tr>
                    <tr>
                      <td>
                        defaultOpened
                      </td>
                      <td>
                        bool
                      </td>
                      <td>
                        no
                      </td>
                      <td>
                        -
                      </td>
                    </tr>
                    <tr>
                      <td>
                        cols
                      </td>
                      <td>
                        number
                      </td>
                      <td>
                        no
                      </td>
                      <td>
                        -
                      </td>
                    </tr>
                    <tr>
                      <td>
                        defaultValue
                      </td>
                      <td>
                        string
                      </td>
                      <td>
                        no
                      </td>
                      <td>
                        -
                      </td>
                    </tr>
                    <tr>
                      <td>
                        onChange
                      </td>
                      <td>
                        func
                      </td>
                      <td>
                        no
                      </td>
                      <td>
                        -
                      </td>
                    </tr>
                    <tr>
                      <td>
                        id
                      </td>
                      <td>
                        string
                      </td>
                      <td>
                        no
                      </td>
                      <td>
                        -
                      </td>
                    </tr>
                    <tr>
                      <td>
                        onValueChange
                      </td>
                      <td>
                        func
                      </td>
                      <td>
                        no
                      </td>
                      <td>
                        -
                      </td>
                    </tr>
                    <tr>
                      <td>
                        required
                      </td>
                      <td>
                        bool
                      </td>
                      <td>
                        no
                      </td>
                      <td>
                        -
                      </td>
                    </tr>
                    <tr>
                      <td>
                        onKeyDown
                      </td>
                      <td>
                        func
                      </td>
                      <td>
                        no
                      </td>
                      <td>
                        -
                      </td>
                    </tr>
                    <tr>
                      <td>
                        onBlur
                      </td>
                      <td>
                        func
                      </td>
                      <td>
                        no
                      </td>
                      <td>
                        -
                      </td>
                    </tr>
                    <tr>
                      <td>
                        maxDate
                      </td>
                      <td>
                        string
                      </td>
                      <td>
                        no
                      </td>
                      <td>
                        -
                      </td>
                    </tr>
                    <tr>
                      <td>
                        label
                      </td>
                      <td>
                        string
                      </td>
                      <td>
                        no
                      </td>
                      <td>
                        -
                      </td>
                    </tr>
                    <tr>
                      <td>
                        onComplete
                      </td>
                      <td>
                        func
                      </td>
                      <td>
                        no
                      </td>
                      <td>
                        -
                      </td>
                    </tr>
                    <tr>
                      <td>
                        menuAlign
                      </td>
                      <td>
                        other
                      </td>
                      <td>
                        no
                      </td>
                      <td>
                        <span
                          style={
                            Object {
                              "color": "#22a",
                              "wordBreak": "break-word",
                            }
                          }>
                          "
                          left
                          "
                        </span>
                      </td>
                    </tr>
                    <tr>
                      <td>
                        minDate
                      </td>
                      <td>
                        string
                      </td>
                      <td>
                        no
                      </td>
                      <td>
                        -
                      </td>
                    </tr>
                    <tr>
                      <td>
                        totalCols
                      </td>
                      <td>
                        number
                      </td>
                      <td>
                        no
                      </td>
                      <td>
                        -
                      </td>
                    </tr>
                    <tr>
                      <td>
                        value
                      </td>
                      <td>
                        string
                      </td>
                      <td>
                        no
                      </td>
                      <td>
                        -
                      </td>
                    </tr>
                  </tbody>
                </table>
              </div>
            </div>
          </div>
        </div>
      </div>
    </div>


Lookup

✗ Controlled with knobs
  - Snapshot
  + Current story
  
  <div>
      <div
        style={
          Object {
            "position": "relative",
            "zIndex": 0,
          }
        }>
        <div
          className="slds-form-element react-slds-dropdown-form-element">
          <div
            className="slds-form-element">
            <label
              className="slds-form-element__label"
              htmlFor="form-element-$uuid$">
              Lookup Label
            </label>
            <div
              className="slds-form-element__control">
              <div
                className="slds-lookup"
                data-scope="single"
                data-select="single"
                data-typeahead={false}>
                <div
                  className="slds-grid slds-input-has-icon slds-input-has-icon--right">
                  <input
                    className="slds-input"
                    defaultValue={undefined}
                    id="form-element-$uuid$"
                    onBlur={[Function]}
                    onChange={[Function]}
                    onKeyDown={[Function]}
                    onSubmit={[Function]}
                    readOnly={undefined}
                    type={undefined}
                    value={undefined} />
                  <svg
                    aria-hidden={true}
                    className="slds-icon slds-icon-text-default slds-input__icon"
                    dangerouslySetInnerHTML={
                      Object {
                        "__html": "<use xlink:href="/assets/icons/utility-sprite/svg/symbols.svg#search"></use>",
                      }
                    }
                    onClick={[Function]}
                    style={
                      Object {
                        "cursor": "pointer",
                      }
                    } />
                </div>
              </div>
            </div>
          </div>
          <div
            className="react-slds-dropdown-control-wrapper"
            style={undefined}>
            <div
              className="slds-form-element__control">
              <div
                className="slds-lookup__menu slds-hide"
                onKeyDown={[Function]}
                role="listbox">
                <ul
                  className="slds-lookup__list"
                  role="presentation">
                  <li
                    className="slds-lookup__item">
                    <a
                      className="slds-truncate react-slds-candidate"
                      onBlur={[Function]}
                      onClick={[Function]}
                      onKeyDown={[Function]}
                      role="option"
                      tabIndex={-1}>
                      <svg
                        aria-hidden={true}
                        className="slds-icon slds-icon--small slds-icon-standard-account"
                        dangerouslySetInnerHTML={
                          Object {
                            "__html": "<use xlink:href="/assets/icons/standard-sprite/svg/symbols.svg#account"></use>",
                          }
                        }
                        style={undefined} />
                      Apple Inc.
                    </a>
                  </li>
                  <li
                    className="slds-lookup__item">
                    <a
                      className="slds-truncate react-slds-candidate"
                      onBlur={[Function]}
                      onClick={[Function]}
                      onKeyDown={[Function]}
                      role="option"
                      tabIndex={-1}>
                      <svg
                        aria-hidden={true}
                        className="slds-icon slds-icon--small slds-icon-standard-account"
                        dangerouslySetInnerHTML={
                          Object {
                            "__html": "<use xlink:href="/assets/icons/standard-sprite/svg/symbols.svg#account"></use>",
                          }
                        }
                        style={undefined} />
                      Alphabet Inc.
                    </a>
                  </li>
                  <li
                    className="slds-lookup__item">
                    <a
                      className="slds-truncate react-slds-candidate"
                      onBlur={[Function]}
                      onClick={[Function]}
                      onKeyDown={[Function]}
                      role="option"
                      tabIndex={-1}>
                      <svg
                        aria-hidden={true}
                        className="slds-icon slds-icon--small slds-icon-standard-account"
                        dangerouslySetInnerHTML={
                          Object {
                            "__html": "<use xlink:href="/assets/icons/standard-sprite/svg/symbols.svg#account"></use>",
                          }
                        }
                        style={undefined} />
                      Microsoft Corporation
                    </a>
                  </li>
                  <li
                    className="slds-lookup__item">
                    <a
                      className="slds-truncate react-slds-candidate"
                      onBlur={[Function]}
                      onClick={[Function]}
                      onKeyDown={[Function]}
                      role="option"
                      tabIndex={-1}>
                      <svg
                        aria-hidden={true}
                        className="slds-icon slds-icon--small slds-icon-standard-account"
                        dangerouslySetInnerHTML={
                          Object {
                            "__html": "<use xlink:href="/assets/icons/standard-sprite/svg/symbols.svg#account"></use>",
                          }
                        }
                        style={undefined} />
                      Facebook, Inc.
                    </a>
                  </li>
                  <li
                    className="slds-lookup__item">
                    <a
                      className="slds-truncate react-slds-candidate"
                      onBlur={[Function]}
                      onClick={[Function]}
                      onKeyDown={[Function]}
                      role="option"
                      tabIndex={-1}>
                      <svg
                        aria-hidden={true}
                        className="slds-icon slds-icon--small slds-icon-standard-account"
                        dangerouslySetInnerHTML={
                          Object {
                            "__html": "<use xlink:href="/assets/icons/standard-sprite/svg/symbols.svg#account"></use>",
                          }
                        }
                        style={undefined} />
                      Intel Corporation
                    </a>
                  </li>
                  <li
                    className="slds-lookup__item">
                    <a
                      className="slds-truncate react-slds-candidate"
                      onBlur={[Function]}
                      onClick={[Function]}
                      onKeyDown={[Function]}
                      role="option"
                      tabIndex={-1}>
                      <svg
                        aria-hidden={true}
                        className="slds-icon slds-icon--small slds-icon-standard-account"
                        dangerouslySetInnerHTML={
                          Object {
                            "__html": "<use xlink:href="/assets/icons/standard-sprite/svg/symbols.svg#account"></use>",
                          }
                        }
                        style={undefined} />
                      Oracle Corporation
                    </a>
                  </li>
                  <li
                    className="slds-lookup__item">
                    <a
                      className="slds-truncate react-slds-candidate"
                      onBlur={[Function]}
                      onClick={[Function]}
                      onKeyDown={[Function]}
                      role="option"
                      tabIndex={-1}>
                      <svg
                        aria-hidden={true}
                        className="slds-icon slds-icon--small slds-icon-standard-account"
                        dangerouslySetInnerHTML={
                          Object {
                            "__html": "<use xlink:href="/assets/icons/standard-sprite/svg/symbols.svg#account"></use>",
                          }
                        }
                        style={undefined} />
                      Cisco Systems, Inc.
                    </a>
                  </li>
                  <li
                    className="slds-lookup__item">
                    <a
                      className="slds-truncate react-slds-candidate"
                      onBlur={[Function]}
                      onClick={[Function]}
                      onKeyDown={[Function]}
                      role="option"
                      tabIndex={-1}>
                      <svg
                        aria-hidden={true}
                        className="slds-icon slds-icon--small slds-icon-standard-account"
                        dangerouslySetInnerHTML={
                          Object {
                            "__html": "<use xlink:href="/assets/icons/standard-sprite/svg/symbols.svg#account"></use>",
                          }
                        }
                        style={undefined} />
                      International Business Machines Corporation
                    </a>
                  </li>
                  <li
                    className="slds-lookup__item">
                    <a
                      className="slds-truncate react-slds-candidate"
                      onBlur={[Function]}
                      onClick={[Function]}
                      onKeyDown={[Function]}
                      role="option"
                      tabIndex={-1}>
                      <svg
                        aria-hidden={true}
                        className="slds-icon slds-icon--small slds-icon-standard-account"
                        dangerouslySetInnerHTML={
                          Object {
                            "__html": "<use xlink:href="/assets/icons/standard-sprite/svg/symbols.svg#account"></use>",
                          }
                        }
                        style={undefined} />
                      QUALCOMM Incorporated
                    </a>
                  </li>
                  <li
                    className="slds-lookup__item">
                    <a
                      className="slds-truncate react-slds-candidate"
                      onBlur={[Function]}
                      onClick={[Function]}
                      onKeyDown={[Function]}
                      role="option"
                      tabIndex={-1}>
                      <svg
                        aria-hidden={true}
                        className="slds-icon slds-icon--small slds-icon-standard-account"
                        dangerouslySetInnerHTML={
                          Object {
                            "__html": "<use xlink:href="/assets/icons/standard-sprite/svg/symbols.svg#account"></use>",
                          }
                        }
                        style={undefined} />
                      Texas Instruments Incorporated
                    </a>
                  </li>
                  <li
                    className="slds-lookup__item">
                    <a
                      className="slds-truncate react-slds-candidate"
                      onBlur={[Function]}
                      onClick={[Function]}
                      onKeyDown={[Function]}
                      role="option"
                      tabIndex={-1}>
                      <svg
                        aria-hidden={true}
                        className="slds-icon slds-icon--small slds-icon-standard-account"
                        dangerouslySetInnerHTML={
                          Object {
                            "__html": "<use xlink:href="/assets/icons/standard-sprite/svg/symbols.svg#account"></use>",
                          }
                        }
                        style={undefined} />
                      Salesforce.com Inc
                    </a>
                  </li>
                  <li
                    className="slds-lookup__item">
                    <a
                      className="slds-truncate react-slds-candidate"
                      onBlur={[Function]}
                      onClick={[Function]}
                      onKeyDown={[Function]}
                      role="option"
                      tabIndex={-1}>
                      <svg
                        aria-hidden={true}
                        className="slds-icon slds-icon--small slds-icon-standard-account"
                        dangerouslySetInnerHTML={
                          Object {
                            "__html": "<use xlink:href="/assets/icons/standard-sprite/svg/symbols.svg#account"></use>",
                          }
                        }
                        style={undefined} />
                      EMC Corporation
                    </a>
                  </li>
                  <li
                    className="slds-lookup__item">
                    <a
                      className="slds-truncate react-slds-candidate"
                      onBlur={[Function]}
                      onClick={[Function]}
                      onKeyDown={[Function]}
                      role="option"
                      tabIndex={-1}>
                      <svg
                        aria-hidden={true}
                        className="slds-icon slds-icon--small slds-icon-standard-account"
                        dangerouslySetInnerHTML={
                          Object {
                            "__html": "<use xlink:href="/assets/icons/standard-sprite/svg/symbols.svg#account"></use>",
                          }
                        }
                        style={undefined} />
                      Adobe Systems Incorporated
                    </a>
                  </li>
                  <li
                    className="slds-lookup__item">
                    <a
                      className="slds-truncate react-slds-candidate"
                      onBlur={[Function]}
                      onClick={[Function]}
                      onKeyDown={[Function]}
                      role="option"
                      tabIndex={-1}>
                      <svg
                        aria-hidden={true}
                        className="slds-icon slds-icon--small slds-icon-standard-account"
                        dangerouslySetInnerHTML={
                          Object {
                            "__html": "<use xlink:href="/assets/icons/standard-sprite/svg/symbols.svg#account"></use>",
                          }
                        }
                        style={undefined} />
                      Automatic Data Processing, Inc.
                    </a>
                  </li>
                  <li
                    className="slds-lookup__item">
                    <a
                      className="slds-truncate react-slds-candidate"
                      onBlur={[Function]}
                      onClick={[Function]}
                      onKeyDown={[Function]}
                      role="option"
                      tabIndex={-1}>
                      <svg
                        aria-hidden={true}
                        className="slds-icon slds-icon--small slds-icon-standard-account"
                        dangerouslySetInnerHTML={
                          Object {
                            "__html": "<use xlink:href="/assets/icons/standard-sprite/svg/symbols.svg#account"></use>",
                          }
                        }
                        style={undefined} />
                      Cognizant Technology Solutions Corporation
                    </a>
                  </li>
                  <li
                    className="slds-lookup__item">
                    <a
                      className="slds-truncate react-slds-candidate"
                      onBlur={[Function]}
                      onClick={[Function]}
                      onKeyDown={[Function]}
                      role="option"
                      tabIndex={-1}>
                      <svg
                        aria-hidden={true}
                        className="slds-icon slds-icon--small slds-icon-standard-account"
                        dangerouslySetInnerHTML={
                          Object {
                            "__html": "<use xlink:href="/assets/icons/standard-sprite/svg/symbols.svg#account"></use>",
                          }
                        }
                        style={undefined} />
                      Broadcom Corporation
                    </a>
                  </li>
                  <li
                    className="slds-lookup__item">
                    <a
                      className="slds-truncate react-slds-candidate"
                      onBlur={[Function]}
                      onClick={[Function]}
                      onKeyDown={[Function]}
                      role="option"
                      tabIndex={-1}>
                      <svg
                        aria-hidden={true}
                        className="slds-icon slds-icon--small slds-icon-standard-account"
                        dangerouslySetInnerHTML={
                          Object {
                            "__html": "<use xlink:href="/assets/icons/standard-sprite/svg/symbols.svg#account"></use>",
                          }
                        }
                        style={undefined} />
                      Illinois Tool Works Inc.
                    </a>
                  </li>
                  <li
                    className="slds-lookup__item">
                    <a
                      className="slds-truncate react-slds-candidate"
                      onBlur={[Function]}
                      onClick={[Function]}
                      onKeyDown={[Function]}
                      role="option"
                      tabIndex={-1}>
                      <svg
                        aria-hidden={true}
                        className="slds-icon slds-icon--small slds-icon-standard-account"
                        dangerouslySetInnerHTML={
                          Object {
                            "__html": "<use xlink:href="/assets/icons/standard-sprite/svg/symbols.svg#account"></use>",
                          }
                        }
                        style={undefined} />
                      Yahoo! Inc.
                    </a>
                  </li>
                  <li
                    className="slds-lookup__item">
                    <a
                      className="slds-truncate react-slds-candidate"
                      onBlur={[Function]}
                      onClick={[Function]}
                      onKeyDown={[Function]}
                      role="option"
                      tabIndex={-1}>
                      <svg
                        aria-hidden={true}
                        className="slds-icon slds-icon--small slds-icon-standard-account"
                        dangerouslySetInnerHTML={
                          Object {
                            "__html": "<use xlink:href="/assets/icons/standard-sprite/svg/symbols.svg#account"></use>",
                          }
                        }
                        style={undefined} />
                      LinkedIn Corporation
                    </a>
                  </li>
                  <li
                    className="slds-lookup__item">
                    <a
                      className="slds-truncate react-slds-candidate"
                      onBlur={[Function]}
                      onClick={[Function]}
                      onKeyDown={[Function]}
                      role="option"
                      tabIndex={-1}>
                      <svg
                        aria-hidden={true}
                        className="slds-icon slds-icon--small slds-icon-standard-account"
                        dangerouslySetInnerHTML={
                          Object {
                            "__html": "<use xlink:href="/assets/icons/standard-sprite/svg/symbols.svg#account"></use>",
                          }
                        }
                        style={undefined} />
                      Activision Blizzard, Inc
                    </a>
                  </li>
                  <li
                    className="slds-lookup__item">
                    <a
                      className="slds-truncate react-slds-candidate"
                      onBlur={[Function]}
                      onClick={[Function]}
                      onKeyDown={[Function]}
                      role="option"
                      tabIndex={-1}>
                      <svg
                        aria-hidden={true}
                        className="slds-icon slds-icon--small slds-icon-standard-account"
                        dangerouslySetInnerHTML={
                          Object {
                            "__html": "<use xlink:href="/assets/icons/standard-sprite/svg/symbols.svg#account"></use>",
                          }
                        }
                        style={undefined} />
                      Intuit Inc.
                    </a>
                  </li>
                  <li
                    className="slds-lookup__item">
                    <a
                      className="slds-truncate react-slds-candidate"
                      onBlur={[Function]}
                      onClick={[Function]}
                      onKeyDown={[Function]}
                      role="option"
                      tabIndex={-1}>
                      <svg
                        aria-hidden={true}
                        className="slds-icon slds-icon--small slds-icon-standard-account"
                        dangerouslySetInnerHTML={
                          Object {
                            "__html": "<use xlink:href="/assets/icons/standard-sprite/svg/symbols.svg#account"></use>",
                          }
                        }
                        style={undefined} />
                      Vmware, Inc.
                    </a>
                  </li>
                  <li
                    className="slds-lookup__item">
                    <a
                      className="slds-truncate react-slds-candidate"
                      onBlur={[Function]}
                      onClick={[Function]}
                      onKeyDown={[Function]}
                      role="option"
                      tabIndex={-1}>
                      <svg
                        aria-hidden={true}
                        className="slds-icon slds-icon--small slds-icon-standard-account"
                        dangerouslySetInnerHTML={
                          Object {
                            "__html": "<use xlink:href="/assets/icons/standard-sprite/svg/symbols.svg#account"></use>",
                          }
                        }
                        style={undefined} />
                      Fiserv, Inc.
                    </a>
                  </li>
                  <li
                    className="slds-lookup__item">
                    <a
                      className="slds-truncate react-slds-candidate"
                      onBlur={[Function]}
                      onClick={[Function]}
                      onKeyDown={[Function]}
                      role="option"
                      tabIndex={-1}>
                      <svg
                        aria-hidden={true}
                        className="slds-icon slds-icon--small slds-icon-standard-account"
                        dangerouslySetInnerHTML={
                          Object {
                            "__html": "<use xlink:href="/assets/icons/standard-sprite/svg/symbols.svg#account"></use>",
                          }
                        }
                        style={undefined} />
                      Applied Materials, Inc.
                    </a>
                  </li>
                  <li
                    className="slds-lookup__item">
                    <a
                      className="slds-truncate react-slds-candidate"
                      onBlur={[Function]}
                      onClick={[Function]}
                      onKeyDown={[Function]}
                      role="option"
                      tabIndex={-1}>
                      <svg
                        aria-hidden={true}
                        className="slds-icon slds-icon--small slds-icon-standard-account"
                        dangerouslySetInnerHTML={
                          Object {
                            "__html": "<use xlink:href="/assets/icons/standard-sprite/svg/symbols.svg#account"></use>",
                          }
                        }
                        style={undefined} />
                      Cerner Corporation
                    </a>
                  </li>
                  <li
                    className="slds-lookup__item">
                    <a
                      className="slds-truncate react-slds-candidate"
                      onBlur={[Function]}
                      onClick={[Function]}
                      onKeyDown={[Function]}
                      role="option"
                      tabIndex={-1}>
                      <svg
                        aria-hidden={true}
                        className="slds-icon slds-icon--small slds-icon-standard-account"
                        dangerouslySetInnerHTML={
                          Object {
                            "__html": "<use xlink:href="/assets/icons/standard-sprite/svg/symbols.svg#account"></use>",
                          }
                        }
                        style={undefined} />
                      Electronic Arts Inc.
                    </a>
                  </li>
                  <li
                    className="slds-lookup__item">
                    <a
                      className="slds-truncate react-slds-candidate"
                      onBlur={[Function]}
                      onClick={[Function]}
                      onKeyDown={[Function]}
                      role="option"
                      tabIndex={-1}>
                      <svg
                        aria-hidden={true}
                        className="slds-icon slds-icon--small slds-icon-standard-account"
                        dangerouslySetInnerHTML={
                          Object {
                            "__html": "<use xlink:href="/assets/icons/standard-sprite/svg/symbols.svg#account"></use>",
                          }
                        }
                        style={undefined} />
                      HP Inc.
                    </a>
                  </li>
                  <li
                    className="slds-lookup__item">
                    <a
                      className="slds-truncate react-slds-candidate"
                      onBlur={[Function]}
                      onClick={[Function]}
                      onKeyDown={[Function]}
                      role="option"
                      tabIndex={-1}>
                      <svg
                        aria-hidden={true}
                        className="slds-icon slds-icon--small slds-icon-standard-account"
                        dangerouslySetInnerHTML={
                          Object {
                            "__html": "<use xlink:href="/assets/icons/standard-sprite/svg/symbols.svg#account"></use>",
                          }
                        }
                        style={undefined} />
                      Omnicom Group Inc.
                    </a>
                  </li>
                  <li
                    className="slds-lookup__item">
                    <a
                      className="slds-truncate react-slds-candidate"
                      onBlur={[Function]}
                      onClick={[Function]}
                      onKeyDown={[Function]}
                      role="option"
                      tabIndex={-1}>
                      <svg
                        aria-hidden={true}
                        className="slds-icon slds-icon--small slds-icon-standard-account"
                        dangerouslySetInnerHTML={
                          Object {
                            "__html": "<use xlink:href="/assets/icons/standard-sprite/svg/symbols.svg#account"></use>",
                          }
                        }
                        style={undefined} />
                      NVIDIA Corporation
                    </a>
                  </li>
                  <li
                    className="slds-lookup__item">
                    <a
                      className="slds-truncate react-slds-candidate"
                      onBlur={[Function]}
                      onClick={[Function]}
                      onKeyDown={[Function]}
                      role="option"
                      tabIndex={-1}>
                      <svg
                        aria-hidden={true}
                        className="slds-icon slds-icon--small slds-icon-standard-account"
                        dangerouslySetInnerHTML={
                          Object {
                            "__html": "<use xlink:href="/assets/icons/standard-sprite/svg/symbols.svg#account"></use>",
                          }
                        }
                        style={undefined} />
                      Analog Devices, Inc.
                    </a>
                  </li>
                  <li
                    className="slds-lookup__item">
                    <a
                      className="slds-truncate react-slds-candidate"
                      onBlur={[Function]}
                      onClick={[Function]}
                      onKeyDown={[Function]}
                      role="option"
                      tabIndex={-1}>
                      <svg
                        aria-hidden={true}
                        className="slds-icon slds-icon--small slds-icon-standard-account"
                        dangerouslySetInnerHTML={
                          Object {
                            "__html": "<use xlink:href="/assets/icons/standard-sprite/svg/symbols.svg#account"></use>",
                          }
                        }
                        style={undefined} />
                      SanDisk Corporation
                    </a>
                  </li>
                  <li
                    className="slds-lookup__item">
                    <a
                      className="slds-truncate react-slds-candidate"
                      onBlur={[Function]}
                      onClick={[Function]}
                      onKeyDown={[Function]}
                      role="option"
                      tabIndex={-1}>
                      <svg
                        aria-hidden={true}
                        className="slds-icon slds-icon--small slds-icon-standard-account"
                        dangerouslySetInnerHTML={
                          Object {
                            "__html": "<use xlink:href="/assets/icons/standard-sprite/svg/symbols.svg#account"></use>",
                          }
                        }
                        style={undefined} />
                      Micron Technology, Inc.
                    </a>
                  </li>
                  <li
                    className="slds-lookup__item">
                    <a
                      className="slds-truncate react-slds-candidate"
                      onBlur={[Function]}
                      onClick={[Function]}
                      onKeyDown={[Function]}
                      role="option"
                      tabIndex={-1}>
                      <svg
                        aria-hidden={true}
                        className="slds-icon slds-icon--small slds-icon-standard-account"
                        dangerouslySetInnerHTML={
                          Object {
                            "__html": "<use xlink:href="/assets/icons/standard-sprite/svg/symbols.svg#account"></use>",
                          }
                        }
                        style={undefined} />
                      Red Hat, Inc.
                    </a>
                  </li>
                  <li
                    className="slds-lookup__item">
                    <a
                      className="slds-truncate react-slds-candidate"
                      onBlur={[Function]}
                      onClick={[Function]}
                      onKeyDown={[Function]}
                      role="option"
                      tabIndex={-1}>
                      <svg
                        aria-hidden={true}
                        className="slds-icon slds-icon--small slds-icon-standard-account"
                        dangerouslySetInnerHTML={
                          Object {
                            "__html": "<use xlink:href="/assets/icons/standard-sprite/svg/symbols.svg#account"></use>",
                          }
                        }
                        style={undefined} />
                      Palo Alto Networks, Inc.
                    </a>
                  </li>
                  <li
                    className="slds-lookup__item">
                    <a
                      className="slds-truncate react-slds-candidate"
                      onBlur={[Function]}
                      onClick={[Function]}
                      onKeyDown={[Function]}
                      role="option"
                      tabIndex={-1}>
                      <svg
                        aria-hidden={true}
                        className="slds-icon slds-icon--small slds-icon-standard-account"
                        dangerouslySetInnerHTML={
                          Object {
                            "__html": "<use xlink:href="/assets/icons/standard-sprite/svg/symbols.svg#account"></use>",
                          }
                        }
                        style={undefined} />
                      Workday, Inc.
                    </a>
                  </li>
                  <li
                    className="slds-lookup__item">
                    <a
                      className="slds-truncate react-slds-candidate"
                      onBlur={[Function]}
                      onClick={[Function]}
                      onKeyDown={[Function]}
                      role="option"
                      tabIndex={-1}>
                      <svg
                        aria-hidden={true}
                        className="slds-icon slds-icon--small slds-icon-standard-account"
                        dangerouslySetInnerHTML={
                          Object {
                            "__html": "<use xlink:href="/assets/icons/standard-sprite/svg/symbols.svg#account"></use>",
                          }
                        }
                        style={undefined} />
                      Symantec Corporation
                    </a>
                  </li>
                  <li
                    className="slds-lookup__item">
                    <a
                      className="slds-truncate react-slds-candidate"
                      onBlur={[Function]}
                      onClick={[Function]}
                      onKeyDown={[Function]}
                      role="option"
                      tabIndex={-1}>
                      <svg
                        aria-hidden={true}
                        className="slds-icon slds-icon--small slds-icon-standard-account"
                        dangerouslySetInnerHTML={
                          Object {
                            "__html": "<use xlink:href="/assets/icons/standard-sprite/svg/symbols.svg#account"></use>",
                          }
                        }
                        style={undefined} />
                      Western Digital Corporation
                    </a>
                  </li>
                  <li
                    className="slds-lookup__item">
                    <a
                      className="slds-truncate react-slds-candidate"
                      onBlur={[Function]}
                      onClick={[Function]}
                      onKeyDown={[Function]}
                      role="option"
                      tabIndex={-1}>
                      <svg
                        aria-hidden={true}
                        className="slds-icon slds-icon--small slds-icon-standard-account"
                        dangerouslySetInnerHTML={
                          Object {
                            "__html": "<use xlink:href="/assets/icons/standard-sprite/svg/symbols.svg#account"></use>",
                          }
                        }
                        style={undefined} />
                      Skyworks Solutions, Inc.
                    </a>
                  </li>
                  <li
                    className="slds-lookup__item">
                    <a
                      className="slds-truncate react-slds-candidate"
                      onBlur={[Function]}
                      onClick={[Function]}
                      onKeyDown={[Function]}
                      role="option"
                      tabIndex={-1}>
                      <svg
                        aria-hidden={true}
                        className="slds-icon slds-icon--small slds-icon-standard-account"
                        dangerouslySetInnerHTML={
                          Object {
                            "__html": "<use xlink:href="/assets/icons/standard-sprite/svg/symbols.svg#account"></use>",
                          }
                        }
                        style={undefined} />
                      ServiceNow, Inc.
                    </a>
                  </li>
                  <li
                    className="slds-lookup__item">
                    <a
                      className="slds-truncate react-slds-candidate"
                      onBlur={[Function]}
                      onClick={[Function]}
                      onKeyDown={[Function]}
                      role="option"
                      tabIndex={-1}>
                      <svg
                        aria-hidden={true}
                        className="slds-icon slds-icon--small slds-icon-standard-account"
                        dangerouslySetInnerHTML={
                          Object {
                            "__html": "<use xlink:href="/assets/icons/standard-sprite/svg/symbols.svg#account"></use>",
                          }
                        }
                        style={undefined} />
                      Autodesk, Inc.
                    </a>
                  </li>
                  <li
                    className="slds-lookup__item">
                    <a
                      className="slds-truncate react-slds-candidate"
                      onBlur={[Function]}
                      onClick={[Function]}
                      onKeyDown={[Function]}
                      role="option"
                      tabIndex={-1}>
                      <svg
                        aria-hidden={true}
                        className="slds-icon slds-icon--small slds-icon-standard-account"
                        dangerouslySetInnerHTML={
                          Object {
                            "__html": "<use xlink:href="/assets/icons/standard-sprite/svg/symbols.svg#account"></use>",
                          }
                        }
                        style={undefined} />
                      Verisk Analytics, Inc.
                    </a>
                  </li>
                  <li
                    className="slds-lookup__item">
                    <a
                      className="slds-truncate react-slds-candidate"
                      onBlur={[Function]}
                      onClick={[Function]}
                      onKeyDown={[Function]}
                      role="option"
                      tabIndex={-1}>
                      <svg
                        aria-hidden={true}
                        className="slds-icon slds-icon--small slds-icon-standard-account"
                        dangerouslySetInnerHTML={
                          Object {
                            "__html": "<use xlink:href="/assets/icons/standard-sprite/svg/symbols.svg#account"></use>",
                          }
                        }
                        style={undefined} />
                      CA Inc.
                    </a>
                  </li>
                  <li
                    className="slds-lookup__item">
                    <a
                      className="slds-truncate react-slds-candidate"
                      onBlur={[Function]}
                      onClick={[Function]}
                      onKeyDown={[Function]}
                      role="option"
                      tabIndex={-1}>
                      <svg
                        aria-hidden={true}
                        className="slds-icon slds-icon--small slds-icon-standard-account"
                        dangerouslySetInnerHTML={
                          Object {
                            "__html": "<use xlink:href="/assets/icons/standard-sprite/svg/symbols.svg#account"></use>",
                          }
                        }
                        style={undefined} />
                      Lam Research Corporation
                    </a>
                  </li>
                  <li
                    className="slds-lookup__item">
                    <a
                      className="slds-truncate react-slds-candidate"
                      onBlur={[Function]}
                      onClick={[Function]}
                      onKeyDown={[Function]}
                      role="option"
                      tabIndex={-1}>
                      <svg
                        aria-hidden={true}
                        className="slds-icon slds-icon--small slds-icon-standard-account"
                        dangerouslySetInnerHTML={
                          Object {
                            "__html": "<use xlink:href="/assets/icons/standard-sprite/svg/symbols.svg#account"></use>",
                          }
                        }
                        style={undefined} />
                      Motorola Solutions, Inc.
                    </a>
                  </li>
                  <li
                    className="slds-lookup__item">
                    <a
                      className="slds-truncate react-slds-candidate"
                      onBlur={[Function]}
                      onClick={[Function]}
                      onKeyDown={[Function]}
                      role="option"
                      tabIndex={-1}>
                      <svg
                        aria-hidden={true}
                        className="slds-icon slds-icon--small slds-icon-standard-account"
                        dangerouslySetInnerHTML={
                          Object {
                            "__html": "<use xlink:href="/assets/icons/standard-sprite/svg/symbols.svg#account"></use>",
                          }
                        }
                        style={undefined} />
                      Xilinx, Inc.
                    </a>
                  </li>
                  <li
                    className="slds-lookup__item">
                    <a
                      className="slds-truncate react-slds-candidate"
                      onBlur={[Function]}
                      onClick={[Function]}
                      onKeyDown={[Function]}
                      role="option"
                      tabIndex={-1}>
                      <svg
                        aria-hidden={true}
                        className="slds-icon slds-icon--small slds-icon-standard-account"
                        dangerouslySetInnerHTML={
                          Object {
                            "__html": "<use xlink:href="/assets/icons/standard-sprite/svg/symbols.svg#account"></use>",
                          }
                        }
                        style={undefined} />
                      TripAdvisor, Inc.
                    </a>
                  </li>
                  <li
                    className="slds-lookup__item">
                    <a
                      className="slds-truncate react-slds-candidate"
                      onBlur={[Function]}
                      onClick={[Function]}
                      onKeyDown={[Function]}
                      role="option"
                      tabIndex={-1}>
                      <svg
                        aria-hidden={true}
                        className="slds-icon slds-icon--small slds-icon-standard-account"
                        dangerouslySetInnerHTML={
                          Object {
                            "__html": "<use xlink:href="/assets/icons/standard-sprite/svg/symbols.svg#account"></use>",
                          }
                        }
                        style={undefined} />
                      Citrix Systems, Inc.
                    </a>
                  </li>
                  <li
                    className="slds-lookup__item">
                    <a
                      className="slds-truncate react-slds-candidate"
                      onBlur={[Function]}
                      onClick={[Function]}
                      onKeyDown={[Function]}
                      role="option"
                      tabIndex={-1}>
                      <svg
                        aria-hidden={true}
                        className="slds-icon slds-icon--small slds-icon-standard-account"
                        dangerouslySetInnerHTML={
                          Object {
                            "__html": "<use xlink:href="/assets/icons/standard-sprite/svg/symbols.svg#account"></use>",
                          }
                        }
                        style={undefined} />
                      Juniper Networks, Inc.
                    </a>
                  </li>
                  <li
                    className="slds-lookup__item">
                    <a
                      className="slds-truncate react-slds-candidate"
                      onBlur={[Function]}
                      onClick={[Function]}
                      onKeyDown={[Function]}
                      role="option"
                      tabIndex={-1}>
                      <svg
                        aria-hidden={true}
                        className="slds-icon slds-icon--small slds-icon-standard-account"
                        dangerouslySetInnerHTML={
                          Object {
                            "__html": "<use xlink:href="/assets/icons/standard-sprite/svg/symbols.svg#account"></use>",
                          }
                        }
                        style={undefined} />
                      Maxim Integrated Products, Inc.
                    </a>
                  </li>
                </ul>
              </div>
            </div>
          </div>
        </div>
      </div>
      <a
        onClick={[Function]}
        style={
          Object {
            "background": "#28c",
            "borderRadius": "0 0 0 5px",
            "color": "#fff",
            "cursor": "pointer",
            "display": "block",
            "fontFamily": "sans-serif",
  -         "fontSize": 12,
  +         "fontSize": "12px",
            "padding": "5px 15px",
            "position": "fixed",
            "right": 0,
            "textDecoration": "none",
            "top": 0,
          }
        }>
        ?
      </a>
      <div
        style={
          Object {
            "background": "white",
            "bottom": 0,
            "display": "none",
            "left": 0,
            "overflow": "auto",
            "padding": "0 40px",
            "position": "absolute",
            "right": 0,
            "top": 0,
          }
        }>
        <a
          onClick={[Function]}
          style={
            Object {
              "background": "#28c",
              "borderRadius": "0 0 0 5px",
              "color": "#fff",
              "cursor": "pointer",
              "display": "block",
              "fontFamily": "sans-serif",
  -           "fontSize": 12,
  +           "fontSize": "12px",
              "padding": "5px 15px",
              "position": "fixed",
              "right": 0,
              "textDecoration": "none",
              "top": 0,
            }
          }>
          ×
        </a>
        <div
          style={undefined}>
          <div
            style={
              Object {
                "WebkitFontSmoothing": "antialiased",
                "color": "#444",
                "fontFamily": "
                  -apple-system, ".SFNSText-Regular", "San Francisco", "Roboto",
                  "Segoe UI", "Helvetica Neue", "Lucida Grande", sans-serif
                ",
  -             "fontSize": 15,
  +             "fontSize": "15px",
                "fontWeight": 300,
                "lineHeight": 1.45,
              }
            }>
            <div
              style={
                Object {
                  "borderBottom": "1px solid #eee",
                  "marginBottom": 10,
  +               "paddingTop": 10,
                }
              }>
              <h1
                style={
                  Object {
  -                 "fontSize": 35,
  -                 "margin": "20px 0 0 0",
  +                 "fontSize": "35px",
  +                 "margin": 0,
                    "padding": 0,
                  }
                }>
                Lookup
              </h1>
              <h2
                style={
                  Object {
  -                 "fontSize": 22,
  +                 "fontSize": "22px",
                    "fontWeight": 400,
                    "margin": "0 0 10px 0",
                    "padding": 0,
                  }
                }>
                Controlled with knobs
              </h2>
            </div>
            <div
              style={
                Object {
                  "marginBottom": 0,
                }
              }>
              <p
                style={
                  Object {
                    "WebkitFontSmoothing": "antialiased",
                    "color": "#444",
                    "fontFamily": "
                      -apple-system, ".SFNSText-Regular", "San Francisco", "Roboto",
                      "Segoe UI", "Helvetica Neue", "Lucida Grande", sans-serif
                    ",
  -                 "fontSize": 15,
  +                 "fontSize": "15px",
                  }
                }>
                Lookup controlled with knobs
              </p>
            </div>
            <div>
              <h1
                style={
                  Object {
                    "borderBottom": "1px solid #EEE",
  -                 "fontSize": 25,
  +                 "fontSize": "25px",
                    "margin": "20px 0 0 0",
                    "padding": "0 0 5px 0",
                  }
                }>
                Story Source
              </h1>
              <pre
                style={
                  Object {
                    "backgroundColor": "#fafafa",
                    "fontFamily": "Menlo, Monaco, "Courier New", monospace",
                    "fontSize": ".88em",
                    "lineHeight": 1.5,
                    "overflowX": "scroll",
                    "padding": ".5rem",
                  }
                }>
                <div
                  style={
                    Object {
                      "paddingLeft": 18,
                      "paddingRight": 3,
                    }
                  }>
                  <span
                    style={
                      Object {
                        "color": "#777",
                      }
                    }>
                    <
                    Lookup
                  </span>
                  <span>
                    <span>
                      <span>
                        <br />
                          
                      </span>
                      <span
                        style={Object {}}>
                        label
                      </span>
                      <span>
                        =
                        <span
                          style={Object {}}>
                          <span
                            style={
                              Object {
                                "color": "#22a",
                                "wordBreak": "break-word",
                              }
                            }>
                            "
                            Lookup Label
                            "
                          </span>
                        </span>
                      </span>
                    </span>
                    <span>
                      <span>
                        <br />
                          
                      </span>
                      <span
                        style={Object {}}>
                        error
                      </span>
                      <span>
                        =
                        <span
                          style={Object {}}>
                          <span>
                            {
                            <span
                              style={
                                Object {
                                  "color": "#777",
                                }
                              }>
                              undefined
                            </span>
                            }
                          </span>
                        </span>
                      </span>
                    </span>
                    <span>
                      <span>
                        <br />
                          
                      </span>
                      <span
                        style={Object {}}>
                        required
                      </span>
                      <span>
                        =
                        <span
                          style={Object {}}>
                          <span>
                            {
                            <span
                              style={
                                Object {
                                  "color": "#777",
                                }
                              }>
                              undefined
                            </span>
                            }
                          </span>
                        </span>
                      </span>
                    </span>
                    <span>
                      <span>
                        <br />
                          
                      </span>
                      <span
                        style={Object {}}>
                        data
                      </span>
                      <span>
                        =
                        <span
                          style={Object {}}>
                          <span>
                            {
                            <span
                              style={
                                Object {
                                  "color": "#666",
                                }
                              }>
                              [
                              <span>
                                {
                                <span
                                  style={
                                    Object {
                                      "color": "#666",
                                    }
                                  }>
                                  {
                                  <span
                                    style={
                                      Object {
                                        "color": "#666",
                                      }
                                    }>
                                    icon
                                  </span>
                                  : 
                                  <span
                                    style={
                                      Object {
                                        "color": "#22a",
                                        "wordBreak": "break-word",
                                      }
                                    }>
                                    "
                                    standard:account
                                    "
                                  </span>
                                  , 
                                  <span
                                    style={
                                      Object {
                                        "color": "#666",
                                      }
                                    }>
                                    label
                                  </span>
                                  : 
                                  <span
                                    style={
                                      Object {
                                        "color": "#22a",
                                        "wordBreak": "break-word",
                                      }
                                    }>
                                    "
                                    Apple Inc.
                                    "
                                  </span>
                                  , 
                                  <span
                                    style={
                                      Object {
                                        "color": "#666",
                                      }
                                    }>
                                    value
                                  </span>
                                  : 
                                  <span
                                    style={
                                      Object {
                                        "color": "#22a",
                                        "wordBreak": "break-word",
                                      }
                                    }>
                                    "
                                    100000
                                    "
                                  </span>
                                  , 
                                  …
                                  }
                                </span>
                                }
                              </span>
                              , 
                              <span>
                                {
                                <span
                                  style={
                                    Object {
                                      "color": "#666",
                                    }
                                  }>
                                  {
                                  <span
                                    style={
                                      Object {
                                        "color": "#666",
                                      }
                                    }>
                                    icon
                                  </span>
                                  : 
                                  <span
                                    style={
                                      Object {
                                        "color": "#22a",
                                        "wordBreak": "break-word",
                                      }
                                    }>
                                    "
                                    standard:account
                                    "
                                  </span>
                                  , 
                                  <span
                                    style={
                                      Object {
                                        "color": "#666",
                                      }
                                    }>
                                    label
                                  </span>
                                  : 
                                  <span
                                    style={
                                      Object {
                                        "color": "#22a",
                                        "wordBreak": "break-word",
                                      }
                                    }>
                                    "
                                    Alphabet Inc.
                                    "
                                  </span>
                                  , 
                                  <span
                                    style={
                                      Object {
                                        "color": "#666",
                                      }
                                    }>
                                    value
                                  </span>
                                  : 
                                  <span
                                    style={
                                      Object {
                                        "color": "#22a",
                                        "wordBreak": "break-word",
                                      }
                                    }>
                                    "
                                    100001
                                    "
                                  </span>
                                  , 
                                  …
                                  }
                                </span>
                                }
                              </span>
                              , 
                              <span>
                                {
                                <span
                                  style={
                                    Object {
                                      "color": "#666",
                                    }
                                  }>
                                  {
                                  <span
                                    style={
                                      Object {
                                        "color": "#666",
                                      }
                                    }>
                                    icon
                                  </span>
                                  : 
                                  <span
                                    style={
                                      Object {
                                        "color": "#22a",
                                        "wordBreak": "break-word",
                                      }
                                    }>
                                    "
                                    standard:account
                                    "
                                  </span>
                                  , 
                                  <span
                                    style={
                                      Object {
                                        "color": "#666",
                                      }
                                    }>
                                    label
                                  </span>
                                  : 
                                  <span
                                    style={
                                      Object {
                                        "color": "#22a",
                                        "wordBreak": "break-word",
                                      }
                                    }>
                                    "
                                    Microsoft Corporation
                                    "
                                  </span>
                                  , 
                                  <span
                                    style={
                                      Object {
                                        "color": "#666",
                                      }
                                    }>
                                    value
                                  </span>
                                  : 
                                  <span
                                    style={
                                      Object {
                                        "color": "#22a",
                                        "wordBreak": "break-word",
                                      }
                                    }>
                                    "
                                    100002
                                    "
                                  </span>
                                  , 
                                  …
                                  }
                                </span>
                                }
                              </span>
                              , 
                              …
                              ]
                            </span>
                            }
                          </span>
                        </span>
                      </span>
                    </span>
                    <span>
                      <span>
                        <br />
                          
                      </span>
                      <span
                        style={Object {}}>
                        selected
                      </span>
                      <span>
                        =
                        <span
                          style={Object {}}>
                          <span>
                            {
                            <span
                              style={
                                Object {
                                  "color": "#777",
                                }
                              }>
                              undefined
                            </span>
                            }
                          </span>
                        </span>
                      </span>
                    </span>
                    <span>
                      <span>
                        <br />
                          
                      </span>
                      <span
                        style={Object {}}>
                        loading
                      </span>
                      <span>
                        =
                        <span
                          style={Object {}}>
                          <span>
                            {
                            <span
                              style={
                                Object {
                                  "color": "#777",
                                }
                              }>
                              undefined
                            </span>
                            }
                          </span>
                        </span>
                      </span>
                    </span>
                    <span>
                      <span>
                        <br />
                          
                      </span>
                      <span
                        style={Object {}}>
                        opened
                      </span>
                      <span>
                        =
                        <span
                          style={Object {}}>
                          <span>
                            {
                            <span
                              style={
                                Object {
                                  "color": "#777",
                                }
                              }>
                              undefined
                            </span>
                            }
                          </span>
                        </span>
                      </span>
                    </span>
                    <span>
                      <span>
                        <br />
                          
                      </span>
                      <span
                        style={Object {}}>
                        onSearchTextChange
                      </span>
                      <span>
                        =
                        <span
                          style={Object {}}>
                          <span>
                            {
                            <span
                              style={
                                Object {
                                  "color": "#170",
                                }
                              }>
  -                           anonymous()
  +                           searchTextChange()
                            </span>
                            }
                          </span>
                        </span>
                      </span>
                    </span>
                    <span>
                      <span>
                        <br />
                          
                      </span>
                      <span
                        style={Object {}}>
                        onLookupRequest
                      </span>
                      <span>
                        =
                        <span
                          style={Object {}}>
                          <span>
                            {
                            <span
                              style={
                                Object {
                                  "color": "#170",
                                }
                              }>
  -                           anonymous()
  +                           lookupRequest()
                            </span>
                            }
                          </span>
                        </span>
                      </span>
                    </span>
                    <span>
                      <span>
                        <br />
                          
                      </span>
                      <span
                        style={Object {}}>
                        onSelect
                      </span>
                      <span>
                        =
                        <span
                          style={Object {}}>
                          <span>
                            {
                            <span
                              style={
                                Object {
                                  "color": "#170",
                                }
                              }>
  -                           anonymous()
  +                           select()
                            </span>
                            }
                          </span>
                        </span>
                      </span>
                    </span>
                    <span>
                      <span>
                        <br />
                          
                      </span>
                      <span
                        style={Object {}}>
                        onBlur
                      </span>
                      <span>
                        =
                        <span
                          style={Object {}}>
                          <span>
                            {
                            <span
                              style={
                                Object {
                                  "color": "#170",
                                }
                              }>
  -                           anonymous()
  +                           blur()
                            </span>
                            }
                          </span>
                        </span>
                      </span>
                    </span>
                    <span>
                      <span>
                        <br />
                          
                      </span>
                      <span
                        style={Object {}}>
                        onComplete
                      </span>
                      <span>
                        =
                        <span
                          style={Object {}}>
                          <span>
                            {
                            <span
                              style={
                                Object {
                                  "color": "#170",
                                }
                              }>
  -                           anonymous()
  +                           complete()
                            </span>
                            }
                          </span>
                        </span>
                      </span>
                      <br />
                    </span>
                  </span>
                  <span
                    style={
                      Object {
                        "color": "#777",
                      }
                    }>
                    />
                  </span>
                </div>
              </pre>
            </div>
            <div>
              <h1
                style={
                  Object {
                    "borderBottom": "1px solid #EEE",
  -                 "fontSize": 25,
  +                 "fontSize": "25px",
                    "margin": "20px 0 0 0",
                    "padding": "0 0 5px 0",
                  }
                }>
                Prop Types
              </h1>
              <div>
                <h2
                  style={
                    Object {
                      "margin": "20px 0 0 0",
                    }
                  }>
                  "
                  Lookup
                  " Component
                </h2>
                <table
                  style={
                    Object {
                      "borderCollapse": "separate",
                      "borderSpacing": "10px 5px",
                      "marginLeft": -10,
                    }
                  }>
                  <thead>
                    <tr>
                      <th>
                        property
                      </th>
                      <th>
                        propType
                      </th>
                      <th>
                        required
                      </th>
                      <th>
                        default
                      </th>
                    </tr>
                  </thead>
                  <tbody>
                    <tr>
                      <td>
                        lookupFilter
                      </td>
                      <td>
                        func
                      </td>
                      <td>
                        no
                      </td>
                      <td>
                        -
                      </td>
                    </tr>
                    <tr>
                      <td>
                        cols
                      </td>
                      <td>
                        number
                      </td>
                      <td>
                        no
                      </td>
                      <td>
                        -
                      </td>
                    </tr>
                    <tr>
                      <td>
                        className
                      </td>
                      <td>
                        string
                      </td>
                      <td>
                        no
                      </td>
                      <td>
                        -
                      </td>
                    </tr>
                    <tr>
                      <td>
                        listFooter
                      </td>
                      <td>
                        node
                      </td>
                      <td>
                        no
                      </td>
                      <td>
                        -
                      </td>
                    </tr>
                    <tr>
                      <td>
                        id
                      </td>
                      <td>
                        string
                      </td>
                      <td>
                        no
                      </td>
                      <td>
                        -
                      </td>
                    </tr>
                    <tr>
                      <td>
                        defaultTargetScope
                      </td>
                      <td>
                        string
                      </td>
                      <td>
                        no
                      </td>
                      <td>
                        -
                      </td>
                    </tr>
                    <tr>
                      <td>
                        defaultValue
                      </td>
                      <td>
                        string
                      </td>
                      <td>
                        no
                      </td>
                      <td>
                        -
                      </td>
                    </tr>
                    <tr>
                      <td>
                        iconAlign
                      </td>
                      <td>
                        other
                      </td>
                      <td>
                        no
                      </td>
                      <td>
                        -
                      </td>
                    </tr>
                    <tr>
                      <td>
                        defaultSelected
                      </td>
                      <td>
                        other
                      </td>
                      <td>
                        no
                      </td>
                      <td>
                        -
                      </td>
                    </tr>
                    <tr>
                      <td>
                        error
                      </td>
                      <td>
                        other
                      </td>
                      <td>
                        no
                      </td>
                      <td>
                        -
                      </td>
                    </tr>
                    <tr>
                      <td>
                        defaultOpened
                      </td>
                      <td>
                        bool
                      </td>
                      <td>
                        no
                      </td>
                      <td>
                        -
                      </td>
                    </tr>
                    <tr>
                      <td>
                        data
                      </td>
                      <td>
                        other
                      </td>
                      <td>
                        no
                      </td>
                      <td>
                        -
                      </td>
                    </tr>
                    <tr>
                      <td>
                        defaultSearchText
                      </td>
                      <td>
                        string
                      </td>
                      <td>
                        no
                      </td>
                      <td>
                        -
                      </td>
                    </tr>
                    <tr>
                      <td>
                        onSearchTextChange
                      </td>
                      <td>
                        func
                      </td>
                      <td>
                        no
                      </td>
                      <td>
                        -
                      </td>
                    </tr>
                    <tr>
                      <td>
                        loading
                      </td>
                      <td>
                        bool
                      </td>
                      <td>
                        no
                      </td>
                      <td>
                        -
                      </td>
                    </tr>
                    <tr>
                      <td>
                        label
                      </td>
                      <td>
                        string
                      </td>
                      <td>
                        no
                      </td>
                      <td>
                        -
                      </td>
                    </tr>
                    <tr>
                      <td>
                        listHeader
                      </td>
                      <td>
                        node
                      </td>
                      <td>
                        no
                      </td>
                      <td>
                        -
                      </td>
                    </tr>
                    <tr>
                      <td>
                        onScopeChange
                      </td>
                      <td>
                        func
                      </td>
                      <td>
                        no
                      </td>
                      <td>
                        -
                      </td>
                    </tr>
                    <tr>
                      <td>
                        opened
                      </td>
                      <td>
                        bool
                      </td>
                      <td>
                        no
                      </td>
                      <td>
                        -
                      </td>
                    </tr>
                    <tr>
                      <td>
                        onComplete
                      </td>
                      <td>
                        func
                      </td>
                      <td>
                        no
                      </td>
                      <td>
                        -
                      </td>
                    </tr>
                    <tr>
                      <td>
                        onSelect
                      </td>
                      <td>
                        func
                      </td>
                      <td>
                        no
                      </td>
                      <td>
                        -
                      </td>
                    </tr>
                    <tr>
                      <td>
                        onBlur
                      </td>
                      <td>
                        func
                      </td>
                      <td>
                        no
                      </td>
                      <td>
                        -
                      </td>
                    </tr>
                    <tr>
                      <td>
                        onLookupRequest
                      </td>
                      <td>
                        func
                      </td>
                      <td>
                        no
                      </td>
                      <td>
                        -
                      </td>
                    </tr>
                    <tr>
                      <td>
                        onScopeMenuClick
                      </td>
                      <td>
                        func
                      </td>
                      <td>
                        no
                      </td>
                      <td>
                        -
                      </td>
                    </tr>
                    <tr>
                      <td>
                        required
                      </td>
                      <td>
                        bool
                      </td>
                      <td>
                        no
                      </td>
                      <td>
                        -
                      </td>
                    </tr>
                    <tr>
                      <td>
                        scopes
                      </td>
                      <td>
                        other
                      </td>
                      <td>
                        no
                      </td>
                      <td>
                        -
                      </td>
                    </tr>
                    <tr>
                      <td>
                        searchText
                      </td>
                      <td>
                        string
                      </td>
                      <td>
                        no
                      </td>
                      <td>
                        -
                      </td>
                    </tr>
                    <tr>
                      <td>
                        selected
                      </td>
                      <td>
                        other
                      </td>
                      <td>
                        no
                      </td>
                      <td>
                        -
                      </td>
                    </tr>
                    <tr>
                      <td>
                        targetScope
                      </td>
                      <td>
                        string
                      </td>
                      <td>
                        no
                      </td>
                      <td>
                        -
                      </td>
                    </tr>
                    <tr>
                      <td>
                        totalCols
                      </td>
                      <td>
                        number
                      </td>
                      <td>
                        no
                      </td>
                      <td>
                        -
                      </td>
                    </tr>
                    <tr>
                      <td>
                        value
                      </td>
                      <td>
                        string
                      </td>
                      <td>
                        no
                      </td>
                      <td>
                        -
                      </td>
                    </tr>
                  </tbody>
                </table>
              </div>
            </div>
          </div>
        </div>
      </div>
    </div>


✗ With search text
  - Snapshot
  + Current story
  
  <div>
      <div
        style={
          Object {
            "position": "relative",
            "zIndex": 0,
          }
        }>
        <div
          className="slds-form-element react-slds-dropdown-form-element">
          <div
            className="slds-form-element">
            <label
              className="slds-form-element__label"
              htmlFor="form-element-$uuid$">
              Lookup Label
            </label>
            <div
              className="slds-form-element__control">
              <div
                className="slds-lookup"
                data-scope="single"
                data-select="single"
                data-typeahead={false}>
                <div
                  className="slds-grid slds-input-has-icon slds-input-has-icon--right">
                  <input
                    className="slds-input"
                    defaultValue={undefined}
                    id="form-element-$uuid$"
                    onBlur={[Function]}
                    onChange={[Function]}
                    onKeyDown={[Function]}
                    onSubmit={[Function]}
                    readOnly={undefined}
                    type={undefined}
                    value="A" />
                  <svg
                    aria-hidden={true}
                    className="slds-icon slds-icon-text-default slds-input__icon"
                    dangerouslySetInnerHTML={
                      Object {
                        "__html": "<use xlink:href="/assets/icons/utility-sprite/svg/symbols.svg#search"></use>",
                      }
                    }
                    onClick={[Function]}
                    style={
                      Object {
                        "cursor": "pointer",
                      }
                    } />
                </div>
              </div>
            </div>
          </div>
          <div
            className="react-slds-dropdown-control-wrapper"
            style={undefined}>
            <div
              className="slds-form-element__control">
              <div
                className="slds-lookup__menu slds-hide"
                onKeyDown={[Function]}
                role="listbox">
                <ul
                  className="slds-lookup__list"
                  role="presentation" />
              </div>
            </div>
          </div>
        </div>
      </div>
      <a
        onClick={[Function]}
        style={
          Object {
            "background": "#28c",
            "borderRadius": "0 0 0 5px",
            "color": "#fff",
            "cursor": "pointer",
            "display": "block",
            "fontFamily": "sans-serif",
  -         "fontSize": 12,
  +         "fontSize": "12px",
            "padding": "5px 15px",
            "position": "fixed",
            "right": 0,
            "textDecoration": "none",
            "top": 0,
          }
        }>
        ?
      </a>
      <div
        style={
          Object {
            "background": "white",
            "bottom": 0,
            "display": "none",
            "left": 0,
            "overflow": "auto",
            "padding": "0 40px",
            "position": "absolute",
            "right": 0,
            "top": 0,
          }
        }>
        <a
          onClick={[Function]}
          style={
            Object {
              "background": "#28c",
              "borderRadius": "0 0 0 5px",
              "color": "#fff",
              "cursor": "pointer",
              "display": "block",
              "fontFamily": "sans-serif",
  -           "fontSize": 12,
  +           "fontSize": "12px",
              "padding": "5px 15px",
              "position": "fixed",
              "right": 0,
              "textDecoration": "none",
              "top": 0,
            }
          }>
          ×
        </a>
        <div
          style={undefined}>
          <div
            style={
              Object {
                "WebkitFontSmoothing": "antialiased",
                "color": "#444",
                "fontFamily": "
                  -apple-system, ".SFNSText-Regular", "San Francisco", "Roboto",
                  "Segoe UI", "Helvetica Neue", "Lucida Grande", sans-serif
                ",
  -             "fontSize": 15,
  +             "fontSize": "15px",
                "fontWeight": 300,
                "lineHeight": 1.45,
              }
            }>
            <div
              style={
                Object {
                  "borderBottom": "1px solid #eee",
                  "marginBottom": 10,
  +               "paddingTop": 10,
                }
              }>
              <h1
                style={
                  Object {
  -                 "fontSize": 35,
  -                 "margin": "20px 0 0 0",
  +                 "fontSize": "35px",
  +                 "margin": 0,
                    "padding": 0,
                  }
                }>
                Lookup
              </h1>
              <h2
                style={
                  Object {
  -                 "fontSize": 22,
  +                 "fontSize": "22px",
                    "fontWeight": 400,
                    "margin": "0 0 10px 0",
                    "padding": 0,
                  }
                }>
                With search text
              </h2>
            </div>
            <div
              style={
                Object {
                  "marginBottom": 0,
                }
              }>
              <p
                style={
                  Object {
                    "WebkitFontSmoothing": "antialiased",
                    "color": "#444",
                    "fontFamily": "
                      -apple-system, ".SFNSText-Regular", "San Francisco", "Roboto",
                      "Segoe UI", "Helvetica Neue", "Lucida Grande", sans-serif
                    ",
  -                 "fontSize": 15,
  +                 "fontSize": "15px",
                  }
                }>
                Lookup component with search input text
              </p>
            </div>
            <div>
              <h1
                style={
                  Object {
                    "borderBottom": "1px solid #EEE",
  -                 "fontSize": 25,
  +                 "fontSize": "25px",
                    "margin": "20px 0 0 0",
                    "padding": "0 0 5px 0",
                  }
                }>
                Story Source
              </h1>
              <pre
                style={
                  Object {
                    "backgroundColor": "#fafafa",
                    "fontFamily": "Menlo, Monaco, "Courier New", monospace",
                    "fontSize": ".88em",
                    "lineHeight": 1.5,
                    "overflowX": "scroll",
                    "padding": ".5rem",
                  }
                }>
                <div
                  style={
                    Object {
                      "paddingLeft": 18,
                      "paddingRight": 3,
                    }
                  }>
                  <span
                    style={
                      Object {
                        "color": "#777",
                      }
                    }>
                    <
                    Lookup
                  </span>
                  <span>
                    <span>
                      <span>
                        <br />
                          
                      </span>
                      <span
                        style={Object {}}>
                        label
                      </span>
                      <span>
                        =
                        <span
                          style={Object {}}>
                          <span
                            style={
                              Object {
                                "color": "#22a",
                                "wordBreak": "break-word",
                              }
                            }>
                            "
                            Lookup Label
                            "
                          </span>
                        </span>
                      </span>
                    </span>
                    <span>
                      <span>
                        <br />
                          
                      </span>
                      <span
                        style={Object {}}>
                        searchText
                      </span>
                      <span>
                        =
                        <span
                          style={Object {}}>
                          <span
                            style={
                              Object {
                                "color": "#22a",
                                "wordBreak": "break-word",
                              }
                            }>
                            "
                            A
                            "
                          </span>
                        </span>
                      </span>
                    </span>
                    <span>
                      <span>
                        <br />
                          
                      </span>
                      <span
                        style={Object {}}>
                        onSearchTextChange
                      </span>
                      <span>
                        =
                        <span
                          style={Object {}}>
                          <span>
                            {
                            <span
                              style={
                                Object {
                                  "color": "#170",
                                }
                              }>
  -                           anonymous()
  +                           searchTextChange()
                            </span>
                            }
                          </span>
                        </span>
                      </span>
                    </span>
                    <span>
                      <span>
                        <br />
                          
                      </span>
                      <span
                        style={Object {}}>
                        onLookupRequest
                      </span>
                      <span>
                        =
                        <span
                          style={Object {}}>
                          <span>
                            {
                            <span
                              style={
                                Object {
                                  "color": "#170",
                                }
                              }>
  -                           anonymous()
  +                           lookupRequest()
                            </span>
                            }
                          </span>
                        </span>
                      </span>
                    </span>
                    <span>
                      <span>
                        <br />
                          
                      </span>
                      <span
                        style={Object {}}>
                        onSelect
                      </span>
                      <span>
                        =
                        <span
                          style={Object {}}>
                          <span>
                            {
                            <span
                              style={
                                Object {
                                  "color": "#170",
                                }
                              }>
  -                           anonymous()
  +                           select()
                            </span>
                            }
                          </span>
                        </span>
                      </span>
                    </span>
                    <span>
                      <span>
                        <br />
                          
                      </span>
                      <span
                        style={Object {}}>
                        onBlur
                      </span>
                      <span>
                        =
                        <span
                          style={Object {}}>
                          <span>
                            {
                            <span
                              style={
                                Object {
                                  "color": "#170",
                                }
                              }>
  -                           anonymous()
  +                           blur()
                            </span>
                            }
                          </span>
                        </span>
                      </span>
                    </span>
                    <span>
                      <span>
                        <br />
                          
                      </span>
                      <span
                        style={Object {}}>
                        onComplete
                      </span>
                      <span>
                        =
                        <span
                          style={Object {}}>
                          <span>
                            {
                            <span
                              style={
                                Object {
                                  "color": "#170",
                                }
                              }>
  -                           anonymous()
  +                           complete()
                            </span>
                            }
                          </span>
                        </span>
                      </span>
                      <br />
                    </span>
                  </span>
                  <span
                    style={
                      Object {
                        "color": "#777",
                      }
                    }>
                    />
                  </span>
                </div>
              </pre>
            </div>
            <div>
              <h1
                style={
                  Object {
                    "borderBottom": "1px solid #EEE",
  -                 "fontSize": 25,
  +                 "fontSize": "25px",
                    "margin": "20px 0 0 0",
                    "padding": "0 0 5px 0",
                  }
                }>
                Prop Types
              </h1>
              <div>
                <h2
                  style={
                    Object {
                      "margin": "20px 0 0 0",
                    }
                  }>
                  "
                  Lookup
                  " Component
                </h2>
                <table
                  style={
                    Object {
                      "borderCollapse": "separate",
                      "borderSpacing": "10px 5px",
                      "marginLeft": -10,
                    }
                  }>
                  <thead>
                    <tr>
                      <th>
                        property
                      </th>
                      <th>
                        propType
                      </th>
                      <th>
                        required
                      </th>
                      <th>
                        default
                      </th>
                    </tr>
                  </thead>
                  <tbody>
                    <tr>
                      <td>
                        lookupFilter
                      </td>
                      <td>
                        func
                      </td>
                      <td>
                        no
                      </td>
                      <td>
                        -
                      </td>
                    </tr>
                    <tr>
                      <td>
                        cols
                      </td>
                      <td>
                        number
                      </td>
                      <td>
                        no
                      </td>
                      <td>
                        -
                      </td>
                    </tr>
                    <tr>
                      <td>
                        className
                      </td>
                      <td>
                        string
                      </td>
                      <td>
                        no
                      </td>
                      <td>
                        -
                      </td>
                    </tr>
                    <tr>
                      <td>
                        listFooter
                      </td>
                      <td>
                        node
                      </td>
                      <td>
                        no
                      </td>
                      <td>
                        -
                      </td>
                    </tr>
                    <tr>
                      <td>
                        id
                      </td>
                      <td>
                        string
                      </td>
                      <td>
                        no
                      </td>
                      <td>
                        -
                      </td>
                    </tr>
                    <tr>
                      <td>
                        defaultTargetScope
                      </td>
                      <td>
                        string
                      </td>
                      <td>
                        no
                      </td>
                      <td>
                        -
                      </td>
                    </tr>
                    <tr>
                      <td>
                        defaultValue
                      </td>
                      <td>
                        string
                      </td>
                      <td>
                        no
                      </td>
                      <td>
                        -
                      </td>
                    </tr>
                    <tr>
                      <td>
                        iconAlign
                      </td>
                      <td>
                        other
                      </td>
                      <td>
                        no
                      </td>
                      <td>
                        -
                      </td>
                    </tr>
                    <tr>
                      <td>
                        defaultSelected
                      </td>
                      <td>
                        other
                      </td>
                      <td>
                        no
                      </td>
                      <td>
                        -
                      </td>
                    </tr>
                    <tr>
                      <td>
                        error
                      </td>
                      <td>
                        other
                      </td>
                      <td>
                        no
                      </td>
                      <td>
                        -
                      </td>
                    </tr>
                    <tr>
                      <td>
                        defaultOpened
                      </td>
                      <td>
                        bool
                      </td>
                      <td>
                        no
                      </td>
                      <td>
                        -
                      </td>
                    </tr>
                    <tr>
                      <td>
                        data
                      </td>
                      <td>
                        other
                      </td>
                      <td>
                        no
                      </td>
                      <td>
                        -
                      </td>
                    </tr>
                    <tr>
                      <td>
                        defaultSearchText
                      </td>
                      <td>
                        string
                      </td>
                      <td>
                        no
                      </td>
                      <td>
                        -
                      </td>
                    </tr>
                    <tr>
                      <td>
                        onSearchTextChange
                      </td>
                      <td>
                        func
                      </td>
                      <td>
                        no
                      </td>
                      <td>
                        -
                      </td>
                    </tr>
                    <tr>
                      <td>
                        loading
                      </td>
                      <td>
                        bool
                      </td>
                      <td>
                        no
                      </td>
                      <td>
                        -
                      </td>
                    </tr>
                    <tr>
                      <td>
                        label
                      </td>
                      <td>
                        string
                      </td>
                      <td>
                        no
                      </td>
                      <td>
                        -
                      </td>
                    </tr>
                    <tr>
                      <td>
                        listHeader
                      </td>
                      <td>
                        node
                      </td>
                      <td>
                        no
                      </td>
                      <td>
                        -
                      </td>
                    </tr>
                    <tr>
                      <td>
                        onScopeChange
                      </td>
                      <td>
                        func
                      </td>
                      <td>
                        no
                      </td>
                      <td>
                        -
                      </td>
                    </tr>
                    <tr>
                      <td>
                        opened
                      </td>
                      <td>
                        bool
                      </td>
                      <td>
                        no
                      </td>
                      <td>
                        -
                      </td>
                    </tr>
                    <tr>
                      <td>
                        onComplete
                      </td>
                      <td>
                        func
                      </td>
                      <td>
                        no
                      </td>
                      <td>
                        -
                      </td>
                    </tr>
                    <tr>
                      <td>
                        onSelect
                      </td>
                      <td>
                        func
                      </td>
                      <td>
                        no
                      </td>
                      <td>
                        -
                      </td>
                    </tr>
                    <tr>
                      <td>
                        onBlur
                      </td>
                      <td>
                        func
                      </td>
                      <td>
                        no
                      </td>
                      <td>
                        -
                      </td>
                    </tr>
                    <tr>
                      <td>
                        onLookupRequest
                      </td>
                      <td>
                        func
                      </td>
                      <td>
                        no
                      </td>
                      <td>
                        -
                      </td>
                    </tr>
                    <tr>
                      <td>
                        onScopeMenuClick
                      </td>
                      <td>
                        func
                      </td>
                      <td>
                        no
                      </td>
                      <td>
                        -
                      </td>
                    </tr>
                    <tr>
                      <td>
                        required
                      </td>
                      <td>
                        bool
                      </td>
                      <td>
                        no
                      </td>
                      <td>
                        -
                      </td>
                    </tr>
                    <tr>
                      <td>
                        scopes
                      </td>
                      <td>
                        other
                      </td>
                      <td>
                        no
                      </td>
                      <td>
                        -
                      </td>
                    </tr>
                    <tr>
                      <td>
                        searchText
                      </td>
                      <td>
                        string
                      </td>
                      <td>
                        no
                      </td>
                      <td>
                        -
                      </td>
                    </tr>
                    <tr>
                      <td>
                        selected
                      </td>
                      <td>
                        other
                      </td>
                      <td>
                        no
                      </td>
                      <td>
                        -
                      </td>
                    </tr>
                    <tr>
                      <td>
                        targetScope
                      </td>
                      <td>
                        string
                      </td>
                      <td>
                        no
                      </td>
                      <td>
                        -
                      </td>
                    </tr>
                    <tr>
                      <td>
                        totalCols
                      </td>
                      <td>
                        number
                      </td>
                      <td>
                        no
                      </td>
                      <td>
                        -
                      </td>
                    </tr>
                    <tr>
                      <td>
                        value
                      </td>
                      <td>
                        string
                      </td>
                      <td>
                        no
                      </td>
                      <td>
                        -
                      </td>
                    </tr>
                  </tbody>
                </table>
              </div>
            </div>
          </div>
        </div>
      </div>
    </div>


✗ With search icon in left
  - Snapshot
  + Current story
  
  <div>
      <div
        style={
          Object {
            "position": "relative",
            "zIndex": 0,
          }
        }>
        <div
          className="slds-form-element react-slds-dropdown-form-element">
          <div
            className="slds-form-element">
            <label
              className="slds-form-element__label"
              htmlFor="form-element-$uuid$">
              Lookup Label
            </label>
            <div
              className="slds-form-element__control">
              <div
                className="slds-lookup"
                data-scope="single"
                data-select="single"
                data-typeahead={false}>
                <div
                  className="slds-grid slds-input-has-icon slds-input-has-icon--left">
                  <input
                    className="slds-input"
                    defaultValue={undefined}
                    id="form-element-$uuid$"
                    onBlur={[Function]}
                    onChange={[Function]}
                    onKeyDown={[Function]}
                    onSubmit={[Function]}
                    readOnly={undefined}
                    type={undefined}
                    value="A" />
                  <svg
                    aria-hidden={true}
                    className="slds-icon slds-icon-text-default slds-input__icon"
                    dangerouslySetInnerHTML={
                      Object {
                        "__html": "<use xlink:href="/assets/icons/utility-sprite/svg/symbols.svg#search"></use>",
                      }
                    }
                    onClick={[Function]}
                    style={
                      Object {
                        "cursor": "pointer",
                      }
                    } />
                </div>
              </div>
            </div>
          </div>
          <div
            className="react-slds-dropdown-control-wrapper"
            style={undefined}>
            <div
              className="slds-form-element__control">
              <div
                className="slds-lookup__menu slds-hide"
                onKeyDown={[Function]}
                role="listbox">
                <ul
                  className="slds-lookup__list"
                  role="presentation" />
              </div>
            </div>
          </div>
        </div>
      </div>
      <a
        onClick={[Function]}
        style={
          Object {
            "background": "#28c",
            "borderRadius": "0 0 0 5px",
            "color": "#fff",
            "cursor": "pointer",
            "display": "block",
            "fontFamily": "sans-serif",
  -         "fontSize": 12,
  +         "fontSize": "12px",
            "padding": "5px 15px",
            "position": "fixed",
            "right": 0,
            "textDecoration": "none",
            "top": 0,
          }
        }>
        ?
      </a>
      <div
        style={
          Object {
            "background": "white",
            "bottom": 0,
            "display": "none",
            "left": 0,
            "overflow": "auto",
            "padding": "0 40px",
            "position": "absolute",
            "right": 0,
            "top": 0,
          }
        }>
        <a
          onClick={[Function]}
          style={
            Object {
              "background": "#28c",
              "borderRadius": "0 0 0 5px",
              "color": "#fff",
              "cursor": "pointer",
              "display": "block",
              "fontFamily": "sans-serif",
  -           "fontSize": 12,
  +           "fontSize": "12px",
              "padding": "5px 15px",
              "position": "fixed",
              "right": 0,
              "textDecoration": "none",
              "top": 0,
            }
          }>
          ×
        </a>
        <div
          style={undefined}>
          <div
            style={
              Object {
                "WebkitFontSmoothing": "antialiased",
                "color": "#444",
                "fontFamily": "
                  -apple-system, ".SFNSText-Regular", "San Francisco", "Roboto",
                  "Segoe UI", "Helvetica Neue", "Lucida Grande", sans-serif
                ",
  -             "fontSize": 15,
  +             "fontSize": "15px",
                "fontWeight": 300,
                "lineHeight": 1.45,
              }
            }>
            <div
              style={
                Object {
                  "borderBottom": "1px solid #eee",
                  "marginBottom": 10,
  +               "paddingTop": 10,
                }
              }>
              <h1
                style={
                  Object {
  -                 "fontSize": 35,
  -                 "margin": "20px 0 0 0",
  +                 "fontSize": "35px",
  +                 "margin": 0,
                    "padding": 0,
                  }
                }>
                Lookup
              </h1>
              <h2
                style={
                  Object {
  -                 "fontSize": 22,
  +                 "fontSize": "22px",
                    "fontWeight": 400,
                    "margin": "0 0 10px 0",
                    "padding": 0,
                  }
                }>
                With search icon in left
              </h2>
            </div>
            <div
              style={
                Object {
                  "marginBottom": 0,
                }
              }>
              <p
                style={
                  Object {
                    "WebkitFontSmoothing": "antialiased",
                    "color": "#444",
                    "fontFamily": "
                      -apple-system, ".SFNSText-Regular", "San Francisco", "Roboto",
                      "Segoe UI", "Helvetica Neue", "Lucida Grande", sans-serif
                    ",
  -                 "fontSize": 15,
  +                 "fontSize": "15px",
                  }
                }>
                Lookup component with search text and search icon in left side
              </p>
            </div>
            <div>
              <h1
                style={
                  Object {
                    "borderBottom": "1px solid #EEE",
  -                 "fontSize": 25,
  +                 "fontSize": "25px",
                    "margin": "20px 0 0 0",
                    "padding": "0 0 5px 0",
                  }
                }>
                Story Source
              </h1>
              <pre
                style={
                  Object {
                    "backgroundColor": "#fafafa",
                    "fontFamily": "Menlo, Monaco, "Courier New", monospace",
                    "fontSize": ".88em",
                    "lineHeight": 1.5,
                    "overflowX": "scroll",
                    "padding": ".5rem",
                  }
                }>
                <div
                  style={
                    Object {
                      "paddingLeft": 18,
                      "paddingRight": 3,
                    }
                  }>
                  <span
                    style={
                      Object {
                        "color": "#777",
                      }
                    }>
                    <
                    Lookup
                  </span>
                  <span>
                    <span>
                      <span>
                        <br />
                          
                      </span>
                      <span
                        style={Object {}}>
                        label
                      </span>
                      <span>
                        =
                        <span
                          style={Object {}}>
                          <span
                            style={
                              Object {
                                "color": "#22a",
                                "wordBreak": "break-word",
                              }
                            }>
                            "
                            Lookup Label
                            "
                          </span>
                        </span>
                      </span>
                    </span>
                    <span>
                      <span>
                        <br />
                          
                      </span>
                      <span
                        style={Object {}}>
                        searchText
                      </span>
                      <span>
                        =
                        <span
                          style={Object {}}>
                          <span
                            style={
                              Object {
                                "color": "#22a",
                                "wordBreak": "break-word",
                              }
                            }>
                            "
                            A
                            "
                          </span>
                        </span>
                      </span>
                    </span>
                    <span>
                      <span>
                        <br />
                          
                      </span>
                      <span
                        style={Object {}}>
                        iconAlign
                      </span>
                      <span>
                        =
                        <span
                          style={Object {}}>
                          <span
                            style={
                              Object {
                                "color": "#22a",
                                "wordBreak": "break-word",
                              }
                            }>
                            "
                            left
                            "
                          </span>
                        </span>
                      </span>
                    </span>
                    <span>
                      <span>
                        <br />
                          
                      </span>
                      <span
                        style={Object {}}>
                        onSearchTextChange
                      </span>
                      <span>
                        =
                        <span
                          style={Object {}}>
                          <span>
                            {
                            <span
                              style={
                                Object {
                                  "color": "#170",
                                }
                              }>
  -                           anonymous()
  +                           searchTextChange()
                            </span>
                            }
                          </span>
                        </span>
                      </span>
                    </span>
                    <span>
                      <span>
                        <br />
                          
                      </span>
                      <span
                        style={Object {}}>
                        onLookupRequest
                      </span>
                      <span>
                        =
                        <span
                          style={Object {}}>
                          <span>
                            {
                            <span
                              style={
                                Object {
                                  "color": "#170",
                                }
                              }>
  -                           anonymous()
  +                           lookupRequest()
                            </span>
                            }
                          </span>
                        </span>
                      </span>
                    </span>
                    <span>
                      <span>
                        <br />
                          
                      </span>
                      <span
                        style={Object {}}>
                        onSelect
                      </span>
                      <span>
                        =
                        <span
                          style={Object {}}>
                          <span>
                            {
                            <span
                              style={
                                Object {
                                  "color": "#170",
                                }
                              }>
  -                           anonymous()
  +                           select()
                            </span>
                            }
                          </span>
                        </span>
                      </span>
                    </span>
                    <span>
                      <span>
                        <br />
                          
                      </span>
                      <span
                        style={Object {}}>
                        onBlur
                      </span>
                      <span>
                        =
                        <span
                          style={Object {}}>
                          <span>
                            {
                            <span
                              style={
                                Object {
                                  "color": "#170",
                                }
                              }>
  -                           anonymous()
  +                           blur()
                            </span>
                            }
                          </span>
                        </span>
                      </span>
                    </span>
                    <span>
                      <span>
                        <br />
                          
                      </span>
                      <span
                        style={Object {}}>
                        onComplete
                      </span>
                      <span>
                        =
                        <span
                          style={Object {}}>
                          <span>
                            {
                            <span
                              style={
                                Object {
                                  "color": "#170",
                                }
                              }>
  -                           anonymous()
  +                           complete()
                            </span>
                            }
                          </span>
                        </span>
                      </span>
                      <br />
                    </span>
                  </span>
                  <span
                    style={
                      Object {
                        "color": "#777",
                      }
                    }>
                    />
                  </span>
                </div>
              </pre>
            </div>
            <div>
              <h1
                style={
                  Object {
                    "borderBottom": "1px solid #EEE",
  -                 "fontSize": 25,
  +                 "fontSize": "25px",
                    "margin": "20px 0 0 0",
                    "padding": "0 0 5px 0",
                  }
                }>
                Prop Types
              </h1>
              <div>
                <h2
                  style={
                    Object {
                      "margin": "20px 0 0 0",
                    }
                  }>
                  "
                  Lookup
                  " Component
                </h2>
                <table
                  style={
                    Object {
                      "borderCollapse": "separate",
                      "borderSpacing": "10px 5px",
                      "marginLeft": -10,
                    }
                  }>
                  <thead>
                    <tr>
                      <th>
                        property
                      </th>
                      <th>
                        propType
                      </th>
                      <th>
                        required
                      </th>
                      <th>
                        default
                      </th>
                    </tr>
                  </thead>
                  <tbody>
                    <tr>
                      <td>
                        lookupFilter
                      </td>
                      <td>
                        func
                      </td>
                      <td>
                        no
                      </td>
                      <td>
                        -
                      </td>
                    </tr>
                    <tr>
                      <td>
                        cols
                      </td>
                      <td>
                        number
                      </td>
                      <td>
                        no
                      </td>
                      <td>
                        -
                      </td>
                    </tr>
                    <tr>
                      <td>
                        className
                      </td>
                      <td>
                        string
                      </td>
                      <td>
                        no
                      </td>
                      <td>
                        -
                      </td>
                    </tr>
                    <tr>
                      <td>
                        listFooter
                      </td>
                      <td>
                        node
                      </td>
                      <td>
                        no
                      </td>
                      <td>
                        -
                      </td>
                    </tr>
                    <tr>
                      <td>
                        id
                      </td>
                      <td>
                        string
                      </td>
                      <td>
                        no
                      </td>
                      <td>
                        -
                      </td>
                    </tr>
                    <tr>
                      <td>
                        defaultTargetScope
                      </td>
                      <td>
                        string
                      </td>
                      <td>
                        no
                      </td>
                      <td>
                        -
                      </td>
                    </tr>
                    <tr>
                      <td>
                        defaultValue
                      </td>
                      <td>
                        string
                      </td>
                      <td>
                        no
                      </td>
                      <td>
                        -
                      </td>
                    </tr>
                    <tr>
                      <td>
                        iconAlign
                      </td>
                      <td>
                        other
                      </td>
                      <td>
                        no
                      </td>
                      <td>
                        -
                      </td>
                    </tr>
                    <tr>
                      <td>
                        defaultSelected
                      </td>
                      <td>
                        other
                      </td>
                      <td>
                        no
                      </td>
                      <td>
                        -
                      </td>
                    </tr>
                    <tr>
                      <td>
                        error
                      </td>
                      <td>
                        other
                      </td>
                      <td>
                        no
                      </td>
                      <td>
                        -
                      </td>
                    </tr>
                    <tr>
                      <td>
                        defaultOpened
                      </td>
                      <td>
                        bool
                      </td>
                      <td>
                        no
                      </td>
                      <td>
                        -
                      </td>
                    </tr>
                    <tr>
                      <td>
                        data
                      </td>
                      <td>
                        other
                      </td>
                      <td>
                        no
                      </td>
                      <td>
                        -
                      </td>
                    </tr>
                    <tr>
                      <td>
                        defaultSearchText
                      </td>
                      <td>
                        string
                      </td>
                      <td>
                        no
                      </td>
                      <td>
                        -
                      </td>
                    </tr>
                    <tr>
                      <td>
                        onSearchTextChange
                      </td>
                      <td>
                        func
                      </td>
                      <td>
                        no
                      </td>
                      <td>
                        -
                      </td>
                    </tr>
                    <tr>
                      <td>
                        loading
                      </td>
                      <td>
                        bool
                      </td>
                      <td>
                        no
                      </td>
                      <td>
                        -
                      </td>
                    </tr>
                    <tr>
                      <td>
                        label
                      </td>
                      <td>
                        string
                      </td>
                      <td>
                        no
                      </td>
                      <td>
                        -
                      </td>
                    </tr>
                    <tr>
                      <td>
                        listHeader
                      </td>
                      <td>
                        node
                      </td>
                      <td>
                        no
                      </td>
                      <td>
                        -
                      </td>
                    </tr>
                    <tr>
                      <td>
                        onScopeChange
                      </td>
                      <td>
                        func
                      </td>
                      <td>
                        no
                      </td>
                      <td>
                        -
                      </td>
                    </tr>
                    <tr>
                      <td>
                        opened
                      </td>
                      <td>
                        bool
                      </td>
                      <td>
                        no
                      </td>
                      <td>
                        -
                      </td>
                    </tr>
                    <tr>
                      <td>
                        onComplete
                      </td>
                      <td>
                        func
                      </td>
                      <td>
                        no
                      </td>
                      <td>
                        -
                      </td>
                    </tr>
                    <tr>
                      <td>
                        onSelect
                      </td>
                      <td>
                        func
                      </td>
                      <td>
                        no
                      </td>
                      <td>
                        -
                      </td>
                    </tr>
                    <tr>
                      <td>
                        onBlur
                      </td>
                      <td>
                        func
                      </td>
                      <td>
                        no
                      </td>
                      <td>
                        -
                      </td>
                    </tr>
                    <tr>
                      <td>
                        onLookupRequest
                      </td>
                      <td>
                        func
                      </td>
                      <td>
                        no
                      </td>
                      <td>
                        -
                      </td>
                    </tr>
                    <tr>
                      <td>
                        onScopeMenuClick
                      </td>
                      <td>
                        func
                      </td>
                      <td>
                        no
                      </td>
                      <td>
                        -
                      </td>
                    </tr>
                    <tr>
                      <td>
                        required
                      </td>
                      <td>
                        bool
                      </td>
                      <td>
                        no
                      </td>
                      <td>
                        -
                      </td>
                    </tr>
                    <tr>
                      <td>
                        scopes
                      </td>
                      <td>
                        other
                      </td>
                      <td>
                        no
                      </td>
                      <td>
                        -
                      </td>
                    </tr>
                    <tr>
                      <td>
                        searchText
                      </td>
                      <td>
                        string
                      </td>
                      <td>
                        no
                      </td>
                      <td>
                        -
                      </td>
                    </tr>
                    <tr>
                      <td>
                        selected
                      </td>
                      <td>
                        other
                      </td>
                      <td>
                        no
                      </td>
                      <td>
                        -
                      </td>
                    </tr>
                    <tr>
                      <td>
                        targetScope
                      </td>
                      <td>
                        string
                      </td>
                      <td>
                        no
                      </td>
                      <td>
                        -
                      </td>
                    </tr>
                    <tr>
                      <td>
                        totalCols
                      </td>
                      <td>
                        number
                      </td>
                      <td>
                        no
                      </td>
                      <td>
                        -
                      </td>
                    </tr>
                    <tr>
                      <td>
                        value
                      </td>
                      <td>
                        string
                      </td>
                      <td>
                        no
                      </td>
                      <td>
                        -
                      </td>
                    </tr>
                  </tbody>
                </table>
              </div>
            </div>
          </div>
        </div>
      </div>
    </div>


✗ With selection
  - Snapshot
  + Current story
  
  <div>
      <div
        style={
          Object {
            "position": "relative",
            "zIndex": 0,
          }
        }>
        <div
          className="slds-form-element react-slds-dropdown-form-element">
          <div
            className="slds-form-element">
            <label
              className="slds-form-element__label"
              htmlFor="form-element-$uuid$">
              Lookup Label
            </label>
            <div
              className="slds-form-element__control">
              <div
                className="slds-lookup slds-has-selection"
                data-scope="single"
                data-select="single"
                data-typeahead={false}>
                <div
                  className="">
                  <div
                    className="slds-pill__container">
                    <a
                      className="slds-pill slds-truncate"
                      onClick={[Function]}
                      onKeyDown={[Function]}>
                      <svg
                        aria-hidden={true}
                        className="slds-icon slds-icon-standard-account slds-pill__icon"
                        dangerouslySetInnerHTML={
                          Object {
                            "__html": "<use xlink:href="/assets/icons/standard-sprite/svg/symbols.svg#account"></use>",
                          }
                        }
                        style={undefined} />
                      <span
                        className="slds-pill__label">
                        Apple Inc.
                      </span>
                      <button
                        className="slds-pill__remove slds-button slds-button--icon-bare"
                        disabled={undefined}
                        onClick={[Function]}
                        tabIndex={-1}
                        type="button">
                        <svg
                          aria-hidden={true}
                          className="slds-button__icon"
                          dangerouslySetInnerHTML={
                            Object {
                              "__html": "<use xlink:href="/assets/icons/utility-sprite/svg/symbols.svg#close"></use>",
                            }
                          }
                          style={undefined} />
                        <span
                          className="slds-assistive-text">
                          Remove
                        </span>
                      </button>
                    </a>
                  </div>
                </div>
              </div>
            </div>
          </div>
          <div
            className="react-slds-dropdown-control-wrapper"
            style={undefined}>
            <div
              className="slds-form-element__control">
              <div
                className="slds-lookup__menu slds-hide"
                onKeyDown={[Function]}
                role="listbox">
                <ul
                  className="slds-lookup__list"
                  role="presentation" />
              </div>
            </div>
          </div>
        </div>
      </div>
      <a
        onClick={[Function]}
        style={
          Object {
            "background": "#28c",
            "borderRadius": "0 0 0 5px",
            "color": "#fff",
            "cursor": "pointer",
            "display": "block",
            "fontFamily": "sans-serif",
  -         "fontSize": 12,
  +         "fontSize": "12px",
            "padding": "5px 15px",
            "position": "fixed",
            "right": 0,
            "textDecoration": "none",
            "top": 0,
          }
        }>
        ?
      </a>
      <div
        style={
          Object {
            "background": "white",
            "bottom": 0,
            "display": "none",
            "left": 0,
            "overflow": "auto",
            "padding": "0 40px",
            "position": "absolute",
            "right": 0,
            "top": 0,
          }
        }>
        <a
          onClick={[Function]}
          style={
            Object {
              "background": "#28c",
              "borderRadius": "0 0 0 5px",
              "color": "#fff",
              "cursor": "pointer",
              "display": "block",
              "fontFamily": "sans-serif",
  -           "fontSize": 12,
  +           "fontSize": "12px",
              "padding": "5px 15px",
              "position": "fixed",
              "right": 0,
              "textDecoration": "none",
              "top": 0,
            }
          }>
          ×
        </a>
        <div
          style={undefined}>
          <div
            style={
              Object {
                "WebkitFontSmoothing": "antialiased",
                "color": "#444",
                "fontFamily": "
                  -apple-system, ".SFNSText-Regular", "San Francisco", "Roboto",
                  "Segoe UI", "Helvetica Neue", "Lucida Grande", sans-serif
                ",
  -             "fontSize": 15,
  +             "fontSize": "15px",
                "fontWeight": 300,
                "lineHeight": 1.45,
              }
            }>
            <div
              style={
                Object {
                  "borderBottom": "1px solid #eee",
                  "marginBottom": 10,
  +               "paddingTop": 10,
                }
              }>
              <h1
                style={
                  Object {
  -                 "fontSize": 35,
  -                 "margin": "20px 0 0 0",
  +                 "fontSize": "35px",
  +                 "margin": 0,
                    "padding": 0,
                  }
                }>
                Lookup
              </h1>
              <h2
                style={
                  Object {
  -                 "fontSize": 22,
  +                 "fontSize": "22px",
                    "fontWeight": 400,
                    "margin": "0 0 10px 0",
                    "padding": 0,
                  }
                }>
                With selection
              </h2>
            </div>
            <div
              style={
                Object {
                  "marginBottom": 0,
                }
              }>
              <p
                style={
                  Object {
                    "WebkitFontSmoothing": "antialiased",
                    "color": "#444",
                    "fontFamily": "
                      -apple-system, ".SFNSText-Regular", "San Francisco", "Roboto",
                      "Segoe UI", "Helvetica Neue", "Lucida Grande", sans-serif
                    ",
  -                 "fontSize": 15,
  +                 "fontSize": "15px",
                  }
                }>
                Lookup component with item selected
              </p>
            </div>
            <div>
              <h1
                style={
                  Object {
                    "borderBottom": "1px solid #EEE",
  -                 "fontSize": 25,
  +                 "fontSize": "25px",
                    "margin": "20px 0 0 0",
                    "padding": "0 0 5px 0",
                  }
                }>
                Story Source
              </h1>
              <pre
                style={
                  Object {
                    "backgroundColor": "#fafafa",
                    "fontFamily": "Menlo, Monaco, "Courier New", monospace",
                    "fontSize": ".88em",
                    "lineHeight": 1.5,
                    "overflowX": "scroll",
                    "padding": ".5rem",
                  }
                }>
                <div
                  style={
                    Object {
                      "paddingLeft": 18,
                      "paddingRight": 3,
                    }
                  }>
                  <span
                    style={
                      Object {
                        "color": "#777",
                      }
                    }>
                    <
                    Lookup
                  </span>
                  <span>
                    <span>
                      <span>
                        <br />
                          
                      </span>
                      <span
                        style={Object {}}>
                        label
                      </span>
                      <span>
                        =
                        <span
                          style={Object {}}>
                          <span
                            style={
                              Object {
                                "color": "#22a",
                                "wordBreak": "break-word",
                              }
                            }>
                            "
                            Lookup Label
                            "
                          </span>
                        </span>
                      </span>
                    </span>
                    <span>
                      <span>
                        <br />
                          
                      </span>
                      <span
                        style={Object {}}>
                        selected
                      </span>
                      <span>
                        =
                        <span
                          style={Object {}}>
                          <span>
                            {
                            <span
                              style={
                                Object {
                                  "color": "#666",
                                }
                              }>
                              {
                              <span
                                style={
                                  Object {
                                    "color": "#666",
                                  }
                                }>
                                icon
                              </span>
                              : 
                              <span
                                style={
                                  Object {
                                    "color": "#22a",
                                    "wordBreak": "break-word",
                                  }
                                }>
                                "
                                standard:account
                                "
                              </span>
                              , 
                              <span
                                style={
                                  Object {
                                    "color": "#666",
                                  }
                                }>
                                label
                              </span>
                              : 
                              <span
                                style={
                                  Object {
                                    "color": "#22a",
                                    "wordBreak": "break-word",
                                  }
                                }>
                                "
                                Apple Inc.
                                "
                              </span>
                              , 
                              <span
                                style={
                                  Object {
                                    "color": "#666",
                                  }
                                }>
                                value
                              </span>
                              : 
                              <span
                                style={
                                  Object {
                                    "color": "#22a",
                                    "wordBreak": "break-word",
                                  }
                                }>
                                "
                                100000
                                "
                              </span>
                              , 
                              …
                              }
                            </span>
                            }
                          </span>
                        </span>
                      </span>
                    </span>
                    <span>
                      <span>
                        <br />
                          
                      </span>
                      <span
                        style={Object {}}>
                        onSearchTextChange
                      </span>
                      <span>
                        =
                        <span
                          style={Object {}}>
                          <span>
                            {
                            <span
                              style={
                                Object {
                                  "color": "#170",
                                }
                              }>
  -                           anonymous()
  +                           searchTextChange()
                            </span>
                            }
                          </span>
                        </span>
                      </span>
                    </span>
                    <span>
                      <span>
                        <br />
                          
                      </span>
                      <span
                        style={Object {}}>
                        onLookupRequest
                      </span>
                      <span>
                        =
                        <span
                          style={Object {}}>
                          <span>
                            {
                            <span
                              style={
                                Object {
                                  "color": "#170",
                                }
                              }>
  -                           anonymous()
  +                           lookupRequest()
                            </span>
                            }
                          </span>
                        </span>
                      </span>
                    </span>
                    <span>
                      <span>
                        <br />
                          
                      </span>
                      <span
                        style={Object {}}>
                        onSelect
                      </span>
                      <span>
                        =
                        <span
                          style={Object {}}>
                          <span>
                            {
                            <span
                              style={
                                Object {
                                  "color": "#170",
                                }
                              }>
  -                           anonymous()
  +                           select()
                            </span>
                            }
                          </span>
                        </span>
                      </span>
                    </span>
                    <span>
                      <span>
                        <br />
                          
                      </span>
                      <span
                        style={Object {}}>
                        onBlur
                      </span>
                      <span>
                        =
                        <span
                          style={Object {}}>
                          <span>
                            {
                            <span
                              style={
                                Object {
                                  "color": "#170",
                                }
                              }>
  -                           anonymous()
  +                           blur()
                            </span>
                            }
                          </span>
                        </span>
                      </span>
                    </span>
                    <span>
                      <span>
                        <br />
                          
                      </span>
                      <span
                        style={Object {}}>
                        onComplete
                      </span>
                      <span>
                        =
                        <span
                          style={Object {}}>
                          <span>
                            {
                            <span
                              style={
                                Object {
                                  "color": "#170",
                                }
                              }>
  -                           anonymous()
  +                           complete()
                            </span>
                            }
                          </span>
                        </span>
                      </span>
                      <br />
                    </span>
                  </span>
                  <span
                    style={
                      Object {
                        "color": "#777",
                      }
                    }>
                    />
                  </span>
                </div>
              </pre>
            </div>
            <div>
              <h1
                style={
                  Object {
                    "borderBottom": "1px solid #EEE",
  -                 "fontSize": 25,
  +                 "fontSize": "25px",
                    "margin": "20px 0 0 0",
                    "padding": "0 0 5px 0",
                  }
                }>
                Prop Types
              </h1>
              <div>
                <h2
                  style={
                    Object {
                      "margin": "20px 0 0 0",
                    }
                  }>
                  "
                  Lookup
                  " Component
                </h2>
                <table
                  style={
                    Object {
                      "borderCollapse": "separate",
                      "borderSpacing": "10px 5px",
                      "marginLeft": -10,
                    }
                  }>
                  <thead>
                    <tr>
                      <th>
                        property
                      </th>
                      <th>
                        propType
                      </th>
                      <th>
                        required
                      </th>
                      <th>
                        default
                      </th>
                    </tr>
                  </thead>
                  <tbody>
                    <tr>
                      <td>
                        lookupFilter
                      </td>
                      <td>
                        func
                      </td>
                      <td>
                        no
                      </td>
                      <td>
                        -
                      </td>
                    </tr>
                    <tr>
                      <td>
                        cols
                      </td>
                      <td>
                        number
                      </td>
                      <td>
                        no
                      </td>
                      <td>
                        -
                      </td>
                    </tr>
                    <tr>
                      <td>
                        className
                      </td>
                      <td>
                        string
                      </td>
                      <td>
                        no
                      </td>
                      <td>
                        -
                      </td>
                    </tr>
                    <tr>
                      <td>
                        listFooter
                      </td>
                      <td>
                        node
                      </td>
                      <td>
                        no
                      </td>
                      <td>
                        -
                      </td>
                    </tr>
                    <tr>
                      <td>
                        id
                      </td>
                      <td>
                        string
                      </td>
                      <td>
                        no
                      </td>
                      <td>
                        -
                      </td>
                    </tr>
                    <tr>
                      <td>
                        defaultTargetScope
                      </td>
                      <td>
                        string
                      </td>
                      <td>
                        no
                      </td>
                      <td>
                        -
                      </td>
                    </tr>
                    <tr>
                      <td>
                        defaultValue
                      </td>
                      <td>
                        string
                      </td>
                      <td>
                        no
                      </td>
                      <td>
                        -
                      </td>
                    </tr>
                    <tr>
                      <td>
                        iconAlign
                      </td>
                      <td>
                        other
                      </td>
                      <td>
                        no
                      </td>
                      <td>
                        -
                      </td>
                    </tr>
                    <tr>
                      <td>
                        defaultSelected
                      </td>
                      <td>
                        other
                      </td>
                      <td>
                        no
                      </td>
                      <td>
                        -
                      </td>
                    </tr>
                    <tr>
                      <td>
                        error
                      </td>
                      <td>
                        other
                      </td>
                      <td>
                        no
                      </td>
                      <td>
                        -
                      </td>
                    </tr>
                    <tr>
                      <td>
                        defaultOpened
                      </td>
                      <td>
                        bool
                      </td>
                      <td>
                        no
                      </td>
                      <td>
                        -
                      </td>
                    </tr>
                    <tr>
                      <td>
                        data
                      </td>
                      <td>
                        other
                      </td>
                      <td>
                        no
                      </td>
                      <td>
                        -
                      </td>
                    </tr>
                    <tr>
                      <td>
                        defaultSearchText
                      </td>
                      <td>
                        string
                      </td>
                      <td>
                        no
                      </td>
                      <td>
                        -
                      </td>
                    </tr>
                    <tr>
                      <td>
                        onSearchTextChange
                      </td>
                      <td>
                        func
                      </td>
                      <td>
                        no
                      </td>
                      <td>
                        -
                      </td>
                    </tr>
                    <tr>
                      <td>
                        loading
                      </td>
                      <td>
                        bool
                      </td>
                      <td>
                        no
                      </td>
                      <td>
                        -
                      </td>
                    </tr>
                    <tr>
                      <td>
                        label
                      </td>
                      <td>
                        string
                      </td>
                      <td>
                        no
                      </td>
                      <td>
                        -
                      </td>
                    </tr>
                    <tr>
                      <td>
                        listHeader
                      </td>
                      <td>
                        node
                      </td>
                      <td>
                        no
                      </td>
                      <td>
                        -
                      </td>
                    </tr>
                    <tr>
                      <td>
                        onScopeChange
                      </td>
                      <td>
                        func
                      </td>
                      <td>
                        no
                      </td>
                      <td>
                        -
                      </td>
                    </tr>
                    <tr>
                      <td>
                        opened
                      </td>
                      <td>
                        bool
                      </td>
                      <td>
                        no
                      </td>
                      <td>
                        -
                      </td>
                    </tr>
                    <tr>
                      <td>
                        onComplete
                      </td>
                      <td>
                        func
                      </td>
                      <td>
                        no
                      </td>
                      <td>
                        -
                      </td>
                    </tr>
                    <tr>
                      <td>
                        onSelect
                      </td>
                      <td>
                        func
                      </td>
                      <td>
                        no
                      </td>
                      <td>
                        -
                      </td>
                    </tr>
                    <tr>
                      <td>
                        onBlur
                      </td>
                      <td>
                        func
                      </td>
                      <td>
                        no
                      </td>
                      <td>
                        -
                      </td>
                    </tr>
                    <tr>
                      <td>
                        onLookupRequest
                      </td>
                      <td>
                        func
                      </td>
                      <td>
                        no
                      </td>
                      <td>
                        -
                      </td>
                    </tr>
                    <tr>
                      <td>
                        onScopeMenuClick
                      </td>
                      <td>
                        func
                      </td>
                      <td>
                        no
                      </td>
                      <td>
                        -
                      </td>
                    </tr>
                    <tr>
                      <td>
                        required
                      </td>
                      <td>
                        bool
                      </td>
                      <td>
                        no
                      </td>
                      <td>
                        -
                      </td>
                    </tr>
                    <tr>
                      <td>
                        scopes
                      </td>
                      <td>
                        other
                      </td>
                      <td>
                        no
                      </td>
                      <td>
                        -
                      </td>
                    </tr>
                    <tr>
                      <td>
                        searchText
                      </td>
                      <td>
                        string
                      </td>
                      <td>
                        no
                      </td>
                      <td>
                        -
                      </td>
                    </tr>
                    <tr>
                      <td>
                        selected
                      </td>
                      <td>
                        other
                      </td>
                      <td>
                        no
                      </td>
                      <td>
                        -
                      </td>
                    </tr>
                    <tr>
                      <td>
                        targetScope
                      </td>
                      <td>
                        string
                      </td>
                      <td>
                        no
                      </td>
                      <td>
                        -
                      </td>
                    </tr>
                    <tr>
                      <td>
                        totalCols
                      </td>
                      <td>
                        number
                      </td>
                      <td>
                        no
                      </td>
                      <td>
                        -
                      </td>
                    </tr>
                    <tr>
                      <td>
                        value
                      </td>
                      <td>
                        string
                      </td>
                      <td>
                        no
                      </td>
                      <td>
                        -
                      </td>
                    </tr>
                  </tbody>
                </table>
              </div>
            </div>
          </div>
        </div>
      </div>
    </div>


✗ In Loading
  - Snapshot
  + Current story
  
  <div>
      <div
        style={
          Object {
            "position": "relative",
            "zIndex": 0,
          }
        }>
        <div
          className="slds-form-element react-slds-dropdown-form-element">
          <div
            className="slds-form-element">
            <label
              className="slds-form-element__label"
              htmlFor="form-element-$uuid$">
              Lookup Label
            </label>
            <div
              className="slds-form-element__control">
              <div
                className="slds-lookup"
                data-scope="single"
                data-select="single"
                data-typeahead={false}>
                <div
                  className="slds-grid slds-input-has-icon slds-input-has-icon--right">
                  <input
                    className="slds-input"
                    defaultValue={undefined}
                    id="form-element-$uuid$"
                    onBlur={[Function]}
                    onChange={[Function]}
                    onKeyDown={[Function]}
                    onSubmit={[Function]}
                    readOnly={undefined}
                    type={undefined}
                    value="A" />
                  <svg
                    aria-hidden={true}
                    className="slds-icon slds-icon-text-default slds-input__icon"
                    dangerouslySetInnerHTML={
                      Object {
                        "__html": "<use xlink:href="/assets/icons/utility-sprite/svg/symbols.svg#search"></use>",
                      }
                    }
                    onClick={[Function]}
                    style={
                      Object {
                        "cursor": "pointer",
                      }
                    } />
                </div>
              </div>
            </div>
          </div>
          <div
            className="react-slds-dropdown-control-wrapper"
            style={undefined}>
            <div
              className="slds-form-element__control">
              <div
                className="slds-lookup__menu slds-show"
                onKeyDown={[Function]}
                role="listbox">
                <ul
                  className="slds-lookup__list"
                  role="presentation">
                  <li
                    className="slds-lookup__item"
                    style={
                      Object {
                        "height": 20,
                      }
                    }>
                    <div
                      aria-hidden="false"
                      className="slds-spinner slds-spinner--small"
                      role="alert"
                      style={
                        Object {
                          "margin": "0 auto",
                        }
                      }>
                      <div
                        className="slds-spinner__dot-a" />
                      <div
                        className="slds-spinner__dot-b" />
                    </div>
                  </li>
                </ul>
              </div>
            </div>
          </div>
        </div>
      </div>
      <a
        onClick={[Function]}
        style={
          Object {
            "background": "#28c",
            "borderRadius": "0 0 0 5px",
            "color": "#fff",
            "cursor": "pointer",
            "display": "block",
            "fontFamily": "sans-serif",
  -         "fontSize": 12,
  +         "fontSize": "12px",
            "padding": "5px 15px",
            "position": "fixed",
            "right": 0,
            "textDecoration": "none",
            "top": 0,
          }
        }>
        ?
      </a>
      <div
        style={
          Object {
            "background": "white",
            "bottom": 0,
            "display": "none",
            "left": 0,
            "overflow": "auto",
            "padding": "0 40px",
            "position": "absolute",
            "right": 0,
            "top": 0,
          }
        }>
        <a
          onClick={[Function]}
          style={
            Object {
              "background": "#28c",
              "borderRadius": "0 0 0 5px",
              "color": "#fff",
              "cursor": "pointer",
              "display": "block",
              "fontFamily": "sans-serif",
  -           "fontSize": 12,
  +           "fontSize": "12px",
              "padding": "5px 15px",
              "position": "fixed",
              "right": 0,
              "textDecoration": "none",
              "top": 0,
            }
          }>
          ×
        </a>
        <div
          style={undefined}>
          <div
            style={
              Object {
                "WebkitFontSmoothing": "antialiased",
                "color": "#444",
                "fontFamily": "
                  -apple-system, ".SFNSText-Regular", "San Francisco", "Roboto",
                  "Segoe UI", "Helvetica Neue", "Lucida Grande", sans-serif
                ",
  -             "fontSize": 15,
  +             "fontSize": "15px",
                "fontWeight": 300,
                "lineHeight": 1.45,
              }
            }>
            <div
              style={
                Object {
                  "borderBottom": "1px solid #eee",
                  "marginBottom": 10,
  +               "paddingTop": 10,
                }
              }>
              <h1
                style={
                  Object {
  -                 "fontSize": 35,
  -                 "margin": "20px 0 0 0",
  +                 "fontSize": "35px",
  +                 "margin": 0,
                    "padding": 0,
                  }
                }>
                Lookup
              </h1>
              <h2
                style={
                  Object {
  -                 "fontSize": 22,
  +                 "fontSize": "22px",
                    "fontWeight": 400,
                    "margin": "0 0 10px 0",
                    "padding": 0,
                  }
                }>
                In Loading
              </h2>
            </div>
            <div
              style={
                Object {
                  "marginBottom": 0,
                }
              }>
              <p
                style={
                  Object {
                    "WebkitFontSmoothing": "antialiased",
                    "color": "#444",
                    "fontFamily": "
                      -apple-system, ".SFNSText-Regular", "San Francisco", "Roboto",
                      "Segoe UI", "Helvetica Neue", "Lucida Grande", sans-serif
                    ",
  -                 "fontSize": 15,
  +                 "fontSize": "15px",
                  }
                }>
                Lookup component in loading candidates
              </p>
            </div>
            <div>
              <h1
                style={
                  Object {
                    "borderBottom": "1px solid #EEE",
  -                 "fontSize": 25,
  +                 "fontSize": "25px",
                    "margin": "20px 0 0 0",
                    "padding": "0 0 5px 0",
                  }
                }>
                Story Source
              </h1>
              <pre
                style={
                  Object {
                    "backgroundColor": "#fafafa",
                    "fontFamily": "Menlo, Monaco, "Courier New", monospace",
                    "fontSize": ".88em",
                    "lineHeight": 1.5,
                    "overflowX": "scroll",
                    "padding": ".5rem",
                  }
                }>
                <div
                  style={
                    Object {
                      "paddingLeft": 18,
                      "paddingRight": 3,
                    }
                  }>
                  <span
                    style={
                      Object {
                        "color": "#777",
                      }
                    }>
                    <
                    Lookup
                  </span>
                  <span>
                    <span>
                      <span>
                        <br />
                          
                      </span>
                      <span
                        style={Object {}}>
                        label
                      </span>
                      <span>
                        =
                        <span
                          style={Object {}}>
                          <span
                            style={
                              Object {
                                "color": "#22a",
                                "wordBreak": "break-word",
                              }
                            }>
                            "
                            Lookup Label
                            "
                          </span>
                        </span>
                      </span>
                    </span>
                    <span>
                      <span>
                        <br />
                          
                      </span>
                      <span
                        style={Object {}}>
                        searchText
                      </span>
                      <span>
                        =
                        <span
                          style={Object {}}>
                          <span
                            style={
                              Object {
                                "color": "#22a",
                                "wordBreak": "break-word",
                              }
                            }>
                            "
                            A
                            "
                          </span>
                        </span>
                      </span>
                    </span>
                    <span>
                      <span>
                        <br />
                          
                      </span>
                      <span
                        style={Object {}}>
                        opened
                      </span>
                    </span>
                    <span>
                      <span>
                        <br />
                          
                      </span>
                      <span
                        style={Object {}}>
                        loading
                      </span>
                    </span>
                    <span>
                      <span>
                        <br />
                          
                      </span>
                      <span
                        style={Object {}}>
                        onSearchTextChange
                      </span>
                      <span>
                        =
                        <span
                          style={Object {}}>
                          <span>
                            {
                            <span
                              style={
                                Object {
                                  "color": "#170",
                                }
                              }>
  -                           anonymous()
  +                           searchTextChange()
                            </span>
                            }
                          </span>
                        </span>
                      </span>
                    </span>
                    <span>
                      <span>
                        <br />
                          
                      </span>
                      <span
                        style={Object {}}>
                        onLookupRequest
                      </span>
                      <span>
                        =
                        <span
                          style={Object {}}>
                          <span>
                            {
                            <span
                              style={
                                Object {
                                  "color": "#170",
                                }
                              }>
  -                           anonymous()
  +                           lookupRequest()
                            </span>
                            }
                          </span>
                        </span>
                      </span>
                    </span>
                    <span>
                      <span>
                        <br />
                          
                      </span>
                      <span
                        style={Object {}}>
                        onSelect
                      </span>
                      <span>
                        =
                        <span
                          style={Object {}}>
                          <span>
                            {
                            <span
                              style={
                                Object {
                                  "color": "#170",
                                }
                              }>
  -                           anonymous()
  +                           select()
                            </span>
                            }
                          </span>
                        </span>
                      </span>
                    </span>
                    <span>
                      <span>
                        <br />
                          
                      </span>
                      <span
                        style={Object {}}>
                        onBlur
                      </span>
                      <span>
                        =
                        <span
                          style={Object {}}>
                          <span>
                            {
                            <span
                              style={
                                Object {
                                  "color": "#170",
                                }
                              }>
  -                           anonymous()
  +                           blur()
                            </span>
                            }
                          </span>
                        </span>
                      </span>
                    </span>
                    <span>
                      <span>
                        <br />
                          
                      </span>
                      <span
                        style={Object {}}>
                        onComplete
                      </span>
                      <span>
                        =
                        <span
                          style={Object {}}>
                          <span>
                            {
                            <span
                              style={
                                Object {
                                  "color": "#170",
                                }
                              }>
  -                           anonymous()
  +                           complete()
                            </span>
                            }
                          </span>
                        </span>
                      </span>
                      <br />
                    </span>
                  </span>
                  <span
                    style={
                      Object {
                        "color": "#777",
                      }
                    }>
                    />
                  </span>
                </div>
              </pre>
            </div>
            <div>
              <h1
                style={
                  Object {
                    "borderBottom": "1px solid #EEE",
  -                 "fontSize": 25,
  +                 "fontSize": "25px",
                    "margin": "20px 0 0 0",
                    "padding": "0 0 5px 0",
                  }
                }>
                Prop Types
              </h1>
              <div>
                <h2
                  style={
                    Object {
                      "margin": "20px 0 0 0",
                    }
                  }>
                  "
                  Lookup
                  " Component
                </h2>
                <table
                  style={
                    Object {
                      "borderCollapse": "separate",
                      "borderSpacing": "10px 5px",
                      "marginLeft": -10,
                    }
                  }>
                  <thead>
                    <tr>
                      <th>
                        property
                      </th>
                      <th>
                        propType
                      </th>
                      <th>
                        required
                      </th>
                      <th>
                        default
                      </th>
                    </tr>
                  </thead>
                  <tbody>
                    <tr>
                      <td>
                        lookupFilter
                      </td>
                      <td>
                        func
                      </td>
                      <td>
                        no
                      </td>
                      <td>
                        -
                      </td>
                    </tr>
                    <tr>
                      <td>
                        cols
                      </td>
                      <td>
                        number
                      </td>
                      <td>
                        no
                      </td>
                      <td>
                        -
                      </td>
                    </tr>
                    <tr>
                      <td>
                        className
                      </td>
                      <td>
                        string
                      </td>
                      <td>
                        no
                      </td>
                      <td>
                        -
                      </td>
                    </tr>
                    <tr>
                      <td>
                        listFooter
                      </td>
                      <td>
                        node
                      </td>
                      <td>
                        no
                      </td>
                      <td>
                        -
                      </td>
                    </tr>
                    <tr>
                      <td>
                        id
                      </td>
                      <td>
                        string
                      </td>
                      <td>
                        no
                      </td>
                      <td>
                        -
                      </td>
                    </tr>
                    <tr>
                      <td>
                        defaultTargetScope
                      </td>
                      <td>
                        string
                      </td>
                      <td>
                        no
                      </td>
                      <td>
                        -
                      </td>
                    </tr>
                    <tr>
                      <td>
                        defaultValue
                      </td>
                      <td>
                        string
                      </td>
                      <td>
                        no
                      </td>
                      <td>
                        -
                      </td>
                    </tr>
                    <tr>
                      <td>
                        iconAlign
                      </td>
                      <td>
                        other
                      </td>
                      <td>
                        no
                      </td>
                      <td>
                        -
                      </td>
                    </tr>
                    <tr>
                      <td>
                        defaultSelected
                      </td>
                      <td>
                        other
                      </td>
                      <td>
                        no
                      </td>
                      <td>
                        -
                      </td>
                    </tr>
                    <tr>
                      <td>
                        error
                      </td>
                      <td>
                        other
                      </td>
                      <td>
                        no
                      </td>
                      <td>
                        -
                      </td>
                    </tr>
                    <tr>
                      <td>
                        defaultOpened
                      </td>
                      <td>
                        bool
                      </td>
                      <td>
                        no
                      </td>
                      <td>
                        -
                      </td>
                    </tr>
                    <tr>
                      <td>
                        data
                      </td>
                      <td>
                        other
                      </td>
                      <td>
                        no
                      </td>
                      <td>
                        -
                      </td>
                    </tr>
                    <tr>
                      <td>
                        defaultSearchText
                      </td>
                      <td>
                        string
                      </td>
                      <td>
                        no
                      </td>
                      <td>
                        -
                      </td>
                    </tr>
                    <tr>
                      <td>
                        onSearchTextChange
                      </td>
                      <td>
                        func
                      </td>
                      <td>
                        no
                      </td>
                      <td>
                        -
                      </td>
                    </tr>
                    <tr>
                      <td>
                        loading
                      </td>
                      <td>
                        bool
                      </td>
                      <td>
                        no
                      </td>
                      <td>
                        -
                      </td>
                    </tr>
                    <tr>
                      <td>
                        label
                      </td>
                      <td>
                        string
                      </td>
                      <td>
                        no
                      </td>
                      <td>
                        -
                      </td>
                    </tr>
                    <tr>
                      <td>
                        listHeader
                      </td>
                      <td>
                        node
                      </td>
                      <td>
                        no
                      </td>
                      <td>
                        -
                      </td>
                    </tr>
                    <tr>
                      <td>
                        onScopeChange
                      </td>
                      <td>
                        func
                      </td>
                      <td>
                        no
                      </td>
                      <td>
                        -
                      </td>
                    </tr>
                    <tr>
                      <td>
                        opened
                      </td>
                      <td>
                        bool
                      </td>
                      <td>
                        no
                      </td>
                      <td>
                        -
                      </td>
                    </tr>
                    <tr>
                      <td>
                        onComplete
                      </td>
                      <td>
                        func
                      </td>
                      <td>
                        no
                      </td>
                      <td>
                        -
                      </td>
                    </tr>
                    <tr>
                      <td>
                        onSelect
                      </td>
                      <td>
                        func
                      </td>
                      <td>
                        no
                      </td>
                      <td>
                        -
                      </td>
                    </tr>
                    <tr>
                      <td>
                        onBlur
                      </td>
                      <td>
                        func
                      </td>
                      <td>
                        no
                      </td>
                      <td>
                        -
                      </td>
                    </tr>
                    <tr>
                      <td>
                        onLookupRequest
                      </td>
                      <td>
                        func
                      </td>
                      <td>
                        no
                      </td>
                      <td>
                        -
                      </td>
                    </tr>
                    <tr>
                      <td>
                        onScopeMenuClick
                      </td>
                      <td>
                        func
                      </td>
                      <td>
                        no
                      </td>
                      <td>
                        -
                      </td>
                    </tr>
                    <tr>
                      <td>
                        required
                      </td>
                      <td>
                        bool
                      </td>
                      <td>
                        no
                      </td>
                      <td>
                        -
                      </td>
                    </tr>
                    <tr>
                      <td>
                        scopes
                      </td>
                      <td>
                        other
                      </td>
                      <td>
                        no
                      </td>
                      <td>
                        -
                      </td>
                    </tr>
                    <tr>
                      <td>
                        searchText
                      </td>
                      <td>
                        string
                      </td>
                      <td>
                        no
                      </td>
                      <td>
                        -
                      </td>
                    </tr>
                    <tr>
                      <td>
                        selected
                      </td>
                      <td>
                        other
                      </td>
                      <td>
                        no
                      </td>
                      <td>
                        -
                      </td>
                    </tr>
                    <tr>
                      <td>
                        targetScope
                      </td>
                      <td>
                        string
                      </td>
                      <td>
                        no
                      </td>
                      <td>
                        -
                      </td>
                    </tr>
                    <tr>
                      <td>
                        totalCols
                      </td>
                      <td>
                        number
                      </td>
                      <td>
                        no
                      </td>
                      <td>
                        -
                      </td>
                    </tr>
                    <tr>
                      <td>
                        value
                      </td>
                      <td>
                        string
                      </td>
                      <td>
                        no
                      </td>
                      <td>
                        -
                      </td>
                    </tr>
                  </tbody>
                </table>
              </div>
            </div>
          </div>
        </div>
      </div>
    </div>


✗ Active
  - Snapshot
  + Current story
  
  <div>
      <div
        style={
          Object {
            "position": "relative",
            "zIndex": 0,
          }
        }>
        <div
          className="slds-form-element react-slds-dropdown-form-element">
          <div
            className="slds-form-element">
            <label
              className="slds-form-element__label"
              htmlFor="form-element-$uuid$">
              Lookup Label
            </label>
            <div
              className="slds-form-element__control">
              <div
                className="slds-lookup"
                data-scope="single"
                data-select="single"
                data-typeahead={false}>
                <div
                  className="slds-grid slds-input-has-icon slds-input-has-icon--right">
                  <input
                    className="slds-input"
                    defaultValue={undefined}
                    id="form-element-$uuid$"
                    onBlur={[Function]}
                    onChange={[Function]}
                    onKeyDown={[Function]}
                    onSubmit={[Function]}
                    readOnly={undefined}
                    type={undefined}
                    value="A" />
                  <svg
                    aria-hidden={true}
                    className="slds-icon slds-icon-text-default slds-input__icon"
                    dangerouslySetInnerHTML={
                      Object {
                        "__html": "<use xlink:href="/assets/icons/utility-sprite/svg/symbols.svg#search"></use>",
                      }
                    }
                    onClick={[Function]}
                    style={
                      Object {
                        "cursor": "pointer",
                      }
                    } />
                </div>
              </div>
            </div>
          </div>
          <div
            className="react-slds-dropdown-control-wrapper"
            style={undefined}>
            <div
              className="slds-form-element__control">
              <div
                className="slds-lookup__menu slds-show"
                onKeyDown={[Function]}
                role="listbox">
                <ul
                  className="slds-lookup__list"
                  role="presentation">
                  <li
                    className="slds-lookup__item">
                    <a
                      className="slds-truncate react-slds-candidate"
                      onBlur={[Function]}
                      onClick={[Function]}
                      onKeyDown={[Function]}
                      role="option"
                      tabIndex={-1}>
                      <svg
                        aria-hidden={true}
                        className="slds-icon slds-icon--small slds-icon-standard-account"
                        dangerouslySetInnerHTML={
                          Object {
                            "__html": "<use xlink:href="/assets/icons/standard-sprite/svg/symbols.svg#account"></use>",
                          }
                        }
                        style={undefined} />
                      Apple Inc.
                    </a>
                  </li>
                  <li
                    className="slds-lookup__item">
                    <a
                      className="slds-truncate react-slds-candidate"
                      onBlur={[Function]}
                      onClick={[Function]}
                      onKeyDown={[Function]}
                      role="option"
                      tabIndex={-1}>
                      <svg
                        aria-hidden={true}
                        className="slds-icon slds-icon--small slds-icon-standard-account"
                        dangerouslySetInnerHTML={
                          Object {
                            "__html": "<use xlink:href="/assets/icons/standard-sprite/svg/symbols.svg#account"></use>",
                          }
                        }
                        style={undefined} />
                      Alphabet Inc.
                    </a>
                  </li>
                  <li
                    className="slds-lookup__item">
                    <a
                      className="slds-truncate react-slds-candidate"
                      onBlur={[Function]}
                      onClick={[Function]}
                      onKeyDown={[Function]}
                      role="option"
                      tabIndex={-1}>
                      <svg
                        aria-hidden={true}
                        className="slds-icon slds-icon--small slds-icon-standard-account"
                        dangerouslySetInnerHTML={
                          Object {
                            "__html": "<use xlink:href="/assets/icons/standard-sprite/svg/symbols.svg#account"></use>",
                          }
                        }
                        style={undefined} />
                      Microsoft Corporation
                    </a>
                  </li>
                  <li
                    className="slds-lookup__item">
                    <a
                      className="slds-truncate react-slds-candidate"
                      onBlur={[Function]}
                      onClick={[Function]}
                      onKeyDown={[Function]}
                      role="option"
                      tabIndex={-1}>
                      <svg
                        aria-hidden={true}
                        className="slds-icon slds-icon--small slds-icon-standard-account"
                        dangerouslySetInnerHTML={
                          Object {
                            "__html": "<use xlink:href="/assets/icons/standard-sprite/svg/symbols.svg#account"></use>",
                          }
                        }
                        style={undefined} />
                      Facebook, Inc.
                    </a>
                  </li>
                  <li
                    className="slds-lookup__item">
                    <a
                      className="slds-truncate react-slds-candidate"
                      onBlur={[Function]}
                      onClick={[Function]}
                      onKeyDown={[Function]}
                      role="option"
                      tabIndex={-1}>
                      <svg
                        aria-hidden={true}
                        className="slds-icon slds-icon--small slds-icon-standard-account"
                        dangerouslySetInnerHTML={
                          Object {
                            "__html": "<use xlink:href="/assets/icons/standard-sprite/svg/symbols.svg#account"></use>",
                          }
                        }
                        style={undefined} />
                      Intel Corporation
                    </a>
                  </li>
                  <li
                    className="slds-lookup__item">
                    <a
                      className="slds-truncate react-slds-candidate"
                      onBlur={[Function]}
                      onClick={[Function]}
                      onKeyDown={[Function]}
                      role="option"
                      tabIndex={-1}>
                      <svg
                        aria-hidden={true}
                        className="slds-icon slds-icon--small slds-icon-standard-account"
                        dangerouslySetInnerHTML={
                          Object {
                            "__html": "<use xlink:href="/assets/icons/standard-sprite/svg/symbols.svg#account"></use>",
                          }
                        }
                        style={undefined} />
                      Oracle Corporation
                    </a>
                  </li>
                  <li
                    className="slds-lookup__item">
                    <a
                      className="slds-truncate react-slds-candidate"
                      onBlur={[Function]}
                      onClick={[Function]}
                      onKeyDown={[Function]}
                      role="option"
                      tabIndex={-1}>
                      <svg
                        aria-hidden={true}
                        className="slds-icon slds-icon--small slds-icon-standard-account"
                        dangerouslySetInnerHTML={
                          Object {
                            "__html": "<use xlink:href="/assets/icons/standard-sprite/svg/symbols.svg#account"></use>",
                          }
                        }
                        style={undefined} />
                      Cisco Systems, Inc.
                    </a>
                  </li>
                  <li
                    className="slds-lookup__item">
                    <a
                      className="slds-truncate react-slds-candidate"
                      onBlur={[Function]}
                      onClick={[Function]}
                      onKeyDown={[Function]}
                      role="option"
                      tabIndex={-1}>
                      <svg
                        aria-hidden={true}
                        className="slds-icon slds-icon--small slds-icon-standard-account"
                        dangerouslySetInnerHTML={
                          Object {
                            "__html": "<use xlink:href="/assets/icons/standard-sprite/svg/symbols.svg#account"></use>",
                          }
                        }
                        style={undefined} />
                      International Business Machines Corporation
                    </a>
                  </li>
                  <li
                    className="slds-lookup__item">
                    <a
                      className="slds-truncate react-slds-candidate"
                      onBlur={[Function]}
                      onClick={[Function]}
                      onKeyDown={[Function]}
                      role="option"
                      tabIndex={-1}>
                      <svg
                        aria-hidden={true}
                        className="slds-icon slds-icon--small slds-icon-standard-account"
                        dangerouslySetInnerHTML={
                          Object {
                            "__html": "<use xlink:href="/assets/icons/standard-sprite/svg/symbols.svg#account"></use>",
                          }
                        }
                        style={undefined} />
                      QUALCOMM Incorporated
                    </a>
                  </li>
                  <li
                    className="slds-lookup__item">
                    <a
                      className="slds-truncate react-slds-candidate"
                      onBlur={[Function]}
                      onClick={[Function]}
                      onKeyDown={[Function]}
                      role="option"
                      tabIndex={-1}>
                      <svg
                        aria-hidden={true}
                        className="slds-icon slds-icon--small slds-icon-standard-account"
                        dangerouslySetInnerHTML={
                          Object {
                            "__html": "<use xlink:href="/assets/icons/standard-sprite/svg/symbols.svg#account"></use>",
                          }
                        }
                        style={undefined} />
                      Texas Instruments Incorporated
                    </a>
                  </li>
                  <li
                    className="slds-lookup__item">
                    <a
                      className="slds-truncate react-slds-candidate"
                      onBlur={[Function]}
                      onClick={[Function]}
                      onKeyDown={[Function]}
                      role="option"
                      tabIndex={-1}>
                      <svg
                        aria-hidden={true}
                        className="slds-icon slds-icon--small slds-icon-standard-account"
                        dangerouslySetInnerHTML={
                          Object {
                            "__html": "<use xlink:href="/assets/icons/standard-sprite/svg/symbols.svg#account"></use>",
                          }
                        }
                        style={undefined} />
                      Salesforce.com Inc
                    </a>
                  </li>
                  <li
                    className="slds-lookup__item">
                    <a
                      className="slds-truncate react-slds-candidate"
                      onBlur={[Function]}
                      onClick={[Function]}
                      onKeyDown={[Function]}
                      role="option"
                      tabIndex={-1}>
                      <svg
                        aria-hidden={true}
                        className="slds-icon slds-icon--small slds-icon-standard-account"
                        dangerouslySetInnerHTML={
                          Object {
                            "__html": "<use xlink:href="/assets/icons/standard-sprite/svg/symbols.svg#account"></use>",
                          }
                        }
                        style={undefined} />
                      EMC Corporation
                    </a>
                  </li>
                  <li
                    className="slds-lookup__item">
                    <a
                      className="slds-truncate react-slds-candidate"
                      onBlur={[Function]}
                      onClick={[Function]}
                      onKeyDown={[Function]}
                      role="option"
                      tabIndex={-1}>
                      <svg
                        aria-hidden={true}
                        className="slds-icon slds-icon--small slds-icon-standard-account"
                        dangerouslySetInnerHTML={
                          Object {
                            "__html": "<use xlink:href="/assets/icons/standard-sprite/svg/symbols.svg#account"></use>",
                          }
                        }
                        style={undefined} />
                      Adobe Systems Incorporated
                    </a>
                  </li>
                  <li
                    className="slds-lookup__item">
                    <a
                      className="slds-truncate react-slds-candidate"
                      onBlur={[Function]}
                      onClick={[Function]}
                      onKeyDown={[Function]}
                      role="option"
                      tabIndex={-1}>
                      <svg
                        aria-hidden={true}
                        className="slds-icon slds-icon--small slds-icon-standard-account"
                        dangerouslySetInnerHTML={
                          Object {
                            "__html": "<use xlink:href="/assets/icons/standard-sprite/svg/symbols.svg#account"></use>",
                          }
                        }
                        style={undefined} />
                      Automatic Data Processing, Inc.
                    </a>
                  </li>
                  <li
                    className="slds-lookup__item">
                    <a
                      className="slds-truncate react-slds-candidate"
                      onBlur={[Function]}
                      onClick={[Function]}
                      onKeyDown={[Function]}
                      role="option"
                      tabIndex={-1}>
                      <svg
                        aria-hidden={true}
                        className="slds-icon slds-icon--small slds-icon-standard-account"
                        dangerouslySetInnerHTML={
                          Object {
                            "__html": "<use xlink:href="/assets/icons/standard-sprite/svg/symbols.svg#account"></use>",
                          }
                        }
                        style={undefined} />
                      Cognizant Technology Solutions Corporation
                    </a>
                  </li>
                  <li
                    className="slds-lookup__item">
                    <a
                      className="slds-truncate react-slds-candidate"
                      onBlur={[Function]}
                      onClick={[Function]}
                      onKeyDown={[Function]}
                      role="option"
                      tabIndex={-1}>
                      <svg
                        aria-hidden={true}
                        className="slds-icon slds-icon--small slds-icon-standard-account"
                        dangerouslySetInnerHTML={
                          Object {
                            "__html": "<use xlink:href="/assets/icons/standard-sprite/svg/symbols.svg#account"></use>",
                          }
                        }
                        style={undefined} />
                      Broadcom Corporation
                    </a>
                  </li>
                  <li
                    className="slds-lookup__item">
                    <a
                      className="slds-truncate react-slds-candidate"
                      onBlur={[Function]}
                      onClick={[Function]}
                      onKeyDown={[Function]}
                      role="option"
                      tabIndex={-1}>
                      <svg
                        aria-hidden={true}
                        className="slds-icon slds-icon--small slds-icon-standard-account"
                        dangerouslySetInnerHTML={
                          Object {
                            "__html": "<use xlink:href="/assets/icons/standard-sprite/svg/symbols.svg#account"></use>",
                          }
                        }
                        style={undefined} />
                      Illinois Tool Works Inc.
                    </a>
                  </li>
                  <li
                    className="slds-lookup__item">
                    <a
                      className="slds-truncate react-slds-candidate"
                      onBlur={[Function]}
                      onClick={[Function]}
                      onKeyDown={[Function]}
                      role="option"
                      tabIndex={-1}>
                      <svg
                        aria-hidden={true}
                        className="slds-icon slds-icon--small slds-icon-standard-account"
                        dangerouslySetInnerHTML={
                          Object {
                            "__html": "<use xlink:href="/assets/icons/standard-sprite/svg/symbols.svg#account"></use>",
                          }
                        }
                        style={undefined} />
                      Yahoo! Inc.
                    </a>
                  </li>
                  <li
                    className="slds-lookup__item">
                    <a
                      className="slds-truncate react-slds-candidate"
                      onBlur={[Function]}
                      onClick={[Function]}
                      onKeyDown={[Function]}
                      role="option"
                      tabIndex={-1}>
                      <svg
                        aria-hidden={true}
                        className="slds-icon slds-icon--small slds-icon-standard-account"
                        dangerouslySetInnerHTML={
                          Object {
                            "__html": "<use xlink:href="/assets/icons/standard-sprite/svg/symbols.svg#account"></use>",
                          }
                        }
                        style={undefined} />
                      LinkedIn Corporation
                    </a>
                  </li>
                  <li
                    className="slds-lookup__item">
                    <a
                      className="slds-truncate react-slds-candidate"
                      onBlur={[Function]}
                      onClick={[Function]}
                      onKeyDown={[Function]}
                      role="option"
                      tabIndex={-1}>
                      <svg
                        aria-hidden={true}
                        className="slds-icon slds-icon--small slds-icon-standard-account"
                        dangerouslySetInnerHTML={
                          Object {
                            "__html": "<use xlink:href="/assets/icons/standard-sprite/svg/symbols.svg#account"></use>",
                          }
                        }
                        style={undefined} />
                      Activision Blizzard, Inc
                    </a>
                  </li>
                  <li
                    className="slds-lookup__item">
                    <a
                      className="slds-truncate react-slds-candidate"
                      onBlur={[Function]}
                      onClick={[Function]}
                      onKeyDown={[Function]}
                      role="option"
                      tabIndex={-1}>
                      <svg
                        aria-hidden={true}
                        className="slds-icon slds-icon--small slds-icon-standard-account"
                        dangerouslySetInnerHTML={
                          Object {
                            "__html": "<use xlink:href="/assets/icons/standard-sprite/svg/symbols.svg#account"></use>",
                          }
                        }
                        style={undefined} />
                      Intuit Inc.
                    </a>
                  </li>
                  <li
                    className="slds-lookup__item">
                    <a
                      className="slds-truncate react-slds-candidate"
                      onBlur={[Function]}
                      onClick={[Function]}
                      onKeyDown={[Function]}
                      role="option"
                      tabIndex={-1}>
                      <svg
                        aria-hidden={true}
                        className="slds-icon slds-icon--small slds-icon-standard-account"
                        dangerouslySetInnerHTML={
                          Object {
                            "__html": "<use xlink:href="/assets/icons/standard-sprite/svg/symbols.svg#account"></use>",
                          }
                        }
                        style={undefined} />
                      Vmware, Inc.
                    </a>
                  </li>
                  <li
                    className="slds-lookup__item">
                    <a
                      className="slds-truncate react-slds-candidate"
                      onBlur={[Function]}
                      onClick={[Function]}
                      onKeyDown={[Function]}
                      role="option"
                      tabIndex={-1}>
                      <svg
                        aria-hidden={true}
                        className="slds-icon slds-icon--small slds-icon-standard-account"
                        dangerouslySetInnerHTML={
                          Object {
                            "__html": "<use xlink:href="/assets/icons/standard-sprite/svg/symbols.svg#account"></use>",
                          }
                        }
                        style={undefined} />
                      Fiserv, Inc.
                    </a>
                  </li>
                  <li
                    className="slds-lookup__item">
                    <a
                      className="slds-truncate react-slds-candidate"
                      onBlur={[Function]}
                      onClick={[Function]}
                      onKeyDown={[Function]}
                      role="option"
                      tabIndex={-1}>
                      <svg
                        aria-hidden={true}
                        className="slds-icon slds-icon--small slds-icon-standard-account"
                        dangerouslySetInnerHTML={
                          Object {
                            "__html": "<use xlink:href="/assets/icons/standard-sprite/svg/symbols.svg#account"></use>",
                          }
                        }
                        style={undefined} />
                      Applied Materials, Inc.
                    </a>
                  </li>
                  <li
                    className="slds-lookup__item">
                    <a
                      className="slds-truncate react-slds-candidate"
                      onBlur={[Function]}
                      onClick={[Function]}
                      onKeyDown={[Function]}
                      role="option"
                      tabIndex={-1}>
                      <svg
                        aria-hidden={true}
                        className="slds-icon slds-icon--small slds-icon-standard-account"
                        dangerouslySetInnerHTML={
                          Object {
                            "__html": "<use xlink:href="/assets/icons/standard-sprite/svg/symbols.svg#account"></use>",
                          }
                        }
                        style={undefined} />
                      Cerner Corporation
                    </a>
                  </li>
                  <li
                    className="slds-lookup__item">
                    <a
                      className="slds-truncate react-slds-candidate"
                      onBlur={[Function]}
                      onClick={[Function]}
                      onKeyDown={[Function]}
                      role="option"
                      tabIndex={-1}>
                      <svg
                        aria-hidden={true}
                        className="slds-icon slds-icon--small slds-icon-standard-account"
                        dangerouslySetInnerHTML={
                          Object {
                            "__html": "<use xlink:href="/assets/icons/standard-sprite/svg/symbols.svg#account"></use>",
                          }
                        }
                        style={undefined} />
                      Electronic Arts Inc.
                    </a>
                  </li>
                  <li
                    className="slds-lookup__item">
                    <a
                      className="slds-truncate react-slds-candidate"
                      onBlur={[Function]}
                      onClick={[Function]}
                      onKeyDown={[Function]}
                      role="option"
                      tabIndex={-1}>
                      <svg
                        aria-hidden={true}
                        className="slds-icon slds-icon--small slds-icon-standard-account"
                        dangerouslySetInnerHTML={
                          Object {
                            "__html": "<use xlink:href="/assets/icons/standard-sprite/svg/symbols.svg#account"></use>",
                          }
                        }
                        style={undefined} />
                      HP Inc.
                    </a>
                  </li>
                  <li
                    className="slds-lookup__item">
                    <a
                      className="slds-truncate react-slds-candidate"
                      onBlur={[Function]}
                      onClick={[Function]}
                      onKeyDown={[Function]}
                      role="option"
                      tabIndex={-1}>
                      <svg
                        aria-hidden={true}
                        className="slds-icon slds-icon--small slds-icon-standard-account"
                        dangerouslySetInnerHTML={
                          Object {
                            "__html": "<use xlink:href="/assets/icons/standard-sprite/svg/symbols.svg#account"></use>",
                          }
                        }
                        style={undefined} />
                      Omnicom Group Inc.
                    </a>
                  </li>
                  <li
                    className="slds-lookup__item">
                    <a
                      className="slds-truncate react-slds-candidate"
                      onBlur={[Function]}
                      onClick={[Function]}
                      onKeyDown={[Function]}
                      role="option"
                      tabIndex={-1}>
                      <svg
                        aria-hidden={true}
                        className="slds-icon slds-icon--small slds-icon-standard-account"
                        dangerouslySetInnerHTML={
                          Object {
                            "__html": "<use xlink:href="/assets/icons/standard-sprite/svg/symbols.svg#account"></use>",
                          }
                        }
                        style={undefined} />
                      NVIDIA Corporation
                    </a>
                  </li>
                  <li
                    className="slds-lookup__item">
                    <a
                      className="slds-truncate react-slds-candidate"
                      onBlur={[Function]}
                      onClick={[Function]}
                      onKeyDown={[Function]}
                      role="option"
                      tabIndex={-1}>
                      <svg
                        aria-hidden={true}
                        className="slds-icon slds-icon--small slds-icon-standard-account"
                        dangerouslySetInnerHTML={
                          Object {
                            "__html": "<use xlink:href="/assets/icons/standard-sprite/svg/symbols.svg#account"></use>",
                          }
                        }
                        style={undefined} />
                      Analog Devices, Inc.
                    </a>
                  </li>
                  <li
                    className="slds-lookup__item">
                    <a
                      className="slds-truncate react-slds-candidate"
                      onBlur={[Function]}
                      onClick={[Function]}
                      onKeyDown={[Function]}
                      role="option"
                      tabIndex={-1}>
                      <svg
                        aria-hidden={true}
                        className="slds-icon slds-icon--small slds-icon-standard-account"
                        dangerouslySetInnerHTML={
                          Object {
                            "__html": "<use xlink:href="/assets/icons/standard-sprite/svg/symbols.svg#account"></use>",
                          }
                        }
                        style={undefined} />
                      SanDisk Corporation
                    </a>
                  </li>
                  <li
                    className="slds-lookup__item">
                    <a
                      className="slds-truncate react-slds-candidate"
                      onBlur={[Function]}
                      onClick={[Function]}
                      onKeyDown={[Function]}
                      role="option"
                      tabIndex={-1}>
                      <svg
                        aria-hidden={true}
                        className="slds-icon slds-icon--small slds-icon-standard-account"
                        dangerouslySetInnerHTML={
                          Object {
                            "__html": "<use xlink:href="/assets/icons/standard-sprite/svg/symbols.svg#account"></use>",
                          }
                        }
                        style={undefined} />
                      Micron Technology, Inc.
                    </a>
                  </li>
                  <li
                    className="slds-lookup__item">
                    <a
                      className="slds-truncate react-slds-candidate"
                      onBlur={[Function]}
                      onClick={[Function]}
                      onKeyDown={[Function]}
                      role="option"
                      tabIndex={-1}>
                      <svg
                        aria-hidden={true}
                        className="slds-icon slds-icon--small slds-icon-standard-account"
                        dangerouslySetInnerHTML={
                          Object {
                            "__html": "<use xlink:href="/assets/icons/standard-sprite/svg/symbols.svg#account"></use>",
                          }
                        }
                        style={undefined} />
                      Red Hat, Inc.
                    </a>
                  </li>
                  <li
                    className="slds-lookup__item">
                    <a
                      className="slds-truncate react-slds-candidate"
                      onBlur={[Function]}
                      onClick={[Function]}
                      onKeyDown={[Function]}
                      role="option"
                      tabIndex={-1}>
                      <svg
                        aria-hidden={true}
                        className="slds-icon slds-icon--small slds-icon-standard-account"
                        dangerouslySetInnerHTML={
                          Object {
                            "__html": "<use xlink:href="/assets/icons/standard-sprite/svg/symbols.svg#account"></use>",
                          }
                        }
                        style={undefined} />
                      Palo Alto Networks, Inc.
                    </a>
                  </li>
                  <li
                    className="slds-lookup__item">
                    <a
                      className="slds-truncate react-slds-candidate"
                      onBlur={[Function]}
                      onClick={[Function]}
                      onKeyDown={[Function]}
                      role="option"
                      tabIndex={-1}>
                      <svg
                        aria-hidden={true}
                        className="slds-icon slds-icon--small slds-icon-standard-account"
                        dangerouslySetInnerHTML={
                          Object {
                            "__html": "<use xlink:href="/assets/icons/standard-sprite/svg/symbols.svg#account"></use>",
                          }
                        }
                        style={undefined} />
                      Workday, Inc.
                    </a>
                  </li>
                  <li
                    className="slds-lookup__item">
                    <a
                      className="slds-truncate react-slds-candidate"
                      onBlur={[Function]}
                      onClick={[Function]}
                      onKeyDown={[Function]}
                      role="option"
                      tabIndex={-1}>
                      <svg
                        aria-hidden={true}
                        className="slds-icon slds-icon--small slds-icon-standard-account"
                        dangerouslySetInnerHTML={
                          Object {
                            "__html": "<use xlink:href="/assets/icons/standard-sprite/svg/symbols.svg#account"></use>",
                          }
                        }
                        style={undefined} />
                      Symantec Corporation
                    </a>
                  </li>
                  <li
                    className="slds-lookup__item">
                    <a
                      className="slds-truncate react-slds-candidate"
                      onBlur={[Function]}
                      onClick={[Function]}
                      onKeyDown={[Function]}
                      role="option"
                      tabIndex={-1}>
                      <svg
                        aria-hidden={true}
                        className="slds-icon slds-icon--small slds-icon-standard-account"
                        dangerouslySetInnerHTML={
                          Object {
                            "__html": "<use xlink:href="/assets/icons/standard-sprite/svg/symbols.svg#account"></use>",
                          }
                        }
                        style={undefined} />
                      Western Digital Corporation
                    </a>
                  </li>
                  <li
                    className="slds-lookup__item">
                    <a
                      className="slds-truncate react-slds-candidate"
                      onBlur={[Function]}
                      onClick={[Function]}
                      onKeyDown={[Function]}
                      role="option"
                      tabIndex={-1}>
                      <svg
                        aria-hidden={true}
                        className="slds-icon slds-icon--small slds-icon-standard-account"
                        dangerouslySetInnerHTML={
                          Object {
                            "__html": "<use xlink:href="/assets/icons/standard-sprite/svg/symbols.svg#account"></use>",
                          }
                        }
                        style={undefined} />
                      Skyworks Solutions, Inc.
                    </a>
                  </li>
                  <li
                    className="slds-lookup__item">
                    <a
                      className="slds-truncate react-slds-candidate"
                      onBlur={[Function]}
                      onClick={[Function]}
                      onKeyDown={[Function]}
                      role="option"
                      tabIndex={-1}>
                      <svg
                        aria-hidden={true}
                        className="slds-icon slds-icon--small slds-icon-standard-account"
                        dangerouslySetInnerHTML={
                          Object {
                            "__html": "<use xlink:href="/assets/icons/standard-sprite/svg/symbols.svg#account"></use>",
                          }
                        }
                        style={undefined} />
                      ServiceNow, Inc.
                    </a>
                  </li>
                  <li
                    className="slds-lookup__item">
                    <a
                      className="slds-truncate react-slds-candidate"
                      onBlur={[Function]}
                      onClick={[Function]}
                      onKeyDown={[Function]}
                      role="option"
                      tabIndex={-1}>
                      <svg
                        aria-hidden={true}
                        className="slds-icon slds-icon--small slds-icon-standard-account"
                        dangerouslySetInnerHTML={
                          Object {
                            "__html": "<use xlink:href="/assets/icons/standard-sprite/svg/symbols.svg#account"></use>",
                          }
                        }
                        style={undefined} />
                      Autodesk, Inc.
                    </a>
                  </li>
                  <li
                    className="slds-lookup__item">
                    <a
                      className="slds-truncate react-slds-candidate"
                      onBlur={[Function]}
                      onClick={[Function]}
                      onKeyDown={[Function]}
                      role="option"
                      tabIndex={-1}>
                      <svg
                        aria-hidden={true}
                        className="slds-icon slds-icon--small slds-icon-standard-account"
                        dangerouslySetInnerHTML={
                          Object {
                            "__html": "<use xlink:href="/assets/icons/standard-sprite/svg/symbols.svg#account"></use>",
                          }
                        }
                        style={undefined} />
                      Verisk Analytics, Inc.
                    </a>
                  </li>
                  <li
                    className="slds-lookup__item">
                    <a
                      className="slds-truncate react-slds-candidate"
                      onBlur={[Function]}
                      onClick={[Function]}
                      onKeyDown={[Function]}
                      role="option"
                      tabIndex={-1}>
                      <svg
                        aria-hidden={true}
                        className="slds-icon slds-icon--small slds-icon-standard-account"
                        dangerouslySetInnerHTML={
                          Object {
                            "__html": "<use xlink:href="/assets/icons/standard-sprite/svg/symbols.svg#account"></use>",
                          }
                        }
                        style={undefined} />
                      CA Inc.
                    </a>
                  </li>
                  <li
                    className="slds-lookup__item">
                    <a
                      className="slds-truncate react-slds-candidate"
                      onBlur={[Function]}
                      onClick={[Function]}
                      onKeyDown={[Function]}
                      role="option"
                      tabIndex={-1}>
                      <svg
                        aria-hidden={true}
                        className="slds-icon slds-icon--small slds-icon-standard-account"
                        dangerouslySetInnerHTML={
                          Object {
                            "__html": "<use xlink:href="/assets/icons/standard-sprite/svg/symbols.svg#account"></use>",
                          }
                        }
                        style={undefined} />
                      Lam Research Corporation
                    </a>
                  </li>
                  <li
                    className="slds-lookup__item">
                    <a
                      className="slds-truncate react-slds-candidate"
                      onBlur={[Function]}
                      onClick={[Function]}
                      onKeyDown={[Function]}
                      role="option"
                      tabIndex={-1}>
                      <svg
                        aria-hidden={true}
                        className="slds-icon slds-icon--small slds-icon-standard-account"
                        dangerouslySetInnerHTML={
                          Object {
                            "__html": "<use xlink:href="/assets/icons/standard-sprite/svg/symbols.svg#account"></use>",
                          }
                        }
                        style={undefined} />
                      Motorola Solutions, Inc.
                    </a>
                  </li>
                  <li
                    className="slds-lookup__item">
                    <a
                      className="slds-truncate react-slds-candidate"
                      onBlur={[Function]}
                      onClick={[Function]}
                      onKeyDown={[Function]}
                      role="option"
                      tabIndex={-1}>
                      <svg
                        aria-hidden={true}
                        className="slds-icon slds-icon--small slds-icon-standard-account"
                        dangerouslySetInnerHTML={
                          Object {
                            "__html": "<use xlink:href="/assets/icons/standard-sprite/svg/symbols.svg#account"></use>",
                          }
                        }
                        style={undefined} />
                      Xilinx, Inc.
                    </a>
                  </li>
                  <li
                    className="slds-lookup__item">
                    <a
                      className="slds-truncate react-slds-candidate"
                      onBlur={[Function]}
                      onClick={[Function]}
                      onKeyDown={[Function]}
                      role="option"
                      tabIndex={-1}>
                      <svg
                        aria-hidden={true}
                        className="slds-icon slds-icon--small slds-icon-standard-account"
                        dangerouslySetInnerHTML={
                          Object {
                            "__html": "<use xlink:href="/assets/icons/standard-sprite/svg/symbols.svg#account"></use>",
                          }
                        }
                        style={undefined} />
                      TripAdvisor, Inc.
                    </a>
                  </li>
                  <li
                    className="slds-lookup__item">
                    <a
                      className="slds-truncate react-slds-candidate"
                      onBlur={[Function]}
                      onClick={[Function]}
                      onKeyDown={[Function]}
                      role="option"
                      tabIndex={-1}>
                      <svg
                        aria-hidden={true}
                        className="slds-icon slds-icon--small slds-icon-standard-account"
                        dangerouslySetInnerHTML={
                          Object {
                            "__html": "<use xlink:href="/assets/icons/standard-sprite/svg/symbols.svg#account"></use>",
                          }
                        }
                        style={undefined} />
                      Citrix Systems, Inc.
                    </a>
                  </li>
                  <li
                    className="slds-lookup__item">
                    <a
                      className="slds-truncate react-slds-candidate"
                      onBlur={[Function]}
                      onClick={[Function]}
                      onKeyDown={[Function]}
                      role="option"
                      tabIndex={-1}>
                      <svg
                        aria-hidden={true}
                        className="slds-icon slds-icon--small slds-icon-standard-account"
                        dangerouslySetInnerHTML={
                          Object {
                            "__html": "<use xlink:href="/assets/icons/standard-sprite/svg/symbols.svg#account"></use>",
                          }
                        }
                        style={undefined} />
                      Juniper Networks, Inc.
                    </a>
                  </li>
                  <li
                    className="slds-lookup__item">
                    <a
                      className="slds-truncate react-slds-candidate"
                      onBlur={[Function]}
                      onClick={[Function]}
                      onKeyDown={[Function]}
                      role="option"
                      tabIndex={-1}>
                      <svg
                        aria-hidden={true}
                        className="slds-icon slds-icon--small slds-icon-standard-account"
                        dangerouslySetInnerHTML={
                          Object {
                            "__html": "<use xlink:href="/assets/icons/standard-sprite/svg/symbols.svg#account"></use>",
                          }
                        }
                        style={undefined} />
                      Maxim Integrated Products, Inc.
                    </a>
                  </li>
                </ul>
              </div>
            </div>
          </div>
        </div>
      </div>
      <a
        onClick={[Function]}
        style={
          Object {
            "background": "#28c",
            "borderRadius": "0 0 0 5px",
            "color": "#fff",
            "cursor": "pointer",
            "display": "block",
            "fontFamily": "sans-serif",
  -         "fontSize": 12,
  +         "fontSize": "12px",
            "padding": "5px 15px",
            "position": "fixed",
            "right": 0,
            "textDecoration": "none",
            "top": 0,
          }
        }>
        ?
      </a>
      <div
        style={
          Object {
            "background": "white",
            "bottom": 0,
            "display": "none",
            "left": 0,
            "overflow": "auto",
            "padding": "0 40px",
            "position": "absolute",
            "right": 0,
            "top": 0,
          }
        }>
        <a
          onClick={[Function]}
          style={
            Object {
              "background": "#28c",
              "borderRadius": "0 0 0 5px",
              "color": "#fff",
              "cursor": "pointer",
              "display": "block",
              "fontFamily": "sans-serif",
  -           "fontSize": 12,
  +           "fontSize": "12px",
              "padding": "5px 15px",
              "position": "fixed",
              "right": 0,
              "textDecoration": "none",
              "top": 0,
            }
          }>
          ×
        </a>
        <div
          style={undefined}>
          <div
            style={
              Object {
                "WebkitFontSmoothing": "antialiased",
                "color": "#444",
                "fontFamily": "
                  -apple-system, ".SFNSText-Regular", "San Francisco", "Roboto",
                  "Segoe UI", "Helvetica Neue", "Lucida Grande", sans-serif
                ",
  -             "fontSize": 15,
  +             "fontSize": "15px",
                "fontWeight": 300,
                "lineHeight": 1.45,
              }
            }>
            <div
              style={
                Object {
                  "borderBottom": "1px solid #eee",
                  "marginBottom": 10,
  +               "paddingTop": 10,
                }
              }>
              <h1
                style={
                  Object {
  -                 "fontSize": 35,
  -                 "margin": "20px 0 0 0",
  +                 "fontSize": "35px",
  +                 "margin": 0,
                    "padding": 0,
                  }
                }>
                Lookup
              </h1>
              <h2
                style={
                  Object {
  -                 "fontSize": 22,
  +                 "fontSize": "22px",
                    "fontWeight": 400,
                    "margin": "0 0 10px 0",
                    "padding": 0,
                  }
                }>
                Active
              </h2>
            </div>
            <div
              style={
                Object {
                  "marginBottom": 0,
                }
              }>
              <p
                style={
                  Object {
                    "WebkitFontSmoothing": "antialiased",
                    "color": "#444",
                    "fontFamily": "
                      -apple-system, ".SFNSText-Regular", "San Francisco", "Roboto",
                      "Segoe UI", "Helvetica Neue", "Lucida Grande", sans-serif
                    ",
  -                 "fontSize": 15,
  +                 "fontSize": "15px",
                  }
                }>
                Lookup component with candidates in dropdown
              </p>
            </div>
            <div>
              <h1
                style={
                  Object {
                    "borderBottom": "1px solid #EEE",
  -                 "fontSize": 25,
  +                 "fontSize": "25px",
                    "margin": "20px 0 0 0",
                    "padding": "0 0 5px 0",
                  }
                }>
                Story Source
              </h1>
              <pre
                style={
                  Object {
                    "backgroundColor": "#fafafa",
                    "fontFamily": "Menlo, Monaco, "Courier New", monospace",
                    "fontSize": ".88em",
                    "lineHeight": 1.5,
                    "overflowX": "scroll",
                    "padding": ".5rem",
                  }
                }>
                <div
                  style={
                    Object {
                      "paddingLeft": 18,
                      "paddingRight": 3,
                    }
                  }>
                  <span
                    style={
                      Object {
                        "color": "#777",
                      }
                    }>
                    <
                    Lookup
                  </span>
                  <span>
                    <span>
                      <span>
                        <br />
                          
                      </span>
                      <span
                        style={Object {}}>
                        label
                      </span>
                      <span>
                        =
                        <span
                          style={Object {}}>
                          <span
                            style={
                              Object {
                                "color": "#22a",
                                "wordBreak": "break-word",
                              }
                            }>
                            "
                            Lookup Label
                            "
                          </span>
                        </span>
                      </span>
                    </span>
                    <span>
                      <span>
                        <br />
                          
                      </span>
                      <span
                        style={Object {}}>
                        searchText
                      </span>
                      <span>
                        =
                        <span
                          style={Object {}}>
                          <span
                            style={
                              Object {
                                "color": "#22a",
                                "wordBreak": "break-word",
                              }
                            }>
                            "
                            A
                            "
                          </span>
                        </span>
                      </span>
                    </span>
                    <span>
                      <span>
                        <br />
                          
                      </span>
                      <span
                        style={Object {}}>
                        opened
                      </span>
                    </span>
                    <span>
                      <span>
                        <br />
                          
                      </span>
                      <span
                        style={Object {}}>
                        data
                      </span>
                      <span>
                        =
                        <span
                          style={Object {}}>
                          <span>
                            {
                            <span
                              style={
                                Object {
                                  "color": "#666",
                                }
                              }>
                              [
                              <span>
                                {
                                <span
                                  style={
                                    Object {
                                      "color": "#666",
                                    }
                                  }>
                                  {
                                  <span
                                    style={
                                      Object {
                                        "color": "#666",
                                      }
                                    }>
                                    icon
                                  </span>
                                  : 
                                  <span
                                    style={
                                      Object {
                                        "color": "#22a",
                                        "wordBreak": "break-word",
                                      }
                                    }>
                                    "
                                    standard:account
                                    "
                                  </span>
                                  , 
                                  <span
                                    style={
                                      Object {
                                        "color": "#666",
                                      }
                                    }>
                                    label
                                  </span>
                                  : 
                                  <span
                                    style={
                                      Object {
                                        "color": "#22a",
                                        "wordBreak": "break-word",
                                      }
                                    }>
                                    "
                                    Apple Inc.
                                    "
                                  </span>
                                  , 
                                  <span
                                    style={
                                      Object {
                                        "color": "#666",
                                      }
                                    }>
                                    value
                                  </span>
                                  : 
                                  <span
                                    style={
                                      Object {
                                        "color": "#22a",
                                        "wordBreak": "break-word",
                                      }
                                    }>
                                    "
                                    100000
                                    "
                                  </span>
                                  , 
                                  …
                                  }
                                </span>
                                }
                              </span>
                              , 
                              <span>
                                {
                                <span
                                  style={
                                    Object {
                                      "color": "#666",
                                    }
                                  }>
                                  {
                                  <span
                                    style={
                                      Object {
                                        "color": "#666",
                                      }
                                    }>
                                    icon
                                  </span>
                                  : 
                                  <span
                                    style={
                                      Object {
                                        "color": "#22a",
                                        "wordBreak": "break-word",
                                      }
                                    }>
                                    "
                                    standard:account
                                    "
                                  </span>
                                  , 
                                  <span
                                    style={
                                      Object {
                                        "color": "#666",
                                      }
                                    }>
                                    label
                                  </span>
                                  : 
                                  <span
                                    style={
                                      Object {
                                        "color": "#22a",
                                        "wordBreak": "break-word",
                                      }
                                    }>
                                    "
                                    Alphabet Inc.
                                    "
                                  </span>
                                  , 
                                  <span
                                    style={
                                      Object {
                                        "color": "#666",
                                      }
                                    }>
                                    value
                                  </span>
                                  : 
                                  <span
                                    style={
                                      Object {
                                        "color": "#22a",
                                        "wordBreak": "break-word",
                                      }
                                    }>
                                    "
                                    100001
                                    "
                                  </span>
                                  , 
                                  …
                                  }
                                </span>
                                }
                              </span>
                              , 
                              <span>
                                {
                                <span
                                  style={
                                    Object {
                                      "color": "#666",
                                    }
                                  }>
                                  {
                                  <span
                                    style={
                                      Object {
                                        "color": "#666",
                                      }
                                    }>
                                    icon
                                  </span>
                                  : 
                                  <span
                                    style={
                                      Object {
                                        "color": "#22a",
                                        "wordBreak": "break-word",
                                      }
                                    }>
                                    "
                                    standard:account
                                    "
                                  </span>
                                  , 
                                  <span
                                    style={
                                      Object {
                                        "color": "#666",
                                      }
                                    }>
                                    label
                                  </span>
                                  : 
                                  <span
                                    style={
                                      Object {
                                        "color": "#22a",
                                        "wordBreak": "break-word",
                                      }
                                    }>
                                    "
                                    Microsoft Corporation
                                    "
                                  </span>
                                  , 
                                  <span
                                    style={
                                      Object {
                                        "color": "#666",
                                      }
                                    }>
                                    value
                                  </span>
                                  : 
                                  <span
                                    style={
                                      Object {
                                        "color": "#22a",
                                        "wordBreak": "break-word",
                                      }
                                    }>
                                    "
                                    100002
                                    "
                                  </span>
                                  , 
                                  …
                                  }
                                </span>
                                }
                              </span>
                              , 
                              …
                              ]
                            </span>
                            }
                          </span>
                        </span>
                      </span>
                    </span>
                    <span>
                      <span>
                        <br />
                          
                      </span>
                      <span
                        style={Object {}}>
                        selected
                      </span>
                      <span>
                        =
                        <span
                          style={Object {}}>
                          <span>
                            {
                            <span
                              style={
                                Object {
                                  "color": "#777",
                                }
                              }>
                              null
                            </span>
                            }
                          </span>
                        </span>
                      </span>
                    </span>
                    <span>
                      <span>
                        <br />
                          
                      </span>
                      <span
                        style={Object {}}>
                        onSearchTextChange
                      </span>
                      <span>
                        =
                        <span
                          style={Object {}}>
                          <span>
                            {
                            <span
                              style={
                                Object {
                                  "color": "#170",
                                }
                              }>
  -                           anonymous()
  +                           searchTextChange()
                            </span>
                            }
                          </span>
                        </span>
                      </span>
                    </span>
                    <span>
                      <span>
                        <br />
                          
                      </span>
                      <span
                        style={Object {}}>
                        onLookupRequest
                      </span>
                      <span>
                        =
                        <span
                          style={Object {}}>
                          <span>
                            {
                            <span
                              style={
                                Object {
                                  "color": "#170",
                                }
                              }>
  -                           anonymous()
  +                           lookupRequest()
                            </span>
                            }
                          </span>
                        </span>
                      </span>
                    </span>
                    <span>
                      <span>
                        <br />
                          
                      </span>
                      <span
                        style={Object {}}>
                        onSelect
                      </span>
                      <span>
                        =
                        <span
                          style={Object {}}>
                          <span>
                            {
                            <span
                              style={
                                Object {
                                  "color": "#170",
                                }
                              }>
  -                           anonymous()
  +                           select()
                            </span>
                            }
                          </span>
                        </span>
                      </span>
                    </span>
                    <span>
                      <span>
                        <br />
                          
                      </span>
                      <span
                        style={Object {}}>
                        onBlur
                      </span>
                      <span>
                        =
                        <span
                          style={Object {}}>
                          <span>
                            {
                            <span
                              style={
                                Object {
                                  "color": "#170",
                                }
                              }>
  -                           anonymous()
  +                           blur()
                            </span>
                            }
                          </span>
                        </span>
                      </span>
                    </span>
                    <span>
                      <span>
                        <br />
                          
                      </span>
                      <span
                        style={Object {}}>
                        onComplete
                      </span>
                      <span>
                        =
                        <span
                          style={Object {}}>
                          <span>
                            {
                            <span
                              style={
                                Object {
                                  "color": "#170",
                                }
                              }>
  -                           anonymous()
  +                           complete()
                            </span>
                            }
                          </span>
                        </span>
                      </span>
                      <br />
                    </span>
                  </span>
                  <span
                    style={
                      Object {
                        "color": "#777",
                      }
                    }>
                    />
                  </span>
                </div>
              </pre>
            </div>
            <div>
              <h1
                style={
                  Object {
                    "borderBottom": "1px solid #EEE",
  -                 "fontSize": 25,
  +                 "fontSize": "25px",
                    "margin": "20px 0 0 0",
                    "padding": "0 0 5px 0",
                  }
                }>
                Prop Types
              </h1>
              <div>
                <h2
                  style={
                    Object {
                      "margin": "20px 0 0 0",
                    }
                  }>
                  "
                  Lookup
                  " Component
                </h2>
                <table
                  style={
                    Object {
                      "borderCollapse": "separate",
                      "borderSpacing": "10px 5px",
                      "marginLeft": -10,
                    }
                  }>
                  <thead>
                    <tr>
                      <th>
                        property
                      </th>
                      <th>
                        propType
                      </th>
                      <th>
                        required
                      </th>
                      <th>
                        default
                      </th>
                    </tr>
                  </thead>
                  <tbody>
                    <tr>
                      <td>
                        lookupFilter
                      </td>
                      <td>
                        func
                      </td>
                      <td>
                        no
                      </td>
                      <td>
                        -
                      </td>
                    </tr>
                    <tr>
                      <td>
                        cols
                      </td>
                      <td>
                        number
                      </td>
                      <td>
                        no
                      </td>
                      <td>
                        -
                      </td>
                    </tr>
                    <tr>
                      <td>
                        className
                      </td>
                      <td>
                        string
                      </td>
                      <td>
                        no
                      </td>
                      <td>
                        -
                      </td>
                    </tr>
                    <tr>
                      <td>
                        listFooter
                      </td>
                      <td>
                        node
                      </td>
                      <td>
                        no
                      </td>
                      <td>
                        -
                      </td>
                    </tr>
                    <tr>
                      <td>
                        id
                      </td>
                      <td>
                        string
                      </td>
                      <td>
                        no
                      </td>
                      <td>
                        -
                      </td>
                    </tr>
                    <tr>
                      <td>
                        defaultTargetScope
                      </td>
                      <td>
                        string
                      </td>
                      <td>
                        no
                      </td>
                      <td>
                        -
                      </td>
                    </tr>
                    <tr>
                      <td>
                        defaultValue
                      </td>
                      <td>
                        string
                      </td>
                      <td>
                        no
                      </td>
                      <td>
                        -
                      </td>
                    </tr>
                    <tr>
                      <td>
                        iconAlign
                      </td>
                      <td>
                        other
                      </td>
                      <td>
                        no
                      </td>
                      <td>
                        -
                      </td>
                    </tr>
                    <tr>
                      <td>
                        defaultSelected
                      </td>
                      <td>
                        other
                      </td>
                      <td>
                        no
                      </td>
                      <td>
                        -
                      </td>
                    </tr>
                    <tr>
                      <td>
                        error
                      </td>
                      <td>
                        other
                      </td>
                      <td>
                        no
                      </td>
                      <td>
                        -
                      </td>
                    </tr>
                    <tr>
                      <td>
                        defaultOpened
                      </td>
                      <td>
                        bool
                      </td>
                      <td>
                        no
                      </td>
                      <td>
                        -
                      </td>
                    </tr>
                    <tr>
                      <td>
                        data
                      </td>
                      <td>
                        other
                      </td>
                      <td>
                        no
                      </td>
                      <td>
                        -
                      </td>
                    </tr>
                    <tr>
                      <td>
                        defaultSearchText
                      </td>
                      <td>
                        string
                      </td>
                      <td>
                        no
                      </td>
                      <td>
                        -
                      </td>
                    </tr>
                    <tr>
                      <td>
                        onSearchTextChange
                      </td>
                      <td>
                        func
                      </td>
                      <td>
                        no
                      </td>
                      <td>
                        -
                      </td>
                    </tr>
                    <tr>
                      <td>
                        loading
                      </td>
                      <td>
                        bool
                      </td>
                      <td>
                        no
                      </td>
                      <td>
                        -
                      </td>
                    </tr>
                    <tr>
                      <td>
                        label
                      </td>
                      <td>
                        string
                      </td>
                      <td>
                        no
                      </td>
                      <td>
                        -
                      </td>
                    </tr>
                    <tr>
                      <td>
                        listHeader
                      </td>
                      <td>
                        node
                      </td>
                      <td>
                        no
                      </td>
                      <td>
                        -
                      </td>
                    </tr>
                    <tr>
                      <td>
                        onScopeChange
                      </td>
                      <td>
                        func
                      </td>
                      <td>
                        no
                      </td>
                      <td>
                        -
                      </td>
                    </tr>
                    <tr>
                      <td>
                        opened
                      </td>
                      <td>
                        bool
                      </td>
                      <td>
                        no
                      </td>
                      <td>
                        -
                      </td>
                    </tr>
                    <tr>
                      <td>
                        onComplete
                      </td>
                      <td>
                        func
                      </td>
                      <td>
                        no
                      </td>
                      <td>
                        -
                      </td>
                    </tr>
                    <tr>
                      <td>
                        onSelect
                      </td>
                      <td>
                        func
                      </td>
                      <td>
                        no
                      </td>
                      <td>
                        -
                      </td>
                    </tr>
                    <tr>
                      <td>
                        onBlur
                      </td>
                      <td>
                        func
                      </td>
                      <td>
                        no
                      </td>
                      <td>
                        -
                      </td>
                    </tr>
                    <tr>
                      <td>
                        onLookupRequest
                      </td>
                      <td>
                        func
                      </td>
                      <td>
                        no
                      </td>
                      <td>
                        -
                      </td>
                    </tr>
                    <tr>
                      <td>
                        onScopeMenuClick
                      </td>
                      <td>
                        func
                      </td>
                      <td>
                        no
                      </td>
                      <td>
                        -
                      </td>
                    </tr>
                    <tr>
                      <td>
                        required
                      </td>
                      <td>
                        bool
                      </td>
                      <td>
                        no
                      </td>
                      <td>
                        -
                      </td>
                    </tr>
                    <tr>
                      <td>
                        scopes
                      </td>
                      <td>
                        other
                      </td>
                      <td>
                        no
                      </td>
                      <td>
                        -
                      </td>
                    </tr>
                    <tr>
                      <td>
                        searchText
                      </td>
                      <td>
                        string
                      </td>
                      <td>
                        no
                      </td>
                      <td>
                        -
                      </td>
                    </tr>
                    <tr>
                      <td>
                        selected
                      </td>
                      <td>
                        other
                      </td>
                      <td>
                        no
                      </td>
                      <td>
                        -
                      </td>
                    </tr>
                    <tr>
                      <td>
                        targetScope
                      </td>
                      <td>
                        string
                      </td>
                      <td>
                        no
                      </td>
                      <td>
                        -
                      </td>
                    </tr>
                    <tr>
                      <td>
                        totalCols
                      </td>
                      <td>
                        number
                      </td>
                      <td>
                        no
                      </td>
                      <td>
                        -
                      </td>
                    </tr>
                    <tr>
                      <td>
                        value
                      </td>
                      <td>
                        string
                      </td>
                      <td>
                        no
                      </td>
                      <td>
                        -
                      </td>
                    </tr>
                  </tbody>
                </table>
              </div>
            </div>
          </div>
        </div>
      </div>
    </div>


✗ With list header/footer
  - Snapshot
  + Current story
  
  <div>
      <div
        style={
          Object {
            "position": "relative",
            "zIndex": 0,
          }
        }>
        <div
          className="slds-form-element react-slds-dropdown-form-element">
          <div
            className="slds-form-element">
            <label
              className="slds-form-element__label"
              htmlFor="form-element-$uuid$">
              Lookup Label
            </label>
            <div
              className="slds-form-element__control">
              <div
                className="slds-lookup"
                data-scope="single"
                data-select="single"
                data-typeahead={false}>
                <div
                  className="slds-grid slds-input-has-icon slds-input-has-icon--right">
                  <input
                    className="slds-input"
                    defaultValue={undefined}
                    id="form-element-$uuid$"
                    onBlur={[Function]}
                    onChange={[Function]}
                    onKeyDown={[Function]}
                    onSubmit={[Function]}
                    readOnly={undefined}
                    type={undefined}
                    value="A" />
                  <svg
                    aria-hidden={true}
                    className="slds-icon slds-icon-text-default slds-input__icon"
                    dangerouslySetInnerHTML={
                      Object {
                        "__html": "<use xlink:href="/assets/icons/utility-sprite/svg/symbols.svg#search"></use>",
                      }
                    }
                    onClick={[Function]}
                    style={
                      Object {
                        "cursor": "pointer",
                      }
                    } />
                </div>
              </div>
            </div>
          </div>
          <div
            className="react-slds-dropdown-control-wrapper"
            style={undefined}>
            <div
              className="slds-form-element__control">
              <div
                className="slds-lookup__menu slds-show"
                onKeyDown={[Function]}
                role="listbox">
                <div
                  className="slds-lookup__item">
                  <button
                    className="slds-button"
                    onClick={[Function]}
                    type="button">
                    <svg
                      aria-hidden={true}
                      className="slds-button__icon slds-button__icon--left"
                      dangerouslySetInnerHTML={
                        Object {
                          "__html": "<use xlink:href="/assets/icons/utility-sprite/svg/symbols.svg#search"></use>",
                        }
                      }
                      style={undefined} />
                    "A" in Account
                  </button>
                </div>
                <ul
                  className="slds-lookup__list"
                  role="presentation">
                  <li
                    className="slds-lookup__item">
                    <a
                      className="slds-truncate react-slds-candidate"
                      onBlur={[Function]}
                      onClick={[Function]}
                      onKeyDown={[Function]}
                      role="option"
                      tabIndex={-1}>
                      <svg
                        aria-hidden={true}
                        className="slds-icon slds-icon--small slds-icon-standard-account"
                        dangerouslySetInnerHTML={
                          Object {
                            "__html": "<use xlink:href="/assets/icons/standard-sprite/svg/symbols.svg#account"></use>",
                          }
                        }
                        style={undefined} />
                      Apple Inc.
                    </a>
                  </li>
                  <li
                    className="slds-lookup__item">
                    <a
                      className="slds-truncate react-slds-candidate"
                      onBlur={[Function]}
                      onClick={[Function]}
                      onKeyDown={[Function]}
                      role="option"
                      tabIndex={-1}>
                      <svg
                        aria-hidden={true}
                        className="slds-icon slds-icon--small slds-icon-standard-account"
                        dangerouslySetInnerHTML={
                          Object {
                            "__html": "<use xlink:href="/assets/icons/standard-sprite/svg/symbols.svg#account"></use>",
                          }
                        }
                        style={undefined} />
                      Alphabet Inc.
                    </a>
                  </li>
                  <li
                    className="slds-lookup__item">
                    <a
                      className="slds-truncate react-slds-candidate"
                      onBlur={[Function]}
                      onClick={[Function]}
                      onKeyDown={[Function]}
                      role="option"
                      tabIndex={-1}>
                      <svg
                        aria-hidden={true}
                        className="slds-icon slds-icon--small slds-icon-standard-account"
                        dangerouslySetInnerHTML={
                          Object {
                            "__html": "<use xlink:href="/assets/icons/standard-sprite/svg/symbols.svg#account"></use>",
                          }
                        }
                        style={undefined} />
                      Microsoft Corporation
                    </a>
                  </li>
                  <li
                    className="slds-lookup__item">
                    <a
                      className="slds-truncate react-slds-candidate"
                      onBlur={[Function]}
                      onClick={[Function]}
                      onKeyDown={[Function]}
                      role="option"
                      tabIndex={-1}>
                      <svg
                        aria-hidden={true}
                        className="slds-icon slds-icon--small slds-icon-standard-account"
                        dangerouslySetInnerHTML={
                          Object {
                            "__html": "<use xlink:href="/assets/icons/standard-sprite/svg/symbols.svg#account"></use>",
                          }
                        }
                        style={undefined} />
                      Facebook, Inc.
                    </a>
                  </li>
                  <li
                    className="slds-lookup__item">
                    <a
                      className="slds-truncate react-slds-candidate"
                      onBlur={[Function]}
                      onClick={[Function]}
                      onKeyDown={[Function]}
                      role="option"
                      tabIndex={-1}>
                      <svg
                        aria-hidden={true}
                        className="slds-icon slds-icon--small slds-icon-standard-account"
                        dangerouslySetInnerHTML={
                          Object {
                            "__html": "<use xlink:href="/assets/icons/standard-sprite/svg/symbols.svg#account"></use>",
                          }
                        }
                        style={undefined} />
                      Intel Corporation
                    </a>
                  </li>
                  <li
                    className="slds-lookup__item">
                    <a
                      className="slds-truncate react-slds-candidate"
                      onBlur={[Function]}
                      onClick={[Function]}
                      onKeyDown={[Function]}
                      role="option"
                      tabIndex={-1}>
                      <svg
                        aria-hidden={true}
                        className="slds-icon slds-icon--small slds-icon-standard-account"
                        dangerouslySetInnerHTML={
                          Object {
                            "__html": "<use xlink:href="/assets/icons/standard-sprite/svg/symbols.svg#account"></use>",
                          }
                        }
                        style={undefined} />
                      Oracle Corporation
                    </a>
                  </li>
                  <li
                    className="slds-lookup__item">
                    <a
                      className="slds-truncate react-slds-candidate"
                      onBlur={[Function]}
                      onClick={[Function]}
                      onKeyDown={[Function]}
                      role="option"
                      tabIndex={-1}>
                      <svg
                        aria-hidden={true}
                        className="slds-icon slds-icon--small slds-icon-standard-account"
                        dangerouslySetInnerHTML={
                          Object {
                            "__html": "<use xlink:href="/assets/icons/standard-sprite/svg/symbols.svg#account"></use>",
                          }
                        }
                        style={undefined} />
                      Cisco Systems, Inc.
                    </a>
                  </li>
                  <li
                    className="slds-lookup__item">
                    <a
                      className="slds-truncate react-slds-candidate"
                      onBlur={[Function]}
                      onClick={[Function]}
                      onKeyDown={[Function]}
                      role="option"
                      tabIndex={-1}>
                      <svg
                        aria-hidden={true}
                        className="slds-icon slds-icon--small slds-icon-standard-account"
                        dangerouslySetInnerHTML={
                          Object {
                            "__html": "<use xlink:href="/assets/icons/standard-sprite/svg/symbols.svg#account"></use>",
                          }
                        }
                        style={undefined} />
                      International Business Machines Corporation
                    </a>
                  </li>
                  <li
                    className="slds-lookup__item">
                    <a
                      className="slds-truncate react-slds-candidate"
                      onBlur={[Function]}
                      onClick={[Function]}
                      onKeyDown={[Function]}
                      role="option"
                      tabIndex={-1}>
                      <svg
                        aria-hidden={true}
                        className="slds-icon slds-icon--small slds-icon-standard-account"
                        dangerouslySetInnerHTML={
                          Object {
                            "__html": "<use xlink:href="/assets/icons/standard-sprite/svg/symbols.svg#account"></use>",
                          }
                        }
                        style={undefined} />
                      QUALCOMM Incorporated
                    </a>
                  </li>
                  <li
                    className="slds-lookup__item">
                    <a
                      className="slds-truncate react-slds-candidate"
                      onBlur={[Function]}
                      onClick={[Function]}
                      onKeyDown={[Function]}
                      role="option"
                      tabIndex={-1}>
                      <svg
                        aria-hidden={true}
                        className="slds-icon slds-icon--small slds-icon-standard-account"
                        dangerouslySetInnerHTML={
                          Object {
                            "__html": "<use xlink:href="/assets/icons/standard-sprite/svg/symbols.svg#account"></use>",
                          }
                        }
                        style={undefined} />
                      Texas Instruments Incorporated
                    </a>
                  </li>
                  <li
                    className="slds-lookup__item">
                    <a
                      className="slds-truncate react-slds-candidate"
                      onBlur={[Function]}
                      onClick={[Function]}
                      onKeyDown={[Function]}
                      role="option"
                      tabIndex={-1}>
                      <svg
                        aria-hidden={true}
                        className="slds-icon slds-icon--small slds-icon-standard-account"
                        dangerouslySetInnerHTML={
                          Object {
                            "__html": "<use xlink:href="/assets/icons/standard-sprite/svg/symbols.svg#account"></use>",
                          }
                        }
                        style={undefined} />
                      Salesforce.com Inc
                    </a>
                  </li>
                  <li
                    className="slds-lookup__item">
                    <a
                      className="slds-truncate react-slds-candidate"
                      onBlur={[Function]}
                      onClick={[Function]}
                      onKeyDown={[Function]}
                      role="option"
                      tabIndex={-1}>
                      <svg
                        aria-hidden={true}
                        className="slds-icon slds-icon--small slds-icon-standard-account"
                        dangerouslySetInnerHTML={
                          Object {
                            "__html": "<use xlink:href="/assets/icons/standard-sprite/svg/symbols.svg#account"></use>",
                          }
                        }
                        style={undefined} />
                      EMC Corporation
                    </a>
                  </li>
                  <li
                    className="slds-lookup__item">
                    <a
                      className="slds-truncate react-slds-candidate"
                      onBlur={[Function]}
                      onClick={[Function]}
                      onKeyDown={[Function]}
                      role="option"
                      tabIndex={-1}>
                      <svg
                        aria-hidden={true}
                        className="slds-icon slds-icon--small slds-icon-standard-account"
                        dangerouslySetInnerHTML={
                          Object {
                            "__html": "<use xlink:href="/assets/icons/standard-sprite/svg/symbols.svg#account"></use>",
                          }
                        }
                        style={undefined} />
                      Adobe Systems Incorporated
                    </a>
                  </li>
                  <li
                    className="slds-lookup__item">
                    <a
                      className="slds-truncate react-slds-candidate"
                      onBlur={[Function]}
                      onClick={[Function]}
                      onKeyDown={[Function]}
                      role="option"
                      tabIndex={-1}>
                      <svg
                        aria-hidden={true}
                        className="slds-icon slds-icon--small slds-icon-standard-account"
                        dangerouslySetInnerHTML={
                          Object {
                            "__html": "<use xlink:href="/assets/icons/standard-sprite/svg/symbols.svg#account"></use>",
                          }
                        }
                        style={undefined} />
                      Automatic Data Processing, Inc.
                    </a>
                  </li>
                  <li
                    className="slds-lookup__item">
                    <a
                      className="slds-truncate react-slds-candidate"
                      onBlur={[Function]}
                      onClick={[Function]}
                      onKeyDown={[Function]}
                      role="option"
                      tabIndex={-1}>
                      <svg
                        aria-hidden={true}
                        className="slds-icon slds-icon--small slds-icon-standard-account"
                        dangerouslySetInnerHTML={
                          Object {
                            "__html": "<use xlink:href="/assets/icons/standard-sprite/svg/symbols.svg#account"></use>",
                          }
                        }
                        style={undefined} />
                      Cognizant Technology Solutions Corporation
                    </a>
                  </li>
                  <li
                    className="slds-lookup__item">
                    <a
                      className="slds-truncate react-slds-candidate"
                      onBlur={[Function]}
                      onClick={[Function]}
                      onKeyDown={[Function]}
                      role="option"
                      tabIndex={-1}>
                      <svg
                        aria-hidden={true}
                        className="slds-icon slds-icon--small slds-icon-standard-account"
                        dangerouslySetInnerHTML={
                          Object {
                            "__html": "<use xlink:href="/assets/icons/standard-sprite/svg/symbols.svg#account"></use>",
                          }
                        }
                        style={undefined} />
                      Broadcom Corporation
                    </a>
                  </li>
                  <li
                    className="slds-lookup__item">
                    <a
                      className="slds-truncate react-slds-candidate"
                      onBlur={[Function]}
                      onClick={[Function]}
                      onKeyDown={[Function]}
                      role="option"
                      tabIndex={-1}>
                      <svg
                        aria-hidden={true}
                        className="slds-icon slds-icon--small slds-icon-standard-account"
                        dangerouslySetInnerHTML={
                          Object {
                            "__html": "<use xlink:href="/assets/icons/standard-sprite/svg/symbols.svg#account"></use>",
                          }
                        }
                        style={undefined} />
                      Illinois Tool Works Inc.
                    </a>
                  </li>
                  <li
                    className="slds-lookup__item">
                    <a
                      className="slds-truncate react-slds-candidate"
                      onBlur={[Function]}
                      onClick={[Function]}
                      onKeyDown={[Function]}
                      role="option"
                      tabIndex={-1}>
                      <svg
                        aria-hidden={true}
                        className="slds-icon slds-icon--small slds-icon-standard-account"
                        dangerouslySetInnerHTML={
                          Object {
                            "__html": "<use xlink:href="/assets/icons/standard-sprite/svg/symbols.svg#account"></use>",
                          }
                        }
                        style={undefined} />
                      Yahoo! Inc.
                    </a>
                  </li>
                  <li
                    className="slds-lookup__item">
                    <a
                      className="slds-truncate react-slds-candidate"
                      onBlur={[Function]}
                      onClick={[Function]}
                      onKeyDown={[Function]}
                      role="option"
                      tabIndex={-1}>
                      <svg
                        aria-hidden={true}
                        className="slds-icon slds-icon--small slds-icon-standard-account"
                        dangerouslySetInnerHTML={
                          Object {
                            "__html": "<use xlink:href="/assets/icons/standard-sprite/svg/symbols.svg#account"></use>",
                          }
                        }
                        style={undefined} />
                      LinkedIn Corporation
                    </a>
                  </li>
                  <li
                    className="slds-lookup__item">
                    <a
                      className="slds-truncate react-slds-candidate"
                      onBlur={[Function]}
                      onClick={[Function]}
                      onKeyDown={[Function]}
                      role="option"
                      tabIndex={-1}>
                      <svg
                        aria-hidden={true}
                        className="slds-icon slds-icon--small slds-icon-standard-account"
                        dangerouslySetInnerHTML={
                          Object {
                            "__html": "<use xlink:href="/assets/icons/standard-sprite/svg/symbols.svg#account"></use>",
                          }
                        }
                        style={undefined} />
                      Activision Blizzard, Inc
                    </a>
                  </li>
                  <li
                    className="slds-lookup__item">
                    <a
                      className="slds-truncate react-slds-candidate"
                      onBlur={[Function]}
                      onClick={[Function]}
                      onKeyDown={[Function]}
                      role="option"
                      tabIndex={-1}>
                      <svg
                        aria-hidden={true}
                        className="slds-icon slds-icon--small slds-icon-standard-account"
                        dangerouslySetInnerHTML={
                          Object {
                            "__html": "<use xlink:href="/assets/icons/standard-sprite/svg/symbols.svg#account"></use>",
                          }
                        }
                        style={undefined} />
                      Intuit Inc.
                    </a>
                  </li>
                  <li
                    className="slds-lookup__item">
                    <a
                      className="slds-truncate react-slds-candidate"
                      onBlur={[Function]}
                      onClick={[Function]}
                      onKeyDown={[Function]}
                      role="option"
                      tabIndex={-1}>
                      <svg
                        aria-hidden={true}
                        className="slds-icon slds-icon--small slds-icon-standard-account"
                        dangerouslySetInnerHTML={
                          Object {
                            "__html": "<use xlink:href="/assets/icons/standard-sprite/svg/symbols.svg#account"></use>",
                          }
                        }
                        style={undefined} />
                      Vmware, Inc.
                    </a>
                  </li>
                  <li
                    className="slds-lookup__item">
                    <a
                      className="slds-truncate react-slds-candidate"
                      onBlur={[Function]}
                      onClick={[Function]}
                      onKeyDown={[Function]}
                      role="option"
                      tabIndex={-1}>
                      <svg
                        aria-hidden={true}
                        className="slds-icon slds-icon--small slds-icon-standard-account"
                        dangerouslySetInnerHTML={
                          Object {
                            "__html": "<use xlink:href="/assets/icons/standard-sprite/svg/symbols.svg#account"></use>",
                          }
                        }
                        style={undefined} />
                      Fiserv, Inc.
                    </a>
                  </li>
                  <li
                    className="slds-lookup__item">
                    <a
                      className="slds-truncate react-slds-candidate"
                      onBlur={[Function]}
                      onClick={[Function]}
                      onKeyDown={[Function]}
                      role="option"
                      tabIndex={-1}>
                      <svg
                        aria-hidden={true}
                        className="slds-icon slds-icon--small slds-icon-standard-account"
                        dangerouslySetInnerHTML={
                          Object {
                            "__html": "<use xlink:href="/assets/icons/standard-sprite/svg/symbols.svg#account"></use>",
                          }
                        }
                        style={undefined} />
                      Applied Materials, Inc.
                    </a>
                  </li>
                  <li
                    className="slds-lookup__item">
                    <a
                      className="slds-truncate react-slds-candidate"
                      onBlur={[Function]}
                      onClick={[Function]}
                      onKeyDown={[Function]}
                      role="option"
                      tabIndex={-1}>
                      <svg
                        aria-hidden={true}
                        className="slds-icon slds-icon--small slds-icon-standard-account"
                        dangerouslySetInnerHTML={
                          Object {
                            "__html": "<use xlink:href="/assets/icons/standard-sprite/svg/symbols.svg#account"></use>",
                          }
                        }
                        style={undefined} />
                      Cerner Corporation
                    </a>
                  </li>
                  <li
                    className="slds-lookup__item">
                    <a
                      className="slds-truncate react-slds-candidate"
                      onBlur={[Function]}
                      onClick={[Function]}
                      onKeyDown={[Function]}
                      role="option"
                      tabIndex={-1}>
                      <svg
                        aria-hidden={true}
                        className="slds-icon slds-icon--small slds-icon-standard-account"
                        dangerouslySetInnerHTML={
                          Object {
                            "__html": "<use xlink:href="/assets/icons/standard-sprite/svg/symbols.svg#account"></use>",
                          }
                        }
                        style={undefined} />
                      Electronic Arts Inc.
                    </a>
                  </li>
                  <li
                    className="slds-lookup__item">
                    <a
                      className="slds-truncate react-slds-candidate"
                      onBlur={[Function]}
                      onClick={[Function]}
                      onKeyDown={[Function]}
                      role="option"
                      tabIndex={-1}>
                      <svg
                        aria-hidden={true}
                        className="slds-icon slds-icon--small slds-icon-standard-account"
                        dangerouslySetInnerHTML={
                          Object {
                            "__html": "<use xlink:href="/assets/icons/standard-sprite/svg/symbols.svg#account"></use>",
                          }
                        }
                        style={undefined} />
                      HP Inc.
                    </a>
                  </li>
                  <li
                    className="slds-lookup__item">
                    <a
                      className="slds-truncate react-slds-candidate"
                      onBlur={[Function]}
                      onClick={[Function]}
                      onKeyDown={[Function]}
                      role="option"
                      tabIndex={-1}>
                      <svg
                        aria-hidden={true}
                        className="slds-icon slds-icon--small slds-icon-standard-account"
                        dangerouslySetInnerHTML={
                          Object {
                            "__html": "<use xlink:href="/assets/icons/standard-sprite/svg/symbols.svg#account"></use>",
                          }
                        }
                        style={undefined} />
                      Omnicom Group Inc.
                    </a>
                  </li>
                  <li
                    className="slds-lookup__item">
                    <a
                      className="slds-truncate react-slds-candidate"
                      onBlur={[Function]}
                      onClick={[Function]}
                      onKeyDown={[Function]}
                      role="option"
                      tabIndex={-1}>
                      <svg
                        aria-hidden={true}
                        className="slds-icon slds-icon--small slds-icon-standard-account"
                        dangerouslySetInnerHTML={
                          Object {
                            "__html": "<use xlink:href="/assets/icons/standard-sprite/svg/symbols.svg#account"></use>",
                          }
                        }
                        style={undefined} />
                      NVIDIA Corporation
                    </a>
                  </li>
                  <li
                    className="slds-lookup__item">
                    <a
                      className="slds-truncate react-slds-candidate"
                      onBlur={[Function]}
                      onClick={[Function]}
                      onKeyDown={[Function]}
                      role="option"
                      tabIndex={-1}>
                      <svg
                        aria-hidden={true}
                        className="slds-icon slds-icon--small slds-icon-standard-account"
                        dangerouslySetInnerHTML={
                          Object {
                            "__html": "<use xlink:href="/assets/icons/standard-sprite/svg/symbols.svg#account"></use>",
                          }
                        }
                        style={undefined} />
                      Analog Devices, Inc.
                    </a>
                  </li>
                  <li
                    className="slds-lookup__item">
                    <a
                      className="slds-truncate react-slds-candidate"
                      onBlur={[Function]}
                      onClick={[Function]}
                      onKeyDown={[Function]}
                      role="option"
                      tabIndex={-1}>
                      <svg
                        aria-hidden={true}
                        className="slds-icon slds-icon--small slds-icon-standard-account"
                        dangerouslySetInnerHTML={
                          Object {
                            "__html": "<use xlink:href="/assets/icons/standard-sprite/svg/symbols.svg#account"></use>",
                          }
                        }
                        style={undefined} />
                      SanDisk Corporation
                    </a>
                  </li>
                  <li
                    className="slds-lookup__item">
                    <a
                      className="slds-truncate react-slds-candidate"
                      onBlur={[Function]}
                      onClick={[Function]}
                      onKeyDown={[Function]}
                      role="option"
                      tabIndex={-1}>
                      <svg
                        aria-hidden={true}
                        className="slds-icon slds-icon--small slds-icon-standard-account"
                        dangerouslySetInnerHTML={
                          Object {
                            "__html": "<use xlink:href="/assets/icons/standard-sprite/svg/symbols.svg#account"></use>",
                          }
                        }
                        style={undefined} />
                      Micron Technology, Inc.
                    </a>
                  </li>
                  <li
                    className="slds-lookup__item">
                    <a
                      className="slds-truncate react-slds-candidate"
                      onBlur={[Function]}
                      onClick={[Function]}
                      onKeyDown={[Function]}
                      role="option"
                      tabIndex={-1}>
                      <svg
                        aria-hidden={true}
                        className="slds-icon slds-icon--small slds-icon-standard-account"
                        dangerouslySetInnerHTML={
                          Object {
                            "__html": "<use xlink:href="/assets/icons/standard-sprite/svg/symbols.svg#account"></use>",
                          }
                        }
                        style={undefined} />
                      Red Hat, Inc.
                    </a>
                  </li>
                  <li
                    className="slds-lookup__item">
                    <a
                      className="slds-truncate react-slds-candidate"
                      onBlur={[Function]}
                      onClick={[Function]}
                      onKeyDown={[Function]}
                      role="option"
                      tabIndex={-1}>
                      <svg
                        aria-hidden={true}
                        className="slds-icon slds-icon--small slds-icon-standard-account"
                        dangerouslySetInnerHTML={
                          Object {
                            "__html": "<use xlink:href="/assets/icons/standard-sprite/svg/symbols.svg#account"></use>",
                          }
                        }
                        style={undefined} />
                      Palo Alto Networks, Inc.
                    </a>
                  </li>
                  <li
                    className="slds-lookup__item">
                    <a
                      className="slds-truncate react-slds-candidate"
                      onBlur={[Function]}
                      onClick={[Function]}
                      onKeyDown={[Function]}
                      role="option"
                      tabIndex={-1}>
                      <svg
                        aria-hidden={true}
                        className="slds-icon slds-icon--small slds-icon-standard-account"
                        dangerouslySetInnerHTML={
                          Object {
                            "__html": "<use xlink:href="/assets/icons/standard-sprite/svg/symbols.svg#account"></use>",
                          }
                        }
                        style={undefined} />
                      Workday, Inc.
                    </a>
                  </li>
                  <li
                    className="slds-lookup__item">
                    <a
                      className="slds-truncate react-slds-candidate"
                      onBlur={[Function]}
                      onClick={[Function]}
                      onKeyDown={[Function]}
                      role="option"
                      tabIndex={-1}>
                      <svg
                        aria-hidden={true}
                        className="slds-icon slds-icon--small slds-icon-standard-account"
                        dangerouslySetInnerHTML={
                          Object {
                            "__html": "<use xlink:href="/assets/icons/standard-sprite/svg/symbols.svg#account"></use>",
                          }
                        }
                        style={undefined} />
                      Symantec Corporation
                    </a>
                  </li>
                  <li
                    className="slds-lookup__item">
                    <a
                      className="slds-truncate react-slds-candidate"
                      onBlur={[Function]}
                      onClick={[Function]}
                      onKeyDown={[Function]}
                      role="option"
                      tabIndex={-1}>
                      <svg
                        aria-hidden={true}
                        className="slds-icon slds-icon--small slds-icon-standard-account"
                        dangerouslySetInnerHTML={
                          Object {
                            "__html": "<use xlink:href="/assets/icons/standard-sprite/svg/symbols.svg#account"></use>",
                          }
                        }
                        style={undefined} />
                      Western Digital Corporation
                    </a>
                  </li>
                  <li
                    className="slds-lookup__item">
                    <a
                      className="slds-truncate react-slds-candidate"
                      onBlur={[Function]}
                      onClick={[Function]}
                      onKeyDown={[Function]}
                      role="option"
                      tabIndex={-1}>
                      <svg
                        aria-hidden={true}
                        className="slds-icon slds-icon--small slds-icon-standard-account"
                        dangerouslySetInnerHTML={
                          Object {
                            "__html": "<use xlink:href="/assets/icons/standard-sprite/svg/symbols.svg#account"></use>",
                          }
                        }
                        style={undefined} />
                      Skyworks Solutions, Inc.
                    </a>
                  </li>
                  <li
                    className="slds-lookup__item">
                    <a
                      className="slds-truncate react-slds-candidate"
                      onBlur={[Function]}
                      onClick={[Function]}
                      onKeyDown={[Function]}
                      role="option"
                      tabIndex={-1}>
                      <svg
                        aria-hidden={true}
                        className="slds-icon slds-icon--small slds-icon-standard-account"
                        dangerouslySetInnerHTML={
                          Object {
                            "__html": "<use xlink:href="/assets/icons/standard-sprite/svg/symbols.svg#account"></use>",
                          }
                        }
                        style={undefined} />
                      ServiceNow, Inc.
                    </a>
                  </li>
                  <li
                    className="slds-lookup__item">
                    <a
                      className="slds-truncate react-slds-candidate"
                      onBlur={[Function]}
                      onClick={[Function]}
                      onKeyDown={[Function]}
                      role="option"
                      tabIndex={-1}>
                      <svg
                        aria-hidden={true}
                        className="slds-icon slds-icon--small slds-icon-standard-account"
                        dangerouslySetInnerHTML={
                          Object {
                            "__html": "<use xlink:href="/assets/icons/standard-sprite/svg/symbols.svg#account"></use>",
                          }
                        }
                        style={undefined} />
                      Autodesk, Inc.
                    </a>
                  </li>
                  <li
                    className="slds-lookup__item">
                    <a
                      className="slds-truncate react-slds-candidate"
                      onBlur={[Function]}
                      onClick={[Function]}
                      onKeyDown={[Function]}
                      role="option"
                      tabIndex={-1}>
                      <svg
                        aria-hidden={true}
                        className="slds-icon slds-icon--small slds-icon-standard-account"
                        dangerouslySetInnerHTML={
                          Object {
                            "__html": "<use xlink:href="/assets/icons/standard-sprite/svg/symbols.svg#account"></use>",
                          }
                        }
                        style={undefined} />
                      Verisk Analytics, Inc.
                    </a>
                  </li>
                  <li
                    className="slds-lookup__item">
                    <a
                      className="slds-truncate react-slds-candidate"
                      onBlur={[Function]}
                      onClick={[Function]}
                      onKeyDown={[Function]}
                      role="option"
                      tabIndex={-1}>
                      <svg
                        aria-hidden={true}
                        className="slds-icon slds-icon--small slds-icon-standard-account"
                        dangerouslySetInnerHTML={
                          Object {
                            "__html": "<use xlink:href="/assets/icons/standard-sprite/svg/symbols.svg#account"></use>",
                          }
                        }
                        style={undefined} />
                      CA Inc.
                    </a>
                  </li>
                  <li
                    className="slds-lookup__item">
                    <a
                      className="slds-truncate react-slds-candidate"
                      onBlur={[Function]}
                      onClick={[Function]}
                      onKeyDown={[Function]}
                      role="option"
                      tabIndex={-1}>
                      <svg
                        aria-hidden={true}
                        className="slds-icon slds-icon--small slds-icon-standard-account"
                        dangerouslySetInnerHTML={
                          Object {
                            "__html": "<use xlink:href="/assets/icons/standard-sprite/svg/symbols.svg#account"></use>",
                          }
                        }
                        style={undefined} />
                      Lam Research Corporation
                    </a>
                  </li>
                  <li
                    className="slds-lookup__item">
                    <a
                      className="slds-truncate react-slds-candidate"
                      onBlur={[Function]}
                      onClick={[Function]}
                      onKeyDown={[Function]}
                      role="option"
                      tabIndex={-1}>
                      <svg
                        aria-hidden={true}
                        className="slds-icon slds-icon--small slds-icon-standard-account"
                        dangerouslySetInnerHTML={
                          Object {
                            "__html": "<use xlink:href="/assets/icons/standard-sprite/svg/symbols.svg#account"></use>",
                          }
                        }
                        style={undefined} />
                      Motorola Solutions, Inc.
                    </a>
                  </li>
                  <li
                    className="slds-lookup__item">
                    <a
                      className="slds-truncate react-slds-candidate"
                      onBlur={[Function]}
                      onClick={[Function]}
                      onKeyDown={[Function]}
                      role="option"
                      tabIndex={-1}>
                      <svg
                        aria-hidden={true}
                        className="slds-icon slds-icon--small slds-icon-standard-account"
                        dangerouslySetInnerHTML={
                          Object {
                            "__html": "<use xlink:href="/assets/icons/standard-sprite/svg/symbols.svg#account"></use>",
                          }
                        }
                        style={undefined} />
                      Xilinx, Inc.
                    </a>
                  </li>
                  <li
                    className="slds-lookup__item">
                    <a
                      className="slds-truncate react-slds-candidate"
                      onBlur={[Function]}
                      onClick={[Function]}
                      onKeyDown={[Function]}
                      role="option"
                      tabIndex={-1}>
                      <svg
                        aria-hidden={true}
                        className="slds-icon slds-icon--small slds-icon-standard-account"
                        dangerouslySetInnerHTML={
                          Object {
                            "__html": "<use xlink:href="/assets/icons/standard-sprite/svg/symbols.svg#account"></use>",
                          }
                        }
                        style={undefined} />
                      TripAdvisor, Inc.
                    </a>
                  </li>
                  <li
                    className="slds-lookup__item">
                    <a
                      className="slds-truncate react-slds-candidate"
                      onBlur={[Function]}
                      onClick={[Function]}
                      onKeyDown={[Function]}
                      role="option"
                      tabIndex={-1}>
                      <svg
                        aria-hidden={true}
                        className="slds-icon slds-icon--small slds-icon-standard-account"
                        dangerouslySetInnerHTML={
                          Object {
                            "__html": "<use xlink:href="/assets/icons/standard-sprite/svg/symbols.svg#account"></use>",
                          }
                        }
                        style={undefined} />
                      Citrix Systems, Inc.
                    </a>
                  </li>
                  <li
                    className="slds-lookup__item">
                    <a
                      className="slds-truncate react-slds-candidate"
                      onBlur={[Function]}
                      onClick={[Function]}
                      onKeyDown={[Function]}
                      role="option"
                      tabIndex={-1}>
                      <svg
                        aria-hidden={true}
                        className="slds-icon slds-icon--small slds-icon-standard-account"
                        dangerouslySetInnerHTML={
                          Object {
                            "__html": "<use xlink:href="/assets/icons/standard-sprite/svg/symbols.svg#account"></use>",
                          }
                        }
                        style={undefined} />
                      Juniper Networks, Inc.
                    </a>
                  </li>
                  <li
                    className="slds-lookup__item">
                    <a
                      className="slds-truncate react-slds-candidate"
                      onBlur={[Function]}
                      onClick={[Function]}
                      onKeyDown={[Function]}
                      role="option"
                      tabIndex={-1}>
                      <svg
                        aria-hidden={true}
                        className="slds-icon slds-icon--small slds-icon-standard-account"
                        dangerouslySetInnerHTML={
                          Object {
                            "__html": "<use xlink:href="/assets/icons/standard-sprite/svg/symbols.svg#account"></use>",
                          }
                        }
                        style={undefined} />
                      Maxim Integrated Products, Inc.
                    </a>
                  </li>
                </ul>
                <div
                  className="slds-lookup__item">
                  <button
                    className="slds-button"
                    onClick={[Function]}
                    type="button">
                    <svg
                      aria-hidden={true}
                      className="slds-button__icon slds-button__icon--left"
                      dangerouslySetInnerHTML={
                        Object {
                          "__html": "<use xlink:href="/assets/icons/utility-sprite/svg/symbols.svg#add"></use>",
                        }
                      }
                      style={undefined} />
                    Add new Account
                  </button>
                </div>
              </div>
            </div>
          </div>
        </div>
      </div>
      <a
        onClick={[Function]}
        style={
          Object {
            "background": "#28c",
            "borderRadius": "0 0 0 5px",
            "color": "#fff",
            "cursor": "pointer",
            "display": "block",
            "fontFamily": "sans-serif",
  -         "fontSize": 12,
  +         "fontSize": "12px",
            "padding": "5px 15px",
            "position": "fixed",
            "right": 0,
            "textDecoration": "none",
            "top": 0,
          }
        }>
        ?
      </a>
      <div
        style={
          Object {
            "background": "white",
            "bottom": 0,
            "display": "none",
            "left": 0,
            "overflow": "auto",
            "padding": "0 40px",
            "position": "absolute",
            "right": 0,
            "top": 0,
          }
        }>
        <a
          onClick={[Function]}
          style={
            Object {
              "background": "#28c",
              "borderRadius": "0 0 0 5px",
              "color": "#fff",
              "cursor": "pointer",
              "display": "block",
              "fontFamily": "sans-serif",
  -           "fontSize": 12,
  +           "fontSize": "12px",
              "padding": "5px 15px",
              "position": "fixed",
              "right": 0,
              "textDecoration": "none",
              "top": 0,
            }
          }>
          ×
        </a>
        <div
          style={undefined}>
          <div
            style={
              Object {
                "WebkitFontSmoothing": "antialiased",
                "color": "#444",
                "fontFamily": "
                  -apple-system, ".SFNSText-Regular", "San Francisco", "Roboto",
                  "Segoe UI", "Helvetica Neue", "Lucida Grande", sans-serif
                ",
  -             "fontSize": 15,
  +             "fontSize": "15px",
                "fontWeight": 300,
                "lineHeight": 1.45,
              }
            }>
            <div
              style={
                Object {
                  "borderBottom": "1px solid #eee",
                  "marginBottom": 10,
  +               "paddingTop": 10,
                }
              }>
              <h1
                style={
                  Object {
  -                 "fontSize": 35,
  -                 "margin": "20px 0 0 0",
  +                 "fontSize": "35px",
  +                 "margin": 0,
                    "padding": 0,
                  }
                }>
                Lookup
              </h1>
              <h2
                style={
                  Object {
  -                 "fontSize": 22,
  +                 "fontSize": "22px",
                    "fontWeight": 400,
                    "margin": "0 0 10px 0",
                    "padding": 0,
                  }
                }>
                With list header/footer
              </h2>
            </div>
            <div
              style={
                Object {
                  "marginBottom": 0,
                }
              }>
              <p
                style={
                  Object {
                    "WebkitFontSmoothing": "antialiased",
                    "color": "#444",
                    "fontFamily": "
                      -apple-system, ".SFNSText-Regular", "San Francisco", "Roboto",
                      "Segoe UI", "Helvetica Neue", "Lucida Grande", sans-serif
                    ",
  -                 "fontSize": 15,
  +                 "fontSize": "15px",
                  }
                }>
                Lookup component with header/footer component in the candidate list
              </p>
            </div>
            <div>
              <h1
                style={
                  Object {
                    "borderBottom": "1px solid #EEE",
  -                 "fontSize": 25,
  +                 "fontSize": "25px",
                    "margin": "20px 0 0 0",
                    "padding": "0 0 5px 0",
                  }
                }>
                Story Source
              </h1>
              <pre
                style={
                  Object {
                    "backgroundColor": "#fafafa",
                    "fontFamily": "Menlo, Monaco, "Courier New", monospace",
                    "fontSize": ".88em",
                    "lineHeight": 1.5,
                    "overflowX": "scroll",
                    "padding": ".5rem",
                  }
                }>
                <div
                  style={
                    Object {
                      "paddingLeft": 18,
                      "paddingRight": 3,
                    }
                  }>
                  <span
                    style={
                      Object {
                        "color": "#777",
                      }
                    }>
                    <
                    Lookup
                  </span>
                  <span>
                    <span>
                      <span>
                        <br />
                          
                      </span>
                      <span
                        style={Object {}}>
                        label
                      </span>
                      <span>
                        =
                        <span
                          style={Object {}}>
                          <span
                            style={
                              Object {
                                "color": "#22a",
                                "wordBreak": "break-word",
                              }
                            }>
                            "
                            Lookup Label
                            "
                          </span>
                        </span>
                      </span>
                    </span>
                    <span>
                      <span>
                        <br />
                          
                      </span>
                      <span
                        style={Object {}}>
                        searchText
                      </span>
                      <span>
                        =
                        <span
                          style={Object {}}>
                          <span
                            style={
                              Object {
                                "color": "#22a",
                                "wordBreak": "break-word",
                              }
                            }>
                            "
                            A
                            "
                          </span>
                        </span>
                      </span>
                    </span>
                    <span>
                      <span>
                        <br />
                          
                      </span>
                      <span
                        style={Object {}}>
                        opened
                      </span>
                    </span>
                    <span>
                      <span>
                        <br />
                          
                      </span>
                      <span
                        style={Object {}}>
                        data
                      </span>
                      <span>
                        =
                        <span
                          style={Object {}}>
                          <span>
                            {
                            <span
                              style={
                                Object {
                                  "color": "#666",
                                }
                              }>
                              [
                              <span>
                                {
                                <span
                                  style={
                                    Object {
                                      "color": "#666",
                                    }
                                  }>
                                  {
                                  <span
                                    style={
                                      Object {
                                        "color": "#666",
                                      }
                                    }>
                                    icon
                                  </span>
                                  : 
                                  <span
                                    style={
                                      Object {
                                        "color": "#22a",
                                        "wordBreak": "break-word",
                                      }
                                    }>
                                    "
                                    standard:account
                                    "
                                  </span>
                                  , 
                                  <span
                                    style={
                                      Object {
                                        "color": "#666",
                                      }
                                    }>
                                    label
                                  </span>
                                  : 
                                  <span
                                    style={
                                      Object {
                                        "color": "#22a",
                                        "wordBreak": "break-word",
                                      }
                                    }>
                                    "
                                    Apple Inc.
                                    "
                                  </span>
                                  , 
                                  <span
                                    style={
                                      Object {
                                        "color": "#666",
                                      }
                                    }>
                                    value
                                  </span>
                                  : 
                                  <span
                                    style={
                                      Object {
                                        "color": "#22a",
                                        "wordBreak": "break-word",
                                      }
                                    }>
                                    "
                                    100000
                                    "
                                  </span>
                                  , 
                                  …
                                  }
                                </span>
                                }
                              </span>
                              , 
                              <span>
                                {
                                <span
                                  style={
                                    Object {
                                      "color": "#666",
                                    }
                                  }>
                                  {
                                  <span
                                    style={
                                      Object {
                                        "color": "#666",
                                      }
                                    }>
                                    icon
                                  </span>
                                  : 
                                  <span
                                    style={
                                      Object {
                                        "color": "#22a",
                                        "wordBreak": "break-word",
                                      }
                                    }>
                                    "
                                    standard:account
                                    "
                                  </span>
                                  , 
                                  <span
                                    style={
                                      Object {
                                        "color": "#666",
                                      }
                                    }>
                                    label
                                  </span>
                                  : 
                                  <span
                                    style={
                                      Object {
                                        "color": "#22a",
                                        "wordBreak": "break-word",
                                      }
                                    }>
                                    "
                                    Alphabet Inc.
                                    "
                                  </span>
                                  , 
                                  <span
                                    style={
                                      Object {
                                        "color": "#666",
                                      }
                                    }>
                                    value
                                  </span>
                                  : 
                                  <span
                                    style={
                                      Object {
                                        "color": "#22a",
                                        "wordBreak": "break-word",
                                      }
                                    }>
                                    "
                                    100001
                                    "
                                  </span>
                                  , 
                                  …
                                  }
                                </span>
                                }
                              </span>
                              , 
                              <span>
                                {
                                <span
                                  style={
                                    Object {
                                      "color": "#666",
                                    }
                                  }>
                                  {
                                  <span
                                    style={
                                      Object {
                                        "color": "#666",
                                      }
                                    }>
                                    icon
                                  </span>
                                  : 
                                  <span
                                    style={
                                      Object {
                                        "color": "#22a",
                                        "wordBreak": "break-word",
                                      }
                                    }>
                                    "
                                    standard:account
                                    "
                                  </span>
                                  , 
                                  <span
                                    style={
                                      Object {
                                        "color": "#666",
                                      }
                                    }>
                                    label
                                  </span>
                                  : 
                                  <span
                                    style={
                                      Object {
                                        "color": "#22a",
                                        "wordBreak": "break-word",
                                      }
                                    }>
                                    "
                                    Microsoft Corporation
                                    "
                                  </span>
                                  , 
                                  <span
                                    style={
                                      Object {
                                        "color": "#666",
                                      }
                                    }>
                                    value
                                  </span>
                                  : 
                                  <span
                                    style={
                                      Object {
                                        "color": "#22a",
                                        "wordBreak": "break-word",
                                      }
                                    }>
                                    "
                                    100002
                                    "
                                  </span>
                                  , 
                                  …
                                  }
                                </span>
                                }
                              </span>
                              , 
                              …
                              ]
                            </span>
                            }
                          </span>
                        </span>
                      </span>
                    </span>
                    <span>
                      <span>
                        <br />
                          
                      </span>
                      <span
                        style={Object {}}>
                        selected
                      </span>
                      <span>
                        =
                        <span
                          style={Object {}}>
                          <span>
                            {
                            <span
                              style={
                                Object {
                                  "color": "#777",
                                }
                              }>
                              null
                            </span>
                            }
                          </span>
                        </span>
                      </span>
                    </span>
                    <span>
                      <span>
                        <br />
                          
                      </span>
                      <span
                        style={Object {}}>
                        listHeader
                      </span>
                      <span>
                        =
                        <span
                          style={Object {}}>
                          <span>
                            {
                            <span
                              style={
                                Object {
                                  "color": "#666",
                                }
                              }>
                              <Button />
                            </span>
                            }
                          </span>
                        </span>
                      </span>
                    </span>
                    <span>
                      <span>
                        <br />
                          
                      </span>
                      <span
                        style={Object {}}>
                        listFooter
                      </span>
                      <span>
                        =
                        <span
                          style={Object {}}>
                          <span>
                            {
                            <span
                              style={
                                Object {
                                  "color": "#666",
                                }
                              }>
                              <Button />
                            </span>
                            }
                          </span>
                        </span>
                      </span>
                    </span>
                    <span>
                      <span>
                        <br />
                          
                      </span>
                      <span
                        style={Object {}}>
                        onSearchTextChange
                      </span>
                      <span>
                        =
                        <span
                          style={Object {}}>
                          <span>
                            {
                            <span
                              style={
                                Object {
                                  "color": "#170",
                                }
                              }>
  -                           anonymous()
  +                           searchTextChange()
                            </span>
                            }
                          </span>
                        </span>
                      </span>
                    </span>
                    <span>
                      <span>
                        <br />
                          
                      </span>
                      <span
                        style={Object {}}>
                        onLookupRequest
                      </span>
                      <span>
                        =
                        <span
                          style={Object {}}>
                          <span>
                            {
                            <span
                              style={
                                Object {
                                  "color": "#170",
                                }
                              }>
  -                           anonymous()
  +                           lookupRequest()
                            </span>
                            }
                          </span>
                        </span>
                      </span>
                    </span>
                    <span>
                      <span>
                        <br />
                          
                      </span>
                      <span
                        style={Object {}}>
                        onSelect
                      </span>
                      <span>
                        =
                        <span
                          style={Object {}}>
                          <span>
                            {
                            <span
                              style={
                                Object {
                                  "color": "#170",
                                }
                              }>
  -                           anonymous()
  +                           select()
                            </span>
                            }
                          </span>
                        </span>
                      </span>
                    </span>
                    <span>
                      <span>
                        <br />
                          
                      </span>
                      <span
                        style={Object {}}>
                        onBlur
                      </span>
                      <span>
                        =
                        <span
                          style={Object {}}>
                          <span>
                            {
                            <span
                              style={
                                Object {
                                  "color": "#170",
                                }
                              }>
  -                           anonymous()
  +                           blur()
                            </span>
                            }
                          </span>
                        </span>
                      </span>
                    </span>
                    <span>
                      <span>
                        <br />
                          
                      </span>
                      <span
                        style={Object {}}>
                        onComplete
                      </span>
                      <span>
                        =
                        <span
                          style={Object {}}>
                          <span>
                            {
                            <span
                              style={
                                Object {
                                  "color": "#170",
                                }
                              }>
  -                           anonymous()
  +                           complete()
                            </span>
                            }
                          </span>
                        </span>
                      </span>
                      <br />
                    </span>
                  </span>
                  <span
                    style={
                      Object {
                        "color": "#777",
                      }
                    }>
                    />
                  </span>
                </div>
              </pre>
            </div>
            <div>
              <h1
                style={
                  Object {
                    "borderBottom": "1px solid #EEE",
  -                 "fontSize": 25,
  +                 "fontSize": "25px",
                    "margin": "20px 0 0 0",
                    "padding": "0 0 5px 0",
                  }
                }>
                Prop Types
              </h1>
              <div>
                <h2
                  style={
                    Object {
                      "margin": "20px 0 0 0",
                    }
                  }>
                  "
                  Lookup
                  " Component
                </h2>
                <table
                  style={
                    Object {
                      "borderCollapse": "separate",
                      "borderSpacing": "10px 5px",
                      "marginLeft": -10,
                    }
                  }>
                  <thead>
                    <tr>
                      <th>
                        property
                      </th>
                      <th>
                        propType
                      </th>
                      <th>
                        required
                      </th>
                      <th>
                        default
                      </th>
                    </tr>
                  </thead>
                  <tbody>
                    <tr>
                      <td>
                        lookupFilter
                      </td>
                      <td>
                        func
                      </td>
                      <td>
                        no
                      </td>
                      <td>
                        -
                      </td>
                    </tr>
                    <tr>
                      <td>
                        cols
                      </td>
                      <td>
                        number
                      </td>
                      <td>
                        no
                      </td>
                      <td>
                        -
                      </td>
                    </tr>
                    <tr>
                      <td>
                        className
                      </td>
                      <td>
                        string
                      </td>
                      <td>
                        no
                      </td>
                      <td>
                        -
                      </td>
                    </tr>
                    <tr>
                      <td>
                        listFooter
                      </td>
                      <td>
                        node
                      </td>
                      <td>
                        no
                      </td>
                      <td>
                        -
                      </td>
                    </tr>
                    <tr>
                      <td>
                        id
                      </td>
                      <td>
                        string
                      </td>
                      <td>
                        no
                      </td>
                      <td>
                        -
                      </td>
                    </tr>
                    <tr>
                      <td>
                        defaultTargetScope
                      </td>
                      <td>
                        string
                      </td>
                      <td>
                        no
                      </td>
                      <td>
                        -
                      </td>
                    </tr>
                    <tr>
                      <td>
                        defaultValue
                      </td>
                      <td>
                        string
                      </td>
                      <td>
                        no
                      </td>
                      <td>
                        -
                      </td>
                    </tr>
                    <tr>
                      <td>
                        iconAlign
                      </td>
                      <td>
                        other
                      </td>
                      <td>
                        no
                      </td>
                      <td>
                        -
                      </td>
                    </tr>
                    <tr>
                      <td>
                        defaultSelected
                      </td>
                      <td>
                        other
                      </td>
                      <td>
                        no
                      </td>
                      <td>
                        -
                      </td>
                    </tr>
                    <tr>
                      <td>
                        error
                      </td>
                      <td>
                        other
                      </td>
                      <td>
                        no
                      </td>
                      <td>
                        -
                      </td>
                    </tr>
                    <tr>
                      <td>
                        defaultOpened
                      </td>
                      <td>
                        bool
                      </td>
                      <td>
                        no
                      </td>
                      <td>
                        -
                      </td>
                    </tr>
                    <tr>
                      <td>
                        data
                      </td>
                      <td>
                        other
                      </td>
                      <td>
                        no
                      </td>
                      <td>
                        -
                      </td>
                    </tr>
                    <tr>
                      <td>
                        defaultSearchText
                      </td>
                      <td>
                        string
                      </td>
                      <td>
                        no
                      </td>
                      <td>
                        -
                      </td>
                    </tr>
                    <tr>
                      <td>
                        onSearchTextChange
                      </td>
                      <td>
                        func
                      </td>
                      <td>
                        no
                      </td>
                      <td>
                        -
                      </td>
                    </tr>
                    <tr>
                      <td>
                        loading
                      </td>
                      <td>
                        bool
                      </td>
                      <td>
                        no
                      </td>
                      <td>
                        -
                      </td>
                    </tr>
                    <tr>
                      <td>
                        label
                      </td>
                      <td>
                        string
                      </td>
                      <td>
                        no
                      </td>
                      <td>
                        -
                      </td>
                    </tr>
                    <tr>
                      <td>
                        listHeader
                      </td>
                      <td>
                        node
                      </td>
                      <td>
                        no
                      </td>
                      <td>
                        -
                      </td>
                    </tr>
                    <tr>
                      <td>
                        onScopeChange
                      </td>
                      <td>
                        func
                      </td>
                      <td>
                        no
                      </td>
                      <td>
                        -
                      </td>
                    </tr>
                    <tr>
                      <td>
                        opened
                      </td>
                      <td>
                        bool
                      </td>
                      <td>
                        no
                      </td>
                      <td>
                        -
                      </td>
                    </tr>
                    <tr>
                      <td>
                        onComplete
                      </td>
                      <td>
                        func
                      </td>
                      <td>
                        no
                      </td>
                      <td>
                        -
                      </td>
                    </tr>
                    <tr>
                      <td>
                        onSelect
                      </td>
                      <td>
                        func
                      </td>
                      <td>
                        no
                      </td>
                      <td>
                        -
                      </td>
                    </tr>
                    <tr>
                      <td>
                        onBlur
                      </td>
                      <td>
                        func
                      </td>
                      <td>
                        no
                      </td>
                      <td>
                        -
                      </td>
                    </tr>
                    <tr>
                      <td>
                        onLookupRequest
                      </td>
                      <td>
                        func
                      </td>
                      <td>
                        no
                      </td>
                      <td>
                        -
                      </td>
                    </tr>
                    <tr>
                      <td>
                        onScopeMenuClick
                      </td>
                      <td>
                        func
                      </td>
                      <td>
                        no
                      </td>
                      <td>
                        -
                      </td>
                    </tr>
                    <tr>
                      <td>
                        required
                      </td>
                      <td>
                        bool
                      </td>
                      <td>
                        no
                      </td>
                      <td>
                        -
                      </td>
                    </tr>
                    <tr>
                      <td>
                        scopes
                      </td>
                      <td>
                        other
                      </td>
                      <td>
                        no
                      </td>
                      <td>
                        -
                      </td>
                    </tr>
                    <tr>
                      <td>
                        searchText
                      </td>
                      <td>
                        string
                      </td>
                      <td>
                        no
                      </td>
                      <td>
                        -
                      </td>
                    </tr>
                    <tr>
                      <td>
                        selected
                      </td>
                      <td>
                        other
                      </td>
                      <td>
                        no
                      </td>
                      <td>
                        -
                      </td>
                    </tr>
                    <tr>
                      <td>
                        targetScope
                      </td>
                      <td>
                        string
                      </td>
                      <td>
                        no
                      </td>
                      <td>
                        -
                      </td>
                    </tr>
                    <tr>
                      <td>
                        totalCols
                      </td>
                      <td>
                        number
                      </td>
                      <td>
                        no
                      </td>
                      <td>
                        -
                      </td>
                    </tr>
                    <tr>
                      <td>
                        value
                      </td>
                      <td>
                        string
                      </td>
                      <td>
                        no
                      </td>
                      <td>
                        -
                      </td>
                    </tr>
                  </tbody>
                </table>
              </div>
            </div>
          </div>
        </div>
      </div>
    </div>


✗ Multi Scope
  - Snapshot
  + Current story
  
  <div>
      <div
        style={
          Object {
            "position": "relative",
            "zIndex": 0,
          }
        }>
        <div
          className="slds-form-element react-slds-dropdown-form-element">
          <div
            className="slds-form-element">
            <label
              className="slds-form-element__label"
              htmlFor="form-element-$uuid$">
              Lookup (multiple scope)
            </label>
            <div
              className="slds-form-element__control">
              <div
                className="slds-lookup"
                data-scope="multi"
                data-select="single"
                data-typeahead={false}>
                <div
                  className="slds-grid slds-form-element__control slds-box--border"
                  style={
                    Object {
                      "WebkitFlexWrap": "nowrap",
                      "flexWrap": "nowrap",
                      "msFlexWrap": "nowrap",
                    }
                  }>
                  <div
                    className="slds-grid slds-grid--align-center slds-grid--vertical-align-center react-slds-lookup-scope-selector">
                    <div
                      className="slds-dropdown-trigger slds-button-space-left"
                      style={undefined}>
                      <button
                        aria-haspopup={true}
                        className="slds-button"
                        onBlur={[Function]}
                        onClick={[Function]}
                        onKeyDown={[Function]}
                        type="button">
                        <svg
                          aria-hidden={true}
                          className="slds-icon slds-icon--x-small slds-icon-standard-account"
                          dangerouslySetInnerHTML={
                            Object {
                              "__html": "<use xlink:href="/assets/icons/standard-sprite/svg/symbols.svg#account"></use>",
                            }
                          }
                          style={undefined} />
                        <svg
                          aria-hidden={true}
                          className="slds-button__icon slds-button__icon--right slds-button__icon--small"
                          dangerouslySetInnerHTML={
                            Object {
                              "__html": "<use xlink:href="/assets/icons/utility-sprite/svg/symbols.svg#down"></use>",
                            }
                          }
                          style={undefined} />
                      </button>
                    </div>
                  </div>
                  <div
                    className="slds-grid slds-input-has-icon slds-input-has-icon--right slds-col">
                    <input
                      className="slds-col slds-input--bare"
                      defaultValue={undefined}
                      id="form-element-$uuid$"
                      onBlur={[Function]}
                      onChange={[Function]}
                      onKeyDown={[Function]}
                      onSubmit={[Function]}
                      readOnly={undefined}
                      type={undefined}
                      value="A" />
                    <svg
                      aria-hidden={true}
                      className="slds-icon slds-icon-text-default slds-input__icon"
                      dangerouslySetInnerHTML={
                        Object {
                          "__html": "<use xlink:href="/assets/icons/utility-sprite/svg/symbols.svg#search"></use>",
                        }
                      }
                      onClick={[Function]}
                      style={
                        Object {
                          "cursor": "pointer",
                        }
                      } />
                  </div>
                </div>
              </div>
            </div>
          </div>
          <div
            className="react-slds-dropdown-control-wrapper"
            style={undefined}>
            <div
              className="slds-form-element__control">
              <div
                className="slds-lookup__menu slds-hide"
                onKeyDown={[Function]}
                role="listbox">
                <ul
                  className="slds-lookup__list"
                  role="presentation" />
              </div>
            </div>
          </div>
        </div>
      </div>
      <a
        onClick={[Function]}
        style={
          Object {
            "background": "#28c",
            "borderRadius": "0 0 0 5px",
            "color": "#fff",
            "cursor": "pointer",
            "display": "block",
            "fontFamily": "sans-serif",
  -         "fontSize": 12,
  +         "fontSize": "12px",
            "padding": "5px 15px",
            "position": "fixed",
            "right": 0,
            "textDecoration": "none",
            "top": 0,
          }
        }>
        ?
      </a>
      <div
        style={
          Object {
            "background": "white",
            "bottom": 0,
            "display": "none",
            "left": 0,
            "overflow": "auto",
            "padding": "0 40px",
            "position": "absolute",
            "right": 0,
            "top": 0,
          }
        }>
        <a
          onClick={[Function]}
          style={
            Object {
              "background": "#28c",
              "borderRadius": "0 0 0 5px",
              "color": "#fff",
              "cursor": "pointer",
              "display": "block",
              "fontFamily": "sans-serif",
  -           "fontSize": 12,
  +           "fontSize": "12px",
              "padding": "5px 15px",
              "position": "fixed",
              "right": 0,
              "textDecoration": "none",
              "top": 0,
            }
          }>
          ×
        </a>
        <div
          style={undefined}>
          <div
            style={
              Object {
                "WebkitFontSmoothing": "antialiased",
                "color": "#444",
                "fontFamily": "
                  -apple-system, ".SFNSText-Regular", "San Francisco", "Roboto",
                  "Segoe UI", "Helvetica Neue", "Lucida Grande", sans-serif
                ",
  -             "fontSize": 15,
  +             "fontSize": "15px",
                "fontWeight": 300,
                "lineHeight": 1.45,
              }
            }>
            <div
              style={
                Object {
                  "borderBottom": "1px solid #eee",
                  "marginBottom": 10,
  +               "paddingTop": 10,
                }
              }>
              <h1
                style={
                  Object {
  -                 "fontSize": 35,
  -                 "margin": "20px 0 0 0",
  +                 "fontSize": "35px",
  +                 "margin": 0,
                    "padding": 0,
                  }
                }>
                Lookup
              </h1>
              <h2
                style={
                  Object {
  -                 "fontSize": 22,
  +                 "fontSize": "22px",
                    "fontWeight": 400,
                    "margin": "0 0 10px 0",
                    "padding": 0,
                  }
                }>
                Multi Scope
              </h2>
            </div>
            <div
              style={
                Object {
                  "marginBottom": 0,
                }
              }>
              <p
                style={
                  Object {
                    "WebkitFontSmoothing": "antialiased",
                    "color": "#444",
                    "fontFamily": "
                      -apple-system, ".SFNSText-Regular", "San Francisco", "Roboto",
                      "Segoe UI", "Helvetica Neue", "Lucida Grande", sans-serif
                    ",
  -                 "fontSize": 15,
  +                 "fontSize": "15px",
                  }
                }>
                Lookup component which allows multiples scopes to select as lookup datasource
              </p>
            </div>
            <div>
              <h1
                style={
                  Object {
                    "borderBottom": "1px solid #EEE",
  -                 "fontSize": 25,
  +                 "fontSize": "25px",
                    "margin": "20px 0 0 0",
                    "padding": "0 0 5px 0",
                  }
                }>
                Story Source
              </h1>
              <pre
                style={
                  Object {
                    "backgroundColor": "#fafafa",
                    "fontFamily": "Menlo, Monaco, "Courier New", monospace",
                    "fontSize": ".88em",
                    "lineHeight": 1.5,
                    "overflowX": "scroll",
                    "padding": ".5rem",
                  }
                }>
                <div
                  style={
                    Object {
                      "paddingLeft": 18,
                      "paddingRight": 3,
                    }
                  }>
                  <span
                    style={
                      Object {
                        "color": "#777",
                      }
                    }>
                    <
                    Lookup
                  </span>
                  <span>
                    <span>
                      <span>
                        <br />
                          
                      </span>
                      <span
                        style={Object {}}>
                        label
                      </span>
                      <span>
                        =
                        <span
                          style={Object {}}>
                          <span
                            style={
                              Object {
                                "color": "#22a",
                                "wordBreak": "break-word",
                              }
                            }>
                            "
                            Lookup (multiple scope)
                            "
                          </span>
                        </span>
                      </span>
                    </span>
                    <span>
                      <span>
                        <br />
                          
                      </span>
                      <span
                        style={Object {}}>
                        opened
                      </span>
                      <span>
                        =
                        <span
                          style={Object {}}>
                          <span>
                            {
                            <span
                              style={
                                Object {
                                  "color": "#a11",
                                }
                              }>
                              false
                            </span>
                            }
                          </span>
                        </span>
                      </span>
                    </span>
                    <span>
                      <span>
                        <br />
                          
                      </span>
                      <span
                        style={Object {}}>
                        selected
                      </span>
                      <span>
                        =
                        <span
                          style={Object {}}>
                          <span>
                            {
                            <span
                              style={
                                Object {
                                  "color": "#777",
                                }
                              }>
                              null
                            </span>
                            }
                          </span>
                        </span>
                      </span>
                    </span>
                    <span>
                      <span>
                        <br />
                          
                      </span>
                      <span
                        style={Object {}}>
                        searchText
                      </span>
                      <span>
                        =
                        <span
                          style={Object {}}>
                          <span
                            style={
                              Object {
                                "color": "#22a",
                                "wordBreak": "break-word",
                              }
                            }>
                            "
                            A
                            "
                          </span>
                        </span>
                      </span>
                    </span>
                    <span>
                      <span>
                        <br />
                          
                      </span>
                      <span
                        style={Object {}}>
                        scopes
                      </span>
                      <span>
                        =
                        <span
                          style={Object {}}>
                          <span>
                            {
                            <span
                              style={
                                Object {
                                  "color": "#666",
                                }
                              }>
                              [
                              <span>
                                {
                                <span
                                  style={
                                    Object {
                                      "color": "#666",
                                    }
                                  }>
                                  {
                                  <span
                                    style={
                                      Object {
                                        "color": "#666",
                                      }
                                    }>
                                    label
                                  </span>
                                  : 
                                  <span
                                    style={
                                      Object {
                                        "color": "#22a",
                                        "wordBreak": "break-word",
                                      }
                                    }>
                                    "
                                    Account
                                    "
                                  </span>
                                  , 
                                  <span
                                    style={
                                      Object {
                                        "color": "#666",
                                      }
                                    }>
                                    value
                                  </span>
                                  : 
                                  <span
                                    style={
                                      Object {
                                        "color": "#22a",
                                        "wordBreak": "break-word",
                                      }
                                    }>
                                    "
                                    Account
                                    "
                                  </span>
                                  , 
                                  <span
                                    style={
                                      Object {
                                        "color": "#666",
                                      }
                                    }>
                                    icon
                                  </span>
                                  : 
                                  <span
                                    style={
                                      Object {
                                        "color": "#22a",
                                        "wordBreak": "break-word",
                                      }
                                    }>
                                    "
                                    standard:account
                                    "
                                  </span>
                                  }
                                </span>
                                }
                              </span>
                              , 
                              <span>
                                {
                                <span
                                  style={
                                    Object {
                                      "color": "#666",
                                    }
                                  }>
                                  {
                                  <span
                                    style={
                                      Object {
                                        "color": "#666",
                                      }
                                    }>
                                    label
                                  </span>
                                  : 
                                  <span
                                    style={
                                      Object {
                                        "color": "#22a",
                                        "wordBreak": "break-word",
                                      }
                                    }>
                                    "
                                    Campaign
                                    "
                                  </span>
                                  , 
                                  <span
                                    style={
                                      Object {
                                        "color": "#666",
                                      }
                                    }>
                                    value
                                  </span>
                                  : 
                                  <span
                                    style={
                                      Object {
                                        "color": "#22a",
                                        "wordBreak": "break-word",
                                      }
                                    }>
                                    "
                                    Campaign
                                    "
                                  </span>
                                  , 
                                  <span
                                    style={
                                      Object {
                                        "color": "#666",
                                      }
                                    }>
                                    icon
                                  </span>
                                  : 
                                  <span
                                    style={
                                      Object {
                                        "color": "#22a",
                                        "wordBreak": "break-word",
                                      }
                                    }>
                                    "
                                    standard:campaign
                                    "
                                  </span>
                                  }
                                </span>
                                }
                              </span>
                              , 
                              <span>
                                {
                                <span
                                  style={
                                    Object {
                                      "color": "#666",
                                    }
                                  }>
                                  {
                                  <span
                                    style={
                                      Object {
                                        "color": "#666",
                                      }
                                    }>
                                    label
                                  </span>
                                  : 
                                  <span
                                    style={
                                      Object {
                                        "color": "#22a",
                                        "wordBreak": "break-word",
                                      }
                                    }>
                                    "
                                    Case
                                    "
                                  </span>
                                  , 
                                  <span
                                    style={
                                      Object {
                                        "color": "#666",
                                      }
                                    }>
                                    value
                                  </span>
                                  : 
                                  <span
                                    style={
                                      Object {
                                        "color": "#22a",
                                        "wordBreak": "break-word",
                                      }
                                    }>
                                    "
                                    Case
                                    "
                                  </span>
                                  , 
                                  <span
                                    style={
                                      Object {
                                        "color": "#666",
                                      }
                                    }>
                                    icon
                                  </span>
                                  : 
                                  <span
                                    style={
                                      Object {
                                        "color": "#22a",
                                        "wordBreak": "break-word",
                                      }
                                    }>
                                    "
                                    standard:case
                                    "
                                  </span>
                                  }
                                </span>
                                }
                              </span>
                              , 
                              …
                              ]
                            </span>
                            }
                          </span>
                        </span>
                      </span>
                    </span>
                    <span>
                      <span>
                        <br />
                          
                      </span>
                      <span
                        style={Object {}}>
                        onScopeMenuClick
                      </span>
                      <span>
                        =
                        <span
                          style={Object {}}>
                          <span>
                            {
                            <span
                              style={
                                Object {
                                  "color": "#170",
                                }
                              }>
  -                           anonymous()
  +                           scopeMenuClick()
                            </span>
                            }
                          </span>
                        </span>
                      </span>
                    </span>
                    <span>
                      <span>
                        <br />
                          
                      </span>
                      <span
                        style={Object {}}>
                        onScopeChange
                      </span>
                      <span>
                        =
                        <span
                          style={Object {}}>
                          <span>
                            {
                            <span
                              style={
                                Object {
                                  "color": "#170",
                                }
                              }>
  -                           anonymous()
  +                           scopeChange()
                            </span>
                            }
                          </span>
                        </span>
                      </span>
                    </span>
                    <span>
                      <span>
                        <br />
                          
                      </span>
                      <span
                        style={Object {}}>
                        onSearchTextChange
                      </span>
                      <span>
                        =
                        <span
                          style={Object {}}>
                          <span>
                            {
                            <span
                              style={
                                Object {
                                  "color": "#170",
                                }
                              }>
  -                           anonymous()
  +                           searchTextChange()
                            </span>
                            }
                          </span>
                        </span>
                      </span>
                    </span>
                    <span>
                      <span>
                        <br />
                          
                      </span>
                      <span
                        style={Object {}}>
                        onLookupRequest
                      </span>
                      <span>
                        =
                        <span
                          style={Object {}}>
                          <span>
                            {
                            <span
                              style={
                                Object {
                                  "color": "#170",
                                }
                              }>
  -                           anonymous()
  +                           lookupRequest()
                            </span>
                            }
                          </span>
                        </span>
                      </span>
                    </span>
                    <span>
                      <span>
                        <br />
                          
                      </span>
                      <span
                        style={Object {}}>
                        onSelect
                      </span>
                      <span>
                        =
                        <span
                          style={Object {}}>
                          <span>
                            {
                            <span
                              style={
                                Object {
                                  "color": "#170",
                                }
                              }>
  -                           anonymous()
  +                           select()
                            </span>
                            }
                          </span>
                        </span>
                      </span>
                    </span>
                    <span>
                      <span>
                        <br />
                          
                      </span>
                      <span
                        style={Object {}}>
                        onBlur
                      </span>
                      <span>
                        =
                        <span
                          style={Object {}}>
                          <span>
                            {
                            <span
                              style={
                                Object {
                                  "color": "#170",
                                }
                              }>
  -                           anonymous()
  +                           blur()
                            </span>
                            }
                          </span>
                        </span>
                      </span>
                    </span>
                    <span>
                      <span>
                        <br />
                          
                      </span>
                      <span
                        style={Object {}}>
                        onComplete
                      </span>
                      <span>
                        =
                        <span
                          style={Object {}}>
                          <span>
                            {
                            <span
                              style={
                                Object {
                                  "color": "#170",
                                }
                              }>
  -                           anonymous()
  +                           complete()
                            </span>
                            }
                          </span>
                        </span>
                      </span>
                      <br />
                    </span>
                  </span>
                  <span
                    style={
                      Object {
                        "color": "#777",
                      }
                    }>
                    />
                  </span>
                </div>
              </pre>
            </div>
            <div>
              <h1
                style={
                  Object {
                    "borderBottom": "1px solid #EEE",
  -                 "fontSize": 25,
  +                 "fontSize": "25px",
                    "margin": "20px 0 0 0",
                    "padding": "0 0 5px 0",
                  }
                }>
                Prop Types
              </h1>
              <div>
                <h2
                  style={
                    Object {
                      "margin": "20px 0 0 0",
                    }
                  }>
                  "
                  Lookup
                  " Component
                </h2>
                <table
                  style={
                    Object {
                      "borderCollapse": "separate",
                      "borderSpacing": "10px 5px",
                      "marginLeft": -10,
                    }
                  }>
                  <thead>
                    <tr>
                      <th>
                        property
                      </th>
                      <th>
                        propType
                      </th>
                      <th>
                        required
                      </th>
                      <th>
                        default
                      </th>
                    </tr>
                  </thead>
                  <tbody>
                    <tr>
                      <td>
                        lookupFilter
                      </td>
                      <td>
                        func
                      </td>
                      <td>
                        no
                      </td>
                      <td>
                        -
                      </td>
                    </tr>
                    <tr>
                      <td>
                        cols
                      </td>
                      <td>
                        number
                      </td>
                      <td>
                        no
                      </td>
                      <td>
                        -
                      </td>
                    </tr>
                    <tr>
                      <td>
                        className
                      </td>
                      <td>
                        string
                      </td>
                      <td>
                        no
                      </td>
                      <td>
                        -
                      </td>
                    </tr>
                    <tr>
                      <td>
                        listFooter
                      </td>
                      <td>
                        node
                      </td>
                      <td>
                        no
                      </td>
                      <td>
                        -
                      </td>
                    </tr>
                    <tr>
                      <td>
                        id
                      </td>
                      <td>
                        string
                      </td>
                      <td>
                        no
                      </td>
                      <td>
                        -
                      </td>
                    </tr>
                    <tr>
                      <td>
                        defaultTargetScope
                      </td>
                      <td>
                        string
                      </td>
                      <td>
                        no
                      </td>
                      <td>
                        -
                      </td>
                    </tr>
                    <tr>
                      <td>
                        defaultValue
                      </td>
                      <td>
                        string
                      </td>
                      <td>
                        no
                      </td>
                      <td>
                        -
                      </td>
                    </tr>
                    <tr>
                      <td>
                        iconAlign
                      </td>
                      <td>
                        other
                      </td>
                      <td>
                        no
                      </td>
                      <td>
                        -
                      </td>
                    </tr>
                    <tr>
                      <td>
                        defaultSelected
                      </td>
                      <td>
                        other
                      </td>
                      <td>
                        no
                      </td>
                      <td>
                        -
                      </td>
                    </tr>
                    <tr>
                      <td>
                        error
                      </td>
                      <td>
                        other
                      </td>
                      <td>
                        no
                      </td>
                      <td>
                        -
                      </td>
                    </tr>
                    <tr>
                      <td>
                        defaultOpened
                      </td>
                      <td>
                        bool
                      </td>
                      <td>
                        no
                      </td>
                      <td>
                        -
                      </td>
                    </tr>
                    <tr>
                      <td>
                        data
                      </td>
                      <td>
                        other
                      </td>
                      <td>
                        no
                      </td>
                      <td>
                        -
                      </td>
                    </tr>
                    <tr>
                      <td>
                        defaultSearchText
                      </td>
                      <td>
                        string
                      </td>
                      <td>
                        no
                      </td>
                      <td>
                        -
                      </td>
                    </tr>
                    <tr>
                      <td>
                        onSearchTextChange
                      </td>
                      <td>
                        func
                      </td>
                      <td>
                        no
                      </td>
                      <td>
                        -
                      </td>
                    </tr>
                    <tr>
                      <td>
                        loading
                      </td>
                      <td>
                        bool
                      </td>
                      <td>
                        no
                      </td>
                      <td>
                        -
                      </td>
                    </tr>
                    <tr>
                      <td>
                        label
                      </td>
                      <td>
                        string
                      </td>
                      <td>
                        no
                      </td>
                      <td>
                        -
                      </td>
                    </tr>
                    <tr>
                      <td>
                        listHeader
                      </td>
                      <td>
                        node
                      </td>
                      <td>
                        no
                      </td>
                      <td>
                        -
                      </td>
                    </tr>
                    <tr>
                      <td>
                        onScopeChange
                      </td>
                      <td>
                        func
                      </td>
                      <td>
                        no
                      </td>
                      <td>
                        -
                      </td>
                    </tr>
                    <tr>
                      <td>
                        opened
                      </td>
                      <td>
                        bool
                      </td>
                      <td>
                        no
                      </td>
                      <td>
                        -
                      </td>
                    </tr>
                    <tr>
                      <td>
                        onComplete
                      </td>
                      <td>
                        func
                      </td>
                      <td>
                        no
                      </td>
                      <td>
                        -
                      </td>
                    </tr>
                    <tr>
                      <td>
                        onSelect
                      </td>
                      <td>
                        func
                      </td>
                      <td>
                        no
                      </td>
                      <td>
                        -
                      </td>
                    </tr>
                    <tr>
                      <td>
                        onBlur
                      </td>
                      <td>
                        func
                      </td>
                      <td>
                        no
                      </td>
                      <td>
                        -
                      </td>
                    </tr>
                    <tr>
                      <td>
                        onLookupRequest
                      </td>
                      <td>
                        func
                      </td>
                      <td>
                        no
                      </td>
                      <td>
                        -
                      </td>
                    </tr>
                    <tr>
                      <td>
                        onScopeMenuClick
                      </td>
                      <td>
                        func
                      </td>
                      <td>
                        no
                      </td>
                      <td>
                        -
                      </td>
                    </tr>
                    <tr>
                      <td>
                        required
                      </td>
                      <td>
                        bool
                      </td>
                      <td>
                        no
                      </td>
                      <td>
                        -
                      </td>
                    </tr>
                    <tr>
                      <td>
                        scopes
                      </td>
                      <td>
                        other
                      </td>
                      <td>
                        no
                      </td>
                      <td>
                        -
                      </td>
                    </tr>
                    <tr>
                      <td>
                        searchText
                      </td>
                      <td>
                        string
                      </td>
                      <td>
                        no
                      </td>
                      <td>
                        -
                      </td>
                    </tr>
                    <tr>
                      <td>
                        selected
                      </td>
                      <td>
                        other
                      </td>
                      <td>
                        no
                      </td>
                      <td>
                        -
                      </td>
                    </tr>
                    <tr>
                      <td>
                        targetScope
                      </td>
                      <td>
                        string
                      </td>
                      <td>
                        no
                      </td>
                      <td>
                        -
                      </td>
                    </tr>
                    <tr>
                      <td>
                        totalCols
                      </td>
                      <td>
                        number
                      </td>
                      <td>
                        no
                      </td>
                      <td>
                        -
                      </td>
                    </tr>
                    <tr>
                      <td>
                        value
                      </td>
                      <td>
                        string
                      </td>
                      <td>
                        no
                      </td>
                      <td>
                        -
                      </td>
                    </tr>
                  </tbody>
                </table>
              </div>
            </div>
          </div>
        </div>
      </div>
    </div>


✗ Controlled
  - Snapshot
  + Current story
  
  <div>
      <div
        style={
          Object {
            "position": "relative",
            "zIndex": 0,
          }
        }>
        <div
          className="slds-form-element react-slds-dropdown-form-element">
          <div
            className="slds-form-element">
            <label
              className="slds-form-element__label"
              htmlFor="form-element-$uuid$">
              Lookup (Controlled)
            </label>
            <div
              className="slds-form-element__control">
              <div
                className="slds-lookup"
                data-scope="single"
                data-select="single"
                data-typeahead={false}>
                <div
                  className="slds-grid slds-input-has-icon slds-input-has-icon--right">
                  <input
                    className="slds-input"
                    defaultValue={undefined}
                    id="form-element-$uuid$"
                    onBlur={[Function]}
                    onChange={[Function]}
                    onKeyDown={[Function]}
                    onSubmit={[Function]}
                    readOnly={undefined}
                    type={undefined}
                    value="" />
                  <svg
                    aria-hidden={true}
                    className="slds-icon slds-icon-text-default slds-input__icon"
                    dangerouslySetInnerHTML={
                      Object {
                        "__html": "<use xlink:href="/assets/icons/utility-sprite/svg/symbols.svg#search"></use>",
                      }
                    }
                    onClick={[Function]}
                    style={
                      Object {
                        "cursor": "pointer",
                      }
                    } />
                </div>
              </div>
            </div>
          </div>
          <div
            className="react-slds-dropdown-control-wrapper"
            style={undefined}>
            <div
              className="slds-form-element__control">
              <div
                className="slds-lookup__menu slds-hide"
                onKeyDown={[Function]}
                role="listbox">
                <ul
                  className="slds-lookup__list"
                  role="presentation" />
              </div>
            </div>
          </div>
        </div>
      </div>
      <a
        onClick={[Function]}
        style={
          Object {
            "background": "#28c",
            "borderRadius": "0 0 0 5px",
            "color": "#fff",
            "cursor": "pointer",
            "display": "block",
            "fontFamily": "sans-serif",
  -         "fontSize": 12,
  +         "fontSize": "12px",
            "padding": "5px 15px",
            "position": "fixed",
            "right": 0,
            "textDecoration": "none",
            "top": 0,
          }
        }>
        ?
      </a>
      <div
        style={
          Object {
            "background": "white",
            "bottom": 0,
            "display": "none",
            "left": 0,
            "overflow": "auto",
            "padding": "0 40px",
            "position": "absolute",
            "right": 0,
            "top": 0,
          }
        }>
        <a
          onClick={[Function]}
          style={
            Object {
              "background": "#28c",
              "borderRadius": "0 0 0 5px",
              "color": "#fff",
              "cursor": "pointer",
              "display": "block",
              "fontFamily": "sans-serif",
  -           "fontSize": 12,
  +           "fontSize": "12px",
              "padding": "5px 15px",
              "position": "fixed",
              "right": 0,
              "textDecoration": "none",
              "top": 0,
            }
          }>
          ×
        </a>
        <div
          style={undefined}>
          <div
            style={
              Object {
                "WebkitFontSmoothing": "antialiased",
                "color": "#444",
                "fontFamily": "
                  -apple-system, ".SFNSText-Regular", "San Francisco", "Roboto",
                  "Segoe UI", "Helvetica Neue", "Lucida Grande", sans-serif
                ",
  -             "fontSize": 15,
  +             "fontSize": "15px",
                "fontWeight": 300,
                "lineHeight": 1.45,
              }
            }>
            <div
              style={
                Object {
                  "borderBottom": "1px solid #eee",
                  "marginBottom": 10,
  +               "paddingTop": 10,
                }
              }>
              <h1
                style={
                  Object {
  -                 "fontSize": 35,
  -                 "margin": "20px 0 0 0",
  +                 "fontSize": "35px",
  +                 "margin": 0,
                    "padding": 0,
                  }
                }>
                Lookup
              </h1>
              <h2
                style={
                  Object {
  -                 "fontSize": 22,
  +                 "fontSize": "22px",
                    "fontWeight": 400,
                    "margin": "0 0 10px 0",
                    "padding": 0,
                  }
                }>
                Controlled
              </h2>
            </div>
            <div
              style={
                Object {
                  "marginBottom": 0,
                }
              }>
              <p
                style={
                  Object {
                    "WebkitFontSmoothing": "antialiased",
                    "color": "#444",
                    "fontFamily": "
                      -apple-system, ".SFNSText-Regular", "San Francisco", "Roboto",
                      "Segoe UI", "Helvetica Neue", "Lucida Grande", sans-serif
                    ",
  -                 "fontSize": 15,
  +                 "fontSize": "15px",
                  }
                }>
                Lookup component whose state is controlled from outside
              </p>
            </div>
            <div>
              <h1
                style={
                  Object {
                    "borderBottom": "1px solid #EEE",
  -                 "fontSize": 25,
  +                 "fontSize": "25px",
                    "margin": "20px 0 0 0",
                    "padding": "0 0 5px 0",
                  }
                }>
                Story Source
              </h1>
              <pre
                style={
                  Object {
                    "backgroundColor": "#fafafa",
                    "fontFamily": "Menlo, Monaco, "Courier New", monospace",
                    "fontSize": ".88em",
                    "lineHeight": 1.5,
                    "overflowX": "scroll",
                    "padding": ".5rem",
                  }
                }>
                <div
                  style={
                    Object {
                      "paddingLeft": 18,
                      "paddingRight": 3,
                    }
                  }>
                  <span
                    style={
                      Object {
                        "color": "#777",
                      }
                    }>
                    <
                    LookupControlled
                  </span>
                  <span>
                    <span>
                      <span>
                        <br />
                          
                      </span>
                      <span
                        style={Object {}}>
                        label
                      </span>
                      <span>
                        =
                        <span
                          style={Object {}}>
                          <span
                            style={
                              Object {
                                "color": "#22a",
                                "wordBreak": "break-word",
                              }
                            }>
                            "
                            Lookup (Controlled)
                            "
                          </span>
                        </span>
                      </span>
                    </span>
                    <span>
                      <span>
                        <br />
                          
                      </span>
                      <span
                        style={Object {}}>
                        onSearchTextChange
                      </span>
                      <span>
                        =
                        <span
                          style={Object {}}>
                          <span>
                            {
                            <span
                              style={
                                Object {
                                  "color": "#170",
                                }
                              }>
  -                           anonymous()
  +                           searchTextChange()
                            </span>
                            }
                          </span>
                        </span>
                      </span>
                    </span>
                    <span>
                      <span>
                        <br />
                          
                      </span>
                      <span
                        style={Object {}}>
                        onLookupRequest
                      </span>
                      <span>
                        =
                        <span
                          style={Object {}}>
                          <span>
                            {
                            <span
                              style={
                                Object {
                                  "color": "#170",
                                }
                              }>
  -                           anonymous()
  +                           lookupRequest()
                            </span>
                            }
                          </span>
                        </span>
                      </span>
                    </span>
                    <span>
                      <span>
                        <br />
                          
                      </span>
                      <span
                        style={Object {}}>
                        onSelect
                      </span>
                      <span>
                        =
                        <span
                          style={Object {}}>
                          <span>
                            {
                            <span
                              style={
                                Object {
                                  "color": "#170",
                                }
                              }>
  -                           anonymous()
  +                           select()
                            </span>
                            }
                          </span>
                        </span>
                      </span>
                    </span>
                    <span>
                      <span>
                        <br />
                          
                      </span>
                      <span
                        style={Object {}}>
                        onComplete
                      </span>
                      <span>
                        =
                        <span
                          style={Object {}}>
                          <span>
                            {
                            <span
                              style={
                                Object {
                                  "color": "#170",
                                }
                              }>
  -                           anonymous()
  +                           complete()
                            </span>
                            }
                          </span>
                        </span>
                      </span>
                      <br />
                    </span>
                  </span>
                  <span
                    style={
                      Object {
                        "color": "#777",
                      }
                    }>
                    />
                  </span>
                </div>
              </pre>
            </div>
            <div>
              <h1
                style={
                  Object {
                    "borderBottom": "1px solid #EEE",
  -                 "fontSize": 25,
  +                 "fontSize": "25px",
                    "margin": "20px 0 0 0",
                    "padding": "0 0 5px 0",
                  }
                }>
                Prop Types
              </h1>
              <div>
                <h2
                  style={
                    Object {
                      "margin": "20px 0 0 0",
                    }
                  }>
                  "
                  LookupControlled
                  " Component
                </h2>
                <table
                  style={
                    Object {
                      "borderCollapse": "separate",
                      "borderSpacing": "10px 5px",
                      "marginLeft": -10,
                    }
                  }>
                  <thead>
                    <tr>
                      <th>
                        property
                      </th>
                      <th>
                        propType
                      </th>
                      <th>
                        required
                      </th>
                      <th>
                        default
                      </th>
                    </tr>
                  </thead>
                  <tbody>
                    <tr>
                      <td>
                        onComplete
                      </td>
                      <td>
                        func
                      </td>
                      <td>
                        no
                      </td>
                      <td>
                        -
                      </td>
                    </tr>
                    <tr>
                      <td>
                        onLookupRequest
                      </td>
                      <td>
                        func
                      </td>
                      <td>
                        no
                      </td>
                      <td>
                        -
                      </td>
                    </tr>
                    <tr>
                      <td>
                        onScopeChange
                      </td>
                      <td>
                        func
                      </td>
                      <td>
                        no
                      </td>
                      <td>
                        -
                      </td>
                    </tr>
                    <tr>
                      <td>
                        onScopeMenuClick
                      </td>
                      <td>
                        func
                      </td>
                      <td>
                        no
                      </td>
                      <td>
                        -
                      </td>
                    </tr>
                    <tr>
                      <td>
                        onSearchTextChange
                      </td>
                      <td>
                        func
                      </td>
                      <td>
                        no
                      </td>
                      <td>
                        -
                      </td>
                    </tr>
                    <tr>
                      <td>
                        onSelect
                      </td>
                      <td>
                        func
                      </td>
                      <td>
                        no
                      </td>
                      <td>
                        -
                      </td>
                    </tr>
                    <tr>
                      <td>
                        scopes
                      </td>
                      <td>
                        other
                      </td>
                      <td>
                        no
                      </td>
                      <td>
                        -
                      </td>
                    </tr>
                    <tr>
                      <td>
                        targetScope
                      </td>
                      <td>
                        string
                      </td>
                      <td>
                        no
                      </td>
                      <td>
                        -
                      </td>
                    </tr>
                  </tbody>
                </table>
              </div>
            </div>
          </div>
        </div>
      </div>
    </div>


✗ Uncontrolled
  - Snapshot
  + Current story
  
  <div>
      <div
        style={
          Object {
            "position": "relative",
            "zIndex": 0,
          }
        }>
        <div
          className="slds-form-element react-slds-dropdown-form-element">
          <div
            className="slds-form-element">
            <label
              className="slds-form-element__label"
              htmlFor="form-element-$uuid$">
              Lookup (Uncontrolled)
            </label>
            <div
              className="slds-form-element__control">
              <div
                className="slds-lookup"
                data-scope="single"
                data-select="single"
                data-typeahead={false}>
                <div
                  className="slds-grid slds-input-has-icon slds-input-has-icon--right">
                  <input
                    className="slds-input"
                    defaultValue={undefined}
                    id="form-element-$uuid$"
                    onBlur={[Function]}
                    onChange={[Function]}
                    onKeyDown={[Function]}
                    onSubmit={[Function]}
                    readOnly={undefined}
                    type={undefined}
                    value="A" />
                  <svg
                    aria-hidden={true}
                    className="slds-icon slds-icon-text-default slds-input__icon"
                    dangerouslySetInnerHTML={
                      Object {
                        "__html": "<use xlink:href="/assets/icons/utility-sprite/svg/symbols.svg#search"></use>",
                      }
                    }
                    onClick={[Function]}
                    style={
                      Object {
                        "cursor": "pointer",
                      }
                    } />
                </div>
              </div>
            </div>
          </div>
          <div
            className="react-slds-dropdown-control-wrapper"
            style={undefined}>
            <div
              className="slds-form-element__control">
              <div
                className="slds-lookup__menu slds-hide"
                onKeyDown={[Function]}
                role="listbox">
                <ul
                  className="slds-lookup__list"
                  role="presentation">
                  <li
                    className="slds-lookup__item">
                    <a
                      className="slds-truncate react-slds-candidate"
                      onBlur={[Function]}
                      onClick={[Function]}
                      onKeyDown={[Function]}
                      role="option"
                      tabIndex={-1}>
                      <svg
                        aria-hidden={true}
                        className="slds-icon slds-icon--small slds-icon-standard-account"
                        dangerouslySetInnerHTML={
                          Object {
                            "__html": "<use xlink:href="/assets/icons/standard-sprite/svg/symbols.svg#account"></use>",
                          }
                        }
                        style={undefined} />
                      Apple Inc.
                    </a>
                  </li>
                  <li
                    className="slds-lookup__item">
                    <a
                      className="slds-truncate react-slds-candidate"
                      onBlur={[Function]}
                      onClick={[Function]}
                      onKeyDown={[Function]}
                      role="option"
                      tabIndex={-1}>
                      <svg
                        aria-hidden={true}
                        className="slds-icon slds-icon--small slds-icon-standard-account"
                        dangerouslySetInnerHTML={
                          Object {
                            "__html": "<use xlink:href="/assets/icons/standard-sprite/svg/symbols.svg#account"></use>",
                          }
                        }
                        style={undefined} />
                      Alphabet Inc.
                    </a>
                  </li>
                  <li
                    className="slds-lookup__item">
                    <a
                      className="slds-truncate react-slds-candidate"
                      onBlur={[Function]}
                      onClick={[Function]}
                      onKeyDown={[Function]}
                      role="option"
                      tabIndex={-1}>
                      <svg
                        aria-hidden={true}
                        className="slds-icon slds-icon--small slds-icon-standard-account"
                        dangerouslySetInnerHTML={
                          Object {
                            "__html": "<use xlink:href="/assets/icons/standard-sprite/svg/symbols.svg#account"></use>",
                          }
                        }
                        style={undefined} />
                      Adobe Systems Incorporated
                    </a>
                  </li>
                  <li
                    className="slds-lookup__item">
                    <a
                      className="slds-truncate react-slds-candidate"
                      onBlur={[Function]}
                      onClick={[Function]}
                      onKeyDown={[Function]}
                      role="option"
                      tabIndex={-1}>
                      <svg
                        aria-hidden={true}
                        className="slds-icon slds-icon--small slds-icon-standard-account"
                        dangerouslySetInnerHTML={
                          Object {
                            "__html": "<use xlink:href="/assets/icons/standard-sprite/svg/symbols.svg#account"></use>",
                          }
                        }
                        style={undefined} />
                      Automatic Data Processing, Inc.
                    </a>
                  </li>
                  <li
                    className="slds-lookup__item">
                    <a
                      className="slds-truncate react-slds-candidate"
                      onBlur={[Function]}
                      onClick={[Function]}
                      onKeyDown={[Function]}
                      role="option"
                      tabIndex={-1}>
                      <svg
                        aria-hidden={true}
                        className="slds-icon slds-icon--small slds-icon-standard-account"
                        dangerouslySetInnerHTML={
                          Object {
                            "__html": "<use xlink:href="/assets/icons/standard-sprite/svg/symbols.svg#account"></use>",
                          }
                        }
                        style={undefined} />
                      Activision Blizzard, Inc
                    </a>
                  </li>
                  <li
                    className="slds-lookup__item">
                    <a
                      className="slds-truncate react-slds-candidate"
                      onBlur={[Function]}
                      onClick={[Function]}
                      onKeyDown={[Function]}
                      role="option"
                      tabIndex={-1}>
                      <svg
                        aria-hidden={true}
                        className="slds-icon slds-icon--small slds-icon-standard-account"
                        dangerouslySetInnerHTML={
                          Object {
                            "__html": "<use xlink:href="/assets/icons/standard-sprite/svg/symbols.svg#account"></use>",
                          }
                        }
                        style={undefined} />
                      Applied Materials, Inc.
                    </a>
                  </li>
                  <li
                    className="slds-lookup__item">
                    <a
                      className="slds-truncate react-slds-candidate"
                      onBlur={[Function]}
                      onClick={[Function]}
                      onKeyDown={[Function]}
                      role="option"
                      tabIndex={-1}>
                      <svg
                        aria-hidden={true}
                        className="slds-icon slds-icon--small slds-icon-standard-account"
                        dangerouslySetInnerHTML={
                          Object {
                            "__html": "<use xlink:href="/assets/icons/standard-sprite/svg/symbols.svg#account"></use>",
                          }
                        }
                        style={undefined} />
                      Analog Devices, Inc.
                    </a>
                  </li>
                  <li
                    className="slds-lookup__item">
                    <a
                      className="slds-truncate react-slds-candidate"
                      onBlur={[Function]}
                      onClick={[Function]}
                      onKeyDown={[Function]}
                      role="option"
                      tabIndex={-1}>
                      <svg
                        aria-hidden={true}
                        className="slds-icon slds-icon--small slds-icon-standard-account"
                        dangerouslySetInnerHTML={
                          Object {
                            "__html": "<use xlink:href="/assets/icons/standard-sprite/svg/symbols.svg#account"></use>",
                          }
                        }
                        style={undefined} />
                      Autodesk, Inc.
                    </a>
                  </li>
                </ul>
              </div>
            </div>
          </div>
        </div>
      </div>
      <a
        onClick={[Function]}
        style={
          Object {
            "background": "#28c",
            "borderRadius": "0 0 0 5px",
            "color": "#fff",
            "cursor": "pointer",
            "display": "block",
            "fontFamily": "sans-serif",
  -         "fontSize": 12,
  +         "fontSize": "12px",
            "padding": "5px 15px",
            "position": "fixed",
            "right": 0,
            "textDecoration": "none",
            "top": 0,
          }
        }>
        ?
      </a>
      <div
        style={
          Object {
            "background": "white",
            "bottom": 0,
            "display": "none",
            "left": 0,
            "overflow": "auto",
            "padding": "0 40px",
            "position": "absolute",
            "right": 0,
            "top": 0,
          }
        }>
        <a
          onClick={[Function]}
          style={
            Object {
              "background": "#28c",
              "borderRadius": "0 0 0 5px",
              "color": "#fff",
              "cursor": "pointer",
              "display": "block",
              "fontFamily": "sans-serif",
  -           "fontSize": 12,
  +           "fontSize": "12px",
              "padding": "5px 15px",
              "position": "fixed",
              "right": 0,
              "textDecoration": "none",
              "top": 0,
            }
          }>
          ×
        </a>
        <div
          style={undefined}>
          <div
            style={
              Object {
                "WebkitFontSmoothing": "antialiased",
                "color": "#444",
                "fontFamily": "
                  -apple-system, ".SFNSText-Regular", "San Francisco", "Roboto",
                  "Segoe UI", "Helvetica Neue", "Lucida Grande", sans-serif
                ",
  -             "fontSize": 15,
  +             "fontSize": "15px",
                "fontWeight": 300,
                "lineHeight": 1.45,
              }
            }>
            <div
              style={
                Object {
                  "borderBottom": "1px solid #eee",
                  "marginBottom": 10,
  +               "paddingTop": 10,
                }
              }>
              <h1
                style={
                  Object {
  -                 "fontSize": 35,
  -                 "margin": "20px 0 0 0",
  +                 "fontSize": "35px",
  +                 "margin": 0,
                    "padding": 0,
                  }
                }>
                Lookup
              </h1>
              <h2
                style={
                  Object {
  -                 "fontSize": 22,
  +                 "fontSize": "22px",
                    "fontWeight": 400,
                    "margin": "0 0 10px 0",
                    "padding": 0,
                  }
                }>
                Uncontrolled
              </h2>
            </div>
            <div
              style={
                Object {
                  "marginBottom": 0,
                }
              }>
              <p
                style={
                  Object {
                    "WebkitFontSmoothing": "antialiased",
                    "color": "#444",
                    "fontFamily": "
                      -apple-system, ".SFNSText-Regular", "San Francisco", "Roboto",
                      "Segoe UI", "Helvetica Neue", "Lucida Grande", sans-serif
                    ",
  -                 "fontSize": 15,
  +                 "fontSize": "15px",
                  }
                }>
                Lookup component whose state is managed inside of the component
              </p>
            </div>
            <div>
              <h1
                style={
                  Object {
                    "borderBottom": "1px solid #EEE",
  -                 "fontSize": 25,
  +                 "fontSize": "25px",
                    "margin": "20px 0 0 0",
                    "padding": "0 0 5px 0",
                  }
                }>
                Story Source
              </h1>
              <pre
                style={
                  Object {
                    "backgroundColor": "#fafafa",
                    "fontFamily": "Menlo, Monaco, "Courier New", monospace",
                    "fontSize": ".88em",
                    "lineHeight": 1.5,
                    "overflowX": "scroll",
                    "padding": ".5rem",
                  }
                }>
                <div
                  style={
                    Object {
                      "paddingLeft": 18,
                      "paddingRight": 3,
                    }
                  }>
                  <span
                    style={
                      Object {
                        "color": "#777",
                      }
                    }>
                    <
                    Lookup
                  </span>
                  <span>
                    <span>
                      <span>
                        <br />
                          
                      </span>
                      <span
                        style={Object {}}>
                        label
                      </span>
                      <span>
                        =
                        <span
                          style={Object {}}>
                          <span
                            style={
                              Object {
                                "color": "#22a",
                                "wordBreak": "break-word",
                              }
                            }>
                            "
                            Lookup (Uncontrolled)
                            "
                          </span>
                        </span>
                      </span>
                    </span>
                    <span>
                      <span>
                        <br />
                          
                      </span>
                      <span
                        style={Object {}}>
                        defaultSearchText
                      </span>
                      <span>
                        =
                        <span
                          style={Object {}}>
                          <span
                            style={
                              Object {
                                "color": "#22a",
                                "wordBreak": "break-word",
                              }
                            }>
                            "
                            A
                            "
                          </span>
                        </span>
                      </span>
                    </span>
                    <span>
                      <span>
                        <br />
                          
                      </span>
                      <span
                        style={Object {}}>
                        data
                      </span>
                      <span>
                        =
                        <span
                          style={Object {}}>
                          <span>
                            {
                            <span
                              style={
                                Object {
                                  "color": "#666",
                                }
                              }>
                              [
                              <span>
                                {
                                <span
                                  style={
                                    Object {
                                      "color": "#666",
                                    }
                                  }>
                                  {
                                  <span
                                    style={
                                      Object {
                                        "color": "#666",
                                      }
                                    }>
                                    icon
                                  </span>
                                  : 
                                  <span
                                    style={
                                      Object {
                                        "color": "#22a",
                                        "wordBreak": "break-word",
                                      }
                                    }>
                                    "
                                    standard:account
                                    "
                                  </span>
                                  , 
                                  <span
                                    style={
                                      Object {
                                        "color": "#666",
                                      }
                                    }>
                                    label
                                  </span>
                                  : 
                                  <span
                                    style={
                                      Object {
                                        "color": "#22a",
                                        "wordBreak": "break-word",
                                      }
                                    }>
                                    "
                                    Apple Inc.
                                    "
                                  </span>
                                  , 
                                  <span
                                    style={
                                      Object {
                                        "color": "#666",
                                      }
                                    }>
                                    value
                                  </span>
                                  : 
                                  <span
                                    style={
                                      Object {
                                        "color": "#22a",
                                        "wordBreak": "break-word",
                                      }
                                    }>
                                    "
                                    100000
                                    "
                                  </span>
                                  , 
                                  …
                                  }
                                </span>
                                }
                              </span>
                              , 
                              <span>
                                {
                                <span
                                  style={
                                    Object {
                                      "color": "#666",
                                    }
                                  }>
                                  {
                                  <span
                                    style={
                                      Object {
                                        "color": "#666",
                                      }
                                    }>
                                    icon
                                  </span>
                                  : 
                                  <span
                                    style={
                                      Object {
                                        "color": "#22a",
                                        "wordBreak": "break-word",
                                      }
                                    }>
                                    "
                                    standard:account
                                    "
                                  </span>
                                  , 
                                  <span
                                    style={
                                      Object {
                                        "color": "#666",
                                      }
                                    }>
                                    label
                                  </span>
                                  : 
                                  <span
                                    style={
                                      Object {
                                        "color": "#22a",
                                        "wordBreak": "break-word",
                                      }
                                    }>
                                    "
                                    Alphabet Inc.
                                    "
                                  </span>
                                  , 
                                  <span
                                    style={
                                      Object {
                                        "color": "#666",
                                      }
                                    }>
                                    value
                                  </span>
                                  : 
                                  <span
                                    style={
                                      Object {
                                        "color": "#22a",
                                        "wordBreak": "break-word",
                                      }
                                    }>
                                    "
                                    100001
                                    "
                                  </span>
                                  , 
                                  …
                                  }
                                </span>
                                }
                              </span>
                              , 
                              <span>
                                {
                                <span
                                  style={
                                    Object {
                                      "color": "#666",
                                    }
                                  }>
                                  {
                                  <span
                                    style={
                                      Object {
                                        "color": "#666",
                                      }
                                    }>
                                    icon
                                  </span>
                                  : 
                                  <span
                                    style={
                                      Object {
                                        "color": "#22a",
                                        "wordBreak": "break-word",
                                      }
                                    }>
                                    "
                                    standard:account
                                    "
                                  </span>
                                  , 
                                  <span
                                    style={
                                      Object {
                                        "color": "#666",
                                      }
                                    }>
                                    label
                                  </span>
                                  : 
                                  <span
                                    style={
                                      Object {
                                        "color": "#22a",
                                        "wordBreak": "break-word",
                                      }
                                    }>
                                    "
                                    Microsoft Corporation
                                    "
                                  </span>
                                  , 
                                  <span
                                    style={
                                      Object {
                                        "color": "#666",
                                      }
                                    }>
                                    value
                                  </span>
                                  : 
                                  <span
                                    style={
                                      Object {
                                        "color": "#22a",
                                        "wordBreak": "break-word",
                                      }
                                    }>
                                    "
                                    100002
                                    "
                                  </span>
                                  , 
                                  …
                                  }
                                </span>
                                }
                              </span>
                              , 
                              …
                              ]
                            </span>
                            }
                          </span>
                        </span>
                      </span>
                    </span>
                    <span>
                      <span>
                        <br />
                          
                      </span>
                      <span
                        style={Object {}}>
                        lookupFilter
                      </span>
                      <span>
                        =
                        <span
                          style={Object {}}>
                          <span>
                            {
                            <span
                              style={
                                Object {
                                  "color": "#170",
                                }
                              }>
                              lookupFilter()
                            </span>
                            }
                          </span>
                        </span>
                      </span>
                    </span>
                    <span>
                      <span>
                        <br />
                          
                      </span>
                      <span
                        style={Object {}}>
                        onSearchTextChange
                      </span>
                      <span>
                        =
                        <span
                          style={Object {}}>
                          <span>
                            {
                            <span
                              style={
                                Object {
                                  "color": "#170",
                                }
                              }>
  -                           anonymous()
  +                           searchTextChange()
                            </span>
                            }
                          </span>
                        </span>
                      </span>
                    </span>
                    <span>
                      <span>
                        <br />
                          
                      </span>
                      <span
                        style={Object {}}>
                        onLookupRequest
                      </span>
                      <span>
                        =
                        <span
                          style={Object {}}>
                          <span>
                            {
                            <span
                              style={
                                Object {
                                  "color": "#170",
                                }
                              }>
  -                           anonymous()
  +                           lookupRequest()
                            </span>
                            }
                          </span>
                        </span>
                      </span>
                    </span>
                    <span>
                      <span>
                        <br />
                          
                      </span>
                      <span
                        style={Object {}}>
                        onSelect
                      </span>
                      <span>
                        =
                        <span
                          style={Object {}}>
                          <span>
                            {
                            <span
                              style={
                                Object {
                                  "color": "#170",
                                }
                              }>
  -                           anonymous()
  +                           select()
                            </span>
                            }
                          </span>
                        </span>
                      </span>
                    </span>
                    <span>
                      <span>
                        <br />
                          
                      </span>
                      <span
                        style={Object {}}>
                        onComplete
                      </span>
                      <span>
                        =
                        <span
                          style={Object {}}>
                          <span>
                            {
                            <span
                              style={
                                Object {
                                  "color": "#170",
                                }
                              }>
  -                           anonymous()
  +                           complete()
                            </span>
                            }
                          </span>
                        </span>
                      </span>
                      <br />
                    </span>
                  </span>
                  <span
                    style={
                      Object {
                        "color": "#777",
                      }
                    }>
                    />
                  </span>
                </div>
              </pre>
            </div>
            <div>
              <h1
                style={
                  Object {
                    "borderBottom": "1px solid #EEE",
  -                 "fontSize": 25,
  +                 "fontSize": "25px",
                    "margin": "20px 0 0 0",
                    "padding": "0 0 5px 0",
                  }
                }>
                Prop Types
              </h1>
              <div>
                <h2
                  style={
                    Object {
                      "margin": "20px 0 0 0",
                    }
                  }>
                  "
                  Lookup
                  " Component
                </h2>
                <table
                  style={
                    Object {
                      "borderCollapse": "separate",
                      "borderSpacing": "10px 5px",
                      "marginLeft": -10,
                    }
                  }>
                  <thead>
                    <tr>
                      <th>
                        property
                      </th>
                      <th>
                        propType
                      </th>
                      <th>
                        required
                      </th>
                      <th>
                        default
                      </th>
                    </tr>
                  </thead>
                  <tbody>
                    <tr>
                      <td>
                        lookupFilter
                      </td>
                      <td>
                        func
                      </td>
                      <td>
                        no
                      </td>
                      <td>
                        -
                      </td>
                    </tr>
                    <tr>
                      <td>
                        cols
                      </td>
                      <td>
                        number
                      </td>
                      <td>
                        no
                      </td>
                      <td>
                        -
                      </td>
                    </tr>
                    <tr>
                      <td>
                        className
                      </td>
                      <td>
                        string
                      </td>
                      <td>
                        no
                      </td>
                      <td>
                        -
                      </td>
                    </tr>
                    <tr>
                      <td>
                        listFooter
                      </td>
                      <td>
                        node
                      </td>
                      <td>
                        no
                      </td>
                      <td>
                        -
                      </td>
                    </tr>
                    <tr>
                      <td>
                        id
                      </td>
                      <td>
                        string
                      </td>
                      <td>
                        no
                      </td>
                      <td>
                        -
                      </td>
                    </tr>
                    <tr>
                      <td>
                        defaultTargetScope
                      </td>
                      <td>
                        string
                      </td>
                      <td>
                        no
                      </td>
                      <td>
                        -
                      </td>
                    </tr>
                    <tr>
                      <td>
                        defaultValue
                      </td>
                      <td>
                        string
                      </td>
                      <td>
                        no
                      </td>
                      <td>
                        -
                      </td>
                    </tr>
                    <tr>
                      <td>
                        iconAlign
                      </td>
                      <td>
                        other
                      </td>
                      <td>
                        no
                      </td>
                      <td>
                        -
                      </td>
                    </tr>
                    <tr>
                      <td>
                        defaultSelected
                      </td>
                      <td>
                        other
                      </td>
                      <td>
                        no
                      </td>
                      <td>
                        -
                      </td>
                    </tr>
                    <tr>
                      <td>
                        error
                      </td>
                      <td>
                        other
                      </td>
                      <td>
                        no
                      </td>
                      <td>
                        -
                      </td>
                    </tr>
                    <tr>
                      <td>
                        defaultOpened
                      </td>
                      <td>
                        bool
                      </td>
                      <td>
                        no
                      </td>
                      <td>
                        -
                      </td>
                    </tr>
                    <tr>
                      <td>
                        data
                      </td>
                      <td>
                        other
                      </td>
                      <td>
                        no
                      </td>
                      <td>
                        -
                      </td>
                    </tr>
                    <tr>
                      <td>
                        defaultSearchText
                      </td>
                      <td>
                        string
                      </td>
                      <td>
                        no
                      </td>
                      <td>
                        -
                      </td>
                    </tr>
                    <tr>
                      <td>
                        onSearchTextChange
                      </td>
                      <td>
                        func
                      </td>
                      <td>
                        no
                      </td>
                      <td>
                        -
                      </td>
                    </tr>
                    <tr>
                      <td>
                        loading
                      </td>
                      <td>
                        bool
                      </td>
                      <td>
                        no
                      </td>
                      <td>
                        -
                      </td>
                    </tr>
                    <tr>
                      <td>
                        label
                      </td>
                      <td>
                        string
                      </td>
                      <td>
                        no
                      </td>
                      <td>
                        -
                      </td>
                    </tr>
                    <tr>
                      <td>
                        listHeader
                      </td>
                      <td>
                        node
                      </td>
                      <td>
                        no
                      </td>
                      <td>
                        -
                      </td>
                    </tr>
                    <tr>
                      <td>
                        onScopeChange
                      </td>
                      <td>
                        func
                      </td>
                      <td>
                        no
                      </td>
                      <td>
                        -
                      </td>
                    </tr>
                    <tr>
                      <td>
                        opened
                      </td>
                      <td>
                        bool
                      </td>
                      <td>
                        no
                      </td>
                      <td>
                        -
                      </td>
                    </tr>
                    <tr>
                      <td>
                        onComplete
                      </td>
                      <td>
                        func
                      </td>
                      <td>
                        no
                      </td>
                      <td>
                        -
                      </td>
                    </tr>
                    <tr>
                      <td>
                        onSelect
                      </td>
                      <td>
                        func
                      </td>
                      <td>
                        no
                      </td>
                      <td>
                        -
                      </td>
                    </tr>
                    <tr>
                      <td>
                        onBlur
                      </td>
                      <td>
                        func
                      </td>
                      <td>
                        no
                      </td>
                      <td>
                        -
                      </td>
                    </tr>
                    <tr>
                      <td>
                        onLookupRequest
                      </td>
                      <td>
                        func
                      </td>
                      <td>
                        no
                      </td>
                      <td>
                        -
                      </td>
                    </tr>
                    <tr>
                      <td>
                        onScopeMenuClick
                      </td>
                      <td>
                        func
                      </td>
                      <td>
                        no
                      </td>
                      <td>
                        -
                      </td>
                    </tr>
                    <tr>
                      <td>
                        required
                      </td>
                      <td>
                        bool
                      </td>
                      <td>
                        no
                      </td>
                      <td>
                        -
                      </td>
                    </tr>
                    <tr>
                      <td>
                        scopes
                      </td>
                      <td>
                        other
                      </td>
                      <td>
                        no
                      </td>
                      <td>
                        -
                      </td>
                    </tr>
                    <tr>
                      <td>
                        searchText
                      </td>
                      <td>
                        string
                      </td>
                      <td>
                        no
                      </td>
                      <td>
                        -
                      </td>
                    </tr>
                    <tr>
                      <td>
                        selected
                      </td>
                      <td>
                        other
                      </td>
                      <td>
                        no
                      </td>
                      <td>
                        -
                      </td>
                    </tr>
                    <tr>
                      <td>
                        targetScope
                      </td>
                      <td>
                        string
                      </td>
                      <td>
                        no
                      </td>
                      <td>
                        -
                      </td>
                    </tr>
                    <tr>
                      <td>
                        totalCols
                      </td>
                      <td>
                        number
                      </td>
                      <td>
                        no
                      </td>
                      <td>
                        -
                      </td>
                    </tr>
                    <tr>
                      <td>
                        value
                      </td>
                      <td>
                        string
                      </td>
                      <td>
                        no
                      </td>
                      <td>
                        -
                      </td>
                    </tr>
                  </tbody>
                </table>
              </div>
            </div>
          </div>
        </div>
      </div>
    </div>


✗ Controlled with Multi Scope
  - Snapshot
  + Current story
  
  <div>
      <div
        style={
          Object {
            "position": "relative",
            "zIndex": 0,
          }
        }>
        <div
          className="slds-form-element react-slds-dropdown-form-element">
          <div
            className="slds-form-element">
            <label
              className="slds-form-element__label"
              htmlFor="form-element-$uuid$">
              Lookup (Controlled, Multi Scope)
            </label>
            <div
              className="slds-form-element__control">
              <div
                className="slds-lookup"
                data-scope="multi"
                data-select="single"
                data-typeahead={false}>
                <div
                  className="slds-grid slds-form-element__control slds-box--border"
                  style={
                    Object {
                      "WebkitFlexWrap": "nowrap",
                      "flexWrap": "nowrap",
                      "msFlexWrap": "nowrap",
                    }
                  }>
                  <div
                    className="slds-grid slds-grid--align-center slds-grid--vertical-align-center react-slds-lookup-scope-selector">
                    <div
                      className="slds-dropdown-trigger slds-button-space-left"
                      style={undefined}>
                      <button
                        aria-haspopup={true}
                        className="slds-button"
                        onBlur={[Function]}
                        onClick={[Function]}
                        onKeyDown={[Function]}
                        type="button">
                        <svg
                          aria-hidden={true}
                          className="slds-icon slds-icon--x-small slds-icon-standard-account"
                          dangerouslySetInnerHTML={
                            Object {
                              "__html": "<use xlink:href="/assets/icons/standard-sprite/svg/symbols.svg#account"></use>",
                            }
                          }
                          style={undefined} />
                        <svg
                          aria-hidden={true}
                          className="slds-button__icon slds-button__icon--right slds-button__icon--small"
                          dangerouslySetInnerHTML={
                            Object {
                              "__html": "<use xlink:href="/assets/icons/utility-sprite/svg/symbols.svg#down"></use>",
                            }
                          }
                          style={undefined} />
                      </button>
                    </div>
                  </div>
                  <div
                    className="slds-grid slds-input-has-icon slds-input-has-icon--right slds-col">
                    <input
                      className="slds-col slds-input--bare"
                      defaultValue={undefined}
                      id="form-element-$uuid$"
                      onBlur={[Function]}
                      onChange={[Function]}
                      onKeyDown={[Function]}
                      onSubmit={[Function]}
                      readOnly={undefined}
                      type={undefined}
                      value="" />
                    <svg
                      aria-hidden={true}
                      className="slds-icon slds-icon-text-default slds-input__icon"
                      dangerouslySetInnerHTML={
                        Object {
                          "__html": "<use xlink:href="/assets/icons/utility-sprite/svg/symbols.svg#search"></use>",
                        }
                      }
                      onClick={[Function]}
                      style={
                        Object {
                          "cursor": "pointer",
                        }
                      } />
                  </div>
                </div>
              </div>
            </div>
          </div>
          <div
            className="react-slds-dropdown-control-wrapper"
            style={undefined}>
            <div
              className="slds-form-element__control">
              <div
                className="slds-lookup__menu slds-hide"
                onKeyDown={[Function]}
                role="listbox">
                <ul
                  className="slds-lookup__list"
                  role="presentation" />
              </div>
            </div>
          </div>
        </div>
      </div>
      <a
        onClick={[Function]}
        style={
          Object {
            "background": "#28c",
            "borderRadius": "0 0 0 5px",
            "color": "#fff",
            "cursor": "pointer",
            "display": "block",
            "fontFamily": "sans-serif",
  -         "fontSize": 12,
  +         "fontSize": "12px",
            "padding": "5px 15px",
            "position": "fixed",
            "right": 0,
            "textDecoration": "none",
            "top": 0,
          }
        }>
        ?
      </a>
      <div
        style={
          Object {
            "background": "white",
            "bottom": 0,
            "display": "none",
            "left": 0,
            "overflow": "auto",
            "padding": "0 40px",
            "position": "absolute",
            "right": 0,
            "top": 0,
          }
        }>
        <a
          onClick={[Function]}
          style={
            Object {
              "background": "#28c",
              "borderRadius": "0 0 0 5px",
              "color": "#fff",
              "cursor": "pointer",
              "display": "block",
              "fontFamily": "sans-serif",
  -           "fontSize": 12,
  +           "fontSize": "12px",
              "padding": "5px 15px",
              "position": "fixed",
              "right": 0,
              "textDecoration": "none",
              "top": 0,
            }
          }>
          ×
        </a>
        <div
          style={undefined}>
          <div
            style={
              Object {
                "WebkitFontSmoothing": "antialiased",
                "color": "#444",
                "fontFamily": "
                  -apple-system, ".SFNSText-Regular", "San Francisco", "Roboto",
                  "Segoe UI", "Helvetica Neue", "Lucida Grande", sans-serif
                ",
  -             "fontSize": 15,
  +             "fontSize": "15px",
                "fontWeight": 300,
                "lineHeight": 1.45,
              }
            }>
            <div
              style={
                Object {
                  "borderBottom": "1px solid #eee",
                  "marginBottom": 10,
  +               "paddingTop": 10,
                }
              }>
              <h1
                style={
                  Object {
  -                 "fontSize": 35,
  -                 "margin": "20px 0 0 0",
  +                 "fontSize": "35px",
  +                 "margin": 0,
                    "padding": 0,
                  }
                }>
                Lookup
              </h1>
              <h2
                style={
                  Object {
  -                 "fontSize": 22,
  +                 "fontSize": "22px",
                    "fontWeight": 400,
                    "margin": "0 0 10px 0",
                    "padding": 0,
                  }
                }>
                Controlled with Multi Scope
              </h2>
            </div>
            <div
              style={
                Object {
                  "marginBottom": 0,
                }
              }>
              <p
                style={
                  Object {
                    "WebkitFontSmoothing": "antialiased",
                    "color": "#444",
                    "fontFamily": "
                      -apple-system, ".SFNSText-Regular", "San Francisco", "Roboto",
                      "Segoe UI", "Helvetica Neue", "Lucida Grande", sans-serif
                    ",
  -                 "fontSize": 15,
  +                 "fontSize": "15px",
                  }
                }>
                Lookup component whose state is controlled from outside, search scope is selectable from multiple scope
              </p>
            </div>
            <div>
              <h1
                style={
                  Object {
                    "borderBottom": "1px solid #EEE",
  -                 "fontSize": 25,
  +                 "fontSize": "25px",
                    "margin": "20px 0 0 0",
                    "padding": "0 0 5px 0",
                  }
                }>
                Story Source
              </h1>
              <pre
                style={
                  Object {
                    "backgroundColor": "#fafafa",
                    "fontFamily": "Menlo, Monaco, "Courier New", monospace",
                    "fontSize": ".88em",
                    "lineHeight": 1.5,
                    "overflowX": "scroll",
                    "padding": ".5rem",
                  }
                }>
                <div
                  style={
                    Object {
                      "paddingLeft": 18,
                      "paddingRight": 3,
                    }
                  }>
                  <span
                    style={
                      Object {
                        "color": "#777",
                      }
                    }>
                    <
                    LookupControlled
                  </span>
                  <span>
                    <span>
                      <span>
                        <br />
                          
                      </span>
                      <span
                        style={Object {}}>
                        label
                      </span>
                      <span>
                        =
                        <span
                          style={Object {}}>
                          <span
                            style={
                              Object {
                                "color": "#22a",
                                "wordBreak": "break-word",
                              }
                            }>
                            "
                            Lookup (Controlled, Multi Scope)
                            "
                          </span>
                        </span>
                      </span>
                    </span>
                    <span>
                      <span>
                        <br />
                          
                      </span>
                      <span
                        style={Object {}}>
                        scopes
                      </span>
                      <span>
                        =
                        <span
                          style={Object {}}>
                          <span>
                            {
                            <span
                              style={
                                Object {
                                  "color": "#666",
                                }
                              }>
                              [
                              <span>
                                {
                                <span
                                  style={
                                    Object {
                                      "color": "#666",
                                    }
                                  }>
                                  {
                                  <span
                                    style={
                                      Object {
                                        "color": "#666",
                                      }
                                    }>
                                    label
                                  </span>
                                  : 
                                  <span
                                    style={
                                      Object {
                                        "color": "#22a",
                                        "wordBreak": "break-word",
                                      }
                                    }>
                                    "
                                    Account
                                    "
                                  </span>
                                  , 
                                  <span
                                    style={
                                      Object {
                                        "color": "#666",
                                      }
                                    }>
                                    value
                                  </span>
                                  : 
                                  <span
                                    style={
                                      Object {
                                        "color": "#22a",
                                        "wordBreak": "break-word",
                                      }
                                    }>
                                    "
                                    Account
                                    "
                                  </span>
                                  , 
                                  <span
                                    style={
                                      Object {
                                        "color": "#666",
                                      }
                                    }>
                                    icon
                                  </span>
                                  : 
                                  <span
                                    style={
                                      Object {
                                        "color": "#22a",
                                        "wordBreak": "break-word",
                                      }
                                    }>
                                    "
                                    standard:account
                                    "
                                  </span>
                                  }
                                </span>
                                }
                              </span>
                              , 
                              <span>
                                {
                                <span
                                  style={
                                    Object {
                                      "color": "#666",
                                    }
                                  }>
                                  {
                                  <span
                                    style={
                                      Object {
                                        "color": "#666",
                                      }
                                    }>
                                    label
                                  </span>
                                  : 
                                  <span
                                    style={
                                      Object {
                                        "color": "#22a",
                                        "wordBreak": "break-word",
                                      }
                                    }>
                                    "
                                    Campaign
                                    "
                                  </span>
                                  , 
                                  <span
                                    style={
                                      Object {
                                        "color": "#666",
                                      }
                                    }>
                                    value
                                  </span>
                                  : 
                                  <span
                                    style={
                                      Object {
                                        "color": "#22a",
                                        "wordBreak": "break-word",
                                      }
                                    }>
                                    "
                                    Campaign
                                    "
                                  </span>
                                  , 
                                  <span
                                    style={
                                      Object {
                                        "color": "#666",
                                      }
                                    }>
                                    icon
                                  </span>
                                  : 
                                  <span
                                    style={
                                      Object {
                                        "color": "#22a",
                                        "wordBreak": "break-word",
                                      }
                                    }>
                                    "
                                    standard:campaign
                                    "
                                  </span>
                                  }
                                </span>
                                }
                              </span>
                              , 
                              <span>
                                {
                                <span
                                  style={
                                    Object {
                                      "color": "#666",
                                    }
                                  }>
                                  {
                                  <span
                                    style={
                                      Object {
                                        "color": "#666",
                                      }
                                    }>
                                    label
                                  </span>
                                  : 
                                  <span
                                    style={
                                      Object {
                                        "color": "#22a",
                                        "wordBreak": "break-word",
                                      }
                                    }>
                                    "
                                    Case
                                    "
                                  </span>
                                  , 
                                  <span
                                    style={
                                      Object {
                                        "color": "#666",
                                      }
                                    }>
                                    value
                                  </span>
                                  : 
                                  <span
                                    style={
                                      Object {
                                        "color": "#22a",
                                        "wordBreak": "break-word",
                                      }
                                    }>
                                    "
                                    Case
                                    "
                                  </span>
                                  , 
                                  <span
                                    style={
                                      Object {
                                        "color": "#666",
                                      }
                                    }>
                                    icon
                                  </span>
                                  : 
                                  <span
                                    style={
                                      Object {
                                        "color": "#22a",
                                        "wordBreak": "break-word",
                                      }
                                    }>
                                    "
                                    standard:case
                                    "
                                  </span>
                                  }
                                </span>
                                }
                              </span>
                              , 
                              …
                              ]
                            </span>
                            }
                          </span>
                        </span>
                      </span>
                    </span>
                    <span>
                      <span>
                        <br />
                          
                      </span>
                      <span
                        style={Object {}}>
                        onScopeMenuClick
                      </span>
                      <span>
                        =
                        <span
                          style={Object {}}>
                          <span>
                            {
                            <span
                              style={
                                Object {
                                  "color": "#170",
                                }
                              }>
  -                           anonymous()
  +                           scopeMenuClick()
                            </span>
                            }
                          </span>
                        </span>
                      </span>
                    </span>
                    <span>
                      <span>
                        <br />
                          
                      </span>
                      <span
                        style={Object {}}>
                        onScopeChange
                      </span>
                      <span>
                        =
                        <span
                          style={Object {}}>
                          <span>
                            {
                            <span
                              style={
                                Object {
                                  "color": "#170",
                                }
                              }>
  -                           anonymous()
  +                           scopeChange()
                            </span>
                            }
                          </span>
                        </span>
                      </span>
                    </span>
                    <span>
                      <span>
                        <br />
                          
                      </span>
                      <span
                        style={Object {}}>
                        onSearchTextChange
                      </span>
                      <span>
                        =
                        <span
                          style={Object {}}>
                          <span>
                            {
                            <span
                              style={
                                Object {
                                  "color": "#170",
                                }
                              }>
  -                           anonymous()
  +                           searchTextChange()
                            </span>
                            }
                          </span>
                        </span>
                      </span>
                    </span>
                    <span>
                      <span>
                        <br />
                          
                      </span>
                      <span
                        style={Object {}}>
                        onLookupRequest
                      </span>
                      <span>
                        =
                        <span
                          style={Object {}}>
                          <span>
                            {
                            <span
                              style={
                                Object {
                                  "color": "#170",
                                }
                              }>
  -                           anonymous()
  +                           lookupRequest()
                            </span>
                            }
                          </span>
                        </span>
                      </span>
                    </span>
                    <span>
                      <span>
                        <br />
                          
                      </span>
                      <span
                        style={Object {}}>
                        onSelect
                      </span>
                      <span>
                        =
                        <span
                          style={Object {}}>
                          <span>
                            {
                            <span
                              style={
                                Object {
                                  "color": "#170",
                                }
                              }>
  -                           anonymous()
  +                           select()
                            </span>
                            }
                          </span>
                        </span>
                      </span>
                    </span>
                    <span>
                      <span>
                        <br />
                          
                      </span>
                      <span
                        style={Object {}}>
                        onComplete
                      </span>
                      <span>
                        =
                        <span
                          style={Object {}}>
                          <span>
                            {
                            <span
                              style={
                                Object {
                                  "color": "#170",
                                }
                              }>
  -                           anonymous()
  +                           complete()
                            </span>
                            }
                          </span>
                        </span>
                      </span>
                      <br />
                    </span>
                  </span>
                  <span
                    style={
                      Object {
                        "color": "#777",
                      }
                    }>
                    />
                  </span>
                </div>
              </pre>
            </div>
            <div>
              <h1
                style={
                  Object {
                    "borderBottom": "1px solid #EEE",
  -                 "fontSize": 25,
  +                 "fontSize": "25px",
                    "margin": "20px 0 0 0",
                    "padding": "0 0 5px 0",
                  }
                }>
                Prop Types
              </h1>
              <div>
                <h2
                  style={
                    Object {
                      "margin": "20px 0 0 0",
                    }
                  }>
                  "
                  LookupControlled
                  " Component
                </h2>
                <table
                  style={
                    Object {
                      "borderCollapse": "separate",
                      "borderSpacing": "10px 5px",
                      "marginLeft": -10,
                    }
                  }>
                  <thead>
                    <tr>
                      <th>
                        property
                      </th>
                      <th>
                        propType
                      </th>
                      <th>
                        required
                      </th>
                      <th>
                        default
                      </th>
                    </tr>
                  </thead>
                  <tbody>
                    <tr>
                      <td>
                        onComplete
                      </td>
                      <td>
                        func
                      </td>
                      <td>
                        no
                      </td>
                      <td>
                        -
                      </td>
                    </tr>
                    <tr>
                      <td>
                        onLookupRequest
                      </td>
                      <td>
                        func
                      </td>
                      <td>
                        no
                      </td>
                      <td>
                        -
                      </td>
                    </tr>
                    <tr>
                      <td>
                        onScopeChange
                      </td>
                      <td>
                        func
                      </td>
                      <td>
                        no
                      </td>
                      <td>
                        -
                      </td>
                    </tr>
                    <tr>
                      <td>
                        onScopeMenuClick
                      </td>
                      <td>
                        func
                      </td>
                      <td>
                        no
                      </td>
                      <td>
                        -
                      </td>
                    </tr>
                    <tr>
                      <td>
                        onSearchTextChange
                      </td>
                      <td>
                        func
                      </td>
                      <td>
                        no
                      </td>
                      <td>
                        -
                      </td>
                    </tr>
                    <tr>
                      <td>
                        onSelect
                      </td>
                      <td>
                        func
                      </td>
                      <td>
                        no
                      </td>
                      <td>
                        -
                      </td>
                    </tr>
                    <tr>
                      <td>
                        scopes
                      </td>
                      <td>
                        other
                      </td>
                      <td>
                        no
                      </td>
                      <td>
                        -
                      </td>
                    </tr>
                    <tr>
                      <td>
                        targetScope
                      </td>
                      <td>
                        string
                      </td>
                      <td>
                        no
                      </td>
                      <td>
                        -
                      </td>
                    </tr>
                  </tbody>
                </table>
              </div>
            </div>
          </div>
        </div>
      </div>
    </div>


✗ Uncontrolled with Multi Scope
  - Snapshot
  + Current story
  
  <div>
      <div
        style={
          Object {
            "position": "relative",
            "zIndex": 0,
          }
        }>
        <div
          className="slds-form-element react-slds-dropdown-form-element">
          <div
            className="slds-form-element">
            <label
              className="slds-form-element__label"
              htmlFor="form-element-$uuid$">
              Lookup (Uncontrolled, Multi Scope)
            </label>
            <div
              className="slds-form-element__control">
              <div
                className="slds-lookup"
                data-scope="multi"
                data-select="single"
                data-typeahead={false}>
                <div
                  className="slds-grid slds-form-element__control slds-box--border"
                  style={
                    Object {
                      "WebkitFlexWrap": "nowrap",
                      "flexWrap": "nowrap",
                      "msFlexWrap": "nowrap",
                    }
                  }>
                  <div
                    className="slds-grid slds-grid--align-center slds-grid--vertical-align-center react-slds-lookup-scope-selector">
                    <div
                      className="slds-dropdown-trigger slds-button-space-left"
                      style={undefined}>
                      <button
                        aria-haspopup={true}
                        className="slds-button"
                        onBlur={[Function]}
                        onClick={[Function]}
                        onKeyDown={[Function]}
                        type="button">
                        <svg
                          aria-hidden={true}
                          className="slds-icon slds-icon--x-small slds-icon-standard-opportunity"
                          dangerouslySetInnerHTML={
                            Object {
                              "__html": "<use xlink:href="/assets/icons/standard-sprite/svg/symbols.svg#opportunity"></use>",
                            }
                          }
                          style={undefined} />
                        <svg
                          aria-hidden={true}
                          className="slds-button__icon slds-button__icon--right slds-button__icon--small"
                          dangerouslySetInnerHTML={
                            Object {
                              "__html": "<use xlink:href="/assets/icons/utility-sprite/svg/symbols.svg#down"></use>",
                            }
                          }
                          style={undefined} />
                      </button>
                    </div>
                  </div>
                  <div
                    className="slds-grid slds-input-has-icon slds-input-has-icon--right slds-col">
                    <input
                      className="slds-col slds-input--bare"
                      defaultValue={undefined}
                      id="form-element-$uuid$"
                      onBlur={[Function]}
                      onChange={[Function]}
                      onKeyDown={[Function]}
                      onSubmit={[Function]}
                      readOnly={undefined}
                      type={undefined}
                      value="A" />
                    <svg
                      aria-hidden={true}
                      className="slds-icon slds-icon-text-default slds-input__icon"
                      dangerouslySetInnerHTML={
                        Object {
                          "__html": "<use xlink:href="/assets/icons/utility-sprite/svg/symbols.svg#search"></use>",
                        }
                      }
                      onClick={[Function]}
                      style={
                        Object {
                          "cursor": "pointer",
                        }
                      } />
                  </div>
                </div>
              </div>
            </div>
          </div>
          <div
            className="react-slds-dropdown-control-wrapper"
            style={undefined}>
            <div
              className="slds-form-element__control">
              <div
                className="slds-lookup__menu slds-hide"
                onKeyDown={[Function]}
                role="listbox">
                <ul
                  className="slds-lookup__list"
                  role="presentation">
                  <li
                    className="slds-lookup__item">
                    <a
                      className="slds-truncate react-slds-candidate"
                      onBlur={[Function]}
                      onClick={[Function]}
                      onKeyDown={[Function]}
                      role="option"
                      tabIndex={-1}>
                      <svg
                        aria-hidden={true}
                        className="slds-icon slds-icon--small slds-icon-standard-opportunity"
                        dangerouslySetInnerHTML={
                          Object {
                            "__html": "<use xlink:href="/assets/icons/standard-sprite/svg/symbols.svg#opportunity"></use>",
                          }
                        }
                        style={undefined} />
                      Apple Inc. - New License
                    </a>
                  </li>
                  <li
                    className="slds-lookup__item">
                    <a
                      className="slds-truncate react-slds-candidate"
                      onBlur={[Function]}
                      onClick={[Function]}
                      onKeyDown={[Function]}
                      role="option"
                      tabIndex={-1}>
                      <svg
                        aria-hidden={true}
                        className="slds-icon slds-icon--small slds-icon-standard-opportunity"
                        dangerouslySetInnerHTML={
                          Object {
                            "__html": "<use xlink:href="/assets/icons/standard-sprite/svg/symbols.svg#opportunity"></use>",
                          }
                        }
                        style={undefined} />
                      Alphabet Inc. - Professional Service
                    </a>
                  </li>
                  <li
                    className="slds-lookup__item">
                    <a
                      className="slds-truncate react-slds-candidate"
                      onBlur={[Function]}
                      onClick={[Function]}
                      onKeyDown={[Function]}
                      role="option"
                      tabIndex={-1}>
                      <svg
                        aria-hidden={true}
                        className="slds-icon slds-icon--small slds-icon-standard-opportunity"
                        dangerouslySetInnerHTML={
                          Object {
                            "__html": "<use xlink:href="/assets/icons/standard-sprite/svg/symbols.svg#opportunity"></use>",
                          }
                        }
                        style={undefined} />
                      Adobe Systems Incorporated - New License
                    </a>
                  </li>
                  <li
                    className="slds-lookup__item">
                    <a
                      className="slds-truncate react-slds-candidate"
                      onBlur={[Function]}
                      onClick={[Function]}
                      onKeyDown={[Function]}
                      role="option"
                      tabIndex={-1}>
                      <svg
                        aria-hidden={true}
                        className="slds-icon slds-icon--small slds-icon-standard-opportunity"
                        dangerouslySetInnerHTML={
                          Object {
                            "__html": "<use xlink:href="/assets/icons/standard-sprite/svg/symbols.svg#opportunity"></use>",
                          }
                        }
                        style={undefined} />
                      Automatic Data Processing, Inc. - Professional Service
                    </a>
                  </li>
                  <li
                    className="slds-lookup__item">
                    <a
                      className="slds-truncate react-slds-candidate"
                      onBlur={[Function]}
                      onClick={[Function]}
                      onKeyDown={[Function]}
                      role="option"
                      tabIndex={-1}>
                      <svg
                        aria-hidden={true}
                        className="slds-icon slds-icon--small slds-icon-standard-opportunity"
                        dangerouslySetInnerHTML={
                          Object {
                            "__html": "<use xlink:href="/assets/icons/standard-sprite/svg/symbols.svg#opportunity"></use>",
                          }
                        }
                        style={undefined} />
                      Activision Blizzard, Inc - Hardware Renewal
                    </a>
                  </li>
                  <li
                    className="slds-lookup__item">
                    <a
                      className="slds-truncate react-slds-candidate"
                      onBlur={[Function]}
                      onClick={[Function]}
                      onKeyDown={[Function]}
                      role="option"
                      tabIndex={-1}>
                      <svg
                        aria-hidden={true}
                        className="slds-icon slds-icon--small slds-icon-standard-opportunity"
                        dangerouslySetInnerHTML={
                          Object {
                            "__html": "<use xlink:href="/assets/icons/standard-sprite/svg/symbols.svg#opportunity"></use>",
                          }
                        }
                        style={undefined} />
                      Applied Materials, Inc. - Hardware Renewal
                    </a>
                  </li>
                  <li
                    className="slds-lookup__item">
                    <a
                      className="slds-truncate react-slds-candidate"
                      onBlur={[Function]}
                      onClick={[Function]}
                      onKeyDown={[Function]}
                      role="option"
                      tabIndex={-1}>
                      <svg
                        aria-hidden={true}
                        className="slds-icon slds-icon--small slds-icon-standard-opportunity"
                        dangerouslySetInnerHTML={
                          Object {
                            "__html": "<use xlink:href="/assets/icons/standard-sprite/svg/symbols.svg#opportunity"></use>",
                          }
                        }
                        style={undefined} />
                      Analog Devices, Inc. - Professional Service
                    </a>
                  </li>
                  <li
                    className="slds-lookup__item">
                    <a
                      className="slds-truncate react-slds-candidate"
                      onBlur={[Function]}
                      onClick={[Function]}
                      onKeyDown={[Function]}
                      role="option"
                      tabIndex={-1}>
                      <svg
                        aria-hidden={true}
                        className="slds-icon slds-icon--small slds-icon-standard-opportunity"
                        dangerouslySetInnerHTML={
                          Object {
                            "__html": "<use xlink:href="/assets/icons/standard-sprite/svg/symbols.svg#opportunity"></use>",
                          }
                        }
                        style={undefined} />
                      Autodesk, Inc. - Hardware Renewal
                    </a>
                  </li>
                </ul>
              </div>
            </div>
          </div>
        </div>
      </div>
      <a
        onClick={[Function]}
        style={
          Object {
            "background": "#28c",
            "borderRadius": "0 0 0 5px",
            "color": "#fff",
            "cursor": "pointer",
            "display": "block",
            "fontFamily": "sans-serif",
  -         "fontSize": 12,
  +         "fontSize": "12px",
            "padding": "5px 15px",
            "position": "fixed",
            "right": 0,
            "textDecoration": "none",
            "top": 0,
          }
        }>
        ?
      </a>
      <div
        style={
          Object {
            "background": "white",
            "bottom": 0,
            "display": "none",
            "left": 0,
            "overflow": "auto",
            "padding": "0 40px",
            "position": "absolute",
            "right": 0,
            "top": 0,
          }
        }>
        <a
          onClick={[Function]}
          style={
            Object {
              "background": "#28c",
              "borderRadius": "0 0 0 5px",
              "color": "#fff",
              "cursor": "pointer",
              "display": "block",
              "fontFamily": "sans-serif",
  -           "fontSize": 12,
  +           "fontSize": "12px",
              "padding": "5px 15px",
              "position": "fixed",
              "right": 0,
              "textDecoration": "none",
              "top": 0,
            }
          }>
          ×
        </a>
        <div
          style={undefined}>
          <div
            style={
              Object {
                "WebkitFontSmoothing": "antialiased",
                "color": "#444",
                "fontFamily": "
                  -apple-system, ".SFNSText-Regular", "San Francisco", "Roboto",
                  "Segoe UI", "Helvetica Neue", "Lucida Grande", sans-serif
                ",
  -             "fontSize": 15,
  +             "fontSize": "15px",
                "fontWeight": 300,
                "lineHeight": 1.45,
              }
            }>
            <div
              style={
                Object {
                  "borderBottom": "1px solid #eee",
                  "marginBottom": 10,
  +               "paddingTop": 10,
                }
              }>
              <h1
                style={
                  Object {
  -                 "fontSize": 35,
  -                 "margin": "20px 0 0 0",
  +                 "fontSize": "35px",
  +                 "margin": 0,
                    "padding": 0,
                  }
                }>
                Lookup
              </h1>
              <h2
                style={
                  Object {
  -                 "fontSize": 22,
  +                 "fontSize": "22px",
                    "fontWeight": 400,
                    "margin": "0 0 10px 0",
                    "padding": 0,
                  }
                }>
                Uncontrolled with Multi Scope
              </h2>
            </div>
            <div
              style={
                Object {
                  "marginBottom": 0,
                }
              }>
              <p
                style={
                  Object {
                    "WebkitFontSmoothing": "antialiased",
                    "color": "#444",
                    "fontFamily": "
                      -apple-system, ".SFNSText-Regular", "San Francisco", "Roboto",
                      "Segoe UI", "Helvetica Neue", "Lucida Grande", sans-serif
                    ",
  -                 "fontSize": 15,
  +                 "fontSize": "15px",
                  }
                }>
                Lookup component whose state is managed inside of the component, search scope is selectable from multiple scope
              </p>
            </div>
            <div>
              <h1
                style={
                  Object {
                    "borderBottom": "1px solid #EEE",
  -                 "fontSize": 25,
  +                 "fontSize": "25px",
                    "margin": "20px 0 0 0",
                    "padding": "0 0 5px 0",
                  }
                }>
                Story Source
              </h1>
              <pre
                style={
                  Object {
                    "backgroundColor": "#fafafa",
                    "fontFamily": "Menlo, Monaco, "Courier New", monospace",
                    "fontSize": ".88em",
                    "lineHeight": 1.5,
                    "overflowX": "scroll",
                    "padding": ".5rem",
                  }
                }>
                <div
                  style={
                    Object {
                      "paddingLeft": 18,
                      "paddingRight": 3,
                    }
                  }>
                  <span
                    style={
                      Object {
                        "color": "#777",
                      }
                    }>
                    <
                    Lookup
                  </span>
                  <span>
                    <span>
                      <span>
                        <br />
                          
                      </span>
                      <span
                        style={Object {}}>
                        label
                      </span>
                      <span>
                        =
                        <span
                          style={Object {}}>
                          <span
                            style={
                              Object {
                                "color": "#22a",
                                "wordBreak": "break-word",
                              }
                            }>
                            "
                            Lookup (Uncontrolled, Multi Scope)
                            "
                          </span>
                        </span>
                      </span>
                    </span>
                    <span>
                      <span>
                        <br />
                          
                      </span>
                      <span
                        style={Object {}}>
                        scopes
                      </span>
                      <span>
                        =
                        <span
                          style={Object {}}>
                          <span>
                            {
                            <span
                              style={
                                Object {
                                  "color": "#666",
                                }
                              }>
                              [
                              <span>
                                {
                                <span
                                  style={
                                    Object {
                                      "color": "#666",
                                    }
                                  }>
                                  {
                                  <span
                                    style={
                                      Object {
                                        "color": "#666",
                                      }
                                    }>
                                    label
                                  </span>
                                  : 
                                  <span
                                    style={
                                      Object {
                                        "color": "#22a",
                                        "wordBreak": "break-word",
                                      }
                                    }>
                                    "
                                    Account
                                    "
                                  </span>
                                  , 
                                  <span
                                    style={
                                      Object {
                                        "color": "#666",
                                      }
                                    }>
                                    value
                                  </span>
                                  : 
                                  <span
                                    style={
                                      Object {
                                        "color": "#22a",
                                        "wordBreak": "break-word",
                                      }
                                    }>
                                    "
                                    Account
                                    "
                                  </span>
                                  , 
                                  <span
                                    style={
                                      Object {
                                        "color": "#666",
                                      }
                                    }>
                                    icon
                                  </span>
                                  : 
                                  <span
                                    style={
                                      Object {
                                        "color": "#22a",
                                        "wordBreak": "break-word",
                                      }
                                    }>
                                    "
                                    standard:account
                                    "
                                  </span>
                                  }
                                </span>
                                }
                              </span>
                              , 
                              <span>
                                {
                                <span
                                  style={
                                    Object {
                                      "color": "#666",
                                    }
                                  }>
                                  {
                                  <span
                                    style={
                                      Object {
                                        "color": "#666",
                                      }
                                    }>
                                    label
                                  </span>
                                  : 
                                  <span
                                    style={
                                      Object {
                                        "color": "#22a",
                                        "wordBreak": "break-word",
                                      }
                                    }>
                                    "
                                    Campaign
                                    "
                                  </span>
                                  , 
                                  <span
                                    style={
                                      Object {
                                        "color": "#666",
                                      }
                                    }>
                                    value
                                  </span>
                                  : 
                                  <span
                                    style={
                                      Object {
                                        "color": "#22a",
                                        "wordBreak": "break-word",
                                      }
                                    }>
                                    "
                                    Campaign
                                    "
                                  </span>
                                  , 
                                  <span
                                    style={
                                      Object {
                                        "color": "#666",
                                      }
                                    }>
                                    icon
                                  </span>
                                  : 
                                  <span
                                    style={
                                      Object {
                                        "color": "#22a",
                                        "wordBreak": "break-word",
                                      }
                                    }>
                                    "
                                    standard:campaign
                                    "
                                  </span>
                                  }
                                </span>
                                }
                              </span>
                              , 
                              <span>
                                {
                                <span
                                  style={
                                    Object {
                                      "color": "#666",
                                    }
                                  }>
                                  {
                                  <span
                                    style={
                                      Object {
                                        "color": "#666",
                                      }
                                    }>
                                    label
                                  </span>
                                  : 
                                  <span
                                    style={
                                      Object {
                                        "color": "#22a",
                                        "wordBreak": "break-word",
                                      }
                                    }>
                                    "
                                    Case
                                    "
                                  </span>
                                  , 
                                  <span
                                    style={
                                      Object {
                                        "color": "#666",
                                      }
                                    }>
                                    value
                                  </span>
                                  : 
                                  <span
                                    style={
                                      Object {
                                        "color": "#22a",
                                        "wordBreak": "break-word",
                                      }
                                    }>
                                    "
                                    Case
                                    "
                                  </span>
                                  , 
                                  <span
                                    style={
                                      Object {
                                        "color": "#666",
                                      }
                                    }>
                                    icon
                                  </span>
                                  : 
                                  <span
                                    style={
                                      Object {
                                        "color": "#22a",
                                        "wordBreak": "break-word",
                                      }
                                    }>
                                    "
                                    standard:case
                                    "
                                  </span>
                                  }
                                </span>
                                }
                              </span>
                              , 
                              …
                              ]
                            </span>
                            }
                          </span>
                        </span>
                      </span>
                    </span>
                    <span>
                      <span>
                        <br />
                          
                      </span>
                      <span
                        style={Object {}}>
                        defaultTargetScope
                      </span>
                      <span>
                        =
                        <span
                          style={Object {}}>
                          <span
                            style={
                              Object {
                                "color": "#22a",
                                "wordBreak": "break-word",
                              }
                            }>
                            "
                            Opportunity
                            "
                          </span>
                        </span>
                      </span>
                    </span>
                    <span>
                      <span>
                        <br />
                          
                      </span>
                      <span
                        style={Object {}}>
                        defaultSearchText
                      </span>
                      <span>
                        =
                        <span
                          style={Object {}}>
                          <span
                            style={
                              Object {
                                "color": "#22a",
                                "wordBreak": "break-word",
                              }
                            }>
                            "
                            A
                            "
                          </span>
                        </span>
                      </span>
                    </span>
                    <span>
                      <span>
                        <br />
                          
                      </span>
                      <span
                        style={Object {}}>
                        data
                      </span>
                      <span>
                        =
                        <span
                          style={Object {}}>
                          <span>
                            {
                            <span
                              style={
                                Object {
                                  "color": "#666",
                                }
                              }>
                              [
                              <span>
                                {
                                <span
                                  style={
                                    Object {
                                      "color": "#666",
                                    }
                                  }>
                                  {
                                  <span
                                    style={
                                      Object {
                                        "color": "#666",
                                      }
                                    }>
                                    icon
                                  </span>
                                  : 
                                  <span
                                    style={
                                      Object {
                                        "color": "#22a",
                                        "wordBreak": "break-word",
                                      }
                                    }>
                                    "
                                    standard:account
                                    "
                                  </span>
                                  , 
                                  <span
                                    style={
                                      Object {
                                        "color": "#666",
                                      }
                                    }>
                                    label
                                  </span>
                                  : 
                                  <span
                                    style={
                                      Object {
                                        "color": "#22a",
                                        "wordBreak": "break-word",
                                      }
                                    }>
                                    "
                                    Apple Inc.
                                    "
                                  </span>
                                  , 
                                  <span
                                    style={
                                      Object {
                                        "color": "#666",
                                      }
                                    }>
                                    value
                                  </span>
                                  : 
                                  <span
                                    style={
                                      Object {
                                        "color": "#22a",
                                        "wordBreak": "break-word",
                                      }
                                    }>
                                    "
                                    100000
                                    "
                                  </span>
                                  , 
                                  …
                                  }
                                </span>
                                }
                              </span>
                              , 
                              <span>
                                {
                                <span
                                  style={
                                    Object {
                                      "color": "#666",
                                    }
                                  }>
                                  {
                                  <span
                                    style={
                                      Object {
                                        "color": "#666",
                                      }
                                    }>
                                    icon
                                  </span>
                                  : 
                                  <span
                                    style={
                                      Object {
                                        "color": "#22a",
                                        "wordBreak": "break-word",
                                      }
                                    }>
                                    "
                                    standard:account
                                    "
                                  </span>
                                  , 
                                  <span
                                    style={
                                      Object {
                                        "color": "#666",
                                      }
                                    }>
                                    label
                                  </span>
                                  : 
                                  <span
                                    style={
                                      Object {
                                        "color": "#22a",
                                        "wordBreak": "break-word",
                                      }
                                    }>
                                    "
                                    Alphabet Inc.
                                    "
                                  </span>
                                  , 
                                  <span
                                    style={
                                      Object {
                                        "color": "#666",
                                      }
                                    }>
                                    value
                                  </span>
                                  : 
                                  <span
                                    style={
                                      Object {
                                        "color": "#22a",
                                        "wordBreak": "break-word",
                                      }
                                    }>
                                    "
                                    100001
                                    "
                                  </span>
                                  , 
                                  …
                                  }
                                </span>
                                }
                              </span>
                              , 
                              <span>
                                {
                                <span
                                  style={
                                    Object {
                                      "color": "#666",
                                    }
                                  }>
                                  {
                                  <span
                                    style={
                                      Object {
                                        "color": "#666",
                                      }
                                    }>
                                    icon
                                  </span>
                                  : 
                                  <span
                                    style={
                                      Object {
                                        "color": "#22a",
                                        "wordBreak": "break-word",
                                      }
                                    }>
                                    "
                                    standard:account
                                    "
                                  </span>
                                  , 
                                  <span
                                    style={
                                      Object {
                                        "color": "#666",
                                      }
                                    }>
                                    label
                                  </span>
                                  : 
                                  <span
                                    style={
                                      Object {
                                        "color": "#22a",
                                        "wordBreak": "break-word",
                                      }
                                    }>
                                    "
                                    Microsoft Corporation
                                    "
                                  </span>
                                  , 
                                  <span
                                    style={
                                      Object {
                                        "color": "#666",
                                      }
                                    }>
                                    value
                                  </span>
                                  : 
                                  <span
                                    style={
                                      Object {
                                        "color": "#22a",
                                        "wordBreak": "break-word",
                                      }
                                    }>
                                    "
                                    100002
                                    "
                                  </span>
                                  , 
                                  …
                                  }
                                </span>
                                }
                              </span>
                              , 
                              …
                              ]
                            </span>
                            }
                          </span>
                        </span>
                      </span>
                    </span>
                    <span>
                      <span>
                        <br />
                          
                      </span>
                      <span
                        style={Object {}}>
                        lookupFilter
                      </span>
                      <span>
                        =
                        <span
                          style={Object {}}>
                          <span>
                            {
                            <span
                              style={
                                Object {
                                  "color": "#170",
                                }
                              }>
                              lookupFilter()
                            </span>
                            }
                          </span>
                        </span>
                      </span>
                    </span>
                    <span>
                      <span>
                        <br />
                          
                      </span>
                      <span
                        style={Object {}}>
                        onScopeMenuClick
                      </span>
                      <span>
                        =
                        <span
                          style={Object {}}>
                          <span>
                            {
                            <span
                              style={
                                Object {
                                  "color": "#170",
                                }
                              }>
  -                           anonymous()
  +                           scopeMenuClick()
                            </span>
                            }
                          </span>
                        </span>
                      </span>
                    </span>
                    <span>
                      <span>
                        <br />
                          
                      </span>
                      <span
                        style={Object {}}>
                        onScopeChange
                      </span>
                      <span>
                        =
                        <span
                          style={Object {}}>
                          <span>
                            {
                            <span
                              style={
                                Object {
                                  "color": "#170",
                                }
                              }>
  -                           anonymous()
  +                           scopeChange()
                            </span>
                            }
                          </span>
                        </span>
                      </span>
                    </span>
                    <span>
                      <span>
                        <br />
                          
                      </span>
                      <span
                        style={Object {}}>
                        onSearchTextChange
                      </span>
                      <span>
                        =
                        <span
                          style={Object {}}>
                          <span>
                            {
                            <span
                              style={
                                Object {
                                  "color": "#170",
                                }
                              }>
  -                           anonymous()
  +                           searchTextChange()
                            </span>
                            }
                          </span>
                        </span>
                      </span>
                    </span>
                    <span>
                      <span>
                        <br />
                          
                      </span>
                      <span
                        style={Object {}}>
                        onLookupRequest
                      </span>
                      <span>
                        =
                        <span
                          style={Object {}}>
                          <span>
                            {
                            <span
                              style={
                                Object {
                                  "color": "#170",
                                }
                              }>
  -                           anonymous()
  +                           lookupRequest()
                            </span>
                            }
                          </span>
                        </span>
                      </span>
                    </span>
                    <span>
                      <span>
                        <br />
                          
                      </span>
                      <span
                        style={Object {}}>
                        onSelect
                      </span>
                      <span>
                        =
                        <span
                          style={Object {}}>
                          <span>
                            {
                            <span
                              style={
                                Object {
                                  "color": "#170",
                                }
                              }>
  -                           anonymous()
  +                           select()
                            </span>
                            }
                          </span>
                        </span>
                      </span>
                    </span>
                    <span>
                      <span>
                        <br />
                          
                      </span>
                      <span
                        style={Object {}}>
                        onComplete
                      </span>
                      <span>
                        =
                        <span
                          style={Object {}}>
                          <span>
                            {
                            <span
                              style={
                                Object {
                                  "color": "#170",
                                }
                              }>
  -                           anonymous()
  +                           complete()
                            </span>
                            }
                          </span>
                        </span>
                      </span>
                      <br />
                    </span>
                  </span>
                  <span
                    style={
                      Object {
                        "color": "#777",
                      }
                    }>
                    />
                  </span>
                </div>
              </pre>
            </div>
            <div>
              <h1
                style={
                  Object {
                    "borderBottom": "1px solid #EEE",
  -                 "fontSize": 25,
  +                 "fontSize": "25px",
                    "margin": "20px 0 0 0",
                    "padding": "0 0 5px 0",
                  }
                }>
                Prop Types
              </h1>
              <div>
                <h2
                  style={
                    Object {
                      "margin": "20px 0 0 0",
                    }
                  }>
                  "
                  Lookup
                  " Component
                </h2>
                <table
                  style={
                    Object {
                      "borderCollapse": "separate",
                      "borderSpacing": "10px 5px",
                      "marginLeft": -10,
                    }
                  }>
                  <thead>
                    <tr>
                      <th>
                        property
                      </th>
                      <th>
                        propType
                      </th>
                      <th>
                        required
                      </th>
                      <th>
                        default
                      </th>
                    </tr>
                  </thead>
                  <tbody>
                    <tr>
                      <td>
                        lookupFilter
                      </td>
                      <td>
                        func
                      </td>
                      <td>
                        no
                      </td>
                      <td>
                        -
                      </td>
                    </tr>
                    <tr>
                      <td>
                        cols
                      </td>
                      <td>
                        number
                      </td>
                      <td>
                        no
                      </td>
                      <td>
                        -
                      </td>
                    </tr>
                    <tr>
                      <td>
                        className
                      </td>
                      <td>
                        string
                      </td>
                      <td>
                        no
                      </td>
                      <td>
                        -
                      </td>
                    </tr>
                    <tr>
                      <td>
                        listFooter
                      </td>
                      <td>
                        node
                      </td>
                      <td>
                        no
                      </td>
                      <td>
                        -
                      </td>
                    </tr>
                    <tr>
                      <td>
                        id
                      </td>
                      <td>
                        string
                      </td>
                      <td>
                        no
                      </td>
                      <td>
                        -
                      </td>
                    </tr>
                    <tr>
                      <td>
                        defaultTargetScope
                      </td>
                      <td>
                        string
                      </td>
                      <td>
                        no
                      </td>
                      <td>
                        -
                      </td>
                    </tr>
                    <tr>
                      <td>
                        defaultValue
                      </td>
                      <td>
                        string
                      </td>
                      <td>
                        no
                      </td>
                      <td>
                        -
                      </td>
                    </tr>
                    <tr>
                      <td>
                        iconAlign
                      </td>
                      <td>
                        other
                      </td>
                      <td>
                        no
                      </td>
                      <td>
                        -
                      </td>
                    </tr>
                    <tr>
                      <td>
                        defaultSelected
                      </td>
                      <td>
                        other
                      </td>
                      <td>
                        no
                      </td>
                      <td>
                        -
                      </td>
                    </tr>
                    <tr>
                      <td>
                        error
                      </td>
                      <td>
                        other
                      </td>
                      <td>
                        no
                      </td>
                      <td>
                        -
                      </td>
                    </tr>
                    <tr>
                      <td>
                        defaultOpened
                      </td>
                      <td>
                        bool
                      </td>
                      <td>
                        no
                      </td>
                      <td>
                        -
                      </td>
                    </tr>
                    <tr>
                      <td>
                        data
                      </td>
                      <td>
                        other
                      </td>
                      <td>
                        no
                      </td>
                      <td>
                        -
                      </td>
                    </tr>
                    <tr>
                      <td>
                        defaultSearchText
                      </td>
                      <td>
                        string
                      </td>
                      <td>
                        no
                      </td>
                      <td>
                        -
                      </td>
                    </tr>
                    <tr>
                      <td>
                        onSearchTextChange
                      </td>
                      <td>
                        func
                      </td>
                      <td>
                        no
                      </td>
                      <td>
                        -
                      </td>
                    </tr>
                    <tr>
                      <td>
                        loading
                      </td>
                      <td>
                        bool
                      </td>
                      <td>
                        no
                      </td>
                      <td>
                        -
                      </td>
                    </tr>
                    <tr>
                      <td>
                        label
                      </td>
                      <td>
                        string
                      </td>
                      <td>
                        no
                      </td>
                      <td>
                        -
                      </td>
                    </tr>
                    <tr>
                      <td>
                        listHeader
                      </td>
                      <td>
                        node
                      </td>
                      <td>
                        no
                      </td>
                      <td>
                        -
                      </td>
                    </tr>
                    <tr>
                      <td>
                        onScopeChange
                      </td>
                      <td>
                        func
                      </td>
                      <td>
                        no
                      </td>
                      <td>
                        -
                      </td>
                    </tr>
                    <tr>
                      <td>
                        opened
                      </td>
                      <td>
                        bool
                      </td>
                      <td>
                        no
                      </td>
                      <td>
                        -
                      </td>
                    </tr>
                    <tr>
                      <td>
                        onComplete
                      </td>
                      <td>
                        func
                      </td>
                      <td>
                        no
                      </td>
                      <td>
                        -
                      </td>
                    </tr>
                    <tr>
                      <td>
                        onSelect
                      </td>
                      <td>
                        func
                      </td>
                      <td>
                        no
                      </td>
                      <td>
                        -
                      </td>
                    </tr>
                    <tr>
                      <td>
                        onBlur
                      </td>
                      <td>
                        func
                      </td>
                      <td>
                        no
                      </td>
                      <td>
                        -
                      </td>
                    </tr>
                    <tr>
                      <td>
                        onLookupRequest
                      </td>
                      <td>
                        func
                      </td>
                      <td>
                        no
                      </td>
                      <td>
                        -
                      </td>
                    </tr>
                    <tr>
                      <td>
                        onScopeMenuClick
                      </td>
                      <td>
                        func
                      </td>
                      <td>
                        no
                      </td>
                      <td>
                        -
                      </td>
                    </tr>
                    <tr>
                      <td>
                        required
                      </td>
                      <td>
                        bool
                      </td>
                      <td>
                        no
                      </td>
                      <td>
                        -
                      </td>
                    </tr>
                    <tr>
                      <td>
                        scopes
                      </td>
                      <td>
                        other
                      </td>
                      <td>
                        no
                      </td>
                      <td>
                        -
                      </td>
                    </tr>
                    <tr>
                      <td>
                        searchText
                      </td>
                      <td>
                        string
                      </td>
                      <td>
                        no
                      </td>
                      <td>
                        -
                      </td>
                    </tr>
                    <tr>
                      <td>
                        selected
                      </td>
                      <td>
                        other
                      </td>
                      <td>
                        no
                      </td>
                      <td>
                        -
                      </td>
                    </tr>
                    <tr>
                      <td>
                        targetScope
                      </td>
                      <td>
                        string
                      </td>
                      <td>
                        no
                      </td>
                      <td>
                        -
                      </td>
                    </tr>
                    <tr>
                      <td>
                        totalCols
                      </td>
                      <td>
                        number
                      </td>
                      <td>
                        no
                      </td>
                      <td>
                        -
                      </td>
                    </tr>
                    <tr>
                      <td>
                        value
                      </td>
                      <td>
                        string
                      </td>
                      <td>
                        no
                      </td>
                      <td>
                        -
                      </td>
                    </tr>
                  </tbody>
                </table>
              </div>
            </div>
          </div>
        </div>
      </div>
    </div>


Form

✗ Horizontal Form
  - Snapshot
  + Current story
  
  <div>
      <div
        style={
          Object {
            "position": "relative",
            "zIndex": 0,
          }
        }>
        <form
          className="slds-form--horizontal"
          onSubmit={[Function]}>
          <div
            className="slds-form-element">
            <label
              className="slds-form-element__label"
              htmlFor="input-$uuid$">
              Text Input
            </label>
            <div
              className="slds-form-element__control">
              <input
                className="slds-input"
                defaultValue={undefined}
                id="input-$uuid$"
                onChange={[Function]}
                onKeyDown={[Function]}
                readOnly={undefined}
                type={undefined}
                value={undefined} />
            </div>
          </div>
          <div
            className="slds-form-element">
            <label
              className="slds-form-element__label"
              htmlFor="form-element-$uuid$">
              Textarea Input
            </label>
            <div
              className="slds-form-element__control">
              <textarea
                className="slds-input"
                id="form-element-$uuid$"
                onChange={[Function]} />
            </div>
          </div>
          <fieldset
            className="slds-form-element"
            onChange={[Function]}
            style={undefined}>
            <legend
              className="slds-form-element__label slds-form-element__label--top">
              Checkbox Group Label
            </legend>
            <div
              className="slds-form-element__control">
              <label
                className="slds-checkbox">
                <input
                  type="checkbox" />
                <span
                  className="slds-checkbox--faux" />
                <span
                  className="slds-form-element__label">
                  All opportunities owned by you
                </span>
              </label>
              <label
                className="slds-checkbox">
                <input
                  type="checkbox" />
                <span
                  className="slds-checkbox--faux" />
                <span
                  className="slds-form-element__label">
                  All contacts in the account owned by you
                </span>
              </label>
            </div>
          </fieldset>
          <fieldset
            className="slds-form-element"
            name="radiogroup1"
            style={undefined}>
            <legend
              className="slds-form-element__label slds-form-element__label--top">
              Radio Group Label
            </legend>
            <div
              className="slds-form-element__control">
              <label
                className="slds-radio">
                <input
                  checked={undefined}
                  defaultChecked={undefined}
                  name="radiogroup1"
                  onChange={[Function]}
                  type="radio"
                  value={undefined} />
                <span
                  className="slds-radio--faux" />
                <span
                  className="slds-form-element__label">
                  Lead Generation
                </span>
              </label>
              <label
                className="slds-radio">
                <input
                  checked={undefined}
                  defaultChecked={undefined}
                  name="radiogroup1"
                  onChange={[Function]}
                  type="radio"
                  value={undefined} />
                <span
                  className="slds-radio--faux" />
                <span
                  className="slds-form-element__label">
                  Education Leads
                </span>
              </label>
            </div>
          </fieldset>
          <div
            className="slds-form-element">
            <label
              className="slds-form-element__label"
              htmlFor="form-element-$uuid$">
              Select Label
            </label>
            <div
              className="slds-form-element__control">
              <select
                className="slds-select"
                id="form-element-$uuid$"
                onChange={[Function]}>
                <option
                  value="1">
                  Option One
                </option>
                <option
                  value="2">
                  Option Two
                </option>
              </select>
            </div>
          </div>
          <div
            className="slds-form-element react-slds-dropdown-form-element">
            <div
              className="slds-form-element">
              <label
                className="slds-form-element__label"
                htmlFor="form-element-$uuid$">
                Picklist Label
              </label>
              <div
                className="slds-form-element__control">
                <div
                  aria-expanded={undefined}
                  className="slds-picklist">
                  <button
                    className="slds-picklist__label slds-button slds-button--neutral"
                    id="form-element-$uuid$"
                    onBlur={[Function]}
                    onClick={[Function]}
                    onKeyDown={[Function]}
                    type="button">
                    <span
                      className="slds-truncate">
                      <span>
                         
                      </span>
                    </span>
                    <svg
                      aria-hidden={true}
                      className="slds-icon slds-icon-text-default"
                      dangerouslySetInnerHTML={
                        Object {
                          "__html": "<use xlink:href="/assets/icons/utility-sprite/svg/symbols.svg#down"></use>",
                        }
                      }
                      style={undefined} />
                  </button>
                </div>
              </div>
            </div>
            <div
              className="react-slds-dropdown-control-wrapper"
              style={undefined}>
              <div
                className="slds-form-element__control">
                <div />
              </div>
            </div>
          </div>
          <div
            className="slds-form-element react-slds-dropdown-form-element">
            <div
              className="slds-form-element">
              <label
                className="slds-form-element__label"
                htmlFor="form-element-$uuid$">
                Date Input Label
              </label>
              <div
                className="slds-form-element__control">
                <div
                  className="slds-input-has-icon slds-input-has-icon--right">
                  <input
                    className="slds-input"
                    defaultValue={undefined}
                    id="form-element-$uuid$"
                    onBlur={[Function]}
                    onChange={[Function]}
                    onKeyDown={[Function]}
                    readOnly={undefined}
                    type={undefined}
                    value={undefined} />
                  <span
                    onClick={[Function]}
                    style={
                      Object {
                        "cursor": "pointer",
                      }
                    }
                    tabIndex={-1}>
                    <svg
                      aria-hidden={true}
                      className="slds-icon slds-icon-text-default slds-input__icon"
                      dangerouslySetInnerHTML={
                        Object {
                          "__html": "<use xlink:href="/assets/icons/utility-sprite/svg/symbols.svg#event"></use>",
                        }
                      }
                      style={undefined} />
                  </span>
                </div>
              </div>
            </div>
            <div
              className="react-slds-dropdown-control-wrapper"
              style={Object {}}>
              <div
                className="slds-form-element__control">
                <div />
              </div>
            </div>
          </div>
          <div
            className="slds-form-element react-slds-dropdown-form-element">
            <div
              className="slds-form-element">
              <label
                className="slds-form-element__label"
                htmlFor="form-element-$uuid$">
                Lookup Label
              </label>
              <div
                className="slds-form-element__control">
                <div
                  className="slds-lookup"
                  data-scope="single"
                  data-select="single"
                  data-typeahead={false}>
                  <div
                    className="slds-grid slds-input-has-icon slds-input-has-icon--right">
                    <input
                      className="slds-input"
                      defaultValue={undefined}
                      id="form-element-$uuid$"
                      onBlur={[Function]}
                      onChange={[Function]}
                      onKeyDown={[Function]}
                      onSubmit={[Function]}
                      readOnly={undefined}
                      type={undefined}
                      value={undefined} />
                    <svg
                      aria-hidden={true}
                      className="slds-icon slds-icon-text-default slds-input__icon"
                      dangerouslySetInnerHTML={
                        Object {
                          "__html": "<use xlink:href="/assets/icons/utility-sprite/svg/symbols.svg#search"></use>",
                        }
                      }
                      onClick={[Function]}
                      style={
                        Object {
                          "cursor": "pointer",
                        }
                      } />
                  </div>
                </div>
              </div>
            </div>
            <div
              className="react-slds-dropdown-control-wrapper"
              style={undefined}>
              <div
                className="slds-form-element__control">
                <div
                  className="slds-lookup__menu slds-hide"
                  onKeyDown={[Function]}
                  role="listbox">
                  <ul
                    className="slds-lookup__list"
                    role="presentation">
                    <li
                      className="slds-lookup__item">
                      <a
                        className="slds-truncate react-slds-candidate"
                        onBlur={[Function]}
                        onClick={[Function]}
                        onKeyDown={[Function]}
                        role="option"
                        tabIndex={-1}>
                        <svg
                          aria-hidden={true}
                          className="slds-icon slds-icon--small slds-icon-standard-account"
                          dangerouslySetInnerHTML={
                            Object {
                              "__html": "<use xlink:href="/assets/icons/standard-sprite/svg/symbols.svg#account"></use>",
                            }
                          }
                          style={undefined} />
                        Account
                      </a>
                    </li>
                    <li
                      className="slds-lookup__item">
                      <a
                        className="slds-truncate react-slds-candidate"
                        onBlur={[Function]}
                        onClick={[Function]}
                        onKeyDown={[Function]}
                        role="option"
                        tabIndex={-1}>
                        <svg
                          aria-hidden={true}
                          className="slds-icon slds-icon--small slds-icon-standard-contact"
                          dangerouslySetInnerHTML={
                            Object {
                              "__html": "<use xlink:href="/assets/icons/standard-sprite/svg/symbols.svg#contact"></use>",
                            }
                          }
                          style={undefined} />
                        Contact
                      </a>
                    </li>
                    <li
                      className="slds-lookup__item">
                      <a
                        className="slds-truncate react-slds-candidate"
                        onBlur={[Function]}
                        onClick={[Function]}
                        onKeyDown={[Function]}
                        role="option"
                        tabIndex={-1}>
                        <svg
                          aria-hidden={true}
                          className="slds-icon slds-icon--small slds-icon-standard-opportunity"
                          dangerouslySetInnerHTML={
                            Object {
                              "__html": "<use xlink:href="/assets/icons/standard-sprite/svg/symbols.svg#opportunity"></use>",
                            }
                          }
                          style={undefined} />
                        Opportunity
                      </a>
                    </li>
                  </ul>
                </div>
              </div>
            </div>
          </div>
        </form>
      </div>
      <a
        onClick={[Function]}
        style={
          Object {
            "background": "#28c",
            "borderRadius": "0 0 0 5px",
            "color": "#fff",
            "cursor": "pointer",
            "display": "block",
            "fontFamily": "sans-serif",
  -         "fontSize": 12,
  +         "fontSize": "12px",
            "padding": "5px 15px",
            "position": "fixed",
            "right": 0,
            "textDecoration": "none",
            "top": 0,
          }
        }>
        ?
      </a>
      <div
        style={
          Object {
            "background": "white",
            "bottom": 0,
            "display": "none",
            "left": 0,
            "overflow": "auto",
            "padding": "0 40px",
            "position": "absolute",
            "right": 0,
            "top": 0,
          }
        }>
        <a
          onClick={[Function]}
          style={
            Object {
              "background": "#28c",
              "borderRadius": "0 0 0 5px",
              "color": "#fff",
              "cursor": "pointer",
              "display": "block",
              "fontFamily": "sans-serif",
  -           "fontSize": 12,
  +           "fontSize": "12px",
              "padding": "5px 15px",
              "position": "fixed",
              "right": 0,
              "textDecoration": "none",
              "top": 0,
            }
          }>
          ×
        </a>
        <div
          style={undefined}>
          <div
            style={
              Object {
                "WebkitFontSmoothing": "antialiased",
                "color": "#444",
                "fontFamily": "
                  -apple-system, ".SFNSText-Regular", "San Francisco", "Roboto",
                  "Segoe UI", "Helvetica Neue", "Lucida Grande", sans-serif
                ",
  -             "fontSize": 15,
  +             "fontSize": "15px",
                "fontWeight": 300,
                "lineHeight": 1.45,
              }
            }>
            <div
              style={
                Object {
                  "borderBottom": "1px solid #eee",
                  "marginBottom": 10,
  +               "paddingTop": 10,
                }
              }>
              <h1
                style={
                  Object {
  -                 "fontSize": 35,
  -                 "margin": "20px 0 0 0",
  +                 "fontSize": "35px",
  +                 "margin": 0,
                    "padding": 0,
                  }
                }>
                Form
              </h1>
              <h2
                style={
                  Object {
  -                 "fontSize": 22,
  +                 "fontSize": "22px",
                    "fontWeight": 400,
                    "margin": "0 0 10px 0",
                    "padding": 0,
                  }
                }>
                Horizontal Form
              </h2>
            </div>
            <div
              style={
                Object {
                  "marginBottom": 0,
                }
              }>
              <p
                style={
                  Object {
                    "WebkitFontSmoothing": "antialiased",
                    "color": "#444",
                    "fontFamily": "
                      -apple-system, ".SFNSText-Regular", "San Francisco", "Roboto",
                      "Segoe UI", "Helvetica Neue", "Lucida Grande", sans-serif
                    ",
  -                 "fontSize": 15,
  +                 "fontSize": "15px",
                  }
                }>
                Horizontal Form
              </p>
            </div>
            <div>
              <h1
                style={
                  Object {
                    "borderBottom": "1px solid #EEE",
  -                 "fontSize": 25,
  +                 "fontSize": "25px",
                    "margin": "20px 0 0 0",
                    "padding": "0 0 5px 0",
                  }
                }>
                Story Source
              </h1>
              <pre
                style={
                  Object {
                    "backgroundColor": "#fafafa",
                    "fontFamily": "Menlo, Monaco, "Courier New", monospace",
                    "fontSize": ".88em",
                    "lineHeight": 1.5,
                    "overflowX": "scroll",
                    "padding": ".5rem",
                  }
                }>
                <div>
                  <div
                    style={
                      Object {
                        "paddingLeft": 18,
                        "paddingRight": 3,
                      }
                    }>
                    <span
                      style={
                        Object {
                          "color": "#777",
                        }
                      }>
                      <
                      Form
                    </span>
                    <span>
                      <span>
                         
                        <span
                          style={Object {}}>
                          type
                        </span>
                        <span>
                          =
                          <span
                            style={Object {}}>
                            <span
                              style={
                                Object {
                                  "color": "#22a",
                                  "wordBreak": "break-word",
                                }
                              }>
                              "
                              horizontal
                              "
                            </span>
                          </span>
                        </span>
                      </span>
                      <span>
                         
                        <span
                          style={Object {}}>
                          onSubmit
                        </span>
                        <span>
                          =
                          <span
                            style={Object {}}>
                            <span>
                              {
                              <span
                                style={
                                  Object {
                                    "color": "#170",
                                  }
                                }>
  -                             anonymous()
  +                             submit()
                              </span>
                              }
                            </span>
                          </span>
                        </span>
                        
                      </span>
                    </span>
                    <span
                      style={
                        Object {
                          "color": "#777",
                        }
                      }>
                      >
                    </span>
                  </div>
                  <div
                    style={
                      Object {
                        "paddingLeft": 33,
                        "paddingRight": 3,
                      }
                    }>
                    <span
                      style={
                        Object {
                          "color": "#777",
                        }
                      }>
                      <
                      Input
                    </span>
                    <span>
                      <span>
                         
                        <span
                          style={Object {}}>
                          label
                        </span>
                        <span>
                          =
                          <span
                            style={Object {}}>
                            <span
                              style={
                                Object {
                                  "color": "#22a",
                                  "wordBreak": "break-word",
                                }
                              }>
                              "
                              Text Input
                              "
                            </span>
                          </span>
                        </span>
                         
                      </span>
                    </span>
                    <span
                      style={
                        Object {
                          "color": "#777",
                        }
                      }>
                      />
                    </span>
                  </div>
                  <div
                    style={
                      Object {
                        "paddingLeft": 33,
                        "paddingRight": 3,
                      }
                    }>
                    <span
                      style={
                        Object {
                          "color": "#777",
                        }
                      }>
                      <
                      Textarea
                    </span>
                    <span>
                      <span>
                         
                        <span
                          style={Object {}}>
                          label
                        </span>
                        <span>
                          =
                          <span
                            style={Object {}}>
                            <span
                              style={
                                Object {
                                  "color": "#22a",
                                  "wordBreak": "break-word",
                                }
                              }>
                              "
                              Textarea Input
                              "
                            </span>
                          </span>
                        </span>
                         
                      </span>
                    </span>
                    <span
                      style={
                        Object {
                          "color": "#777",
                        }
                      }>
                      />
                    </span>
                  </div>
                  <div>
                    <div
                      style={
                        Object {
                          "paddingLeft": 33,
                          "paddingRight": 3,
                        }
                      }>
                      <span
                        style={
                          Object {
                            "color": "#777",
                          }
                        }>
                        <
                        CheckboxGroup
                      </span>
                      <span>
                        <span>
                           
                          <span
                            style={Object {}}>
                            label
                          </span>
                          <span>
                            =
                            <span
                              style={Object {}}>
                              <span
                                style={
                                  Object {
                                    "color": "#22a",
                                    "wordBreak": "break-word",
                                  }
                                }>
                                "
                                Checkbox Group Label
                                "
                              </span>
                            </span>
                          </span>
                          
                        </span>
                      </span>
                      <span
                        style={
                          Object {
                            "color": "#777",
                          }
                        }>
                        >
                      </span>
                    </div>
                    <div
                      style={
                        Object {
                          "paddingLeft": 33,
                          "paddingRight": 3,
                        }
                      }>
                      <span
                        style={
                          Object {
                            "color": "#777",
                          }
                        }>
                        <
                        Checkbox
                      </span>
                      <span>
                        <span>
                           
                          <span
                            style={Object {}}>
                            label
                          </span>
                          <span>
                            =
                            <span
                              style={Object {}}>
                              <span
                                style={
                                  Object {
                                    "color": "#22a",
                                    "wordBreak": "break-word",
                                  }
                                }>
                                "
                                All opportunities owned by you
                                "
                              </span>
                            </span>
                          </span>
                           
                        </span>
                      </span>
                      <span
                        style={
                          Object {
                            "color": "#777",
                          }
                        }>
                        />
                      </span>
                    </div>
                    <div
                      style={
                        Object {
                          "paddingLeft": 33,
                          "paddingRight": 3,
                        }
                      }>
                      <span
                        style={
                          Object {
                            "color": "#777",
                          }
                        }>
                        <
                        Checkbox
                      </span>
                      <span>
                        <span>
                           
                          <span
                            style={Object {}}>
                            label
                          </span>
                          <span>
                            =
                            <span
                              style={Object {}}>
                              <span
                                style={
                                  Object {
                                    "color": "#22a",
                                    "wordBreak": "break-word",
                                  }
                                }>
                                "
                                All contacts in the account owned by you
                                "
                              </span>
                            </span>
                          </span>
                           
                        </span>
                      </span>
                      <span
                        style={
                          Object {
                            "color": "#777",
                          }
                        }>
                        />
                      </span>
                    </div>
                    <div
                      style={
                        Object {
                          "paddingLeft": 33,
                          "paddingRight": 3,
                        }
                      }>
                      <span
                        style={
                          Object {
                            "color": "#777",
                          }
                        }>
                        </
                        CheckboxGroup
                        >
                      </span>
                    </div>
                  </div>
                  <div>
                    <div
                      style={
                        Object {
                          "paddingLeft": 33,
                          "paddingRight": 3,
                        }
                      }>
                      <span
                        style={
                          Object {
                            "color": "#777",
                          }
                        }>
                        <
                        RadioGroup
                      </span>
                      <span>
                        <span>
                           
                          <span
                            style={Object {}}>
                            label
                          </span>
                          <span>
                            =
                            <span
                              style={Object {}}>
                              <span
                                style={
                                  Object {
                                    "color": "#22a",
                                    "wordBreak": "break-word",
                                  }
                                }>
                                "
                                Radio Group Label
                                "
                              </span>
                            </span>
                          </span>
                        </span>
                        <span>
                           
                          <span
                            style={Object {}}>
                            name
                          </span>
                          <span>
                            =
                            <span
                              style={Object {}}>
                              <span
                                style={
                                  Object {
                                    "color": "#22a",
                                    "wordBreak": "break-word",
                                  }
                                }>
                                "
                                radiogroup1
                                "
                              </span>
                            </span>
                          </span>
                          
                        </span>
                      </span>
                      <span
                        style={
                          Object {
                            "color": "#777",
                          }
                        }>
                        >
                      </span>
                    </div>
                    <div
                      style={
                        Object {
                          "paddingLeft": 33,
                          "paddingRight": 3,
                        }
                      }>
                      <span
                        style={
                          Object {
                            "color": "#777",
                          }
                        }>
                        <
                        Radio
                      </span>
                      <span>
                        <span>
                           
                          <span
                            style={Object {}}>
                            label
                          </span>
                          <span>
                            =
                            <span
                              style={Object {}}>
                              <span
                                style={
                                  Object {
                                    "color": "#22a",
                                    "wordBreak": "break-word",
                                  }
                                }>
                                "
                                Lead Generation
                                "
                              </span>
                            </span>
                          </span>
                           
                        </span>
                      </span>
                      <span
                        style={
                          Object {
                            "color": "#777",
                          }
                        }>
                        />
                      </span>
                    </div>
                    <div
                      style={
                        Object {
                          "paddingLeft": 33,
                          "paddingRight": 3,
                        }
                      }>
                      <span
                        style={
                          Object {
                            "color": "#777",
                          }
                        }>
                        <
                        Radio
                      </span>
                      <span>
                        <span>
                           
                          <span
                            style={Object {}}>
                            label
                          </span>
                          <span>
                            =
                            <span
                              style={Object {}}>
                              <span
                                style={
                                  Object {
                                    "color": "#22a",
                                    "wordBreak": "break-word",
                                  }
                                }>
                                "
                                Education Leads
                                "
                              </span>
                            </span>
                          </span>
                           
                        </span>
                      </span>
                      <span
                        style={
                          Object {
                            "color": "#777",
                          }
                        }>
                        />
                      </span>
                    </div>
                    <div
                      style={
                        Object {
                          "paddingLeft": 33,
                          "paddingRight": 3,
                        }
                      }>
                      <span
                        style={
                          Object {
                            "color": "#777",
                          }
                        }>
                        </
                        RadioGroup
                        >
                      </span>
                    </div>
                  </div>
                  <div>
                    <div
                      style={
                        Object {
                          "paddingLeft": 33,
                          "paddingRight": 3,
                        }
                      }>
                      <span
                        style={
                          Object {
                            "color": "#777",
                          }
                        }>
                        <
                        Select
                      </span>
                      <span>
                        <span>
                           
                          <span
                            style={Object {}}>
                            label
                          </span>
                          <span>
                            =
                            <span
                              style={Object {}}>
                              <span
                                style={
                                  Object {
                                    "color": "#22a",
                                    "wordBreak": "break-word",
                                  }
                                }>
                                "
                                Select Label
                                "
                              </span>
                            </span>
                          </span>
                          
                        </span>
                      </span>
                      <span
                        style={
                          Object {
                            "color": "#777",
                          }
                        }>
                        >
                      </span>
                    </div>
                    <div>
                      <div
                        style={
                          Object {
                            "paddingLeft": 48,
                            "paddingRight": 3,
                          }
                        }>
                        <span
                          style={
                            Object {
                              "color": "#777",
                            }
                          }>
                          <
                          Option
                        </span>
                        <span>
                          <span>
                             
                            <span
                              style={Object {}}>
                              value
                            </span>
                            <span>
                              =
                              <span
                                style={Object {}}>
                                <span
                                  style={
                                    Object {
                                      "color": "#22a",
                                      "wordBreak": "break-word",
                                    }
                                  }>
                                  "
                                  1
                                  "
                                </span>
                              </span>
                            </span>
                            
                          </span>
                        </span>
                        <span
                          style={
                            Object {
                              "color": "#777",
                            }
                          }>
                          >
                        </span>
                      </div>
                      <div
                        style={
                          Object {
                            "paddingLeft": 33,
                            "paddingRight": 3,
                          }
                        }>
                        <span
                          style={
                            Object {
                              "color": "#777",
                            }
                          }>
                          Option One
                        </span>
                      </div>
                      <div
                        style={
                          Object {
                            "paddingLeft": 48,
                            "paddingRight": 3,
                          }
                        }>
                        <span
                          style={
                            Object {
                              "color": "#777",
                            }
                          }>
                          </
                          Option
                          >
                        </span>
                      </div>
                    </div>
                    <div>
                      <div
                        style={
                          Object {
                            "paddingLeft": 48,
                            "paddingRight": 3,
                          }
                        }>
                        <span
                          style={
                            Object {
                              "color": "#777",
                            }
                          }>
                          <
                          Option
                        </span>
                        <span>
                          <span>
                             
                            <span
                              style={Object {}}>
                              value
                            </span>
                            <span>
                              =
                              <span
                                style={Object {}}>
                                <span
                                  style={
                                    Object {
                                      "color": "#22a",
                                      "wordBreak": "break-word",
                                    }
                                  }>
                                  "
                                  2
                                  "
                                </span>
                              </span>
                            </span>
                            
                          </span>
                        </span>
                        <span
                          style={
                            Object {
                              "color": "#777",
                            }
                          }>
                          >
                        </span>
                      </div>
                      <div
                        style={
                          Object {
                            "paddingLeft": 33,
                            "paddingRight": 3,
                          }
                        }>
                        <span
                          style={
                            Object {
                              "color": "#777",
                            }
                          }>
                          Option Two
                        </span>
                      </div>
                      <div
                        style={
                          Object {
                            "paddingLeft": 48,
                            "paddingRight": 3,
                          }
                        }>
                        <span
                          style={
                            Object {
                              "color": "#777",
                            }
                          }>
                          </
                          Option
                          >
                        </span>
                      </div>
                    </div>
                    <div
                      style={
                        Object {
                          "paddingLeft": 33,
                          "paddingRight": 3,
                        }
                      }>
                      <span
                        style={
                          Object {
                            "color": "#777",
                          }
                        }>
                        </
                        Select
                        >
                      </span>
                    </div>
                  </div>
                  <div>
                    <div
                      style={
                        Object {
                          "paddingLeft": 33,
                          "paddingRight": 3,
                        }
                      }>
                      <span
                        style={
                          Object {
                            "color": "#777",
                          }
                        }>
                        <
                        Picklist
                      </span>
                      <span>
                        <span>
                           
                          <span
                            style={Object {}}>
                            label
                          </span>
                          <span>
                            =
                            <span
                              style={Object {}}>
                              <span
                                style={
                                  Object {
                                    "color": "#22a",
                                    "wordBreak": "break-word",
                                  }
                                }>
                                "
                                Picklist Label
                                "
                              </span>
                            </span>
                          </span>
                          
                        </span>
                      </span>
                      <span
                        style={
                          Object {
                            "color": "#777",
                          }
                        }>
                        >
                      </span>
                    </div>
                    <div>
                      <div
                        style={
                          Object {
                            "paddingLeft": 48,
                            "paddingRight": 3,
                          }
                        }>
                        <span
                          style={
                            Object {
                              "color": "#777",
                            }
                          }>
                          <
                          PicklistItem
                        </span>
                        <span>
                          <span>
                             
                            <span
                              style={Object {}}>
                              value
                            </span>
                            <span>
                              =
                              <span
                                style={Object {}}>
                                <span
                                  style={
                                    Object {
                                      "color": "#22a",
                                      "wordBreak": "break-word",
                                    }
                                  }>
                                  "
                                  1
                                  "
                                </span>
                              </span>
                            </span>
                            
                          </span>
                        </span>
                        <span
                          style={
                            Object {
                              "color": "#777",
                            }
                          }>
                          >
                        </span>
                      </div>
                      <div
                        style={
                          Object {
                            "paddingLeft": 33,
                            "paddingRight": 3,
                          }
                        }>
                        <span
                          style={
                            Object {
                              "color": "#777",
                            }
                          }>
                          Picklist Item One
                        </span>
                      </div>
                      <div
                        style={
                          Object {
                            "paddingLeft": 48,
                            "paddingRight": 3,
                          }
                        }>
                        <span
                          style={
                            Object {
                              "color": "#777",
                            }
                          }>
                          </
                          PicklistItem
                          >
                        </span>
                      </div>
                    </div>
                    <div>
                      <div
                        style={
                          Object {
                            "paddingLeft": 48,
                            "paddingRight": 3,
                          }
                        }>
                        <span
                          style={
                            Object {
                              "color": "#777",
                            }
                          }>
                          <
                          PicklistItem
                        </span>
                        <span>
                          <span>
                             
                            <span
                              style={Object {}}>
                              value
                            </span>
                            <span>
                              =
                              <span
                                style={Object {}}>
                                <span
                                  style={
                                    Object {
                                      "color": "#22a",
                                      "wordBreak": "break-word",
                                    }
                                  }>
                                  "
                                  2
                                  "
                                </span>
                              </span>
                            </span>
                            
                          </span>
                        </span>
                        <span
                          style={
                            Object {
                              "color": "#777",
                            }
                          }>
                          >
                        </span>
                      </div>
                      <div
                        style={
                          Object {
                            "paddingLeft": 33,
                            "paddingRight": 3,
                          }
                        }>
                        <span
                          style={
                            Object {
                              "color": "#777",
                            }
                          }>
                          Picklist Item Two
                        </span>
                      </div>
                      <div
                        style={
                          Object {
                            "paddingLeft": 48,
                            "paddingRight": 3,
                          }
                        }>
                        <span
                          style={
                            Object {
                              "color": "#777",
                            }
                          }>
                          </
                          PicklistItem
                          >
                        </span>
                      </div>
                    </div>
                    <div
                      style={
                        Object {
                          "paddingLeft": 33,
                          "paddingRight": 3,
                        }
                      }>
                      <span
                        style={
                          Object {
                            "color": "#777",
                          }
                        }>
                        </
                        Picklist
                        >
                      </span>
                    </div>
                  </div>
                  <div
                    style={
                      Object {
                        "paddingLeft": 33,
                        "paddingRight": 3,
                      }
                    }>
                    <span
                      style={
                        Object {
                          "color": "#777",
                        }
                      }>
                      <
                      DateInput
                    </span>
                    <span>
                      <span>
                         
                        <span
                          style={Object {}}>
                          label
                        </span>
                        <span>
                          =
                          <span
                            style={Object {}}>
                            <span
                              style={
                                Object {
                                  "color": "#22a",
                                  "wordBreak": "break-word",
                                }
                              }>
                              "
                              Date Input Label
                              "
                            </span>
                          </span>
                        </span>
                         
                      </span>
                    </span>
                    <span
                      style={
                        Object {
                          "color": "#777",
                        }
                      }>
                      />
                    </span>
                  </div>
                  <div
                    style={
                      Object {
                        "paddingLeft": 33,
                        "paddingRight": 3,
                      }
                    }>
                    <span
                      style={
                        Object {
                          "color": "#777",
                        }
                      }>
                      <
                      Lookup
                    </span>
                    <span>
                      <span>
                         
                        <span
                          style={Object {}}>
                          label
                        </span>
                        <span>
                          =
                          <span
                            style={Object {}}>
                            <span
                              style={
                                Object {
                                  "color": "#22a",
                                  "wordBreak": "break-word",
                                }
                              }>
                              "
                              Lookup Label
                              "
                            </span>
                          </span>
                        </span>
                      </span>
                      <span>
                         
                        <span
                          style={Object {}}>
                          data
                        </span>
                        <span>
                          =
                          <span
                            style={Object {}}>
                            <span>
                              {
                              <span
                                style={
                                  Object {
                                    "color": "#666",
                                  }
                                }>
                                [
                                <span>
                                  {
                                  <span
                                    style={
                                      Object {
                                        "color": "#666",
                                      }
                                    }>
                                    {
                                    <span
                                      style={
                                        Object {
                                          "color": "#666",
                                        }
                                      }>
                                      label
                                    </span>
                                    : 
                                    <span
                                      style={
                                        Object {
                                          "color": "#22a",
                                          "wordBreak": "break-word",
                                        }
                                      }>
                                      "
                                      Account
                                      "
                                    </span>
                                    , 
                                    <span
                                      style={
                                        Object {
                                          "color": "#666",
                                        }
                                      }>
                                      value
                                    </span>
                                    : 
                                    <span
                                      style={
                                        Object {
                                          "color": "#22a",
                                          "wordBreak": "break-word",
                                        }
                                      }>
                                      "
                                      1
                                      "
                                    </span>
                                    , 
                                    <span
                                      style={
                                        Object {
                                          "color": "#666",
                                        }
                                      }>
                                      icon
                                    </span>
                                    : 
                                    <span
                                      style={
                                        Object {
                                          "color": "#22a",
                                          "wordBreak": "break-word",
                                        }
                                      }>
                                      "
                                      standard:account
                                      "
                                    </span>
                                    }
                                  </span>
                                  }
                                </span>
                                , 
                                <span>
                                  {
                                  <span
                                    style={
                                      Object {
                                        "color": "#666",
                                      }
                                    }>
                                    {
                                    <span
                                      style={
                                        Object {
                                          "color": "#666",
                                        }
                                      }>
                                      label
                                    </span>
                                    : 
                                    <span
                                      style={
                                        Object {
                                          "color": "#22a",
                                          "wordBreak": "break-word",
                                        }
                                      }>
                                      "
                                      Contact
                                      "
                                    </span>
                                    , 
                                    <span
                                      style={
                                        Object {
                                          "color": "#666",
                                        }
                                      }>
                                      value
                                    </span>
                                    : 
                                    <span
                                      style={
                                        Object {
                                          "color": "#22a",
                                          "wordBreak": "break-word",
                                        }
                                      }>
                                      "
                                      2
                                      "
                                    </span>
                                    , 
                                    <span
                                      style={
                                        Object {
                                          "color": "#666",
                                        }
                                      }>
                                      icon
                                    </span>
                                    : 
                                    <span
                                      style={
                                        Object {
                                          "color": "#22a",
                                          "wordBreak": "break-word",
                                        }
                                      }>
                                      "
                                      standard:contact
                                      "
                                    </span>
                                    }
                                  </span>
                                  }
                                </span>
                                , 
                                <span>
                                  {
                                  <span
                                    style={
                                      Object {
                                        "color": "#666",
                                      }
                                    }>
                                    {
                                    <span
                                      style={
                                        Object {
                                          "color": "#666",
                                        }
                                      }>
                                      label
                                    </span>
                                    : 
                                    <span
                                      style={
                                        Object {
                                          "color": "#22a",
                                          "wordBreak": "break-word",
                                        }
                                      }>
                                      "
                                      Opportunity
                                      "
                                    </span>
                                    , 
                                    <span
                                      style={
                                        Object {
                                          "color": "#666",
                                        }
                                      }>
                                      value
                                    </span>
                                    : 
                                    <span
                                      style={
                                        Object {
                                          "color": "#22a",
                                          "wordBreak": "break-word",
                                        }
                                      }>
                                      "
                                      3
                                      "
                                    </span>
                                    , 
                                    <span
                                      style={
                                        Object {
                                          "color": "#666",
                                        }
                                      }>
                                      icon
                                    </span>
                                    : 
                                    <span
                                      style={
                                        Object {
                                          "color": "#22a",
                                          "wordBreak": "break-word",
                                        }
                                      }>
                                      "
                                      standard:opportunity
                                      "
                                    </span>
                                    }
                                  </span>
                                  }
                                </span>
                                ]
                              </span>
                              }
                            </span>
                          </span>
                        </span>
                         
                      </span>
                    </span>
                    <span
                      style={
                        Object {
                          "color": "#777",
                        }
                      }>
                      />
                    </span>
                  </div>
                  <div
                    style={
                      Object {
                        "paddingLeft": 18,
                        "paddingRight": 3,
                      }
                    }>
                    <span
                      style={
                        Object {
                          "color": "#777",
                        }
                      }>
                      </
                      Form
                      >
                    </span>
                  </div>
                </div>
              </pre>
            </div>
            <div>
              <h1
                style={
                  Object {
                    "borderBottom": "1px solid #EEE",
  -                 "fontSize": 25,
  +                 "fontSize": "25px",
                    "margin": "20px 0 0 0",
                    "padding": "0 0 5px 0",
                  }
                }>
                Prop Types
              </h1>
              <div>
                <h2
                  style={
                    Object {
                      "margin": "20px 0 0 0",
                    }
                  }>
                  "
                  Option
                  " Component
                </h2>
                <small>
                  No propTypes defined!
                </small>
              </div>
              <div>
                <h2
                  style={
                    Object {
                      "margin": "20px 0 0 0",
                    }
                  }>
                  "
                  Form
                  " Component
                </h2>
                <table
                  style={
                    Object {
                      "borderCollapse": "separate",
                      "borderSpacing": "10px 5px",
                      "marginLeft": -10,
                    }
                  }>
                  <thead>
                    <tr>
                      <th>
                        property
                      </th>
                      <th>
                        propType
                      </th>
                      <th>
                        required
                      </th>
                      <th>
                        default
                      </th>
                    </tr>
                  </thead>
                  <tbody>
                    <tr>
                      <td>
                        children
                      </td>
                      <td>
                        node
                      </td>
                      <td>
                        no
                      </td>
                      <td>
                        -
                      </td>
                    </tr>
                    <tr>
                      <td>
                        className
                      </td>
                      <td>
                        string
                      </td>
                      <td>
                        no
                      </td>
                      <td>
                        -
                      </td>
                    </tr>
                    <tr>
                      <td>
                        type
                      </td>
                      <td>
                        other
                      </td>
                      <td>
                        no
                      </td>
                      <td>
                        <span
                          style={
                            Object {
                              "color": "#22a",
                              "wordBreak": "break-word",
                            }
                          }>
                          "
                          stacked
                          "
                        </span>
                      </td>
                    </tr>
                  </tbody>
                </table>
              </div>
              <div>
                <h2
                  style={
                    Object {
                      "margin": "20px 0 0 0",
                    }
                  }>
                  "
                  Checkbox
                  " Component
                </h2>
                <table
                  style={
                    Object {
                      "borderCollapse": "separate",
                      "borderSpacing": "10px 5px",
                      "marginLeft": -10,
                    }
                  }>
                  <thead>
                    <tr>
                      <th>
                        property
                      </th>
                      <th>
                        propType
                      </th>
                      <th>
                        required
                      </th>
                      <th>
                        default
                      </th>
                    </tr>
                  </thead>
                  <tbody>
                    <tr>
                      <td>
                        grouped
                      </td>
                      <td>
                        bool
                      </td>
                      <td>
                        no
                      </td>
                      <td>
                        -
                      </td>
                    </tr>
                    <tr>
                      <td>
                        className
                      </td>
                      <td>
                        string
                      </td>
                      <td>
                        no
                      </td>
                      <td>
                        -
                      </td>
                    </tr>
                    <tr>
                      <td>
                        checked
                      </td>
                      <td>
                        bool
                      </td>
                      <td>
                        no
                      </td>
                      <td>
                        -
                      </td>
                    </tr>
                    <tr>
                      <td>
                        checkboxRef
                      </td>
                      <td>
                        func
                      </td>
                      <td>
                        no
                      </td>
                      <td>
                        -
                      </td>
                    </tr>
                    <tr>
                      <td>
                        cols
                      </td>
                      <td>
                        number
                      </td>
                      <td>
                        no
                      </td>
                      <td>
                        -
                      </td>
                    </tr>
                    <tr>
                      <td>
                        defaultChecked
                      </td>
                      <td>
                        bool
                      </td>
                      <td>
                        no
                      </td>
                      <td>
                        -
                      </td>
                    </tr>
                    <tr>
                      <td>
                        error
                      </td>
                      <td>
                        other
                      </td>
                      <td>
                        no
                      </td>
                      <td>
                        -
                      </td>
                    </tr>
                    <tr>
                      <td>
                        label
                      </td>
                      <td>
                        string
                      </td>
                      <td>
                        no
                      </td>
                      <td>
                        -
                      </td>
                    </tr>
                    <tr>
                      <td>
                        name
                      </td>
                      <td>
                        string
                      </td>
                      <td>
                        no
                      </td>
                      <td>
                        -
                      </td>
                    </tr>
                    <tr>
                      <td>
                        required
                      </td>
                      <td>
                        bool
                      </td>
                      <td>
                        no
                      </td>
                      <td>
                        -
                      </td>
                    </tr>
                    <tr>
                      <td>
                        totalCols
                      </td>
                      <td>
                        number
                      </td>
                      <td>
                        no
                      </td>
                      <td>
                        -
                      </td>
                    </tr>
                    <tr>
                      <td>
                        value
                      </td>
                      <td>
                        other
                      </td>
                      <td>
                        no
                      </td>
                      <td>
                        -
                      </td>
                    </tr>
                  </tbody>
                </table>
              </div>
              <div>
                <h2
                  style={
                    Object {
                      "margin": "20px 0 0 0",
                    }
                  }>
                  "
                  CheckboxGroup
                  " Component
                </h2>
                <table
                  style={
                    Object {
                      "borderCollapse": "separate",
                      "borderSpacing": "10px 5px",
                      "marginLeft": -10,
                    }
                  }>
                  <thead>
                    <tr>
                      <th>
                        property
                      </th>
                      <th>
                        propType
                      </th>
                      <th>
                        required
                      </th>
                      <th>
                        default
                      </th>
                    </tr>
                  </thead>
                  <tbody>
                    <tr>
                      <td>
                        children
                      </td>
                      <td>
                        node
                      </td>
                      <td>
                        no
                      </td>
                      <td>
                        -
                      </td>
                    </tr>
                    <tr>
                      <td>
                        className
                      </td>
                      <td>
                        string
                      </td>
                      <td>
                        no
                      </td>
                      <td>
                        -
                      </td>
                    </tr>
                    <tr>
                      <td>
                        cols
                      </td>
                      <td>
                        number
                      </td>
                      <td>
                        no
                      </td>
                      <td>
                        -
                      </td>
                    </tr>
                    <tr>
                      <td>
                        error
                      </td>
                      <td>
                        other
                      </td>
                      <td>
                        no
                      </td>
                      <td>
                        -
                      </td>
                    </tr>
                    <tr>
                      <td>
                        label
                      </td>
                      <td>
                        string
                      </td>
                      <td>
                        no
                      </td>
                      <td>
                        -
                      </td>
                    </tr>
                    <tr>
                      <td>
                        name
                      </td>
                      <td>
                        string
                      </td>
                      <td>
                        no
                      </td>
                      <td>
                        -
                      </td>
                    </tr>
                    <tr>
                      <td>
                        onChange
                      </td>
                      <td>
                        func
                      </td>
                      <td>
                        no
                      </td>
                      <td>
                        -
                      </td>
                    </tr>
                    <tr>
                      <td>
                        required
                      </td>
                      <td>
                        bool
                      </td>
                      <td>
                        no
                      </td>
                      <td>
                        -
                      </td>
                    </tr>
                    <tr>
                      <td>
                        style
                      </td>
                      <td>
                        object
                      </td>
                      <td>
                        no
                      </td>
                      <td>
                        -
                      </td>
                    </tr>
                    <tr>
                      <td>
                        totalCols
                      </td>
                      <td>
                        number
                      </td>
                      <td>
                        no
                      </td>
                      <td>
                        -
                      </td>
                    </tr>
                  </tbody>
                </table>
              </div>
              <div>
                <h2
                  style={
                    Object {
                      "margin": "20px 0 0 0",
                    }
                  }>
                  "
                  DateInput
                  " Component
                </h2>
                <table
                  style={
                    Object {
                      "borderCollapse": "separate",
                      "borderSpacing": "10px 5px",
                      "marginLeft": -10,
                    }
                  }>
                  <thead>
                    <tr>
                      <th>
                        property
                      </th>
                      <th>
                        propType
                      </th>
                      <th>
                        required
                      </th>
                      <th>
                        default
                      </th>
                    </tr>
                  </thead>
                  <tbody>
                    <tr>
                      <td>
                        includeTime
                      </td>
                      <td>
                        bool
                      </td>
                      <td>
                        no
                      </td>
                      <td>
                        -
                      </td>
                    </tr>
                    <tr>
                      <td>
                        extensionRenderer
                      </td>
                      <td>
                        func
                      </td>
                      <td>
                        no
                      </td>
                      <td>
                        -
                      </td>
                    </tr>
                    <tr>
                      <td>
                        dateFormat
                      </td>
                      <td>
                        string
                      </td>
                      <td>
                        no
                      </td>
                      <td>
                        -
                      </td>
                    </tr>
                    <tr>
                      <td>
                        error
                      </td>
                      <td>
                        other
                      </td>
                      <td>
                        no
                      </td>
                      <td>
                        -
                      </td>
                    </tr>
                    <tr>
                      <td>
                        defaultOpened
                      </td>
                      <td>
                        bool
                      </td>
                      <td>
                        no
                      </td>
                      <td>
                        -
                      </td>
                    </tr>
                    <tr>
                      <td>
                        cols
                      </td>
                      <td>
                        number
                      </td>
                      <td>
                        no
                      </td>
                      <td>
                        -
                      </td>
                    </tr>
                    <tr>
                      <td>
                        defaultValue
                      </td>
                      <td>
                        string
                      </td>
                      <td>
                        no
                      </td>
                      <td>
                        -
                      </td>
                    </tr>
                    <tr>
                      <td>
                        onChange
                      </td>
                      <td>
                        func
                      </td>
                      <td>
                        no
                      </td>
                      <td>
                        -
                      </td>
                    </tr>
                    <tr>
                      <td>
                        id
                      </td>
                      <td>
                        string
                      </td>
                      <td>
                        no
                      </td>
                      <td>
                        -
                      </td>
                    </tr>
                    <tr>
                      <td>
                        onValueChange
                      </td>
                      <td>
                        func
                      </td>
                      <td>
                        no
                      </td>
                      <td>
                        -
                      </td>
                    </tr>
                    <tr>
                      <td>
                        required
                      </td>
                      <td>
                        bool
                      </td>
                      <td>
                        no
                      </td>
                      <td>
                        -
                      </td>
                    </tr>
                    <tr>
                      <td>
                        onKeyDown
                      </td>
                      <td>
                        func
                      </td>
                      <td>
                        no
                      </td>
                      <td>
                        -
                      </td>
                    </tr>
                    <tr>
                      <td>
                        onBlur
                      </td>
                      <td>
                        func
                      </td>
                      <td>
                        no
                      </td>
                      <td>
                        -
                      </td>
                    </tr>
                    <tr>
                      <td>
                        maxDate
                      </td>
                      <td>
                        string
                      </td>
                      <td>
                        no
                      </td>
                      <td>
                        -
                      </td>
                    </tr>
                    <tr>
                      <td>
                        label
                      </td>
                      <td>
                        string
                      </td>
                      <td>
                        no
                      </td>
                      <td>
                        -
                      </td>
                    </tr>
                    <tr>
                      <td>
                        onComplete
                      </td>
                      <td>
                        func
                      </td>
                      <td>
                        no
                      </td>
                      <td>
                        -
                      </td>
                    </tr>
                    <tr>
                      <td>
                        menuAlign
                      </td>
                      <td>
                        other
                      </td>
                      <td>
                        no
                      </td>
                      <td>
                        <span
                          style={
                            Object {
                              "color": "#22a",
                              "wordBreak": "break-word",
                            }
                          }>
                          "
                          left
                          "
                        </span>
                      </td>
                    </tr>
                    <tr>
                      <td>
                        minDate
                      </td>
                      <td>
                        string
                      </td>
                      <td>
                        no
                      </td>
                      <td>
                        -
                      </td>
                    </tr>
                    <tr>
                      <td>
                        totalCols
                      </td>
                      <td>
                        number
                      </td>
                      <td>
                        no
                      </td>
                      <td>
                        -
                      </td>
                    </tr>
                    <tr>
                      <td>
                        value
                      </td>
                      <td>
                        string
                      </td>
                      <td>
                        no
                      </td>
                      <td>
                        -
                      </td>
                    </tr>
                  </tbody>
                </table>
              </div>
              <div>
                <h2
                  style={
                    Object {
                      "margin": "20px 0 0 0",
                    }
                  }>
                  "
                  Input
                  " Component
                </h2>
                <table
                  style={
                    Object {
                      "borderCollapse": "separate",
                      "borderSpacing": "10px 5px",
                      "marginLeft": -10,
                    }
                  }>
                  <thead>
                    <tr>
                      <th>
                        property
                      </th>
                      <th>
                        propType
                      </th>
                      <th>
                        required
                      </th>
                      <th>
                        default
                      </th>
                    </tr>
                  </thead>
                  <tbody>
                    <tr>
                      <td>
                        bare
                      </td>
                      <td>
                        bool
                      </td>
                      <td>
                        no
                      </td>
                      <td>
                        -
                      </td>
                    </tr>
                    <tr>
                      <td>
                        id
                      </td>
                      <td>
                        string
                      </td>
                      <td>
                        no
                      </td>
                      <td>
                        -
                      </td>
                    </tr>
                    <tr>
                      <td>
                        addonRight
                      </td>
                      <td>
                        string
                      </td>
                      <td>
                        no
                      </td>
                      <td>
                        -
                      </td>
                    </tr>
                    <tr>
                      <td>
                        addonLeft
                      </td>
                      <td>
                        string
                      </td>
                      <td>
                        no
                      </td>
                      <td>
                        -
                      </td>
                    </tr>
                    <tr>
                      <td>
                        error
                      </td>
                      <td>
                        other
                      </td>
                      <td>
                        no
                      </td>
                      <td>
                        -
                      </td>
                    </tr>
                    <tr>
                      <td>
                        iconRight
                      </td>
                      <td>
                        other
                      </td>
                      <td>
                        no
                      </td>
                      <td>
                        -
                      </td>
                    </tr>
                    <tr>
                      <td>
                        cols
                      </td>
                      <td>
                        number
                      </td>
                      <td>
                        no
                      </td>
                      <td>
                        -
                      </td>
                    </tr>
                    <tr>
                      <td>
                        iconLeft
                      </td>
                      <td>
                        other
                      </td>
                      <td>
                        no
                      </td>
                      <td>
                        -
                      </td>
                    </tr>
                    <tr>
                      <td>
                        defaultValue
                      </td>
                      <td>
                        string
                      </td>
                      <td>
                        no
                      </td>
                      <td>
                        -
                      </td>
                    </tr>
                    <tr>
                      <td>
                        htmlReadOnly
                      </td>
                      <td>
                        bool
                      </td>
                      <td>
                        no
                      </td>
                      <td>
                        -
                      </td>
                    </tr>
                    <tr>
                      <td>
                        className
                      </td>
                      <td>
                        string
                      </td>
                      <td>
                        no
                      </td>
                      <td>
                        -
                      </td>
                    </tr>
                    <tr>
                      <td>
                        inputRef
                      </td>
                      <td>
                        func
                      </td>
                      <td>
                        no
                      </td>
                      <td>
                        -
                      </td>
                    </tr>
                    <tr>
                      <td>
                        label
                      </td>
                      <td>
                        string
                      </td>
                      <td>
                        no
                      </td>
                      <td>
                        -
                      </td>
                    </tr>
                    <tr>
                      <td>
                        onChange
                      </td>
                      <td>
                        func
                      </td>
                      <td>
                        no
                      </td>
                      <td>
                        -
                      </td>
                    </tr>
                    <tr>
                      <td>
                        onKeyDown
                      </td>
                      <td>
                        func
                      </td>
                      <td>
                        no
                      </td>
                      <td>
                        -
                      </td>
                    </tr>
                    <tr>
                      <td>
                        placeholder
                      </td>
                      <td>
                        string
                      </td>
                      <td>
                        no
                      </td>
                      <td>
                        -
                      </td>
                    </tr>
                    <tr>
                      <td>
                        readOnly
                      </td>
                      <td>
                        bool
                      </td>
                      <td>
                        no
                      </td>
                      <td>
                        -
                      </td>
                    </tr>
                    <tr>
                      <td>
                        required
                      </td>
                      <td>
                        bool
                      </td>
                      <td>
                        no
                      </td>
                      <td>
                        -
                      </td>
                    </tr>
                    <tr>
                      <td>
                        symbolPattern
                      </td>
                      <td>
                        string
                      </td>
                      <td>
                        no
                      </td>
                      <td>
                        -
                      </td>
                    </tr>
                    <tr>
                      <td>
                        totalCols
                      </td>
                      <td>
                        number
                      </td>
                      <td>
                        no
                      </td>
                      <td>
                        -
                      </td>
                    </tr>
                    <tr>
                      <td>
                        value
                      </td>
                      <td>
                        string
                      </td>
                      <td>
                        no
                      </td>
                      <td>
                        -
                      </td>
                    </tr>
                  </tbody>
                </table>
              </div>
              <div>
                <h2
                  style={
                    Object {
                      "margin": "20px 0 0 0",
                    }
                  }>
                  "
                  Lookup
                  " Component
                </h2>
                <table
                  style={
                    Object {
                      "borderCollapse": "separate",
                      "borderSpacing": "10px 5px",
                      "marginLeft": -10,
                    }
                  }>
                  <thead>
                    <tr>
                      <th>
                        property
                      </th>
                      <th>
                        propType
                      </th>
                      <th>
                        required
                      </th>
                      <th>
                        default
                      </th>
                    </tr>
                  </thead>
                  <tbody>
                    <tr>
                      <td>
                        lookupFilter
                      </td>
                      <td>
                        func
                      </td>
                      <td>
                        no
                      </td>
                      <td>
                        -
                      </td>
                    </tr>
                    <tr>
                      <td>
                        cols
                      </td>
                      <td>
                        number
                      </td>
                      <td>
                        no
                      </td>
                      <td>
                        -
                      </td>
                    </tr>
                    <tr>
                      <td>
                        className
                      </td>
                      <td>
                        string
                      </td>
                      <td>
                        no
                      </td>
                      <td>
                        -
                      </td>
                    </tr>
                    <tr>
                      <td>
                        listFooter
                      </td>
                      <td>
                        node
                      </td>
                      <td>
                        no
                      </td>
                      <td>
                        -
                      </td>
                    </tr>
                    <tr>
                      <td>
                        id
                      </td>
                      <td>
                        string
                      </td>
                      <td>
                        no
                      </td>
                      <td>
                        -
                      </td>
                    </tr>
                    <tr>
                      <td>
                        defaultTargetScope
                      </td>
                      <td>
                        string
                      </td>
                      <td>
                        no
                      </td>
                      <td>
                        -
                      </td>
                    </tr>
                    <tr>
                      <td>
                        defaultValue
                      </td>
                      <td>
                        string
                      </td>
                      <td>
                        no
                      </td>
                      <td>
                        -
                      </td>
                    </tr>
                    <tr>
                      <td>
                        iconAlign
                      </td>
                      <td>
                        other
                      </td>
                      <td>
                        no
                      </td>
                      <td>
                        -
                      </td>
                    </tr>
                    <tr>
                      <td>
                        defaultSelected
                      </td>
                      <td>
                        other
                      </td>
                      <td>
                        no
                      </td>
                      <td>
                        -
                      </td>
                    </tr>
                    <tr>
                      <td>
                        error
                      </td>
                      <td>
                        other
                      </td>
                      <td>
                        no
                      </td>
                      <td>
                        -
                      </td>
                    </tr>
                    <tr>
                      <td>
                        defaultOpened
                      </td>
                      <td>
                        bool
                      </td>
                      <td>
                        no
                      </td>
                      <td>
                        -
                      </td>
                    </tr>
                    <tr>
                      <td>
                        data
                      </td>
                      <td>
                        other
                      </td>
                      <td>
                        no
                      </td>
                      <td>
                        -
                      </td>
                    </tr>
                    <tr>
                      <td>
                        defaultSearchText
                      </td>
                      <td>
                        string
                      </td>
                      <td>
                        no
                      </td>
                      <td>
                        -
                      </td>
                    </tr>
                    <tr>
                      <td>
                        onSearchTextChange
                      </td>
                      <td>
                        func
                      </td>
                      <td>
                        no
                      </td>
                      <td>
                        -
                      </td>
                    </tr>
                    <tr>
                      <td>
                        loading
                      </td>
                      <td>
                        bool
                      </td>
                      <td>
                        no
                      </td>
                      <td>
                        -
                      </td>
                    </tr>
                    <tr>
                      <td>
                        label
                      </td>
                      <td>
                        string
                      </td>
                      <td>
                        no
                      </td>
                      <td>
                        -
                      </td>
                    </tr>
                    <tr>
                      <td>
                        listHeader
                      </td>
                      <td>
                        node
                      </td>
                      <td>
                        no
                      </td>
                      <td>
                        -
                      </td>
                    </tr>
                    <tr>
                      <td>
                        onScopeChange
                      </td>
                      <td>
                        func
                      </td>
                      <td>
                        no
                      </td>
                      <td>
                        -
                      </td>
                    </tr>
                    <tr>
                      <td>
                        opened
                      </td>
                      <td>
                        bool
                      </td>
                      <td>
                        no
                      </td>
                      <td>
                        -
                      </td>
                    </tr>
                    <tr>
                      <td>
                        onComplete
                      </td>
                      <td>
                        func
                      </td>
                      <td>
                        no
                      </td>
                      <td>
                        -
                      </td>
                    </tr>
                    <tr>
                      <td>
                        onSelect
                      </td>
                      <td>
                        func
                      </td>
                      <td>
                        no
                      </td>
                      <td>
                        -
                      </td>
                    </tr>
                    <tr>
                      <td>
                        onBlur
                      </td>
                      <td>
                        func
                      </td>
                      <td>
                        no
                      </td>
                      <td>
                        -
                      </td>
                    </tr>
                    <tr>
                      <td>
                        onLookupRequest
                      </td>
                      <td>
                        func
                      </td>
                      <td>
                        no
                      </td>
                      <td>
                        -
                      </td>
                    </tr>
                    <tr>
                      <td>
                        onScopeMenuClick
                      </td>
                      <td>
                        func
                      </td>
                      <td>
                        no
                      </td>
                      <td>
                        -
                      </td>
                    </tr>
                    <tr>
                      <td>
                        required
                      </td>
                      <td>
                        bool
                      </td>
                      <td>
                        no
                      </td>
                      <td>
                        -
                      </td>
                    </tr>
                    <tr>
                      <td>
                        scopes
                      </td>
                      <td>
                        other
                      </td>
                      <td>
                        no
                      </td>
                      <td>
                        -
                      </td>
                    </tr>
                    <tr>
                      <td>
                        searchText
                      </td>
                      <td>
                        string
                      </td>
                      <td>
                        no
                      </td>
                      <td>
                        -
                      </td>
                    </tr>
                    <tr>
                      <td>
                        selected
                      </td>
                      <td>
                        other
                      </td>
                      <td>
                        no
                      </td>
                      <td>
                        -
                      </td>
                    </tr>
                    <tr>
                      <td>
                        targetScope
                      </td>
                      <td>
                        string
                      </td>
                      <td>
                        no
                      </td>
                      <td>
                        -
                      </td>
                    </tr>
                    <tr>
                      <td>
                        totalCols
                      </td>
                      <td>
                        number
                      </td>
                      <td>
                        no
                      </td>
                      <td>
                        -
                      </td>
                    </tr>
                    <tr>
                      <td>
                        value
                      </td>
                      <td>
                        string
                      </td>
                      <td>
                        no
                      </td>
                      <td>
                        -
                      </td>
                    </tr>
                  </tbody>
                </table>
              </div>
              <div>
                <h2
                  style={
                    Object {
                      "margin": "20px 0 0 0",
                    }
                  }>
                  "
                  Picklist
                  " Component
                </h2>
                <table
                  style={
                    Object {
                      "borderCollapse": "separate",
                      "borderSpacing": "10px 5px",
                      "marginLeft": -10,
                    }
                  }>
                  <thead>
                    <tr>
                      <th>
                        property
                      </th>
                      <th>
                        propType
                      </th>
                      <th>
                        required
                      </th>
                      <th>
                        default
                      </th>
                    </tr>
                  </thead>
                  <tbody>
                    <tr>
                      <td>
                        selectedText
                      </td>
                      <td>
                        string
                      </td>
                      <td>
                        no
                      </td>
                      <td>
                        <span
                          style={
                            Object {
                              "color": "#22a",
                              "wordBreak": "break-word",
                            }
                          }>
                          "
                          
                          "
                        </span>
                      </td>
                    </tr>
                    <tr>
                      <td>
                        id
                      </td>
                      <td>
                        string
                      </td>
                      <td>
                        no
                      </td>
                      <td>
                        -
                      </td>
                    </tr>
                    <tr>
                      <td>
                        children
                      </td>
                      <td>
                        node
                      </td>
                      <td>
                        no
                      </td>
                      <td>
                        -
                      </td>
                    </tr>
                    <tr>
                      <td>
                        defaultOpened
                      </td>
                      <td>
                        bool
                      </td>
                      <td>
                        no
                      </td>
                      <td>
                        -
                      </td>
                    </tr>
                    <tr>
                      <td>
                        className
                      </td>
                      <td>
                        string
                      </td>
                      <td>
                        no
                      </td>
                      <td>
                        -
                      </td>
                    </tr>
                    <tr>
                      <td>
                        error
                      </td>
                      <td>
                        other
                      </td>
                      <td>
                        no
                      </td>
                      <td>
                        -
                      </td>
                    </tr>
                    <tr>
                      <td>
                        defaultValue
                      </td>
                      <td>
                        other
                      </td>
                      <td>
                        no
                      </td>
                      <td>
                        <span>
                          {
                          <span
                            style={
                              Object {
                                "color": "#666",
                              }
                            }>
                            [
                            ]
                          </span>
                          }
                        </span>
                      </td>
                    </tr>
                    <tr>
                      <td>
                        cols
                      </td>
                      <td>
                        number
                      </td>
                      <td>
                        no
                      </td>
                      <td>
                        -
                      </td>
                    </tr>
                    <tr>
                      <td>
                        onSelect
                      </td>
                      <td>
                        func
                      </td>
                      <td>
                        no
                      </td>
                      <td>
                        -
                      </td>
                    </tr>
                    <tr>
                      <td>
                        name
                      </td>
                      <td>
                        string
                      </td>
                      <td>
                        no
                      </td>
                      <td>
                        -
                      </td>
                    </tr>
                    <tr>
                      <td>
                        label
                      </td>
                      <td>
                        string
                      </td>
                      <td>
                        no
                      </td>
                      <td>
                        -
                      </td>
                    </tr>
                    <tr>
                      <td>
                        multiSelect
                      </td>
                      <td>
                        bool
                      </td>
                      <td>
                        no
                      </td>
                      <td>
                        <span>
                          {
                          <span
                            style={
                              Object {
                                "color": "#a11",
                              }
                            }>
                            false
                          </span>
                          }
                        </span>
                      </td>
                    </tr>
                    <tr>
                      <td>
                        menuSize
                      </td>
                      <td>
                        string
                      </td>
                      <td>
                        no
                      </td>
                      <td>
                        -
                      </td>
                    </tr>
                    <tr>
                      <td>
                        onBlur
                      </td>
                      <td>
                        func
                      </td>
                      <td>
                        no
                      </td>
                      <td>
                        -
                      </td>
                    </tr>
                    <tr>
                      <td>
                        onChange
                      </td>
                      <td>
                        func
                      </td>
                      <td>
                        no
                      </td>
                      <td>
                        -
                      </td>
                    </tr>
                    <tr>
                      <td>
                        onComplete
                      </td>
                      <td>
                        func
                      </td>
                      <td>
                        no
                      </td>
                      <td>
                        -
                      </td>
                    </tr>
                    <tr>
                      <td>
                        onKeyDown
                      </td>
                      <td>
                        func
                      </td>
                      <td>
                        no
                      </td>
                      <td>
                        -
                      </td>
                    </tr>
                    <tr>
                      <td>
                        onValueChange
                      </td>
                      <td>
                        func
                      </td>
                      <td>
                        no
                      </td>
                      <td>
                        -
                      </td>
                    </tr>
                    <tr>
                      <td>
                        optionsSelectedText
                      </td>
                      <td>
                        string
                      </td>
                      <td>
                        no
                      </td>
                      <td>
                        <span
                          style={
                            Object {
                              "color": "#22a",
                              "wordBreak": "break-word",
                            }
                          }>
                          "
                          
                          "
                        </span>
                      </td>
                    </tr>
                    <tr>
                      <td>
                        required
                      </td>
                      <td>
                        bool
                      </td>
                      <td>
                        no
                      </td>
                      <td>
                        -
                      </td>
                    </tr>
                    <tr>
                      <td>
                        totalCols
                      </td>
                      <td>
                        number
                      </td>
                      <td>
                        no
                      </td>
                      <td>
                        -
                      </td>
                    </tr>
                    <tr>
                      <td>
                        value
                      </td>
                      <td>
                        other
                      </td>
                      <td>
                        no
                      </td>
                      <td>
                        -
                      </td>
                    </tr>
                  </tbody>
                </table>
              </div>
              <div>
                <h2
                  style={
                    Object {
                      "margin": "20px 0 0 0",
                    }
                  }>
                  "
                  PicklistItem
                  " Component
                </h2>
                <table
                  style={
                    Object {
                      "borderCollapse": "separate",
                      "borderSpacing": "10px 5px",
                      "marginLeft": -10,
                    }
                  }>
                  <thead>
                    <tr>
                      <th>
                        property
                      </th>
                      <th>
                        propType
                      </th>
                      <th>
                        required
                      </th>
                      <th>
                        default
                      </th>
                    </tr>
                  </thead>
                  <tbody>
                    <tr>
                      <td>
                        children
                      </td>
                      <td>
                        node
                      </td>
                      <td>
                        no
                      </td>
                      <td>
                        -
                      </td>
                    </tr>
                    <tr>
                      <td>
                        label
                      </td>
                      <td>
                        other
                      </td>
                      <td>
                        no
                      </td>
                      <td>
                        -
                      </td>
                    </tr>
                    <tr>
                      <td>
                        selected
                      </td>
                      <td>
                        bool
                      </td>
                      <td>
                        no
                      </td>
                      <td>
                        -
                      </td>
                    </tr>
                    <tr>
                      <td>
                        value
                      </td>
                      <td>
                        other
                      </td>
                      <td>
                        no
                      </td>
                      <td>
                        -
                      </td>
                    </tr>
                  </tbody>
                </table>
              </div>
              <div>
                <h2
                  style={
                    Object {
                      "margin": "20px 0 0 0",
                    }
                  }>
                  "
                  Radio
                  " Component
                </h2>
                <table
                  style={
                    Object {
                      "borderCollapse": "separate",
                      "borderSpacing": "10px 5px",
                      "marginLeft": -10,
                    }
                  }>
                  <thead>
                    <tr>
                      <th>
                        property
                      </th>
                      <th>
                        propType
                      </th>
                      <th>
                        required
                      </th>
                      <th>
                        default
                      </th>
                    </tr>
                  </thead>
                  <tbody>
                    <tr>
                      <td>
                        checked
                      </td>
                      <td>
                        bool
                      </td>
                      <td>
                        no
                      </td>
                      <td>
                        -
                      </td>
                    </tr>
                    <tr>
                      <td>
                        className
                      </td>
                      <td>
                        string
                      </td>
                      <td>
                        no
                      </td>
                      <td>
                        -
                      </td>
                    </tr>
                    <tr>
                      <td>
                        defaultChecked
                      </td>
                      <td>
                        bool
                      </td>
                      <td>
                        no
                      </td>
                      <td>
                        -
                      </td>
                    </tr>
                    <tr>
                      <td>
                        label
                      </td>
                      <td>
                        string
                      </td>
                      <td>
                        no
                      </td>
                      <td>
                        -
                      </td>
                    </tr>
                    <tr>
                      <td>
                        name
                      </td>
                      <td>
                        string
                      </td>
                      <td>
                        no
                      </td>
                      <td>
                        -
                      </td>
                    </tr>
                    <tr>
                      <td>
                        value
                      </td>
                      <td>
                        other
                      </td>
                      <td>
                        no
                      </td>
                      <td>
                        -
                      </td>
                    </tr>
                  </tbody>
                </table>
              </div>
              <div>
                <h2
                  style={
                    Object {
                      "margin": "20px 0 0 0",
                    }
                  }>
                  "
                  RadioGroup
                  " Component
                </h2>
                <table
                  style={
                    Object {
                      "borderCollapse": "separate",
                      "borderSpacing": "10px 5px",
                      "marginLeft": -10,
                    }
                  }>
                  <thead>
                    <tr>
                      <th>
                        property
                      </th>
                      <th>
                        propType
                      </th>
                      <th>
                        required
                      </th>
                      <th>
                        default
                      </th>
                    </tr>
                  </thead>
                  <tbody>
                    <tr>
                      <td>
                        children
                      </td>
                      <td>
                        node
                      </td>
                      <td>
                        no
                      </td>
                      <td>
                        -
                      </td>
                    </tr>
                    <tr>
                      <td>
                        className
                      </td>
                      <td>
                        string
                      </td>
                      <td>
                        no
                      </td>
                      <td>
                        -
                      </td>
                    </tr>
                    <tr>
                      <td>
                        cols
                      </td>
                      <td>
                        number
                      </td>
                      <td>
                        no
                      </td>
                      <td>
                        -
                      </td>
                    </tr>
                    <tr>
                      <td>
                        error
                      </td>
                      <td>
                        other
                      </td>
                      <td>
                        no
                      </td>
                      <td>
                        -
                      </td>
                    </tr>
                    <tr>
                      <td>
                        label
                      </td>
                      <td>
                        string
                      </td>
                      <td>
                        no
                      </td>
                      <td>
                        -
                      </td>
                    </tr>
                    <tr>
                      <td>
                        name
                      </td>
                      <td>
                        string
                      </td>
                      <td>
                        no
                      </td>
                      <td>
                        -
                      </td>
                    </tr>
                    <tr>
                      <td>
                        onChange
                      </td>
                      <td>
                        func
                      </td>
                      <td>
                        no
                      </td>
                      <td>
                        -
                      </td>
                    </tr>
                    <tr>
                      <td>
                        required
                      </td>
                      <td>
                        bool
                      </td>
                      <td>
                        no
                      </td>
                      <td>
                        -
                      </td>
                    </tr>
                    <tr>
                      <td>
                        style
                      </td>
                      <td>
                        object
                      </td>
                      <td>
                        no
                      </td>
                      <td>
                        -
                      </td>
                    </tr>
                    <tr>
                      <td>
                        totalCols
                      </td>
                      <td>
                        number
                      </td>
                      <td>
                        no
                      </td>
                      <td>
                        -
                      </td>
                    </tr>
                  </tbody>
                </table>
              </div>
              <div>
                <h2
                  style={
                    Object {
                      "margin": "20px 0 0 0",
                    }
                  }>
                  "
                  Select
                  " Component
                </h2>
                <table
                  style={
                    Object {
                      "borderCollapse": "separate",
                      "borderSpacing": "10px 5px",
                      "marginLeft": -10,
                    }
                  }>
                  <thead>
                    <tr>
                      <th>
                        property
                      </th>
                      <th>
                        propType
                      </th>
                      <th>
                        required
                      </th>
                      <th>
                        default
                      </th>
                    </tr>
                  </thead>
                  <tbody>
                    <tr>
                      <td>
                        className
                      </td>
                      <td>
                        string
                      </td>
                      <td>
                        no
                      </td>
                      <td>
                        -
                      </td>
                    </tr>
                    <tr>
                      <td>
                        cols
                      </td>
                      <td>
                        number
                      </td>
                      <td>
                        no
                      </td>
                      <td>
                        -
                      </td>
                    </tr>
                    <tr>
                      <td>
                        error
                      </td>
                      <td>
                        other
                      </td>
                      <td>
                        no
                      </td>
                      <td>
                        -
                      </td>
                    </tr>
                    <tr>
                      <td>
                        id
                      </td>
                      <td>
                        string
                      </td>
                      <td>
                        no
                      </td>
                      <td>
                        -
                      </td>
                    </tr>
                    <tr>
                      <td>
                        label
                      </td>
                      <td>
                        string
                      </td>
                      <td>
                        no
                      </td>
                      <td>
                        -
                      </td>
                    </tr>
                    <tr>
                      <td>
                        onChange
                      </td>
                      <td>
                        func
                      </td>
                      <td>
                        no
                      </td>
                      <td>
                        -
                      </td>
                    </tr>
                    <tr>
                      <td>
                        required
                      </td>
                      <td>
                        bool
                      </td>
                      <td>
                        no
                      </td>
                      <td>
                        -
                      </td>
                    </tr>
                    <tr>
                      <td>
                        totalCols
                      </td>
                      <td>
                        number
                      </td>
                      <td>
                        no
                      </td>
                      <td>
                        -
                      </td>
                    </tr>
                  </tbody>
                </table>
              </div>
              <div>
                <h2
                  style={
                    Object {
                      "margin": "20px 0 0 0",
                    }
                  }>
                  "
                  Textarea
                  " Component
                </h2>
                <table
                  style={
                    Object {
                      "borderCollapse": "separate",
                      "borderSpacing": "10px 5px",
                      "marginLeft": -10,
                    }
                  }>
                  <thead>
                    <tr>
                      <th>
                        property
                      </th>
                      <th>
                        propType
                      </th>
                      <th>
                        required
                      </th>
                      <th>
                        default
                      </th>
                    </tr>
                  </thead>
                  <tbody>
                    <tr>
                      <td>
                        className
                      </td>
                      <td>
                        string
                      </td>
                      <td>
                        no
                      </td>
                      <td>
                        -
                      </td>
                    </tr>
                    <tr>
                      <td>
                        cols
                      </td>
                      <td>
                        number
                      </td>
                      <td>
                        no
                      </td>
                      <td>
                        -
                      </td>
                    </tr>
                    <tr>
                      <td>
                        error
                      </td>
                      <td>
                        other
                      </td>
                      <td>
                        no
                      </td>
                      <td>
                        -
                      </td>
                    </tr>
                    <tr>
                      <td>
                        id
                      </td>
                      <td>
                        string
                      </td>
                      <td>
                        no
                      </td>
                      <td>
                        -
                      </td>
                    </tr>
                    <tr>
                      <td>
                        label
                      </td>
                      <td>
                        string
                      </td>
                      <td>
                        no
                      </td>
                      <td>
                        -
                      </td>
                    </tr>
                    <tr>
                      <td>
                        onChange
                      </td>
                      <td>
                        func
                      </td>
                      <td>
                        no
                      </td>
                      <td>
                        -
                      </td>
                    </tr>
                    <tr>
                      <td>
                        required
                      </td>
                      <td>
                        bool
                      </td>
                      <td>
                        no
                      </td>
                      <td>
                        -
                      </td>
                    </tr>
                    <tr>
                      <td>
                        textareaRef
                      </td>
                      <td>
                        func
                      </td>
                      <td>
                        no
                      </td>
                      <td>
                        -
                      </td>
                    </tr>
                    <tr>
                      <td>
                        totalCols
                      </td>
                      <td>
                        number
                      </td>
                      <td>
                        no
                      </td>
                      <td>
                        -
                      </td>
                    </tr>
                  </tbody>
                </table>
              </div>
            </div>
          </div>
        </div>
      </div>
    </div>


✗ Stacked Form
  - Snapshot
  + Current story
  
  <div>
      <div
        style={
          Object {
            "position": "relative",
            "zIndex": 0,
          }
        }>
        <form
          className="slds-form--stacked"
          onSubmit={[Function]}>
          <div
            className="slds-form-element">
            <label
              className="slds-form-element__label"
              htmlFor="input-$uuid$">
              Text Input
            </label>
            <div
              className="slds-form-element__control">
              <input
                className="slds-input"
                defaultValue={undefined}
                id="input-$uuid$"
                onChange={[Function]}
                onKeyDown={[Function]}
                readOnly={undefined}
                type={undefined}
                value={undefined} />
            </div>
          </div>
          <div
            className="slds-form-element">
            <label
              className="slds-form-element__label"
              htmlFor="form-element-$uuid$">
              Textarea Input
            </label>
            <div
              className="slds-form-element__control">
              <textarea
                className="slds-input"
                id="form-element-$uuid$"
                onChange={[Function]} />
            </div>
          </div>
          <fieldset
            className="slds-form-element"
            onChange={[Function]}
            style={undefined}>
            <legend
              className="slds-form-element__label slds-form-element__label--top">
              Checkbox Group Label
            </legend>
            <div
              className="slds-form-element__control">
              <label
                className="slds-checkbox">
                <input
                  type="checkbox" />
                <span
                  className="slds-checkbox--faux" />
                <span
                  className="slds-form-element__label">
                  All opportunities owned by you
                </span>
              </label>
              <label
                className="slds-checkbox">
                <input
                  type="checkbox" />
                <span
                  className="slds-checkbox--faux" />
                <span
                  className="slds-form-element__label">
                  All contacts in the account owned by you
                </span>
              </label>
            </div>
          </fieldset>
          <fieldset
            className="slds-form-element"
            name="radiogroup1"
            style={undefined}>
            <legend
              className="slds-form-element__label slds-form-element__label--top">
              Radio Group Label
            </legend>
            <div
              className="slds-form-element__control">
              <label
                className="slds-radio">
                <input
                  checked={undefined}
                  defaultChecked={undefined}
                  name="radiogroup1"
                  onChange={[Function]}
                  type="radio"
                  value={undefined} />
                <span
                  className="slds-radio--faux" />
                <span
                  className="slds-form-element__label">
                  Lead Generation
                </span>
              </label>
              <label
                className="slds-radio">
                <input
                  checked={undefined}
                  defaultChecked={undefined}
                  name="radiogroup1"
                  onChange={[Function]}
                  type="radio"
                  value={undefined} />
                <span
                  className="slds-radio--faux" />
                <span
                  className="slds-form-element__label">
                  Education Leads
                </span>
              </label>
            </div>
          </fieldset>
          <div
            className="slds-form-element">
            <label
              className="slds-form-element__label"
              htmlFor="form-element-$uuid$">
              Select Label
            </label>
            <div
              className="slds-form-element__control">
              <select
                className="slds-select"
                id="form-element-$uuid$"
                onChange={[Function]}>
                <option
                  value="1">
                  Option One
                </option>
                <option
                  value="2">
                  Option Two
                </option>
              </select>
            </div>
          </div>
          <div
            className="slds-form-element react-slds-dropdown-form-element">
            <div
              className="slds-form-element">
              <label
                className="slds-form-element__label"
                htmlFor="form-element-$uuid$">
                Picklist Label
              </label>
              <div
                className="slds-form-element__control">
                <div
                  aria-expanded={undefined}
                  className="slds-picklist">
                  <button
                    className="slds-picklist__label slds-button slds-button--neutral"
                    id="form-element-$uuid$"
                    onBlur={[Function]}
                    onClick={[Function]}
                    onKeyDown={[Function]}
                    type="button">
                    <span
                      className="slds-truncate">
                      <span>
                         
                      </span>
                    </span>
                    <svg
                      aria-hidden={true}
                      className="slds-icon slds-icon-text-default"
                      dangerouslySetInnerHTML={
                        Object {
                          "__html": "<use xlink:href="/assets/icons/utility-sprite/svg/symbols.svg#down"></use>",
                        }
                      }
                      style={undefined} />
                  </button>
                </div>
              </div>
            </div>
            <div
              className="react-slds-dropdown-control-wrapper"
              style={undefined}>
              <div
                className="slds-form-element__control">
                <div />
              </div>
            </div>
          </div>
          <div
            className="slds-form-element react-slds-dropdown-form-element">
            <div
              className="slds-form-element">
              <label
                className="slds-form-element__label"
                htmlFor="form-element-$uuid$">
                Date Input Label
              </label>
              <div
                className="slds-form-element__control">
                <div
                  className="slds-input-has-icon slds-input-has-icon--right">
                  <input
                    className="slds-input"
                    defaultValue={undefined}
                    id="form-element-$uuid$"
                    onBlur={[Function]}
                    onChange={[Function]}
                    onKeyDown={[Function]}
                    readOnly={undefined}
                    type={undefined}
                    value={undefined} />
                  <span
                    onClick={[Function]}
                    style={
                      Object {
                        "cursor": "pointer",
                      }
                    }
                    tabIndex={-1}>
                    <svg
                      aria-hidden={true}
                      className="slds-icon slds-icon-text-default slds-input__icon"
                      dangerouslySetInnerHTML={
                        Object {
                          "__html": "<use xlink:href="/assets/icons/utility-sprite/svg/symbols.svg#event"></use>",
                        }
                      }
                      style={undefined} />
                  </span>
                </div>
              </div>
            </div>
            <div
              className="react-slds-dropdown-control-wrapper"
              style={Object {}}>
              <div
                className="slds-form-element__control">
                <div />
              </div>
            </div>
          </div>
          <div
            className="slds-form-element react-slds-dropdown-form-element">
            <div
              className="slds-form-element">
              <label
                className="slds-form-element__label"
                htmlFor="form-element-$uuid$">
                Lookup Label
              </label>
              <div
                className="slds-form-element__control">
                <div
                  className="slds-lookup"
                  data-scope="single"
                  data-select="single"
                  data-typeahead={false}>
                  <div
                    className="slds-grid slds-input-has-icon slds-input-has-icon--right">
                    <input
                      className="slds-input"
                      defaultValue={undefined}
                      id="form-element-$uuid$"
                      onBlur={[Function]}
                      onChange={[Function]}
                      onKeyDown={[Function]}
                      onSubmit={[Function]}
                      readOnly={undefined}
                      type={undefined}
                      value={undefined} />
                    <svg
                      aria-hidden={true}
                      className="slds-icon slds-icon-text-default slds-input__icon"
                      dangerouslySetInnerHTML={
                        Object {
                          "__html": "<use xlink:href="/assets/icons/utility-sprite/svg/symbols.svg#search"></use>",
                        }
                      }
                      onClick={[Function]}
                      style={
                        Object {
                          "cursor": "pointer",
                        }
                      } />
                  </div>
                </div>
              </div>
            </div>
            <div
              className="react-slds-dropdown-control-wrapper"
              style={undefined}>
              <div
                className="slds-form-element__control">
                <div
                  className="slds-lookup__menu slds-hide"
                  onKeyDown={[Function]}
                  role="listbox">
                  <ul
                    className="slds-lookup__list"
                    role="presentation">
                    <li
                      className="slds-lookup__item">
                      <a
                        className="slds-truncate react-slds-candidate"
                        onBlur={[Function]}
                        onClick={[Function]}
                        onKeyDown={[Function]}
                        role="option"
                        tabIndex={-1}>
                        <svg
                          aria-hidden={true}
                          className="slds-icon slds-icon--small slds-icon-standard-account"
                          dangerouslySetInnerHTML={
                            Object {
                              "__html": "<use xlink:href="/assets/icons/standard-sprite/svg/symbols.svg#account"></use>",
                            }
                          }
                          style={undefined} />
                        Account
                      </a>
                    </li>
                    <li
                      className="slds-lookup__item">
                      <a
                        className="slds-truncate react-slds-candidate"
                        onBlur={[Function]}
                        onClick={[Function]}
                        onKeyDown={[Function]}
                        role="option"
                        tabIndex={-1}>
                        <svg
                          aria-hidden={true}
                          className="slds-icon slds-icon--small slds-icon-standard-contact"
                          dangerouslySetInnerHTML={
                            Object {
                              "__html": "<use xlink:href="/assets/icons/standard-sprite/svg/symbols.svg#contact"></use>",
                            }
                          }
                          style={undefined} />
                        Contact
                      </a>
                    </li>
                    <li
                      className="slds-lookup__item">
                      <a
                        className="slds-truncate react-slds-candidate"
                        onBlur={[Function]}
                        onClick={[Function]}
                        onKeyDown={[Function]}
                        role="option"
                        tabIndex={-1}>
                        <svg
                          aria-hidden={true}
                          className="slds-icon slds-icon--small slds-icon-standard-opportunity"
                          dangerouslySetInnerHTML={
                            Object {
                              "__html": "<use xlink:href="/assets/icons/standard-sprite/svg/symbols.svg#opportunity"></use>",
                            }
                          }
                          style={undefined} />
                        Opportunity
                      </a>
                    </li>
                  </ul>
                </div>
              </div>
            </div>
          </div>
        </form>
      </div>
      <a
        onClick={[Function]}
        style={
          Object {
            "background": "#28c",
            "borderRadius": "0 0 0 5px",
            "color": "#fff",
            "cursor": "pointer",
            "display": "block",
            "fontFamily": "sans-serif",
  -         "fontSize": 12,
  +         "fontSize": "12px",
            "padding": "5px 15px",
            "position": "fixed",
            "right": 0,
            "textDecoration": "none",
            "top": 0,
          }
        }>
        ?
      </a>
      <div
        style={
          Object {
            "background": "white",
            "bottom": 0,
            "display": "none",
            "left": 0,
            "overflow": "auto",
            "padding": "0 40px",
            "position": "absolute",
            "right": 0,
            "top": 0,
          }
        }>
        <a
          onClick={[Function]}
          style={
            Object {
              "background": "#28c",
              "borderRadius": "0 0 0 5px",
              "color": "#fff",
              "cursor": "pointer",
              "display": "block",
              "fontFamily": "sans-serif",
  -           "fontSize": 12,
  +           "fontSize": "12px",
              "padding": "5px 15px",
              "position": "fixed",
              "right": 0,
              "textDecoration": "none",
              "top": 0,
            }
          }>
          ×
        </a>
        <div
          style={undefined}>
          <div
            style={
              Object {
                "WebkitFontSmoothing": "antialiased",
                "color": "#444",
                "fontFamily": "
                  -apple-system, ".SFNSText-Regular", "San Francisco", "Roboto",
                  "Segoe UI", "Helvetica Neue", "Lucida Grande", sans-serif
                ",
  -             "fontSize": 15,
  +             "fontSize": "15px",
                "fontWeight": 300,
                "lineHeight": 1.45,
              }
            }>
            <div
              style={
                Object {
                  "borderBottom": "1px solid #eee",
                  "marginBottom": 10,
  +               "paddingTop": 10,
                }
              }>
              <h1
                style={
                  Object {
  -                 "fontSize": 35,
  -                 "margin": "20px 0 0 0",
  +                 "fontSize": "35px",
  +                 "margin": 0,
                    "padding": 0,
                  }
                }>
                Form
              </h1>
              <h2
                style={
                  Object {
  -                 "fontSize": 22,
  +                 "fontSize": "22px",
                    "fontWeight": 400,
                    "margin": "0 0 10px 0",
                    "padding": 0,
                  }
                }>
                Stacked Form
              </h2>
            </div>
            <div
              style={
                Object {
                  "marginBottom": 0,
                }
              }>
              <p
                style={
                  Object {
                    "WebkitFontSmoothing": "antialiased",
                    "color": "#444",
                    "fontFamily": "
                      -apple-system, ".SFNSText-Regular", "San Francisco", "Roboto",
                      "Segoe UI", "Helvetica Neue", "Lucida Grande", sans-serif
                    ",
  -                 "fontSize": 15,
  +                 "fontSize": "15px",
                  }
                }>
                Stacked Form
              </p>
            </div>
            <div>
              <h1
                style={
                  Object {
                    "borderBottom": "1px solid #EEE",
  -                 "fontSize": 25,
  +                 "fontSize": "25px",
                    "margin": "20px 0 0 0",
                    "padding": "0 0 5px 0",
                  }
                }>
                Story Source
              </h1>
              <pre
                style={
                  Object {
                    "backgroundColor": "#fafafa",
                    "fontFamily": "Menlo, Monaco, "Courier New", monospace",
                    "fontSize": ".88em",
                    "lineHeight": 1.5,
                    "overflowX": "scroll",
                    "padding": ".5rem",
                  }
                }>
                <div>
                  <div
                    style={
                      Object {
                        "paddingLeft": 18,
                        "paddingRight": 3,
                      }
                    }>
                    <span
                      style={
                        Object {
                          "color": "#777",
                        }
                      }>
                      <
                      Form
                    </span>
                    <span>
                      <span>
                         
                        <span
                          style={Object {}}>
                          onSubmit
                        </span>
                        <span>
                          =
                          <span
                            style={Object {}}>
                            <span>
                              {
                              <span
                                style={
                                  Object {
                                    "color": "#170",
                                  }
                                }>
  -                             anonymous()
  +                             submit()
                              </span>
                              }
                            </span>
                          </span>
                        </span>
                        
                      </span>
                    </span>
                    <span
                      style={
                        Object {
                          "color": "#777",
                        }
                      }>
                      >
                    </span>
                  </div>
                  <div
                    style={
                      Object {
                        "paddingLeft": 33,
                        "paddingRight": 3,
                      }
                    }>
                    <span
                      style={
                        Object {
                          "color": "#777",
                        }
                      }>
                      <
                      Input
                    </span>
                    <span>
                      <span>
                         
                        <span
                          style={Object {}}>
                          label
                        </span>
                        <span>
                          =
                          <span
                            style={Object {}}>
                            <span
                              style={
                                Object {
                                  "color": "#22a",
                                  "wordBreak": "break-word",
                                }
                              }>
                              "
                              Text Input
                              "
                            </span>
                          </span>
                        </span>
                         
                      </span>
                    </span>
                    <span
                      style={
                        Object {
                          "color": "#777",
                        }
                      }>
                      />
                    </span>
                  </div>
                  <div
                    style={
                      Object {
                        "paddingLeft": 33,
                        "paddingRight": 3,
                      }
                    }>
                    <span
                      style={
                        Object {
                          "color": "#777",
                        }
                      }>
                      <
                      Textarea
                    </span>
                    <span>
                      <span>
                         
                        <span
                          style={Object {}}>
                          label
                        </span>
                        <span>
                          =
                          <span
                            style={Object {}}>
                            <span
                              style={
                                Object {
                                  "color": "#22a",
                                  "wordBreak": "break-word",
                                }
                              }>
                              "
                              Textarea Input
                              "
                            </span>
                          </span>
                        </span>
                         
                      </span>
                    </span>
                    <span
                      style={
                        Object {
                          "color": "#777",
                        }
                      }>
                      />
                    </span>
                  </div>
                  <div>
                    <div
                      style={
                        Object {
                          "paddingLeft": 33,
                          "paddingRight": 3,
                        }
                      }>
                      <span
                        style={
                          Object {
                            "color": "#777",
                          }
                        }>
                        <
                        CheckboxGroup
                      </span>
                      <span>
                        <span>
                           
                          <span
                            style={Object {}}>
                            label
                          </span>
                          <span>
                            =
                            <span
                              style={Object {}}>
                              <span
                                style={
                                  Object {
                                    "color": "#22a",
                                    "wordBreak": "break-word",
                                  }
                                }>
                                "
                                Checkbox Group Label
                                "
                              </span>
                            </span>
                          </span>
                          
                        </span>
                      </span>
                      <span
                        style={
                          Object {
                            "color": "#777",
                          }
                        }>
                        >
                      </span>
                    </div>
                    <div
                      style={
                        Object {
                          "paddingLeft": 33,
                          "paddingRight": 3,
                        }
                      }>
                      <span
                        style={
                          Object {
                            "color": "#777",
                          }
                        }>
                        <
                        Checkbox
                      </span>
                      <span>
                        <span>
                           
                          <span
                            style={Object {}}>
                            label
                          </span>
                          <span>
                            =
                            <span
                              style={Object {}}>
                              <span
                                style={
                                  Object {
                                    "color": "#22a",
                                    "wordBreak": "break-word",
                                  }
                                }>
                                "
                                All opportunities owned by you
                                "
                              </span>
                            </span>
                          </span>
                           
                        </span>
                      </span>
                      <span
                        style={
                          Object {
                            "color": "#777",
                          }
                        }>
                        />
                      </span>
                    </div>
                    <div
                      style={
                        Object {
                          "paddingLeft": 33,
                          "paddingRight": 3,
                        }
                      }>
                      <span
                        style={
                          Object {
                            "color": "#777",
                          }
                        }>
                        <
                        Checkbox
                      </span>
                      <span>
                        <span>
                           
                          <span
                            style={Object {}}>
                            label
                          </span>
                          <span>
                            =
                            <span
                              style={Object {}}>
                              <span
                                style={
                                  Object {
                                    "color": "#22a",
                                    "wordBreak": "break-word",
                                  }
                                }>
                                "
                                All contacts in the account owned by you
                                "
                              </span>
                            </span>
                          </span>
                           
                        </span>
                      </span>
                      <span
                        style={
                          Object {
                            "color": "#777",
                          }
                        }>
                        />
                      </span>
                    </div>
                    <div
                      style={
                        Object {
                          "paddingLeft": 33,
                          "paddingRight": 3,
                        }
                      }>
                      <span
                        style={
                          Object {
                            "color": "#777",
                          }
                        }>
                        </
                        CheckboxGroup
                        >
                      </span>
                    </div>
                  </div>
                  <div>
                    <div
                      style={
                        Object {
                          "paddingLeft": 33,
                          "paddingRight": 3,
                        }
                      }>
                      <span
                        style={
                          Object {
                            "color": "#777",
                          }
                        }>
                        <
                        RadioGroup
                      </span>
                      <span>
                        <span>
                           
                          <span
                            style={Object {}}>
                            label
                          </span>
                          <span>
                            =
                            <span
                              style={Object {}}>
                              <span
                                style={
                                  Object {
                                    "color": "#22a",
                                    "wordBreak": "break-word",
                                  }
                                }>
                                "
                                Radio Group Label
                                "
                              </span>
                            </span>
                          </span>
                        </span>
                        <span>
                           
                          <span
                            style={Object {}}>
                            name
                          </span>
                          <span>
                            =
                            <span
                              style={Object {}}>
                              <span
                                style={
                                  Object {
                                    "color": "#22a",
                                    "wordBreak": "break-word",
                                  }
                                }>
                                "
                                radiogroup1
                                "
                              </span>
                            </span>
                          </span>
                          
                        </span>
                      </span>
                      <span
                        style={
                          Object {
                            "color": "#777",
                          }
                        }>
                        >
                      </span>
                    </div>
                    <div
                      style={
                        Object {
                          "paddingLeft": 33,
                          "paddingRight": 3,
                        }
                      }>
                      <span
                        style={
                          Object {
                            "color": "#777",
                          }
                        }>
                        <
                        Radio
                      </span>
                      <span>
                        <span>
                           
                          <span
                            style={Object {}}>
                            label
                          </span>
                          <span>
                            =
                            <span
                              style={Object {}}>
                              <span
                                style={
                                  Object {
                                    "color": "#22a",
                                    "wordBreak": "break-word",
                                  }
                                }>
                                "
                                Lead Generation
                                "
                              </span>
                            </span>
                          </span>
                           
                        </span>
                      </span>
                      <span
                        style={
                          Object {
                            "color": "#777",
                          }
                        }>
                        />
                      </span>
                    </div>
                    <div
                      style={
                        Object {
                          "paddingLeft": 33,
                          "paddingRight": 3,
                        }
                      }>
                      <span
                        style={
                          Object {
                            "color": "#777",
                          }
                        }>
                        <
                        Radio
                      </span>
                      <span>
                        <span>
                           
                          <span
                            style={Object {}}>
                            label
                          </span>
                          <span>
                            =
                            <span
                              style={Object {}}>
                              <span
                                style={
                                  Object {
                                    "color": "#22a",
                                    "wordBreak": "break-word",
                                  }
                                }>
                                "
                                Education Leads
                                "
                              </span>
                            </span>
                          </span>
                           
                        </span>
                      </span>
                      <span
                        style={
                          Object {
                            "color": "#777",
                          }
                        }>
                        />
                      </span>
                    </div>
                    <div
                      style={
                        Object {
                          "paddingLeft": 33,
                          "paddingRight": 3,
                        }
                      }>
                      <span
                        style={
                          Object {
                            "color": "#777",
                          }
                        }>
                        </
                        RadioGroup
                        >
                      </span>
                    </div>
                  </div>
                  <div>
                    <div
                      style={
                        Object {
                          "paddingLeft": 33,
                          "paddingRight": 3,
                        }
                      }>
                      <span
                        style={
                          Object {
                            "color": "#777",
                          }
                        }>
                        <
                        Select
                      </span>
                      <span>
                        <span>
                           
                          <span
                            style={Object {}}>
                            label
                          </span>
                          <span>
                            =
                            <span
                              style={Object {}}>
                              <span
                                style={
                                  Object {
                                    "color": "#22a",
                                    "wordBreak": "break-word",
                                  }
                                }>
                                "
                                Select Label
                                "
                              </span>
                            </span>
                          </span>
                          
                        </span>
                      </span>
                      <span
                        style={
                          Object {
                            "color": "#777",
                          }
                        }>
                        >
                      </span>
                    </div>
                    <div>
                      <div
                        style={
                          Object {
                            "paddingLeft": 48,
                            "paddingRight": 3,
                          }
                        }>
                        <span
                          style={
                            Object {
                              "color": "#777",
                            }
                          }>
                          <
                          Option
                        </span>
                        <span>
                          <span>
                             
                            <span
                              style={Object {}}>
                              value
                            </span>
                            <span>
                              =
                              <span
                                style={Object {}}>
                                <span
                                  style={
                                    Object {
                                      "color": "#22a",
                                      "wordBreak": "break-word",
                                    }
                                  }>
                                  "
                                  1
                                  "
                                </span>
                              </span>
                            </span>
                            
                          </span>
                        </span>
                        <span
                          style={
                            Object {
                              "color": "#777",
                            }
                          }>
                          >
                        </span>
                      </div>
                      <div
                        style={
                          Object {
                            "paddingLeft": 33,
                            "paddingRight": 3,
                          }
                        }>
                        <span
                          style={
                            Object {
                              "color": "#777",
                            }
                          }>
                          Option One
                        </span>
                      </div>
                      <div
                        style={
                          Object {
                            "paddingLeft": 48,
                            "paddingRight": 3,
                          }
                        }>
                        <span
                          style={
                            Object {
                              "color": "#777",
                            }
                          }>
                          </
                          Option
                          >
                        </span>
                      </div>
                    </div>
                    <div>
                      <div
                        style={
                          Object {
                            "paddingLeft": 48,
                            "paddingRight": 3,
                          }
                        }>
                        <span
                          style={
                            Object {
                              "color": "#777",
                            }
                          }>
                          <
                          Option
                        </span>
                        <span>
                          <span>
                             
                            <span
                              style={Object {}}>
                              value
                            </span>
                            <span>
                              =
                              <span
                                style={Object {}}>
                                <span
                                  style={
                                    Object {
                                      "color": "#22a",
                                      "wordBreak": "break-word",
                                    }
                                  }>
                                  "
                                  2
                                  "
                                </span>
                              </span>
                            </span>
                            
                          </span>
                        </span>
                        <span
                          style={
                            Object {
                              "color": "#777",
                            }
                          }>
                          >
                        </span>
                      </div>
                      <div
                        style={
                          Object {
                            "paddingLeft": 33,
                            "paddingRight": 3,
                          }
                        }>
                        <span
                          style={
                            Object {
                              "color": "#777",
                            }
                          }>
                          Option Two
                        </span>
                      </div>
                      <div
                        style={
                          Object {
                            "paddingLeft": 48,
                            "paddingRight": 3,
                          }
                        }>
                        <span
                          style={
                            Object {
                              "color": "#777",
                            }
                          }>
                          </
                          Option
                          >
                        </span>
                      </div>
                    </div>
                    <div
                      style={
                        Object {
                          "paddingLeft": 33,
                          "paddingRight": 3,
                        }
                      }>
                      <span
                        style={
                          Object {
                            "color": "#777",
                          }
                        }>
                        </
                        Select
                        >
                      </span>
                    </div>
                  </div>
                  <div>
                    <div
                      style={
                        Object {
                          "paddingLeft": 33,
                          "paddingRight": 3,
                        }
                      }>
                      <span
                        style={
                          Object {
                            "color": "#777",
                          }
                        }>
                        <
                        Picklist
                      </span>
                      <span>
                        <span>
                           
                          <span
                            style={Object {}}>
                            label
                          </span>
                          <span>
                            =
                            <span
                              style={Object {}}>
                              <span
                                style={
                                  Object {
                                    "color": "#22a",
                                    "wordBreak": "break-word",
                                  }
                                }>
                                "
                                Picklist Label
                                "
                              </span>
                            </span>
                          </span>
                          
                        </span>
                      </span>
                      <span
                        style={
                          Object {
                            "color": "#777",
                          }
                        }>
                        >
                      </span>
                    </div>
                    <div>
                      <div
                        style={
                          Object {
                            "paddingLeft": 48,
                            "paddingRight": 3,
                          }
                        }>
                        <span
                          style={
                            Object {
                              "color": "#777",
                            }
                          }>
                          <
                          PicklistItem
                        </span>
                        <span>
                          <span>
                             
                            <span
                              style={Object {}}>
                              value
                            </span>
                            <span>
                              =
                              <span
                                style={Object {}}>
                                <span
                                  style={
                                    Object {
                                      "color": "#22a",
                                      "wordBreak": "break-word",
                                    }
                                  }>
                                  "
                                  1
                                  "
                                </span>
                              </span>
                            </span>
                            
                          </span>
                        </span>
                        <span
                          style={
                            Object {
                              "color": "#777",
                            }
                          }>
                          >
                        </span>
                      </div>
                      <div
                        style={
                          Object {
                            "paddingLeft": 33,
                            "paddingRight": 3,
                          }
                        }>
                        <span
                          style={
                            Object {
                              "color": "#777",
                            }
                          }>
                          Picklist Item One
                        </span>
                      </div>
                      <div
                        style={
                          Object {
                            "paddingLeft": 48,
                            "paddingRight": 3,
                          }
                        }>
                        <span
                          style={
                            Object {
                              "color": "#777",
                            }
                          }>
                          </
                          PicklistItem
                          >
                        </span>
                      </div>
                    </div>
                    <div>
                      <div
                        style={
                          Object {
                            "paddingLeft": 48,
                            "paddingRight": 3,
                          }
                        }>
                        <span
                          style={
                            Object {
                              "color": "#777",
                            }
                          }>
                          <
                          PicklistItem
                        </span>
                        <span>
                          <span>
                             
                            <span
                              style={Object {}}>
                              value
                            </span>
                            <span>
                              =
                              <span
                                style={Object {}}>
                                <span
                                  style={
                                    Object {
                                      "color": "#22a",
                                      "wordBreak": "break-word",
                                    }
                                  }>
                                  "
                                  2
                                  "
                                </span>
                              </span>
                            </span>
                            
                          </span>
                        </span>
                        <span
                          style={
                            Object {
                              "color": "#777",
                            }
                          }>
                          >
                        </span>
                      </div>
                      <div
                        style={
                          Object {
                            "paddingLeft": 33,
                            "paddingRight": 3,
                          }
                        }>
                        <span
                          style={
                            Object {
                              "color": "#777",
                            }
                          }>
                          Picklist Item Two
                        </span>
                      </div>
                      <div
                        style={
                          Object {
                            "paddingLeft": 48,
                            "paddingRight": 3,
                          }
                        }>
                        <span
                          style={
                            Object {
                              "color": "#777",
                            }
                          }>
                          </
                          PicklistItem
                          >
                        </span>
                      </div>
                    </div>
                    <div
                      style={
                        Object {
                          "paddingLeft": 33,
                          "paddingRight": 3,
                        }
                      }>
                      <span
                        style={
                          Object {
                            "color": "#777",
                          }
                        }>
                        </
                        Picklist
                        >
                      </span>
                    </div>
                  </div>
                  <div
                    style={
                      Object {
                        "paddingLeft": 33,
                        "paddingRight": 3,
                      }
                    }>
                    <span
                      style={
                        Object {
                          "color": "#777",
                        }
                      }>
                      <
                      DateInput
                    </span>
                    <span>
                      <span>
                         
                        <span
                          style={Object {}}>
                          label
                        </span>
                        <span>
                          =
                          <span
                            style={Object {}}>
                            <span
                              style={
                                Object {
                                  "color": "#22a",
                                  "wordBreak": "break-word",
                                }
                              }>
                              "
                              Date Input Label
                              "
                            </span>
                          </span>
                        </span>
                         
                      </span>
                    </span>
                    <span
                      style={
                        Object {
                          "color": "#777",
                        }
                      }>
                      />
                    </span>
                  </div>
                  <div
                    style={
                      Object {
                        "paddingLeft": 33,
                        "paddingRight": 3,
                      }
                    }>
                    <span
                      style={
                        Object {
                          "color": "#777",
                        }
                      }>
                      <
                      Lookup
                    </span>
                    <span>
                      <span>
                         
                        <span
                          style={Object {}}>
                          label
                        </span>
                        <span>
                          =
                          <span
                            style={Object {}}>
                            <span
                              style={
                                Object {
                                  "color": "#22a",
                                  "wordBreak": "break-word",
                                }
                              }>
                              "
                              Lookup Label
                              "
                            </span>
                          </span>
                        </span>
                      </span>
                      <span>
                         
                        <span
                          style={Object {}}>
                          data
                        </span>
                        <span>
                          =
                          <span
                            style={Object {}}>
                            <span>
                              {
                              <span
                                style={
                                  Object {
                                    "color": "#666",
                                  }
                                }>
                                [
                                <span>
                                  {
                                  <span
                                    style={
                                      Object {
                                        "color": "#666",
                                      }
                                    }>
                                    {
                                    <span
                                      style={
                                        Object {
                                          "color": "#666",
                                        }
                                      }>
                                      label
                                    </span>
                                    : 
                                    <span
                                      style={
                                        Object {
                                          "color": "#22a",
                                          "wordBreak": "break-word",
                                        }
                                      }>
                                      "
                                      Account
                                      "
                                    </span>
                                    , 
                                    <span
                                      style={
                                        Object {
                                          "color": "#666",
                                        }
                                      }>
                                      value
                                    </span>
                                    : 
                                    <span
                                      style={
                                        Object {
                                          "color": "#22a",
                                          "wordBreak": "break-word",
                                        }
                                      }>
                                      "
                                      1
                                      "
                                    </span>
                                    , 
                                    <span
                                      style={
                                        Object {
                                          "color": "#666",
                                        }
                                      }>
                                      icon
                                    </span>
                                    : 
                                    <span
                                      style={
                                        Object {
                                          "color": "#22a",
                                          "wordBreak": "break-word",
                                        }
                                      }>
                                      "
                                      standard:account
                                      "
                                    </span>
                                    }
                                  </span>
                                  }
                                </span>
                                , 
                                <span>
                                  {
                                  <span
                                    style={
                                      Object {
                                        "color": "#666",
                                      }
                                    }>
                                    {
                                    <span
                                      style={
                                        Object {
                                          "color": "#666",
                                        }
                                      }>
                                      label
                                    </span>
                                    : 
                                    <span
                                      style={
                                        Object {
                                          "color": "#22a",
                                          "wordBreak": "break-word",
                                        }
                                      }>
                                      "
                                      Contact
                                      "
                                    </span>
                                    , 
                                    <span
                                      style={
                                        Object {
                                          "color": "#666",
                                        }
                                      }>
                                      value
                                    </span>
                                    : 
                                    <span
                                      style={
                                        Object {
                                          "color": "#22a",
                                          "wordBreak": "break-word",
                                        }
                                      }>
                                      "
                                      2
                                      "
                                    </span>
                                    , 
                                    <span
                                      style={
                                        Object {
                                          "color": "#666",
                                        }
                                      }>
                                      icon
                                    </span>
                                    : 
                                    <span
                                      style={
                                        Object {
                                          "color": "#22a",
                                          "wordBreak": "break-word",
                                        }
                                      }>
                                      "
                                      standard:contact
                                      "
                                    </span>
                                    }
                                  </span>
                                  }
                                </span>
                                , 
                                <span>
                                  {
                                  <span
                                    style={
                                      Object {
                                        "color": "#666",
                                      }
                                    }>
                                    {
                                    <span
                                      style={
                                        Object {
                                          "color": "#666",
                                        }
                                      }>
                                      label
                                    </span>
                                    : 
                                    <span
                                      style={
                                        Object {
                                          "color": "#22a",
                                          "wordBreak": "break-word",
                                        }
                                      }>
                                      "
                                      Opportunity
                                      "
                                    </span>
                                    , 
                                    <span
                                      style={
                                        Object {
                                          "color": "#666",
                                        }
                                      }>
                                      value
                                    </span>
                                    : 
                                    <span
                                      style={
                                        Object {
                                          "color": "#22a",
                                          "wordBreak": "break-word",
                                        }
                                      }>
                                      "
                                      3
                                      "
                                    </span>
                                    , 
                                    <span
                                      style={
                                        Object {
                                          "color": "#666",
                                        }
                                      }>
                                      icon
                                    </span>
                                    : 
                                    <span
                                      style={
                                        Object {
                                          "color": "#22a",
                                          "wordBreak": "break-word",
                                        }
                                      }>
                                      "
                                      standard:opportunity
                                      "
                                    </span>
                                    }
                                  </span>
                                  }
                                </span>
                                ]
                              </span>
                              }
                            </span>
                          </span>
                        </span>
                         
                      </span>
                    </span>
                    <span
                      style={
                        Object {
                          "color": "#777",
                        }
                      }>
                      />
                    </span>
                  </div>
                  <div
                    style={
                      Object {
                        "paddingLeft": 18,
                        "paddingRight": 3,
                      }
                    }>
                    <span
                      style={
                        Object {
                          "color": "#777",
                        }
                      }>
                      </
                      Form
                      >
                    </span>
                  </div>
                </div>
              </pre>
            </div>
            <div>
              <h1
                style={
                  Object {
                    "borderBottom": "1px solid #EEE",
  -                 "fontSize": 25,
  +                 "fontSize": "25px",
                    "margin": "20px 0 0 0",
                    "padding": "0 0 5px 0",
                  }
                }>
                Prop Types
              </h1>
              <div>
                <h2
                  style={
                    Object {
                      "margin": "20px 0 0 0",
                    }
                  }>
                  "
                  Option
                  " Component
                </h2>
                <small>
                  No propTypes defined!
                </small>
              </div>
              <div>
                <h2
                  style={
                    Object {
                      "margin": "20px 0 0 0",
                    }
                  }>
                  "
                  Form
                  " Component
                </h2>
                <table
                  style={
                    Object {
                      "borderCollapse": "separate",
                      "borderSpacing": "10px 5px",
                      "marginLeft": -10,
                    }
                  }>
                  <thead>
                    <tr>
                      <th>
                        property
                      </th>
                      <th>
                        propType
                      </th>
                      <th>
                        required
                      </th>
                      <th>
                        default
                      </th>
                    </tr>
                  </thead>
                  <tbody>
                    <tr>
                      <td>
                        children
                      </td>
                      <td>
                        node
                      </td>
                      <td>
                        no
                      </td>
                      <td>
                        -
                      </td>
                    </tr>
                    <tr>
                      <td>
                        className
                      </td>
                      <td>
                        string
                      </td>
                      <td>
                        no
                      </td>
                      <td>
                        -
                      </td>
                    </tr>
                    <tr>
                      <td>
                        type
                      </td>
                      <td>
                        other
                      </td>
                      <td>
                        no
                      </td>
                      <td>
                        <span
                          style={
                            Object {
                              "color": "#22a",
                              "wordBreak": "break-word",
                            }
                          }>
                          "
                          stacked
                          "
                        </span>
                      </td>
                    </tr>
                  </tbody>
                </table>
              </div>
              <div>
                <h2
                  style={
                    Object {
                      "margin": "20px 0 0 0",
                    }
                  }>
                  "
                  Checkbox
                  " Component
                </h2>
                <table
                  style={
                    Object {
                      "borderCollapse": "separate",
                      "borderSpacing": "10px 5px",
                      "marginLeft": -10,
                    }
                  }>
                  <thead>
                    <tr>
                      <th>
                        property
                      </th>
                      <th>
                        propType
                      </th>
                      <th>
                        required
                      </th>
                      <th>
                        default
                      </th>
                    </tr>
                  </thead>
                  <tbody>
                    <tr>
                      <td>
                        grouped
                      </td>
                      <td>
                        bool
                      </td>
                      <td>
                        no
                      </td>
                      <td>
                        -
                      </td>
                    </tr>
                    <tr>
                      <td>
                        className
                      </td>
                      <td>
                        string
                      </td>
                      <td>
                        no
                      </td>
                      <td>
                        -
                      </td>
                    </tr>
                    <tr>
                      <td>
                        checked
                      </td>
                      <td>
                        bool
                      </td>
                      <td>
                        no
                      </td>
                      <td>
                        -
                      </td>
                    </tr>
                    <tr>
                      <td>
                        checkboxRef
                      </td>
                      <td>
                        func
                      </td>
                      <td>
                        no
                      </td>
                      <td>
                        -
                      </td>
                    </tr>
                    <tr>
                      <td>
                        cols
                      </td>
                      <td>
                        number
                      </td>
                      <td>
                        no
                      </td>
                      <td>
                        -
                      </td>
                    </tr>
                    <tr>
                      <td>
                        defaultChecked
                      </td>
                      <td>
                        bool
                      </td>
                      <td>
                        no
                      </td>
                      <td>
                        -
                      </td>
                    </tr>
                    <tr>
                      <td>
                        error
                      </td>
                      <td>
                        other
                      </td>
                      <td>
                        no
                      </td>
                      <td>
                        -
                      </td>
                    </tr>
                    <tr>
                      <td>
                        label
                      </td>
                      <td>
                        string
                      </td>
                      <td>
                        no
                      </td>
                      <td>
                        -
                      </td>
                    </tr>
                    <tr>
                      <td>
                        name
                      </td>
                      <td>
                        string
                      </td>
                      <td>
                        no
                      </td>
                      <td>
                        -
                      </td>
                    </tr>
                    <tr>
                      <td>
                        required
                      </td>
                      <td>
                        bool
                      </td>
                      <td>
                        no
                      </td>
                      <td>
                        -
                      </td>
                    </tr>
                    <tr>
                      <td>
                        totalCols
                      </td>
                      <td>
                        number
                      </td>
                      <td>
                        no
                      </td>
                      <td>
                        -
                      </td>
                    </tr>
                    <tr>
                      <td>
                        value
                      </td>
                      <td>
                        other
                      </td>
                      <td>
                        no
                      </td>
                      <td>
                        -
                      </td>
                    </tr>
                  </tbody>
                </table>
              </div>
              <div>
                <h2
                  style={
                    Object {
                      "margin": "20px 0 0 0",
                    }
                  }>
                  "
                  CheckboxGroup
                  " Component
                </h2>
                <table
                  style={
                    Object {
                      "borderCollapse": "separate",
                      "borderSpacing": "10px 5px",
                      "marginLeft": -10,
                    }
                  }>
                  <thead>
                    <tr>
                      <th>
                        property
                      </th>
                      <th>
                        propType
                      </th>
                      <th>
                        required
                      </th>
                      <th>
                        default
                      </th>
                    </tr>
                  </thead>
                  <tbody>
                    <tr>
                      <td>
                        children
                      </td>
                      <td>
                        node
                      </td>
                      <td>
                        no
                      </td>
                      <td>
                        -
                      </td>
                    </tr>
                    <tr>
                      <td>
                        className
                      </td>
                      <td>
                        string
                      </td>
                      <td>
                        no
                      </td>
                      <td>
                        -
                      </td>
                    </tr>
                    <tr>
                      <td>
                        cols
                      </td>
                      <td>
                        number
                      </td>
                      <td>
                        no
                      </td>
                      <td>
                        -
                      </td>
                    </tr>
                    <tr>
                      <td>
                        error
                      </td>
                      <td>
                        other
                      </td>
                      <td>
                        no
                      </td>
                      <td>
                        -
                      </td>
                    </tr>
                    <tr>
                      <td>
                        label
                      </td>
                      <td>
                        string
                      </td>
                      <td>
                        no
                      </td>
                      <td>
                        -
                      </td>
                    </tr>
                    <tr>
                      <td>
                        name
                      </td>
                      <td>
                        string
                      </td>
                      <td>
                        no
                      </td>
                      <td>
                        -
                      </td>
                    </tr>
                    <tr>
                      <td>
                        onChange
                      </td>
                      <td>
                        func
                      </td>
                      <td>
                        no
                      </td>
                      <td>
                        -
                      </td>
                    </tr>
                    <tr>
                      <td>
                        required
                      </td>
                      <td>
                        bool
                      </td>
                      <td>
                        no
                      </td>
                      <td>
                        -
                      </td>
                    </tr>
                    <tr>
                      <td>
                        style
                      </td>
                      <td>
                        object
                      </td>
                      <td>
                        no
                      </td>
                      <td>
                        -
                      </td>
                    </tr>
                    <tr>
                      <td>
                        totalCols
                      </td>
                      <td>
                        number
                      </td>
                      <td>
                        no
                      </td>
                      <td>
                        -
                      </td>
                    </tr>
                  </tbody>
                </table>
              </div>
              <div>
                <h2
                  style={
                    Object {
                      "margin": "20px 0 0 0",
                    }
                  }>
                  "
                  DateInput
                  " Component
                </h2>
                <table
                  style={
                    Object {
                      "borderCollapse": "separate",
                      "borderSpacing": "10px 5px",
                      "marginLeft": -10,
                    }
                  }>
                  <thead>
                    <tr>
                      <th>
                        property
                      </th>
                      <th>
                        propType
                      </th>
                      <th>
                        required
                      </th>
                      <th>
                        default
                      </th>
                    </tr>
                  </thead>
                  <tbody>
                    <tr>
                      <td>
                        includeTime
                      </td>
                      <td>
                        bool
                      </td>
                      <td>
                        no
                      </td>
                      <td>
                        -
                      </td>
                    </tr>
                    <tr>
                      <td>
                        extensionRenderer
                      </td>
                      <td>
                        func
                      </td>
                      <td>
                        no
                      </td>
                      <td>
                        -
                      </td>
                    </tr>
                    <tr>
                      <td>
                        dateFormat
                      </td>
                      <td>
                        string
                      </td>
                      <td>
                        no
                      </td>
                      <td>
                        -
                      </td>
                    </tr>
                    <tr>
                      <td>
                        error
                      </td>
                      <td>
                        other
                      </td>
                      <td>
                        no
                      </td>
                      <td>
                        -
                      </td>
                    </tr>
                    <tr>
                      <td>
                        defaultOpened
                      </td>
                      <td>
                        bool
                      </td>
                      <td>
                        no
                      </td>
                      <td>
                        -
                      </td>
                    </tr>
                    <tr>
                      <td>
                        cols
                      </td>
                      <td>
                        number
                      </td>
                      <td>
                        no
                      </td>
                      <td>
                        -
                      </td>
                    </tr>
                    <tr>
                      <td>
                        defaultValue
                      </td>
                      <td>
                        string
                      </td>
                      <td>
                        no
                      </td>
                      <td>
                        -
                      </td>
                    </tr>
                    <tr>
                      <td>
                        onChange
                      </td>
                      <td>
                        func
                      </td>
                      <td>
                        no
                      </td>
                      <td>
                        -
                      </td>
                    </tr>
                    <tr>
                      <td>
                        id
                      </td>
                      <td>
                        string
                      </td>
                      <td>
                        no
                      </td>
                      <td>
                        -
                      </td>
                    </tr>
                    <tr>
                      <td>
                        onValueChange
                      </td>
                      <td>
                        func
                      </td>
                      <td>
                        no
                      </td>
                      <td>
                        -
                      </td>
                    </tr>
                    <tr>
                      <td>
                        required
                      </td>
                      <td>
                        bool
                      </td>
                      <td>
                        no
                      </td>
                      <td>
                        -
                      </td>
                    </tr>
                    <tr>
                      <td>
                        onKeyDown
                      </td>
                      <td>
                        func
                      </td>
                      <td>
                        no
                      </td>
                      <td>
                        -
                      </td>
                    </tr>
                    <tr>
                      <td>
                        onBlur
                      </td>
                      <td>
                        func
                      </td>
                      <td>
                        no
                      </td>
                      <td>
                        -
                      </td>
                    </tr>
                    <tr>
                      <td>
                        maxDate
                      </td>
                      <td>
                        string
                      </td>
                      <td>
                        no
                      </td>
                      <td>
                        -
                      </td>
                    </tr>
                    <tr>
                      <td>
                        label
                      </td>
                      <td>
                        string
                      </td>
                      <td>
                        no
                      </td>
                      <td>
                        -
                      </td>
                    </tr>
                    <tr>
                      <td>
                        onComplete
                      </td>
                      <td>
                        func
                      </td>
                      <td>
                        no
                      </td>
                      <td>
                        -
                      </td>
                    </tr>
                    <tr>
                      <td>
                        menuAlign
                      </td>
                      <td>
                        other
                      </td>
                      <td>
                        no
                      </td>
                      <td>
                        <span
                          style={
                            Object {
                              "color": "#22a",
                              "wordBreak": "break-word",
                            }
                          }>
                          "
                          left
                          "
                        </span>
                      </td>
                    </tr>
                    <tr>
                      <td>
                        minDate
                      </td>
                      <td>
                        string
                      </td>
                      <td>
                        no
                      </td>
                      <td>
                        -
                      </td>
                    </tr>
                    <tr>
                      <td>
                        totalCols
                      </td>
                      <td>
                        number
                      </td>
                      <td>
                        no
                      </td>
                      <td>
                        -
                      </td>
                    </tr>
                    <tr>
                      <td>
                        value
                      </td>
                      <td>
                        string
                      </td>
                      <td>
                        no
                      </td>
                      <td>
                        -
                      </td>
                    </tr>
                  </tbody>
                </table>
              </div>
              <div>
                <h2
                  style={
                    Object {
                      "margin": "20px 0 0 0",
                    }
                  }>
                  "
                  Input
                  " Component
                </h2>
                <table
                  style={
                    Object {
                      "borderCollapse": "separate",
                      "borderSpacing": "10px 5px",
                      "marginLeft": -10,
                    }
                  }>
                  <thead>
                    <tr>
                      <th>
                        property
                      </th>
                      <th>
                        propType
                      </th>
                      <th>
                        required
                      </th>
                      <th>
                        default
                      </th>
                    </tr>
                  </thead>
                  <tbody>
                    <tr>
                      <td>
                        bare
                      </td>
                      <td>
                        bool
                      </td>
                      <td>
                        no
                      </td>
                      <td>
                        -
                      </td>
                    </tr>
                    <tr>
                      <td>
                        id
                      </td>
                      <td>
                        string
                      </td>
                      <td>
                        no
                      </td>
                      <td>
                        -
                      </td>
                    </tr>
                    <tr>
                      <td>
                        addonRight
                      </td>
                      <td>
                        string
                      </td>
                      <td>
                        no
                      </td>
                      <td>
                        -
                      </td>
                    </tr>
                    <tr>
                      <td>
                        addonLeft
                      </td>
                      <td>
                        string
                      </td>
                      <td>
                        no
                      </td>
                      <td>
                        -
                      </td>
                    </tr>
                    <tr>
                      <td>
                        error
                      </td>
                      <td>
                        other
                      </td>
                      <td>
                        no
                      </td>
                      <td>
                        -
                      </td>
                    </tr>
                    <tr>
                      <td>
                        iconRight
                      </td>
                      <td>
                        other
                      </td>
                      <td>
                        no
                      </td>
                      <td>
                        -
                      </td>
                    </tr>
                    <tr>
                      <td>
                        cols
                      </td>
                      <td>
                        number
                      </td>
                      <td>
                        no
                      </td>
                      <td>
                        -
                      </td>
                    </tr>
                    <tr>
                      <td>
                        iconLeft
                      </td>
                      <td>
                        other
                      </td>
                      <td>
                        no
                      </td>
                      <td>
                        -
                      </td>
                    </tr>
                    <tr>
                      <td>
                        defaultValue
                      </td>
                      <td>
                        string
                      </td>
                      <td>
                        no
                      </td>
                      <td>
                        -
                      </td>
                    </tr>
                    <tr>
                      <td>
                        htmlReadOnly
                      </td>
                      <td>
                        bool
                      </td>
                      <td>
                        no
                      </td>
                      <td>
                        -
                      </td>
                    </tr>
                    <tr>
                      <td>
                        className
                      </td>
                      <td>
                        string
                      </td>
                      <td>
                        no
                      </td>
                      <td>
                        -
                      </td>
                    </tr>
                    <tr>
                      <td>
                        inputRef
                      </td>
                      <td>
                        func
                      </td>
                      <td>
                        no
                      </td>
                      <td>
                        -
                      </td>
                    </tr>
                    <tr>
                      <td>
                        label
                      </td>
                      <td>
                        string
                      </td>
                      <td>
                        no
                      </td>
                      <td>
                        -
                      </td>
                    </tr>
                    <tr>
                      <td>
                        onChange
                      </td>
                      <td>
                        func
                      </td>
                      <td>
                        no
                      </td>
                      <td>
                        -
                      </td>
                    </tr>
                    <tr>
                      <td>
                        onKeyDown
                      </td>
                      <td>
                        func
                      </td>
                      <td>
                        no
                      </td>
                      <td>
                        -
                      </td>
                    </tr>
                    <tr>
                      <td>
                        placeholder
                      </td>
                      <td>
                        string
                      </td>
                      <td>
                        no
                      </td>
                      <td>
                        -
                      </td>
                    </tr>
                    <tr>
                      <td>
                        readOnly
                      </td>
                      <td>
                        bool
                      </td>
                      <td>
                        no
                      </td>
                      <td>
                        -
                      </td>
                    </tr>
                    <tr>
                      <td>
                        required
                      </td>
                      <td>
                        bool
                      </td>
                      <td>
                        no
                      </td>
                      <td>
                        -
                      </td>
                    </tr>
                    <tr>
                      <td>
                        symbolPattern
                      </td>
                      <td>
                        string
                      </td>
                      <td>
                        no
                      </td>
                      <td>
                        -
                      </td>
                    </tr>
                    <tr>
                      <td>
                        totalCols
                      </td>
                      <td>
                        number
                      </td>
                      <td>
                        no
                      </td>
                      <td>
                        -
                      </td>
                    </tr>
                    <tr>
                      <td>
                        value
                      </td>
                      <td>
                        string
                      </td>
                      <td>
                        no
                      </td>
                      <td>
                        -
                      </td>
                    </tr>
                  </tbody>
                </table>
              </div>
              <div>
                <h2
                  style={
                    Object {
                      "margin": "20px 0 0 0",
                    }
                  }>
                  "
                  Lookup
                  " Component
                </h2>
                <table
                  style={
                    Object {
                      "borderCollapse": "separate",
                      "borderSpacing": "10px 5px",
                      "marginLeft": -10,
                    }
                  }>
                  <thead>
                    <tr>
                      <th>
                        property
                      </th>
                      <th>
                        propType
                      </th>
                      <th>
                        required
                      </th>
                      <th>
                        default
                      </th>
                    </tr>
                  </thead>
                  <tbody>
                    <tr>
                      <td>
                        lookupFilter
                      </td>
                      <td>
                        func
                      </td>
                      <td>
                        no
                      </td>
                      <td>
                        -
                      </td>
                    </tr>
                    <tr>
                      <td>
                        cols
                      </td>
                      <td>
                        number
                      </td>
                      <td>
                        no
                      </td>
                      <td>
                        -
                      </td>
                    </tr>
                    <tr>
                      <td>
                        className
                      </td>
                      <td>
                        string
                      </td>
                      <td>
                        no
                      </td>
                      <td>
                        -
                      </td>
                    </tr>
                    <tr>
                      <td>
                        listFooter
                      </td>
                      <td>
                        node
                      </td>
                      <td>
                        no
                      </td>
                      <td>
                        -
                      </td>
                    </tr>
                    <tr>
                      <td>
                        id
                      </td>
                      <td>
                        string
                      </td>
                      <td>
                        no
                      </td>
                      <td>
                        -
                      </td>
                    </tr>
                    <tr>
                      <td>
                        defaultTargetScope
                      </td>
                      <td>
                        string
                      </td>
                      <td>
                        no
                      </td>
                      <td>
                        -
                      </td>
                    </tr>
                    <tr>
                      <td>
                        defaultValue
                      </td>
                      <td>
                        string
                      </td>
                      <td>
                        no
                      </td>
                      <td>
                        -
                      </td>
                    </tr>
                    <tr>
                      <td>
                        iconAlign
                      </td>
                      <td>
                        other
                      </td>
                      <td>
                        no
                      </td>
                      <td>
                        -
                      </td>
                    </tr>
                    <tr>
                      <td>
                        defaultSelected
                      </td>
                      <td>
                        other
                      </td>
                      <td>
                        no
                      </td>
                      <td>
                        -
                      </td>
                    </tr>
                    <tr>
                      <td>
                        error
                      </td>
                      <td>
                        other
                      </td>
                      <td>
                        no
                      </td>
                      <td>
                        -
                      </td>
                    </tr>
                    <tr>
                      <td>
                        defaultOpened
                      </td>
                      <td>
                        bool
                      </td>
                      <td>
                        no
                      </td>
                      <td>
                        -
                      </td>
                    </tr>
                    <tr>
                      <td>
                        data
                      </td>
                      <td>
                        other
                      </td>
                      <td>
                        no
                      </td>
                      <td>
                        -
                      </td>
                    </tr>
                    <tr>
                      <td>
                        defaultSearchText
                      </td>
                      <td>
                        string
                      </td>
                      <td>
                        no
                      </td>
                      <td>
                        -
                      </td>
                    </tr>
                    <tr>
                      <td>
                        onSearchTextChange
                      </td>
                      <td>
                        func
                      </td>
                      <td>
                        no
                      </td>
                      <td>
                        -
                      </td>
                    </tr>
                    <tr>
                      <td>
                        loading
                      </td>
                      <td>
                        bool
                      </td>
                      <td>
                        no
                      </td>
                      <td>
                        -
                      </td>
                    </tr>
                    <tr>
                      <td>
                        label
                      </td>
                      <td>
                        string
                      </td>
                      <td>
                        no
                      </td>
                      <td>
                        -
                      </td>
                    </tr>
                    <tr>
                      <td>
                        listHeader
                      </td>
                      <td>
                        node
                      </td>
                      <td>
                        no
                      </td>
                      <td>
                        -
                      </td>
                    </tr>
                    <tr>
                      <td>
                        onScopeChange
                      </td>
                      <td>
                        func
                      </td>
                      <td>
                        no
                      </td>
                      <td>
                        -
                      </td>
                    </tr>
                    <tr>
                      <td>
                        opened
                      </td>
                      <td>
                        bool
                      </td>
                      <td>
                        no
                      </td>
                      <td>
                        -
                      </td>
                    </tr>
                    <tr>
                      <td>
                        onComplete
                      </td>
                      <td>
                        func
                      </td>
                      <td>
                        no
                      </td>
                      <td>
                        -
                      </td>
                    </tr>
                    <tr>
                      <td>
                        onSelect
                      </td>
                      <td>
                        func
                      </td>
                      <td>
                        no
                      </td>
                      <td>
                        -
                      </td>
                    </tr>
                    <tr>
                      <td>
                        onBlur
                      </td>
                      <td>
                        func
                      </td>
                      <td>
                        no
                      </td>
                      <td>
                        -
                      </td>
                    </tr>
                    <tr>
                      <td>
                        onLookupRequest
                      </td>
                      <td>
                        func
                      </td>
                      <td>
                        no
                      </td>
                      <td>
                        -
                      </td>
                    </tr>
                    <tr>
                      <td>
                        onScopeMenuClick
                      </td>
                      <td>
                        func
                      </td>
                      <td>
                        no
                      </td>
                      <td>
                        -
                      </td>
                    </tr>
                    <tr>
                      <td>
                        required
                      </td>
                      <td>
                        bool
                      </td>
                      <td>
                        no
                      </td>
                      <td>
                        -
                      </td>
                    </tr>
                    <tr>
                      <td>
                        scopes
                      </td>
                      <td>
                        other
                      </td>
                      <td>
                        no
                      </td>
                      <td>
                        -
                      </td>
                    </tr>
                    <tr>
                      <td>
                        searchText
                      </td>
                      <td>
                        string
                      </td>
                      <td>
                        no
                      </td>
                      <td>
                        -
                      </td>
                    </tr>
                    <tr>
                      <td>
                        selected
                      </td>
                      <td>
                        other
                      </td>
                      <td>
                        no
                      </td>
                      <td>
                        -
                      </td>
                    </tr>
                    <tr>
                      <td>
                        targetScope
                      </td>
                      <td>
                        string
                      </td>
                      <td>
                        no
                      </td>
                      <td>
                        -
                      </td>
                    </tr>
                    <tr>
                      <td>
                        totalCols
                      </td>
                      <td>
                        number
                      </td>
                      <td>
                        no
                      </td>
                      <td>
                        -
                      </td>
                    </tr>
                    <tr>
                      <td>
                        value
                      </td>
                      <td>
                        string
                      </td>
                      <td>
                        no
                      </td>
                      <td>
                        -
                      </td>
                    </tr>
                  </tbody>
                </table>
              </div>
              <div>
                <h2
                  style={
                    Object {
                      "margin": "20px 0 0 0",
                    }
                  }>
                  "
                  Picklist
                  " Component
                </h2>
                <table
                  style={
                    Object {
                      "borderCollapse": "separate",
                      "borderSpacing": "10px 5px",
                      "marginLeft": -10,
                    }
                  }>
                  <thead>
                    <tr>
                      <th>
                        property
                      </th>
                      <th>
                        propType
                      </th>
                      <th>
                        required
                      </th>
                      <th>
                        default
                      </th>
                    </tr>
                  </thead>
                  <tbody>
                    <tr>
                      <td>
                        selectedText
                      </td>
                      <td>
                        string
                      </td>
                      <td>
                        no
                      </td>
                      <td>
                        <span
                          style={
                            Object {
                              "color": "#22a",
                              "wordBreak": "break-word",
                            }
                          }>
                          "
                          
                          "
                        </span>
                      </td>
                    </tr>
                    <tr>
                      <td>
                        id
                      </td>
                      <td>
                        string
                      </td>
                      <td>
                        no
                      </td>
                      <td>
                        -
                      </td>
                    </tr>
                    <tr>
                      <td>
                        children
                      </td>
                      <td>
                        node
                      </td>
                      <td>
                        no
                      </td>
                      <td>
                        -
                      </td>
                    </tr>
                    <tr>
                      <td>
                        defaultOpened
                      </td>
                      <td>
                        bool
                      </td>
                      <td>
                        no
                      </td>
                      <td>
                        -
                      </td>
                    </tr>
                    <tr>
                      <td>
                        className
                      </td>
                      <td>
                        string
                      </td>
                      <td>
                        no
                      </td>
                      <td>
                        -
                      </td>
                    </tr>
                    <tr>
                      <td>
                        error
                      </td>
                      <td>
                        other
                      </td>
                      <td>
                        no
                      </td>
                      <td>
                        -
                      </td>
                    </tr>
                    <tr>
                      <td>
                        defaultValue
                      </td>
                      <td>
                        other
                      </td>
                      <td>
                        no
                      </td>
                      <td>
                        <span>
                          {
                          <span
                            style={
                              Object {
                                "color": "#666",
                              }
                            }>
                            [
                            ]
                          </span>
                          }
                        </span>
                      </td>
                    </tr>
                    <tr>
                      <td>
                        cols
                      </td>
                      <td>
                        number
                      </td>
                      <td>
                        no
                      </td>
                      <td>
                        -
                      </td>
                    </tr>
                    <tr>
                      <td>
                        onSelect
                      </td>
                      <td>
                        func
                      </td>
                      <td>
                        no
                      </td>
                      <td>
                        -
                      </td>
                    </tr>
                    <tr>
                      <td>
                        name
                      </td>
                      <td>
                        string
                      </td>
                      <td>
                        no
                      </td>
                      <td>
                        -
                      </td>
                    </tr>
                    <tr>
                      <td>
                        label
                      </td>
                      <td>
                        string
                      </td>
                      <td>
                        no
                      </td>
                      <td>
                        -
                      </td>
                    </tr>
                    <tr>
                      <td>
                        multiSelect
                      </td>
                      <td>
                        bool
                      </td>
                      <td>
                        no
                      </td>
                      <td>
                        <span>
                          {
                          <span
                            style={
                              Object {
                                "color": "#a11",
                              }
                            }>
                            false
                          </span>
                          }
                        </span>
                      </td>
                    </tr>
                    <tr>
                      <td>
                        menuSize
                      </td>
                      <td>
                        string
                      </td>
                      <td>
                        no
                      </td>
                      <td>
                        -
                      </td>
                    </tr>
                    <tr>
                      <td>
                        onBlur
                      </td>
                      <td>
                        func
                      </td>
                      <td>
                        no
                      </td>
                      <td>
                        -
                      </td>
                    </tr>
                    <tr>
                      <td>
                        onChange
                      </td>
                      <td>
                        func
                      </td>
                      <td>
                        no
                      </td>
                      <td>
                        -
                      </td>
                    </tr>
                    <tr>
                      <td>
                        onComplete
                      </td>
                      <td>
                        func
                      </td>
                      <td>
                        no
                      </td>
                      <td>
                        -
                      </td>
                    </tr>
                    <tr>
                      <td>
                        onKeyDown
                      </td>
                      <td>
                        func
                      </td>
                      <td>
                        no
                      </td>
                      <td>
                        -
                      </td>
                    </tr>
                    <tr>
                      <td>
                        onValueChange
                      </td>
                      <td>
                        func
                      </td>
                      <td>
                        no
                      </td>
                      <td>
                        -
                      </td>
                    </tr>
                    <tr>
                      <td>
                        optionsSelectedText
                      </td>
                      <td>
                        string
                      </td>
                      <td>
                        no
                      </td>
                      <td>
                        <span
                          style={
                            Object {
                              "color": "#22a",
                              "wordBreak": "break-word",
                            }
                          }>
                          "
                          
                          "
                        </span>
                      </td>
                    </tr>
                    <tr>
                      <td>
                        required
                      </td>
                      <td>
                        bool
                      </td>
                      <td>
                        no
                      </td>
                      <td>
                        -
                      </td>
                    </tr>
                    <tr>
                      <td>
                        totalCols
                      </td>
                      <td>
                        number
                      </td>
                      <td>
                        no
                      </td>
                      <td>
                        -
                      </td>
                    </tr>
                    <tr>
                      <td>
                        value
                      </td>
                      <td>
                        other
                      </td>
                      <td>
                        no
                      </td>
                      <td>
                        -
                      </td>
                    </tr>
                  </tbody>
                </table>
              </div>
              <div>
                <h2
                  style={
                    Object {
                      "margin": "20px 0 0 0",
                    }
                  }>
                  "
                  PicklistItem
                  " Component
                </h2>
                <table
                  style={
                    Object {
                      "borderCollapse": "separate",
                      "borderSpacing": "10px 5px",
                      "marginLeft": -10,
                    }
                  }>
                  <thead>
                    <tr>
                      <th>
                        property
                      </th>
                      <th>
                        propType
                      </th>
                      <th>
                        required
                      </th>
                      <th>
                        default
                      </th>
                    </tr>
                  </thead>
                  <tbody>
                    <tr>
                      <td>
                        children
                      </td>
                      <td>
                        node
                      </td>
                      <td>
                        no
                      </td>
                      <td>
                        -
                      </td>
                    </tr>
                    <tr>
                      <td>
                        label
                      </td>
                      <td>
                        other
                      </td>
                      <td>
                        no
                      </td>
                      <td>
                        -
                      </td>
                    </tr>
                    <tr>
                      <td>
                        selected
                      </td>
                      <td>
                        bool
                      </td>
                      <td>
                        no
                      </td>
                      <td>
                        -
                      </td>
                    </tr>
                    <tr>
                      <td>
                        value
                      </td>
                      <td>
                        other
                      </td>
                      <td>
                        no
                      </td>
                      <td>
                        -
                      </td>
                    </tr>
                  </tbody>
                </table>
              </div>
              <div>
                <h2
                  style={
                    Object {
                      "margin": "20px 0 0 0",
                    }
                  }>
                  "
                  Radio
                  " Component
                </h2>
                <table
                  style={
                    Object {
                      "borderCollapse": "separate",
                      "borderSpacing": "10px 5px",
                      "marginLeft": -10,
                    }
                  }>
                  <thead>
                    <tr>
                      <th>
                        property
                      </th>
                      <th>
                        propType
                      </th>
                      <th>
                        required
                      </th>
                      <th>
                        default
                      </th>
                    </tr>
                  </thead>
                  <tbody>
                    <tr>
                      <td>
                        checked
                      </td>
                      <td>
                        bool
                      </td>
                      <td>
                        no
                      </td>
                      <td>
                        -
                      </td>
                    </tr>
                    <tr>
                      <td>
                        className
                      </td>
                      <td>
                        string
                      </td>
                      <td>
                        no
                      </td>
                      <td>
                        -
                      </td>
                    </tr>
                    <tr>
                      <td>
                        defaultChecked
                      </td>
                      <td>
                        bool
                      </td>
                      <td>
                        no
                      </td>
                      <td>
                        -
                      </td>
                    </tr>
                    <tr>
                      <td>
                        label
                      </td>
                      <td>
                        string
                      </td>
                      <td>
                        no
                      </td>
                      <td>
                        -
                      </td>
                    </tr>
                    <tr>
                      <td>
                        name
                      </td>
                      <td>
                        string
                      </td>
                      <td>
                        no
                      </td>
                      <td>
                        -
                      </td>
                    </tr>
                    <tr>
                      <td>
                        value
                      </td>
                      <td>
                        other
                      </td>
                      <td>
                        no
                      </td>
                      <td>
                        -
                      </td>
                    </tr>
                  </tbody>
                </table>
              </div>
              <div>
                <h2
                  style={
                    Object {
                      "margin": "20px 0 0 0",
                    }
                  }>
                  "
                  RadioGroup
                  " Component
                </h2>
                <table
                  style={
                    Object {
                      "borderCollapse": "separate",
                      "borderSpacing": "10px 5px",
                      "marginLeft": -10,
                    }
                  }>
                  <thead>
                    <tr>
                      <th>
                        property
                      </th>
                      <th>
                        propType
                      </th>
                      <th>
                        required
                      </th>
                      <th>
                        default
                      </th>
                    </tr>
                  </thead>
                  <tbody>
                    <tr>
                      <td>
                        children
                      </td>
                      <td>
                        node
                      </td>
                      <td>
                        no
                      </td>
                      <td>
                        -
                      </td>
                    </tr>
                    <tr>
                      <td>
                        className
                      </td>
                      <td>
                        string
                      </td>
                      <td>
                        no
                      </td>
                      <td>
                        -
                      </td>
                    </tr>
                    <tr>
                      <td>
                        cols
                      </td>
                      <td>
                        number
                      </td>
                      <td>
                        no
                      </td>
                      <td>
                        -
                      </td>
                    </tr>
                    <tr>
                      <td>
                        error
                      </td>
                      <td>
                        other
                      </td>
                      <td>
                        no
                      </td>
                      <td>
                        -
                      </td>
                    </tr>
                    <tr>
                      <td>
                        label
                      </td>
                      <td>
                        string
                      </td>
                      <td>
                        no
                      </td>
                      <td>
                        -
                      </td>
                    </tr>
                    <tr>
                      <td>
                        name
                      </td>
                      <td>
                        string
                      </td>
                      <td>
                        no
                      </td>
                      <td>
                        -
                      </td>
                    </tr>
                    <tr>
                      <td>
                        onChange
                      </td>
                      <td>
                        func
                      </td>
                      <td>
                        no
                      </td>
                      <td>
                        -
                      </td>
                    </tr>
                    <tr>
                      <td>
                        required
                      </td>
                      <td>
                        bool
                      </td>
                      <td>
                        no
                      </td>
                      <td>
                        -
                      </td>
                    </tr>
                    <tr>
                      <td>
                        style
                      </td>
                      <td>
                        object
                      </td>
                      <td>
                        no
                      </td>
                      <td>
                        -
                      </td>
                    </tr>
                    <tr>
                      <td>
                        totalCols
                      </td>
                      <td>
                        number
                      </td>
                      <td>
                        no
                      </td>
                      <td>
                        -
                      </td>
                    </tr>
                  </tbody>
                </table>
              </div>
              <div>
                <h2
                  style={
                    Object {
                      "margin": "20px 0 0 0",
                    }
                  }>
                  "
                  Select
                  " Component
                </h2>
                <table
                  style={
                    Object {
                      "borderCollapse": "separate",
                      "borderSpacing": "10px 5px",
                      "marginLeft": -10,
                    }
                  }>
                  <thead>
                    <tr>
                      <th>
                        property
                      </th>
                      <th>
                        propType
                      </th>
                      <th>
                        required
                      </th>
                      <th>
                        default
                      </th>
                    </tr>
                  </thead>
                  <tbody>
                    <tr>
                      <td>
                        className
                      </td>
                      <td>
                        string
                      </td>
                      <td>
                        no
                      </td>
                      <td>
                        -
                      </td>
                    </tr>
                    <tr>
                      <td>
                        cols
                      </td>
                      <td>
                        number
                      </td>
                      <td>
                        no
                      </td>
                      <td>
                        -
                      </td>
                    </tr>
                    <tr>
                      <td>
                        error
                      </td>
                      <td>
                        other
                      </td>
                      <td>
                        no
                      </td>
                      <td>
                        -
                      </td>
                    </tr>
                    <tr>
                      <td>
                        id
                      </td>
                      <td>
                        string
                      </td>
                      <td>
                        no
                      </td>
                      <td>
                        -
                      </td>
                    </tr>
                    <tr>
                      <td>
                        label
                      </td>
                      <td>
                        string
                      </td>
                      <td>
                        no
                      </td>
                      <td>
                        -
                      </td>
                    </tr>
                    <tr>
                      <td>
                        onChange
                      </td>
                      <td>
                        func
                      </td>
                      <td>
                        no
                      </td>
                      <td>
                        -
                      </td>
                    </tr>
                    <tr>
                      <td>
                        required
                      </td>
                      <td>
                        bool
                      </td>
                      <td>
                        no
                      </td>
                      <td>
                        -
                      </td>
                    </tr>
                    <tr>
                      <td>
                        totalCols
                      </td>
                      <td>
                        number
                      </td>
                      <td>
                        no
                      </td>
                      <td>
                        -
                      </td>
                    </tr>
                  </tbody>
                </table>
              </div>
              <div>
                <h2
                  style={
                    Object {
                      "margin": "20px 0 0 0",
                    }
                  }>
                  "
                  Textarea
                  " Component
                </h2>
                <table
                  style={
                    Object {
                      "borderCollapse": "separate",
                      "borderSpacing": "10px 5px",
                      "marginLeft": -10,
                    }
                  }>
                  <thead>
                    <tr>
                      <th>
                        property
                      </th>
                      <th>
                        propType
                      </th>
                      <th>
                        required
                      </th>
                      <th>
                        default
                      </th>
                    </tr>
                  </thead>
                  <tbody>
                    <tr>
                      <td>
                        className
                      </td>
                      <td>
                        string
                      </td>
                      <td>
                        no
                      </td>
                      <td>
                        -
                      </td>
                    </tr>
                    <tr>
                      <td>
                        cols
                      </td>
                      <td>
                        number
                      </td>
                      <td>
                        no
                      </td>
                      <td>
                        -
                      </td>
                    </tr>
                    <tr>
                      <td>
                        error
                      </td>
                      <td>
                        other
                      </td>
                      <td>
                        no
                      </td>
                      <td>
                        -
                      </td>
                    </tr>
                    <tr>
                      <td>
                        id
                      </td>
                      <td>
                        string
                      </td>
                      <td>
                        no
                      </td>
                      <td>
                        -
                      </td>
                    </tr>
                    <tr>
                      <td>
                        label
                      </td>
                      <td>
                        string
                      </td>
                      <td>
                        no
                      </td>
                      <td>
                        -
                      </td>
                    </tr>
                    <tr>
                      <td>
                        onChange
                      </td>
                      <td>
                        func
                      </td>
                      <td>
                        no
                      </td>
                      <td>
                        -
                      </td>
                    </tr>
                    <tr>
                      <td>
                        required
                      </td>
                      <td>
                        bool
                      </td>
                      <td>
                        no
                      </td>
                      <td>
                        -
                      </td>
                    </tr>
                    <tr>
                      <td>
                        textareaRef
                      </td>
                      <td>
                        func
                      </td>
                      <td>
                        no
                      </td>
                      <td>
                        -
                      </td>
                    </tr>
                    <tr>
                      <td>
                        totalCols
                      </td>
                      <td>
                        number
                      </td>
                      <td>
                        no
                      </td>
                      <td>
                        -
                      </td>
                    </tr>
                  </tbody>
                </table>
              </div>
            </div>
          </div>
        </div>
      </div>
    </div>


✗ Inline Form
  - Snapshot
  + Current story
  
  <div>
      <div
        style={
          Object {
            "position": "relative",
            "zIndex": 0,
          }
        }>
        <form
          className="slds-form--inline"
          onSubmit={[Function]}>
          <div
            className="slds-form-element">
            <label
              className="slds-form-element__label"
              htmlFor="input-$uuid$">
              Name
            </label>
            <div
              className="slds-form-element__control">
              <input
                className="slds-input"
                defaultValue={undefined}
                id="input-$uuid$"
                onChange={[Function]}
                onKeyDown={[Function]}
                readOnly={undefined}
                type={undefined}
                value={undefined} />
            </div>
          </div>
          <div
            className="slds-form-element">
            <label
              className="slds-form-element__label"
              htmlFor="input-$uuid$">
              Email
            </label>
            <div
              className="slds-form-element__control">
              <input
                className="slds-input"
                defaultValue={undefined}
                id="input-$uuid$"
                onChange={[Function]}
                onKeyDown={[Function]}
                readOnly={undefined}
                type={undefined}
                value={undefined} />
            </div>
          </div>
          <div
            className="slds-form-element">
            <div
              className="slds-form-element__control">
              <button
                className="slds-button slds-button--brand"
                id="form-element-$uuid$"
                onClick={[Function]}
                type="button">
                Submit
              </button>
            </div>
          </div>
        </form>
      </div>
      <a
        onClick={[Function]}
        style={
          Object {
            "background": "#28c",
            "borderRadius": "0 0 0 5px",
            "color": "#fff",
            "cursor": "pointer",
            "display": "block",
            "fontFamily": "sans-serif",
  -         "fontSize": 12,
  +         "fontSize": "12px",
            "padding": "5px 15px",
            "position": "fixed",
            "right": 0,
            "textDecoration": "none",
            "top": 0,
          }
        }>
        ?
      </a>
      <div
        style={
          Object {
            "background": "white",
            "bottom": 0,
            "display": "none",
            "left": 0,
            "overflow": "auto",
            "padding": "0 40px",
            "position": "absolute",
            "right": 0,
            "top": 0,
          }
        }>
        <a
          onClick={[Function]}
          style={
            Object {
              "background": "#28c",
              "borderRadius": "0 0 0 5px",
              "color": "#fff",
              "cursor": "pointer",
              "display": "block",
              "fontFamily": "sans-serif",
  -           "fontSize": 12,
  +           "fontSize": "12px",
              "padding": "5px 15px",
              "position": "fixed",
              "right": 0,
              "textDecoration": "none",
              "top": 0,
            }
          }>
          ×
        </a>
        <div
          style={undefined}>
          <div
            style={
              Object {
                "WebkitFontSmoothing": "antialiased",
                "color": "#444",
                "fontFamily": "
                  -apple-system, ".SFNSText-Regular", "San Francisco", "Roboto",
                  "Segoe UI", "Helvetica Neue", "Lucida Grande", sans-serif
                ",
  -             "fontSize": 15,
  +             "fontSize": "15px",
                "fontWeight": 300,
                "lineHeight": 1.45,
              }
            }>
            <div
              style={
                Object {
                  "borderBottom": "1px solid #eee",
                  "marginBottom": 10,
  +               "paddingTop": 10,
                }
              }>
              <h1
                style={
                  Object {
  -                 "fontSize": 35,
  -                 "margin": "20px 0 0 0",
  +                 "fontSize": "35px",
  +                 "margin": 0,
                    "padding": 0,
                  }
                }>
                Form
              </h1>
              <h2
                style={
                  Object {
  -                 "fontSize": 22,
  +                 "fontSize": "22px",
                    "fontWeight": 400,
                    "margin": "0 0 10px 0",
                    "padding": 0,
                  }
                }>
                Inline Form
              </h2>
            </div>
            <div
              style={
                Object {
                  "marginBottom": 0,
                }
              }>
              <p
                style={
                  Object {
                    "WebkitFontSmoothing": "antialiased",
                    "color": "#444",
                    "fontFamily": "
                      -apple-system, ".SFNSText-Regular", "San Francisco", "Roboto",
                      "Segoe UI", "Helvetica Neue", "Lucida Grande", sans-serif
                    ",
  -                 "fontSize": 15,
  +                 "fontSize": "15px",
                  }
                }>
                Inline Form
              </p>
            </div>
            <div>
              <h1
                style={
                  Object {
                    "borderBottom": "1px solid #EEE",
  -                 "fontSize": 25,
  +                 "fontSize": "25px",
                    "margin": "20px 0 0 0",
                    "padding": "0 0 5px 0",
                  }
                }>
                Story Source
              </h1>
              <pre
                style={
                  Object {
                    "backgroundColor": "#fafafa",
                    "fontFamily": "Menlo, Monaco, "Courier New", monospace",
                    "fontSize": ".88em",
                    "lineHeight": 1.5,
                    "overflowX": "scroll",
                    "padding": ".5rem",
                  }
                }>
                <div>
                  <div
                    style={
                      Object {
                        "paddingLeft": 18,
                        "paddingRight": 3,
                      }
                    }>
                    <span
                      style={
                        Object {
                          "color": "#777",
                        }
                      }>
                      <
                      Form
                    </span>
                    <span>
                      <span>
                         
                        <span
                          style={Object {}}>
                          type
                        </span>
                        <span>
                          =
                          <span
                            style={Object {}}>
                            <span
                              style={
                                Object {
                                  "color": "#22a",
                                  "wordBreak": "break-word",
                                }
                              }>
                              "
                              inline
                              "
                            </span>
                          </span>
                        </span>
                      </span>
                      <span>
                         
                        <span
                          style={Object {}}>
                          onSubmit
                        </span>
                        <span>
                          =
                          <span
                            style={Object {}}>
                            <span>
                              {
                              <span
                                style={
                                  Object {
                                    "color": "#170",
                                  }
                                }>
  -                             anonymous()
  +                             submit()
                              </span>
                              }
                            </span>
                          </span>
                        </span>
                        
                      </span>
                    </span>
                    <span
                      style={
                        Object {
                          "color": "#777",
                        }
                      }>
                      >
                    </span>
                  </div>
                  <div
                    style={
                      Object {
                        "paddingLeft": 48,
                        "paddingRight": 3,
                      }
                    }>
                    <span
                      style={
                        Object {
                          "color": "#777",
                        }
                      }>
                      <
                      Input
                    </span>
                    <span>
                      <span>
                         
                        <span
                          style={Object {}}>
                          label
                        </span>
                        <span>
                          =
                          <span
                            style={Object {}}>
                            <span
                              style={
                                Object {
                                  "color": "#22a",
                                  "wordBreak": "break-word",
                                }
                              }>
                              "
                              Name
                              "
                            </span>
                          </span>
                        </span>
                         
                      </span>
                    </span>
                    <span
                      style={
                        Object {
                          "color": "#777",
                        }
                      }>
                      />
                    </span>
                  </div>
                  <div
                    style={
                      Object {
                        "paddingLeft": 48,
                        "paddingRight": 3,
                      }
                    }>
                    <span
                      style={
                        Object {
                          "color": "#777",
                        }
                      }>
                      <
                      Input
                    </span>
                    <span>
                      <span>
                         
                        <span
                          style={Object {}}>
                          label
                        </span>
                        <span>
                          =
                          <span
                            style={Object {}}>
                            <span
                              style={
                                Object {
                                  "color": "#22a",
                                  "wordBreak": "break-word",
                                }
                              }>
                              "
                              Email
                              "
                            </span>
                          </span>
                        </span>
                         
                      </span>
                    </span>
                    <span
                      style={
                        Object {
                          "color": "#777",
                        }
                      }>
                      />
                    </span>
                  </div>
                  <div>
                    <div
                      style={
                        Object {
                          "paddingLeft": 33,
                          "paddingRight": 3,
                        }
                      }>
                      <span
                        style={
                          Object {
                            "color": "#777",
                          }
                        }>
                        <
                        Button
                      </span>
                      <span>
                        <span>
                           
                          <span
                            style={Object {}}>
                            type
                          </span>
                          <span>
                            =
                            <span
                              style={Object {}}>
                              <span
                                style={
                                  Object {
                                    "color": "#22a",
                                    "wordBreak": "break-word",
                                  }
                                }>
                                "
                                brand
                                "
                              </span>
                            </span>
                          </span>
                          
                        </span>
                      </span>
                      <span
                        style={
                          Object {
                            "color": "#777",
                          }
                        }>
                        >
                      </span>
                    </div>
                    <div
                      style={
                        Object {
                          "paddingLeft": 48,
                          "paddingRight": 3,
                        }
                      }>
                      <span
                        style={
                          Object {
                            "color": "#777",
                          }
                        }>
                        Submit
                      </span>
                    </div>
                    <div
                      style={
                        Object {
                          "paddingLeft": 33,
                          "paddingRight": 3,
                        }
                      }>
                      <span
                        style={
                          Object {
                            "color": "#777",
                          }
                        }>
                        </
                        Button
                        >
                      </span>
                    </div>
                  </div>
                  <div
                    style={
                      Object {
                        "paddingLeft": 18,
                        "paddingRight": 3,
                      }
                    }>
                    <span
                      style={
                        Object {
                          "color": "#777",
                        }
                      }>
                      </
                      Form
                      >
                    </span>
                  </div>
                </div>
              </pre>
            </div>
            <div>
              <h1
                style={
                  Object {
                    "borderBottom": "1px solid #EEE",
  -                 "fontSize": 25,
  +                 "fontSize": "25px",
                    "margin": "20px 0 0 0",
                    "padding": "0 0 5px 0",
                  }
                }>
                Prop Types
              </h1>
              <div>
                <h2
                  style={
                    Object {
                      "margin": "20px 0 0 0",
                    }
                  }>
                  "
                  Button
                  " Component
                </h2>
                <table
                  style={
                    Object {
                      "borderCollapse": "separate",
                      "borderSpacing": "10px 5px",
                      "marginLeft": -10,
                    }
                  }>
                  <thead>
                    <tr>
                      <th>
                        property
                      </th>
                      <th>
                        propType
                      </th>
                      <th>
                        required
                      </th>
                      <th>
                        default
                      </th>
                    </tr>
                  </thead>
                  <tbody>
                    <tr>
                      <td>
                        loading
                      </td>
                      <td>
                        bool
                      </td>
                      <td>
                        no
                      </td>
                      <td>
                        -
                      </td>
                    </tr>
                    <tr>
                      <td>
                        buttonRef
                      </td>
                      <td>
                        func
                      </td>
                      <td>
                        no
                      </td>
                      <td>
                        -
                      </td>
                    </tr>
                    <tr>
                      <td>
                        alt
                      </td>
                      <td>
                        string
                      </td>
                      <td>
                        no
                      </td>
                      <td>
                        -
                      </td>
                    </tr>
                    <tr>
                      <td>
                        iconSize
                      </td>
                      <td>
                        other
                      </td>
                      <td>
                        no
                      </td>
                      <td>
                        -
                      </td>
                    </tr>
                    <tr>
                      <td>
                        className
                      </td>
                      <td>
                        string
                      </td>
                      <td>
                        no
                      </td>
                      <td>
                        -
                      </td>
                    </tr>
                    <tr>
                      <td>
                        children
                      </td>
                      <td>
                        node
                      </td>
                      <td>
                        no
                      </td>
                      <td>
                        -
                      </td>
                    </tr>
                    <tr>
                      <td>
                        iconAlign
                      </td>
                      <td>
                        other
                      </td>
                      <td>
                        no
                      </td>
                      <td>
                        -
                      </td>
                    </tr>
                    <tr>
                      <td>
                        selected
                      </td>
                      <td>
                        bool
                      </td>
                      <td>
                        no
                      </td>
                      <td>
                        -
                      </td>
                    </tr>
                    <tr>
                      <td>
                        label
                      </td>
                      <td>
                        node
                      </td>
                      <td>
                        no
                      </td>
                      <td>
                        -
                      </td>
                    </tr>
                    <tr>
                      <td>
                        icon
                      </td>
                      <td>
                        string
                      </td>
                      <td>
                        no
                      </td>
                      <td>
                        -
                      </td>
                    </tr>
                    <tr>
                      <td>
                        onClick
                      </td>
                      <td>
                        func
                      </td>
                      <td>
                        no
                      </td>
                      <td>
                        -
                      </td>
                    </tr>
                    <tr>
                      <td>
                        inverse
                      </td>
                      <td>
                        bool
                      </td>
                      <td>
                        no
                      </td>
                      <td>
                        -
                      </td>
                    </tr>
                    <tr>
                      <td>
                        iconMore
                      </td>
                      <td>
                        string
                      </td>
                      <td>
                        no
                      </td>
                      <td>
                        -
                      </td>
                    </tr>
                    <tr>
                      <td>
                        iconMoreSize
                      </td>
                      <td>
                        other
                      </td>
                      <td>
                        no
                      </td>
                      <td>
                        -
                      </td>
                    </tr>
                    <tr>
                      <td>
                        htmlType
                      </td>
                      <td>
                        string
                      </td>
                      <td>
                        no
                      </td>
                      <td>
                        -
                      </td>
                    </tr>
                    <tr>
                      <td>
                        size
                      </td>
                      <td>
                        other
                      </td>
                      <td>
                        no
                      </td>
                      <td>
                        -
                      </td>
                    </tr>
                    <tr>
                      <td>
                        type
                      </td>
                      <td>
                        other
                      </td>
                      <td>
                        no
                      </td>
                      <td>
                        -
                      </td>
                    </tr>
                  </tbody>
                </table>
              </div>
              <div>
                <h2
                  style={
                    Object {
                      "margin": "20px 0 0 0",
                    }
                  }>
                  "
                  Form
                  " Component
                </h2>
                <table
                  style={
                    Object {
                      "borderCollapse": "separate",
                      "borderSpacing": "10px 5px",
                      "marginLeft": -10,
                    }
                  }>
                  <thead>
                    <tr>
                      <th>
                        property
                      </th>
                      <th>
                        propType
                      </th>
                      <th>
                        required
                      </th>
                      <th>
                        default
                      </th>
                    </tr>
                  </thead>
                  <tbody>
                    <tr>
                      <td>
                        children
                      </td>
                      <td>
                        node
                      </td>
                      <td>
                        no
                      </td>
                      <td>
                        -
                      </td>
                    </tr>
                    <tr>
                      <td>
                        className
                      </td>
                      <td>
                        string
                      </td>
                      <td>
                        no
                      </td>
                      <td>
                        -
                      </td>
                    </tr>
                    <tr>
                      <td>
                        type
                      </td>
                      <td>
                        other
                      </td>
                      <td>
                        no
                      </td>
                      <td>
                        <span
                          style={
                            Object {
                              "color": "#22a",
                              "wordBreak": "break-word",
                            }
                          }>
                          "
                          stacked
                          "
                        </span>
                      </td>
                    </tr>
                  </tbody>
                </table>
              </div>
              <div>
                <h2
                  style={
                    Object {
                      "margin": "20px 0 0 0",
                    }
                  }>
                  "
                  Input
                  " Component
                </h2>
                <table
                  style={
                    Object {
                      "borderCollapse": "separate",
                      "borderSpacing": "10px 5px",
                      "marginLeft": -10,
                    }
                  }>
                  <thead>
                    <tr>
                      <th>
                        property
                      </th>
                      <th>
                        propType
                      </th>
                      <th>
                        required
                      </th>
                      <th>
                        default
                      </th>
                    </tr>
                  </thead>
                  <tbody>
                    <tr>
                      <td>
                        bare
                      </td>
                      <td>
                        bool
                      </td>
                      <td>
                        no
                      </td>
                      <td>
                        -
                      </td>
                    </tr>
                    <tr>
                      <td>
                        id
                      </td>
                      <td>
                        string
                      </td>
                      <td>
                        no
                      </td>
                      <td>
                        -
                      </td>
                    </tr>
                    <tr>
                      <td>
                        addonRight
                      </td>
                      <td>
                        string
                      </td>
                      <td>
                        no
                      </td>
                      <td>
                        -
                      </td>
                    </tr>
                    <tr>
                      <td>
                        addonLeft
                      </td>
                      <td>
                        string
                      </td>
                      <td>
                        no
                      </td>
                      <td>
                        -
                      </td>
                    </tr>
                    <tr>
                      <td>
                        error
                      </td>
                      <td>
                        other
                      </td>
                      <td>
                        no
                      </td>
                      <td>
                        -
                      </td>
                    </tr>
                    <tr>
                      <td>
                        iconRight
                      </td>
                      <td>
                        other
                      </td>
                      <td>
                        no
                      </td>
                      <td>
                        -
                      </td>
                    </tr>
                    <tr>
                      <td>
                        cols
                      </td>
                      <td>
                        number
                      </td>
                      <td>
                        no
                      </td>
                      <td>
                        -
                      </td>
                    </tr>
                    <tr>
                      <td>
                        iconLeft
                      </td>
                      <td>
                        other
                      </td>
                      <td>
                        no
                      </td>
                      <td>
                        -
                      </td>
                    </tr>
                    <tr>
                      <td>
                        defaultValue
                      </td>
                      <td>
                        string
                      </td>
                      <td>
                        no
                      </td>
                      <td>
                        -
                      </td>
                    </tr>
                    <tr>
                      <td>
                        htmlReadOnly
                      </td>
                      <td>
                        bool
                      </td>
                      <td>
                        no
                      </td>
                      <td>
                        -
                      </td>
                    </tr>
                    <tr>
                      <td>
                        className
                      </td>
                      <td>
                        string
                      </td>
                      <td>
                        no
                      </td>
                      <td>
                        -
                      </td>
                    </tr>
                    <tr>
                      <td>
                        inputRef
                      </td>
                      <td>
                        func
                      </td>
                      <td>
                        no
                      </td>
                      <td>
                        -
                      </td>
                    </tr>
                    <tr>
                      <td>
                        label
                      </td>
                      <td>
                        string
                      </td>
                      <td>
                        no
                      </td>
                      <td>
                        -
                      </td>
                    </tr>
                    <tr>
                      <td>
                        onChange
                      </td>
                      <td>
                        func
                      </td>
                      <td>
                        no
                      </td>
                      <td>
                        -
                      </td>
                    </tr>
                    <tr>
                      <td>
                        onKeyDown
                      </td>
                      <td>
                        func
                      </td>
                      <td>
                        no
                      </td>
                      <td>
                        -
                      </td>
                    </tr>
                    <tr>
                      <td>
                        placeholder
                      </td>
                      <td>
                        string
                      </td>
                      <td>
                        no
                      </td>
                      <td>
                        -
                      </td>
                    </tr>
                    <tr>
                      <td>
                        readOnly
                      </td>
                      <td>
                        bool
                      </td>
                      <td>
                        no
                      </td>
                      <td>
                        -
                      </td>
                    </tr>
                    <tr>
                      <td>
                        required
                      </td>
                      <td>
                        bool
                      </td>
                      <td>
                        no
                      </td>
                      <td>
                        -
                      </td>
                    </tr>
                    <tr>
                      <td>
                        symbolPattern
                      </td>
                      <td>
                        string
                      </td>
                      <td>
                        no
                      </td>
                      <td>
                        -
                      </td>
                    </tr>
                    <tr>
                      <td>
                        totalCols
                      </td>
                      <td>
                        number
                      </td>
                      <td>
                        no
                      </td>
                      <td>
                        -
                      </td>
                    </tr>
                    <tr>
                      <td>
                        value
                      </td>
                      <td>
                        string
                      </td>
                      <td>
                        no
                      </td>
                      <td>
                        -
                      </td>
                    </tr>
                  </tbody>
                </table>
              </div>
            </div>
          </div>
        </div>
      </div>
    </div>


✗ Compound Form
  - Snapshot
  + Current story
  
  <div>
      <div
        style={
          Object {
            "position": "relative",
            "zIndex": 0,
          }
        }>
        <form
          className="slds-form--compound"
          onSubmit={[Function]}>
          <fieldset
            className="slds-form--compound">
            <legend
              className="slds-form-element__label">
              Name
            </legend>
            <div
              className="form-element__group">
              <div
                className="slds-form-element__row">
                <div
                  className="slds-form-element slds-size--1-of-2">
                  <label
                    className="slds-form-element__label"
                    htmlFor="input-$uuid$">
                    First Name
                  </label>
                  <div
                    className="slds-form-element__control">
                    <input
                      className="slds-input"
                      defaultValue={undefined}
                      id="input-$uuid$"
                      onChange={[Function]}
                      onKeyDown={[Function]}
                      placeholder="Input first name here"
                      readOnly={undefined}
                      type="text"
                      value={undefined} />
                  </div>
                </div>
                <div
                  className="slds-form-element slds-size--1-of-2">
                  <label
                    className="slds-form-element__label"
                    htmlFor="input-$uuid$">
                    Last Name
                  </label>
                  <div
                    className="slds-form-element__control">
                    <input
                      className="slds-input"
                      defaultValue={undefined}
                      id="input-$uuid$"
                      onChange={[Function]}
                      onKeyDown={[Function]}
                      placeholder="Input last name here"
                      readOnly={undefined}
                      type="text"
                      value={undefined} />
                  </div>
                </div>
              </div>
            </div>
          </fieldset>
          <fieldset
            className="slds-form--compound">
            <legend
              className="slds-form-element__label">
              Address
            </legend>
            <div
              className="form-element__group">
              <div
                className="slds-form-element__row">
                <div
                  className="slds-form-element slds-size--1-of-1">
                  <label
                    className="slds-form-element__label"
                    htmlFor="form-element-$uuid$">
                    Street
                  </label>
                  <div
                    className="slds-form-element__control">
                    <textarea
                      className="slds-input"
                      id="form-element-$uuid$"
                      onChange={[Function]}
                      placeholder="Input street here"
                      rows="2" />
                  </div>
                </div>
              </div>
              <div
                className="slds-form-element__row">
                <div
                  className="slds-form-element slds-size--1-of-1">
                  <label
                    className="slds-form-element__label"
                    htmlFor="input-$uuid$">
                    City
                  </label>
                  <div
                    className="slds-form-element__control">
                    <input
                      className="slds-input"
                      defaultValue={undefined}
                      id="input-$uuid$"
                      onChange={[Function]}
                      onKeyDown={[Function]}
                      placeholder="Input city here"
                      readOnly={undefined}
                      size="40"
                      type={undefined}
                      value={undefined} />
                  </div>
                </div>
              </div>
              <div
                className="slds-form-element__row">
                <div
                  className="slds-form-element slds-size--1-of-3">
                  <label
                    className="slds-form-element__label"
                    htmlFor="form-element-$uuid$">
                    State
                  </label>
                  <div
                    className="slds-form-element__control">
                    <select
                      className="slds-select"
                      defaultValue={1}
                      id="form-element-$uuid$"
                      onChange={[Function]}>
                      <option
                        value="CA">
                        California
                      </option>
                      <option
                        value="OR">
                        Oregon
                      </option>
                      <option
                        value="WA">
                        Washington
                      </option>
                    </select>
                  </div>
                </div>
                <div
                  className="slds-form-element slds-size--1-of-3">
                  <label
                    className="slds-form-element__label"
                    htmlFor="input-$uuid$">
                    Postal Code
                  </label>
                  <div
                    className="slds-form-element__control">
                    <input
                      className="slds-input"
                      defaultValue={undefined}
                      id="input-$uuid$"
                      onChange={[Function]}
                      onKeyDown={[Function]}
                      placeholder="00000"
                      readOnly={undefined}
                      type="number"
                      value={undefined} />
                  </div>
                </div>
                <div
                  className="slds-form-element slds-size--1-of-3">
                  <label
                    className="slds-form-element__label"
                    htmlFor="form-element-$uuid$">
                    Country
                  </label>
                  <div
                    className="slds-form-element__control">
                    <select
                      className="slds-select"
                      defaultValue={1}
                      id="form-element-$uuid$"
                      onChange={[Function]}>
                      <option
                        value="us">
                        United States
                      </option>
                      <option
                        value="ca">
                        Canada
                      </option>
                      <option
                        disabled={true}
                        value="other">
                        Others
                      </option>
                    </select>
                  </div>
                </div>
              </div>
              <div
                className="slds-form-element__row">
                <div
                  className="slds-form-element slds-size--1-of-2 react-slds-dropdown-form-element">
                  <div
                    className="slds-form-element">
                    <label
                      className="slds-form-element__label"
                      htmlFor="form-element-$uuid$">
                      Lead Source
                    </label>
                    <div
                      className="slds-form-element__control">
                      <div
                        aria-expanded={undefined}
                        className="slds-picklist">
                        <button
                          className="slds-picklist__label slds-button slds-button--neutral"
                          id="form-element-$uuid$"
                          onBlur={[Function]}
                          onClick={[Function]}
                          onKeyDown={[Function]}
                          type="button">
                          <span
                            className="slds-truncate">
                            <span>
                               
                            </span>
                          </span>
                          <svg
                            aria-hidden={true}
                            className="slds-icon slds-icon-text-default"
                            dangerouslySetInnerHTML={
                              Object {
                                "__html": "<use xlink:href="/assets/icons/utility-sprite/svg/symbols.svg#down"></use>",
                              }
                            }
                            style={undefined} />
                        </button>
                      </div>
                    </div>
                  </div>
                  <div
                    className="react-slds-dropdown-control-wrapper"
                    style={undefined}>
                    <div
                      className="slds-form-element__control">
                      <div />
                    </div>
                  </div>
                </div>
                <div
                  className="slds-form-element slds-size--1-of-2 react-slds-dropdown-form-element">
                  <div
                    className="slds-form-element">
                    <label
                      className="slds-form-element__label"
                      htmlFor="form-element-$uuid$">
                      Contact Date
                    </label>
                    <div
                      className="slds-form-element__control">
                      <div
                        className="slds-input-has-icon slds-input-has-icon--right">
                        <input
                          className="slds-input"
                          defaultValue={undefined}
                          id="form-element-$uuid$"
                          onBlur={[Function]}
                          onChange={[Function]}
                          onKeyDown={[Function]}
                          placeholder="YYYY/MM/DD"
                          readOnly={undefined}
                          type={undefined}
                          value={undefined} />
                        <span
                          onClick={[Function]}
                          style={
                            Object {
                              "cursor": "pointer",
                            }
                          }
                          tabIndex={-1}>
                          <svg
                            aria-hidden={true}
                            className="slds-icon slds-icon-text-default slds-input__icon"
                            dangerouslySetInnerHTML={
                              Object {
                                "__html": "<use xlink:href="/assets/icons/utility-sprite/svg/symbols.svg#event"></use>",
                              }
                            }
                            style={undefined} />
                        </span>
                      </div>
                    </div>
                  </div>
                  <div
                    className="react-slds-dropdown-control-wrapper"
                    style={Object {}}>
                    <div
                      className="slds-form-element__control">
                      <div />
                    </div>
                  </div>
                </div>
              </div>
              <div
                className="slds-form-element__row">
                <div
                  className="slds-form-element slds-size--3-of-4 react-slds-dropdown-form-element">
                  <div
                    className="slds-form-element">
                    <label
                      className="slds-form-element__label"
                      htmlFor="form-element-$uuid$">
                      Related Type
                    </label>
                    <div
                      className="slds-form-element__control">
                      <div
                        className="slds-lookup"
                        data-scope="single"
                        data-select="single"
                        data-typeahead={false}>
                        <div
                          className="slds-grid slds-input-has-icon slds-input-has-icon--right">
                          <input
                            className="slds-input"
                            defaultValue={undefined}
                            id="form-element-$uuid$"
                            onBlur={[Function]}
                            onChange={[Function]}
                            onKeyDown={[Function]}
                            onSubmit={[Function]}
                            readOnly={undefined}
                            type={undefined}
                            value={undefined} />
                          <svg
                            aria-hidden={true}
                            className="slds-icon slds-icon-text-default slds-input__icon"
                            dangerouslySetInnerHTML={
                              Object {
                                "__html": "<use xlink:href="/assets/icons/utility-sprite/svg/symbols.svg#search"></use>",
                              }
                            }
                            onClick={[Function]}
                            style={
                              Object {
                                "cursor": "pointer",
                              }
                            } />
                        </div>
                      </div>
                    </div>
                  </div>
                  <div
                    className="react-slds-dropdown-control-wrapper"
                    style={undefined}>
                    <div
                      className="slds-form-element__control">
                      <div
                        className="slds-lookup__menu slds-hide"
                        onKeyDown={[Function]}
                        role="listbox">
                        <ul
                          className="slds-lookup__list"
                          role="presentation">
                          <li
                            className="slds-lookup__item">
                            <a
                              className="slds-truncate react-slds-candidate"
                              onBlur={[Function]}
                              onClick={[Function]}
                              onKeyDown={[Function]}
                              role="option"
                              tabIndex={-1}>
                              <svg
                                aria-hidden={true}
                                className="slds-icon slds-icon--small slds-icon-standard-account"
                                dangerouslySetInnerHTML={
                                  Object {
                                    "__html": "<use xlink:href="/assets/icons/standard-sprite/svg/symbols.svg#account"></use>",
                                  }
                                }
                                style={undefined} />
                              Account
                            </a>
                          </li>
                          <li
                            className="slds-lookup__item">
                            <a
                              className="slds-truncate react-slds-candidate"
                              onBlur={[Function]}
                              onClick={[Function]}
                              onKeyDown={[Function]}
                              role="option"
                              tabIndex={-1}>
                              <svg
                                aria-hidden={true}
                                className="slds-icon slds-icon--small slds-icon-standard-contact"
                                dangerouslySetInnerHTML={
                                  Object {
                                    "__html": "<use xlink:href="/assets/icons/standard-sprite/svg/symbols.svg#contact"></use>",
                                  }
                                }
                                style={undefined} />
                              Contact
                            </a>
                          </li>
                          <li
                            className="slds-lookup__item">
                            <a
                              className="slds-truncate react-slds-candidate"
                              onBlur={[Function]}
                              onClick={[Function]}
                              onKeyDown={[Function]}
                              role="option"
                              tabIndex={-1}>
                              <svg
                                aria-hidden={true}
                                className="slds-icon slds-icon--small slds-icon-standard-opportunity"
                                dangerouslySetInnerHTML={
                                  Object {
                                    "__html": "<use xlink:href="/assets/icons/standard-sprite/svg/symbols.svg#opportunity"></use>",
                                  }
                                }
                                style={undefined} />
                              Opportunity
                            </a>
                          </li>
                        </ul>
                      </div>
                    </div>
                  </div>
                </div>
              </div>
            </div>
          </fieldset>
          <fieldset
            className="slds-form--compound">
            <legend
              className="slds-form-element__label">
              Other
            </legend>
            <div
              className="form-element__group">
              <div
                className="slds-form-element__row">
                <fieldset
                  className="slds-form-element slds-size--1-of-2"
                  name="gender"
                  style={
                    Object {
                      "display": "inline-block",
                    }
                  }>
                  <legend
                    className="slds-form-element__label slds-form-element__label--top">
                    Gender
                  </legend>
                  <div
                    className="slds-form-element__control">
                    <label
                      className="slds-radio">
                      <input
                        checked={undefined}
                        defaultChecked={undefined}
                        name="gender"
                        onChange={[Function]}
                        type="radio"
                        value={1} />
                      <span
                        className="slds-radio--faux" />
                      <span
                        className="slds-form-element__label">
                        Male
                      </span>
                    </label>
                    <label
                      className="slds-radio">
                      <input
                        checked={undefined}
                        defaultChecked={undefined}
                        name="gender"
                        onChange={[Function]}
                        type="radio"
                        value={2} />
                      <span
                        className="slds-radio--faux" />
                      <span
                        className="slds-form-element__label">
                        Female
                      </span>
                    </label>
                    <label
                      className="slds-radio">
                      <input
                        checked={undefined}
                        defaultChecked={undefined}
                        name="gender"
                        onChange={[Function]}
                        type="radio"
                        value={3} />
                      <span
                        className="slds-radio--faux" />
                      <span
                        className="slds-form-element__label">
                        Other
                      </span>
                    </label>
                  </div>
                </fieldset>
                <fieldset
                  className="slds-form-element slds-size--1-of-2"
                  name="leadSource"
                  onChange={[Function]}
                  style={
                    Object {
                      "display": "inline-block",
                    }
                  }>
                  <legend
                    className="slds-form-element__label slds-form-element__label--top">
                    Lead Source
                  </legend>
                  <div
                    className="slds-form-element__control">
                    <label
                      className="slds-checkbox">
                      <input
                        name="leadSource"
                        type="checkbox"
                        value={1} />
                      <span
                        className="slds-checkbox--faux" />
                      <span
                        className="slds-form-element__label">
                        Web
                      </span>
                    </label>
                    <label
                      className="slds-checkbox">
                      <input
                        name="leadSource"
                        type="checkbox"
                        value={2} />
                      <span
                        className="slds-checkbox--faux" />
                      <span
                        className="slds-form-element__label">
                        Email
                      </span>
                    </label>
                    <label
                      className="slds-checkbox">
                      <input
                        name="leadSource"
                        type="checkbox"
                        value={3} />
                      <span
                        className="slds-checkbox--faux" />
                      <span
                        className="slds-form-element__label">
                        Phone
                      </span>
                    </label>
                  </div>
                </fieldset>
              </div>
            </div>
          </fieldset>
        </form>
      </div>
      <a
        onClick={[Function]}
        style={
          Object {
            "background": "#28c",
            "borderRadius": "0 0 0 5px",
            "color": "#fff",
            "cursor": "pointer",
            "display": "block",
            "fontFamily": "sans-serif",
  -         "fontSize": 12,
  +         "fontSize": "12px",
            "padding": "5px 15px",
            "position": "fixed",
            "right": 0,
            "textDecoration": "none",
            "top": 0,
          }
        }>
        ?
      </a>
      <div
        style={
          Object {
            "background": "white",
            "bottom": 0,
            "display": "none",
            "left": 0,
            "overflow": "auto",
            "padding": "0 40px",
            "position": "absolute",
            "right": 0,
            "top": 0,
          }
        }>
        <a
          onClick={[Function]}
          style={
            Object {
              "background": "#28c",
              "borderRadius": "0 0 0 5px",
              "color": "#fff",
              "cursor": "pointer",
              "display": "block",
              "fontFamily": "sans-serif",
  -           "fontSize": 12,
  +           "fontSize": "12px",
              "padding": "5px 15px",
              "position": "fixed",
              "right": 0,
              "textDecoration": "none",
              "top": 0,
            }
          }>
          ×
        </a>
        <div
          style={undefined}>
          <div
            style={
              Object {
                "WebkitFontSmoothing": "antialiased",
                "color": "#444",
                "fontFamily": "
                  -apple-system, ".SFNSText-Regular", "San Francisco", "Roboto",
                  "Segoe UI", "Helvetica Neue", "Lucida Grande", sans-serif
                ",
  -             "fontSize": 15,
  +             "fontSize": "15px",
                "fontWeight": 300,
                "lineHeight": 1.45,
              }
            }>
            <div
              style={
                Object {
                  "borderBottom": "1px solid #eee",
                  "marginBottom": 10,
  +               "paddingTop": 10,
                }
              }>
              <h1
                style={
                  Object {
  -                 "fontSize": 35,
  -                 "margin": "20px 0 0 0",
  +                 "fontSize": "35px",
  +                 "margin": 0,
                    "padding": 0,
                  }
                }>
                Form
              </h1>
              <h2
                style={
                  Object {
  -                 "fontSize": 22,
  +                 "fontSize": "22px",
                    "fontWeight": 400,
                    "margin": "0 0 10px 0",
                    "padding": 0,
                  }
                }>
                Compound Form
              </h2>
            </div>
            <div
              style={
                Object {
                  "marginBottom": 0,
                }
              }>
              <p
                style={
                  Object {
                    "WebkitFontSmoothing": "antialiased",
                    "color": "#444",
                    "fontFamily": "
                      -apple-system, ".SFNSText-Regular", "San Francisco", "Roboto",
                      "Segoe UI", "Helvetica Neue", "Lucida Grande", sans-serif
                    ",
  -                 "fontSize": 15,
  +                 "fontSize": "15px",
                  }
                }>
                Stacked Form
              </p>
            </div>
            <div>
              <h1
                style={
                  Object {
                    "borderBottom": "1px solid #EEE",
  -                 "fontSize": 25,
  +                 "fontSize": "25px",
                    "margin": "20px 0 0 0",
                    "padding": "0 0 5px 0",
                  }
                }>
                Story Source
              </h1>
              <pre
                style={
                  Object {
                    "backgroundColor": "#fafafa",
                    "fontFamily": "Menlo, Monaco, "Courier New", monospace",
                    "fontSize": ".88em",
                    "lineHeight": 1.5,
                    "overflowX": "scroll",
                    "padding": ".5rem",
                  }
                }>
                <div>
                  <div
                    style={
                      Object {
                        "paddingLeft": 18,
                        "paddingRight": 3,
                      }
                    }>
                    <span
                      style={
                        Object {
                          "color": "#777",
                        }
                      }>
                      <
                      Form
                    </span>
                    <span>
                      <span>
                         
                        <span
                          style={Object {}}>
                          type
                        </span>
                        <span>
                          =
                          <span
                            style={Object {}}>
                            <span
                              style={
                                Object {
                                  "color": "#22a",
                                  "wordBreak": "break-word",
                                }
                              }>
                              "
                              compound
                              "
                            </span>
                          </span>
                        </span>
                      </span>
                      <span>
                         
                        <span
                          style={Object {}}>
                          onSubmit
                        </span>
                        <span>
                          =
                          <span
                            style={Object {}}>
                            <span>
                              {
                              <span
                                style={
                                  Object {
                                    "color": "#170",
                                  }
                                }>
  -                             anonymous()
  +                             submit()
                              </span>
                              }
                            </span>
                          </span>
                        </span>
                        
                      </span>
                    </span>
                    <span
                      style={
                        Object {
                          "color": "#777",
                        }
                      }>
                      >
                    </span>
                  </div>
                  <div>
                    <div
                      style={
                        Object {
                          "paddingLeft": 33,
                          "paddingRight": 3,
                        }
                      }>
                      <span
                        style={
                          Object {
                            "color": "#777",
                          }
                        }>
                        <
                        FieldSet
                      </span>
                      <span>
                        <span>
                           
                          <span
                            style={Object {}}>
                            label
                          </span>
                          <span>
                            =
                            <span
                              style={Object {}}>
                              <span
                                style={
                                  Object {
                                    "color": "#22a",
                                    "wordBreak": "break-word",
                                  }
                                }>
                                "
                                Name
                                "
                              </span>
                            </span>
                          </span>
                          
                        </span>
                      </span>
                      <span
                        style={
                          Object {
                            "color": "#777",
                          }
                        }>
                        >
                      </span>
                    </div>
                    <div>
                      <div
                        style={
                          Object {
                            "paddingLeft": 48,
                            "paddingRight": 3,
                          }
                        }>
                        <span
                          style={
                            Object {
                              "color": "#777",
                            }
                          }>
                          <
                          Row
                        </span>
                        <span />
                        <span
                          style={
                            Object {
                              "color": "#777",
                            }
                          }>
                          >
                        </span>
                      </div>
                      <div
                        style={
                          Object {
                            "paddingLeft": 78,
                            "paddingRight": 3,
                          }
                        }>
                        <span
                          style={
                            Object {
                              "color": "#777",
                            }
                          }>
                          <
                          Input
                        </span>
                        <span>
                          <span>
                             
                            <span
                              style={Object {}}>
                              label
                            </span>
                            <span>
                              =
                              <span
                                style={Object {}}>
                                <span
                                  style={
                                    Object {
                                      "color": "#22a",
                                      "wordBreak": "break-word",
                                    }
                                  }>
                                  "
                                  First Name
                                  "
                                </span>
                              </span>
                            </span>
                          </span>
                          <span>
                             
                            <span
                              style={Object {}}>
                              type
                            </span>
                            <span>
                              =
                              <span
                                style={Object {}}>
                                <span
                                  style={
                                    Object {
                                      "color": "#22a",
                                      "wordBreak": "break-word",
                                    }
                                  }>
                                  "
                                  text
                                  "
                                </span>
                              </span>
                            </span>
                          </span>
                          <span>
                             
                            <span
                              style={Object {}}>
                              placeholder
                            </span>
                            <span>
                              =
                              <span
                                style={Object {}}>
                                <span
                                  style={
                                    Object {
                                      "color": "#22a",
                                      "wordBreak": "break-word",
                                    }
                                  }>
                                  "
                                  Input first name here
                                  "
                                </span>
                              </span>
                            </span>
                             
                          </span>
                        </span>
                        <span
                          style={
                            Object {
                              "color": "#777",
                            }
                          }>
                          />
                        </span>
                      </div>
                      <div
                        style={
                          Object {
                            "paddingLeft": 78,
                            "paddingRight": 3,
                          }
                        }>
                        <span
                          style={
                            Object {
                              "color": "#777",
                            }
                          }>
                          <
                          Input
                        </span>
                        <span>
                          <span>
                             
                            <span
                              style={Object {}}>
                              label
                            </span>
                            <span>
                              =
                              <span
                                style={Object {}}>
                                <span
                                  style={
                                    Object {
                                      "color": "#22a",
                                      "wordBreak": "break-word",
                                    }
                                  }>
                                  "
                                  Last Name
                                  "
                                </span>
                              </span>
                            </span>
                          </span>
                          <span>
                             
                            <span
                              style={Object {}}>
                              type
                            </span>
                            <span>
                              =
                              <span
                                style={Object {}}>
                                <span
                                  style={
                                    Object {
                                      "color": "#22a",
                                      "wordBreak": "break-word",
                                    }
                                  }>
                                  "
                                  text
                                  "
                                </span>
                              </span>
                            </span>
                          </span>
                          <span>
                             
                            <span
                              style={Object {}}>
                              placeholder
                            </span>
                            <span>
                              =
                              <span
                                style={Object {}}>
                                <span
                                  style={
                                    Object {
                                      "color": "#22a",
                                      "wordBreak": "break-word",
                                    }
                                  }>
                                  "
                                  Input last name here
                                  "
                                </span>
                              </span>
                            </span>
                             
                          </span>
                        </span>
                        <span
                          style={
                            Object {
                              "color": "#777",
                            }
                          }>
                          />
                        </span>
                      </div>
                      <div
                        style={
                          Object {
                            "paddingLeft": 48,
                            "paddingRight": 3,
                          }
                        }>
                        <span
                          style={
                            Object {
                              "color": "#777",
                            }
                          }>
                          </
                          Row
                          >
                        </span>
                      </div>
                    </div>
                    <div
                      style={
                        Object {
                          "paddingLeft": 33,
                          "paddingRight": 3,
                        }
                      }>
                      <span
                        style={
                          Object {
                            "color": "#777",
                          }
                        }>
                        </
                        FieldSet
                        >
                      </span>
                    </div>
                  </div>
                  <div>
                    <div
                      style={
                        Object {
                          "paddingLeft": 33,
                          "paddingRight": 3,
                        }
                      }>
                      <span
                        style={
                          Object {
                            "color": "#777",
                          }
                        }>
                        <
                        FieldSet
                      </span>
                      <span>
                        <span>
                           
                          <span
                            style={Object {}}>
                            label
                          </span>
                          <span>
                            =
                            <span
                              style={Object {}}>
                              <span
                                style={
                                  Object {
                                    "color": "#22a",
                                    "wordBreak": "break-word",
                                  }
                                }>
                                "
                                Address
                                "
                              </span>
                            </span>
                          </span>
                          
                        </span>
                      </span>
                      <span
                        style={
                          Object {
                            "color": "#777",
                          }
                        }>
                        >
                      </span>
                    </div>
                    <div>
                      <div
                        style={
                          Object {
                            "paddingLeft": 48,
                            "paddingRight": 3,
                          }
                        }>
                        <span
                          style={
                            Object {
                              "color": "#777",
                            }
                          }>
                          <
                          Row
                        </span>
                        <span />
                        <span
                          style={
                            Object {
                              "color": "#777",
                            }
                          }>
                          >
                        </span>
                      </div>
                      <div
                        style={
                          Object {
                            "paddingLeft": 78,
                            "paddingRight": 3,
                          }
                        }>
                        <span
                          style={
                            Object {
                              "color": "#777",
                            }
                          }>
                          <
                          Textarea
                        </span>
                        <span>
                          <span>
                             
                            <span
                              style={Object {}}>
                              label
                            </span>
                            <span>
                              =
                              <span
                                style={Object {}}>
                                <span
                                  style={
                                    Object {
                                      "color": "#22a",
                                      "wordBreak": "break-word",
                                    }
                                  }>
                                  "
                                  Street
                                  "
                                </span>
                              </span>
                            </span>
                          </span>
                          <span>
                             
                            <span
                              style={Object {}}>
                              rows
                            </span>
                            <span>
                              =
                              <span
                                style={Object {}}>
                                <span
                                  style={
                                    Object {
                                      "color": "#22a",
                                      "wordBreak": "break-word",
                                    }
                                  }>
                                  "
                                  2
                                  "
                                </span>
                              </span>
                            </span>
                          </span>
                          <span>
                             
                            <span
                              style={Object {}}>
                              placeholder
                            </span>
                            <span>
                              =
                              <span
                                style={Object {}}>
                                <span
                                  style={
                                    Object {
                                      "color": "#22a",
                                      "wordBreak": "break-word",
                                    }
                                  }>
                                  "
                                  Input street here
                                  "
                                </span>
                              </span>
                            </span>
                             
                          </span>
                        </span>
                        <span
                          style={
                            Object {
                              "color": "#777",
                            }
                          }>
                          />
                        </span>
                      </div>
                      <div
                        style={
                          Object {
                            "paddingLeft": 48,
                            "paddingRight": 3,
                          }
                        }>
                        <span
                          style={
                            Object {
                              "color": "#777",
                            }
                          }>
                          </
                          Row
                          >
                        </span>
                      </div>
                    </div>
                    <div>
                      <div
                        style={
                          Object {
                            "paddingLeft": 48,
                            "paddingRight": 3,
                          }
                        }>
                        <span
                          style={
                            Object {
                              "color": "#777",
                            }
                          }>
                          <
                          Row
                        </span>
                        <span />
                        <span
                          style={
                            Object {
                              "color": "#777",
                            }
                          }>
                          >
                        </span>
                      </div>
                      <div
                        style={
                          Object {
                            "paddingLeft": 78,
                            "paddingRight": 3,
                          }
                        }>
                        <span
                          style={
                            Object {
                              "color": "#777",
                            }
                          }>
                          <
                          Input
                        </span>
                        <span>
                          <span>
                             
                            <span
                              style={Object {}}>
                              label
                            </span>
                            <span>
                              =
                              <span
                                style={Object {}}>
                                <span
                                  style={
                                    Object {
                                      "color": "#22a",
                                      "wordBreak": "break-word",
                                    }
                                  }>
                                  "
                                  City
                                  "
                                </span>
                              </span>
                            </span>
                          </span>
                          <span>
                             
                            <span
                              style={Object {}}>
                              size
                            </span>
                            <span>
                              =
                              <span
                                style={Object {}}>
                                <span
                                  style={
                                    Object {
                                      "color": "#22a",
                                      "wordBreak": "break-word",
                                    }
                                  }>
                                  "
                                  40
                                  "
                                </span>
                              </span>
                            </span>
                          </span>
                          <span>
                             
                            <span
                              style={Object {}}>
                              placeholder
                            </span>
                            <span>
                              =
                              <span
                                style={Object {}}>
                                <span
                                  style={
                                    Object {
                                      "color": "#22a",
                                      "wordBreak": "break-word",
                                    }
                                  }>
                                  "
                                  Input city here
                                  "
                                </span>
                              </span>
                            </span>
                             
                          </span>
                        </span>
                        <span
                          style={
                            Object {
                              "color": "#777",
                            }
                          }>
                          />
                        </span>
                      </div>
                      <div
                        style={
                          Object {
                            "paddingLeft": 48,
                            "paddingRight": 3,
                          }
                        }>
                        <span
                          style={
                            Object {
                              "color": "#777",
                            }
                          }>
                          </
                          Row
                          >
                        </span>
                      </div>
                    </div>
                    <div>
                      <div
                        style={
                          Object {
                            "paddingLeft": 48,
                            "paddingRight": 3,
                          }
                        }>
                        <span
                          style={
                            Object {
                              "color": "#777",
                            }
                          }>
                          <
                          Row
                        </span>
                        <span />
                        <span
                          style={
                            Object {
                              "color": "#777",
                            }
                          }>
                          >
                        </span>
                      </div>
                      <div>
                        <div
                          style={
                            Object {
                              "paddingLeft": 63,
                              "paddingRight": 3,
                            }
                          }>
                          <span
                            style={
                              Object {
                                "color": "#777",
                              }
                            }>
                            <
                            Select
                          </span>
                          <span>
                            <span>
                               
                              <span
                                style={Object {}}>
                                label
                              </span>
                              <span>
                                =
                                <span
                                  style={Object {}}>
                                  <span
                                    style={
                                      Object {
                                        "color": "#22a",
                                        "wordBreak": "break-word",
                                      }
                                    }>
                                    "
                                    State
                                    "
                                  </span>
                                </span>
                              </span>
                            </span>
                            <span>
                               
                              <span
                                style={Object {}}>
                                defaultValue
                              </span>
                              <span>
                                =
                                <span
                                  style={Object {}}>
                                  <span>
                                    {
                                    <span
                                      style={
                                        Object {
                                          "color": "#a11",
                                        }
                                      }>
                                      1
                                    </span>
                                    }
                                  </span>
                                </span>
                              </span>
                              
                            </span>
                          </span>
                          <span
                            style={
                              Object {
                                "color": "#777",
                              }
                            }>
                            >
                          </span>
                        </div>
                        <div>
                          <div
                            style={
                              Object {
                                "paddingLeft": 78,
                                "paddingRight": 3,
                              }
                            }>
                            <span
                              style={
                                Object {
                                  "color": "#777",
                                }
                              }>
                              <
                              Option
                            </span>
                            <span>
                              <span>
                                 
                                <span
                                  style={Object {}}>
                                  value
                                </span>
                                <span>
                                  =
                                  <span
                                    style={Object {}}>
                                    <span
                                      style={
                                        Object {
                                          "color": "#22a",
                                          "wordBreak": "break-word",
                                        }
                                      }>
                                      "
                                      CA
                                      "
                                    </span>
                                  </span>
                                </span>
                                
                              </span>
                            </span>
                            <span
                              style={
                                Object {
                                  "color": "#777",
                                }
                              }>
                              >
                            </span>
                          </div>
                          <div
                            style={
                              Object {
                                "paddingLeft": 78,
                                "paddingRight": 3,
                              }
                            }>
                            <span
                              style={
                                Object {
                                  "color": "#777",
                                }
                              }>
                              California
                            </span>
                          </div>
                          <div
                            style={
                              Object {
                                "paddingLeft": 78,
                                "paddingRight": 3,
                              }
                            }>
                            <span
                              style={
                                Object {
                                  "color": "#777",
                                }
                              }>
                              </
                              Option
                              >
                            </span>
                          </div>
                        </div>
                        <div>
                          <div
                            style={
                              Object {
                                "paddingLeft": 78,
                                "paddingRight": 3,
                              }
                            }>
                            <span
                              style={
                                Object {
                                  "color": "#777",
                                }
                              }>
                              <
                              Option
                            </span>
                            <span>
                              <span>
                                 
                                <span
                                  style={Object {}}>
                                  value
                                </span>
                                <span>
                                  =
                                  <span
                                    style={Object {}}>
                                    <span
                                      style={
                                        Object {
                                          "color": "#22a",
                                          "wordBreak": "break-word",
                                        }
                                      }>
                                      "
                                      OR
                                      "
                                    </span>
                                  </span>
                                </span>
                                
                              </span>
                            </span>
                            <span
                              style={
                                Object {
                                  "color": "#777",
                                }
                              }>
                              >
                            </span>
                          </div>
                          <div
                            style={
                              Object {
                                "paddingLeft": 78,
                                "paddingRight": 3,
                              }
                            }>
                            <span
                              style={
                                Object {
                                  "color": "#777",
                                }
                              }>
                              Oregon
                            </span>
                          </div>
                          <div
                            style={
                              Object {
                                "paddingLeft": 78,
                                "paddingRight": 3,
                              }
                            }>
                            <span
                              style={
                                Object {
                                  "color": "#777",
                                }
                              }>
                              </
                              Option
                              >
                            </span>
                          </div>
                        </div>
                        <div>
                          <div
                            style={
                              Object {
                                "paddingLeft": 78,
                                "paddingRight": 3,
                              }
                            }>
                            <span
                              style={
                                Object {
                                  "color": "#777",
                                }
                              }>
                              <
                              Option
                            </span>
                            <span>
                              <span>
                                 
                                <span
                                  style={Object {}}>
                                  value
                                </span>
                                <span>
                                  =
                                  <span
                                    style={Object {}}>
                                    <span
                                      style={
                                        Object {
                                          "color": "#22a",
                                          "wordBreak": "break-word",
                                        }
                                      }>
                                      "
                                      WA
                                      "
                                    </span>
                                  </span>
                                </span>
                                
                              </span>
                            </span>
                            <span
                              style={
                                Object {
                                  "color": "#777",
                                }
                              }>
                              >
                            </span>
                          </div>
                          <div
                            style={
                              Object {
                                "paddingLeft": 78,
                                "paddingRight": 3,
                              }
                            }>
                            <span
                              style={
                                Object {
                                  "color": "#777",
                                }
                              }>
                              Washington
                            </span>
                          </div>
                          <div
                            style={
                              Object {
                                "paddingLeft": 78,
                                "paddingRight": 3,
                              }
                            }>
                            <span
                              style={
                                Object {
                                  "color": "#777",
                                }
                              }>
                              </
                              Option
                              >
                            </span>
                          </div>
                        </div>
                        <div
                          style={
                            Object {
                              "paddingLeft": 63,
                              "paddingRight": 3,
                            }
                          }>
                          <span
                            style={
                              Object {
                                "color": "#777",
                              }
                            }>
                            </
                            Select
                            >
                          </span>
                        </div>
                      </div>
                      <div
                        style={
                          Object {
                            "paddingLeft": 78,
                            "paddingRight": 3,
                          }
                        }>
                        <span
                          style={
                            Object {
                              "color": "#777",
                            }
                          }>
                          <
                          Input
                        </span>
                        <span>
                          <span>
                             
                            <span
                              style={Object {}}>
                              label
                            </span>
                            <span>
                              =
                              <span
                                style={Object {}}>
                                <span
                                  style={
                                    Object {
                                      "color": "#22a",
                                      "wordBreak": "break-word",
                                    }
                                  }>
                                  "
                                  Postal Code
                                  "
                                </span>
                              </span>
                            </span>
                          </span>
                          <span>
                             
                            <span
                              style={Object {}}>
                              type
                            </span>
                            <span>
                              =
                              <span
                                style={Object {}}>
                                <span
                                  style={
                                    Object {
                                      "color": "#22a",
                                      "wordBreak": "break-word",
                                    }
                                  }>
                                  "
                                  number
                                  "
                                </span>
                              </span>
                            </span>
                          </span>
                          <span>
                             
                            <span
                              style={Object {}}>
                              placeholder
                            </span>
                            <span>
                              =
                              <span
                                style={Object {}}>
                                <span
                                  style={
                                    Object {
                                      "color": "#22a",
                                      "wordBreak": "break-word",
                                    }
                                  }>
                                  "
                                  00000
                                  "
                                </span>
                              </span>
                            </span>
                             
                          </span>
                        </span>
                        <span
                          style={
                            Object {
                              "color": "#777",
                            }
                          }>
                          />
                        </span>
                      </div>
                      <div>
                        <div
                          style={
                            Object {
                              "paddingLeft": 63,
                              "paddingRight": 3,
                            }
                          }>
                          <span
                            style={
                              Object {
                                "color": "#777",
                              }
                            }>
                            <
                            Select
                          </span>
                          <span>
                            <span>
                               
                              <span
                                style={Object {}}>
                                label
                              </span>
                              <span>
                                =
                                <span
                                  style={Object {}}>
                                  <span
                                    style={
                                      Object {
                                        "color": "#22a",
                                        "wordBreak": "break-word",
                                      }
                                    }>
                                    "
                                    Country
                                    "
                                  </span>
                                </span>
                              </span>
                            </span>
                            <span>
                               
                              <span
                                style={Object {}}>
                                defaultValue
                              </span>
                              <span>
                                =
                                <span
                                  style={Object {}}>
                                  <span>
                                    {
                                    <span
                                      style={
                                        Object {
                                          "color": "#a11",
                                        }
                                      }>
                                      1
                                    </span>
                                    }
                                  </span>
                                </span>
                              </span>
                              
                            </span>
                          </span>
                          <span
                            style={
                              Object {
                                "color": "#777",
                              }
                            }>
                            >
                          </span>
                        </div>
                        <div>
                          <div
                            style={
                              Object {
                                "paddingLeft": 78,
                                "paddingRight": 3,
                              }
                            }>
                            <span
                              style={
                                Object {
                                  "color": "#777",
                                }
                              }>
                              <
                              Option
                            </span>
                            <span>
                              <span>
                                 
                                <span
                                  style={Object {}}>
                                  value
                                </span>
                                <span>
                                  =
                                  <span
                                    style={Object {}}>
                                    <span
                                      style={
                                        Object {
                                          "color": "#22a",
                                          "wordBreak": "break-word",
                                        }
                                      }>
                                      "
                                      us
                                      "
                                    </span>
                                  </span>
                                </span>
                                
                              </span>
                            </span>
                            <span
                              style={
                                Object {
                                  "color": "#777",
                                }
                              }>
                              >
                            </span>
                          </div>
                          <div
                            style={
                              Object {
                                "paddingLeft": 78,
                                "paddingRight": 3,
                              }
                            }>
                            <span
                              style={
                                Object {
                                  "color": "#777",
                                }
                              }>
                              United States
                            </span>
                          </div>
                          <div
                            style={
                              Object {
                                "paddingLeft": 78,
                                "paddingRight": 3,
                              }
                            }>
                            <span
                              style={
                                Object {
                                  "color": "#777",
                                }
                              }>
                              </
                              Option
                              >
                            </span>
                          </div>
                        </div>
                        <div>
                          <div
                            style={
                              Object {
                                "paddingLeft": 78,
                                "paddingRight": 3,
                              }
                            }>
                            <span
                              style={
                                Object {
                                  "color": "#777",
                                }
                              }>
                              <
                              Option
                            </span>
                            <span>
                              <span>
                                 
                                <span
                                  style={Object {}}>
                                  value
                                </span>
                                <span>
                                  =
                                  <span
                                    style={Object {}}>
                                    <span
                                      style={
                                        Object {
                                          "color": "#22a",
                                          "wordBreak": "break-word",
                                        }
                                      }>
                                      "
                                      ca
                                      "
                                    </span>
                                  </span>
                                </span>
                                
                              </span>
                            </span>
                            <span
                              style={
                                Object {
                                  "color": "#777",
                                }
                              }>
                              >
                            </span>
                          </div>
                          <div
                            style={
                              Object {
                                "paddingLeft": 78,
                                "paddingRight": 3,
                              }
                            }>
                            <span
                              style={
                                Object {
                                  "color": "#777",
                                }
                              }>
                              Canada
                            </span>
                          </div>
                          <div
                            style={
                              Object {
                                "paddingLeft": 78,
                                "paddingRight": 3,
                              }
                            }>
                            <span
                              style={
                                Object {
                                  "color": "#777",
                                }
                              }>
                              </
                              Option
                              >
                            </span>
                          </div>
                        </div>
                        <div>
                          <div
                            style={
                              Object {
                                "paddingLeft": 78,
                                "paddingRight": 3,
                              }
                            }>
                            <span
                              style={
                                Object {
                                  "color": "#777",
                                }
                              }>
                              <
                              Option
                            </span>
                            <span>
                              <span>
                                 
                                <span
                                  style={Object {}}>
                                  value
                                </span>
                                <span>
                                  =
                                  <span
                                    style={Object {}}>
                                    <span
                                      style={
                                        Object {
                                          "color": "#22a",
                                          "wordBreak": "break-word",
                                        }
                                      }>
                                      "
                                      other
                                      "
                                    </span>
                                  </span>
                                </span>
                              </span>
                              <span>
                                 
                                <span
                                  style={Object {}}>
                                  disabled
                                </span>
                                
                              </span>
                            </span>
                            <span
                              style={
                                Object {
                                  "color": "#777",
                                }
                              }>
                              >
                            </span>
                          </div>
                          <div
                            style={
                              Object {
                                "paddingLeft": 78,
                                "paddingRight": 3,
                              }
                            }>
                            <span
                              style={
                                Object {
                                  "color": "#777",
                                }
                              }>
                              Others
                            </span>
                          </div>
                          <div
                            style={
                              Object {
                                "paddingLeft": 78,
                                "paddingRight": 3,
                              }
                            }>
                            <span
                              style={
                                Object {
                                  "color": "#777",
                                }
                              }>
                              </
                              Option
                              >
                            </span>
                          </div>
                        </div>
                        <div
                          style={
                            Object {
                              "paddingLeft": 63,
                              "paddingRight": 3,
                            }
                          }>
                          <span
                            style={
                              Object {
                                "color": "#777",
                              }
                            }>
                            </
                            Select
                            >
                          </span>
                        </div>
                      </div>
                      <div
                        style={
                          Object {
                            "paddingLeft": 48,
                            "paddingRight": 3,
                          }
                        }>
                        <span
                          style={
                            Object {
                              "color": "#777",
                            }
                          }>
                          </
                          Row
                          >
                        </span>
                      </div>
                    </div>
                    <div>
                      <div
                        style={
                          Object {
                            "paddingLeft": 48,
                            "paddingRight": 3,
                          }
                        }>
                        <span
                          style={
                            Object {
                              "color": "#777",
                            }
                          }>
                          <
                          Row
                        </span>
                        <span />
                        <span
                          style={
                            Object {
                              "color": "#777",
                            }
                          }>
                          >
                        </span>
                      </div>
                      <div>
                        <div
                          style={
                            Object {
                              "paddingLeft": 63,
                              "paddingRight": 3,
                            }
                          }>
                          <span
                            style={
                              Object {
                                "color": "#777",
                              }
                            }>
                            <
                            Picklist
                          </span>
                          <span>
                            <span>
                               
                              <span
                                style={Object {}}>
                                label
                              </span>
                              <span>
                                =
                                <span
                                  style={Object {}}>
                                  <span
                                    style={
                                      Object {
                                        "color": "#22a",
                                        "wordBreak": "break-word",
                                      }
                                    }>
                                    "
                                    Lead Source
                                    "
                                  </span>
                                </span>
                              </span>
                            </span>
                            <span>
                               
                              <span
                                style={Object {}}>
                                menuSize
                              </span>
                              <span>
                                =
                                <span
                                  style={Object {}}>
                                  <span
                                    style={
                                      Object {
                                        "color": "#22a",
                                        "wordBreak": "break-word",
                                      }
                                    }>
                                    "
                                    large
                                    "
                                  </span>
                                </span>
                              </span>
                              
                            </span>
                          </span>
                          <span
                            style={
                              Object {
                                "color": "#777",
                              }
                            }>
                            >
                          </span>
                        </div>
                        <div
                          style={
                            Object {
                              "paddingLeft": 78,
                              "paddingRight": 3,
                            }
                          }>
                          <span
                            style={
                              Object {
                                "color": "#777",
                              }
                            }>
                            <
                            PicklistItem
                          </span>
                          <span>
                            <span>
                               
                              <span
                                style={Object {}}>
                                value
                              </span>
                              <span>
                                =
                                <span
                                  style={Object {}}>
                                  <span>
                                    {
                                    <span
                                      style={
                                        Object {
                                          "color": "#a11",
                                        }
                                      }>
                                      1
                                    </span>
                                    }
                                  </span>
                                </span>
                              </span>
                            </span>
                            <span>
                               
                              <span
                                style={Object {}}>
                                label
                              </span>
                              <span>
                                =
                                <span
                                  style={Object {}}>
                                  <span
                                    style={
                                      Object {
                                        "color": "#22a",
                                        "wordBreak": "break-word",
                                      }
                                    }>
                                    "
                                    Web
                                    "
                                  </span>
                                </span>
                              </span>
                               
                            </span>
                          </span>
                          <span
                            style={
                              Object {
                                "color": "#777",
                              }
                            }>
                            />
                          </span>
                        </div>
                        <div>
                          <div
                            style={
                              Object {
                                "paddingLeft": 78,
                                "paddingRight": 3,
                              }
                            }>
                            <span
                              style={
                                Object {
                                  "color": "#777",
                                }
                              }>
                              <
                              PicklistItem
                            </span>
                            <span>
                              <span>
                                 
                                <span
                                  style={Object {}}>
                                  value
                                </span>
                                <span>
                                  =
                                  <span
                                    style={Object {}}>
                                    <span>
                                      {
                                      <span
                                        style={
                                          Object {
                                            "color": "#a11",
                                          }
                                        }>
                                        2
                                      </span>
                                      }
                                    </span>
                                  </span>
                                </span>
                                
                              </span>
                            </span>
                            <span
                              style={
                                Object {
                                  "color": "#777",
                                }
                              }>
                              >
                            </span>
                          </div>
                          <div
                            style={
                              Object {
                                "paddingLeft": 78,
                                "paddingRight": 3,
                              }
                            }>
                            <span
                              style={
                                Object {
                                  "color": "#777",
                                }
                              }>
                              E-mail
                            </span>
                          </div>
                          <div
                            style={
                              Object {
                                "paddingLeft": 78,
                                "paddingRight": 3,
                              }
                            }>
                            <span
                              style={
                                Object {
                                  "color": "#777",
                                }
                              }>
                              </
                              PicklistItem
                              >
                            </span>
                          </div>
                        </div>
                        <div>
                          <div
                            style={
                              Object {
                                "paddingLeft": 78,
                                "paddingRight": 3,
                              }
                            }>
                            <span
                              style={
                                Object {
                                  "color": "#777",
                                }
                              }>
                              <
                              PicklistItem
                            </span>
                            <span>
                              <span>
                                 
                                <span
                                  style={Object {}}>
                                  value
                                </span>
                                <span>
                                  =
                                  <span
                                    style={Object {}}>
                                    <span>
                                      {
                                      <span
                                        style={
                                          Object {
                                            "color": "#a11",
                                          }
                                        }>
                                        3
                                      </span>
                                      }
                                    </span>
                                  </span>
                                </span>
                              </span>
                              <span>
                                 
                                <span
                                  style={Object {}}>
                                  disabled
                                </span>
                                
                              </span>
                            </span>
                            <span
                              style={
                                Object {
                                  "color": "#777",
                                }
                              }>
                              >
                            </span>
                          </div>
                          <div
                            style={
                              Object {
                                "paddingLeft": 78,
                                "paddingRight": 3,
                              }
                            }>
                            <span
                              style={
                                Object {
                                  "color": "#777",
                                }
                              }>
                              Webinar
                            </span>
                          </div>
                          <div
                            style={
                              Object {
                                "paddingLeft": 78,
                                "paddingRight": 3,
                              }
                            }>
                            <span
                              style={
                                Object {
                                  "color": "#777",
                                }
                              }>
                              </
                              PicklistItem
                              >
                            </span>
                          </div>
                        </div>
                        <div>
                          <div
                            style={
                              Object {
                                "paddingLeft": 78,
                                "paddingRight": 3,
                              }
                            }>
                            <span
                              style={
                                Object {
                                  "color": "#777",
                                }
                              }>
                              <
                              PicklistItem
                            </span>
                            <span>
                              <span>
                                 
                                <span
                                  style={Object {}}>
                                  value
                                </span>
                                <span>
                                  =
                                  <span
                                    style={Object {}}>
                                    <span>
                                      {
                                      <span
                                        style={
                                          Object {
                                            "color": "#a11",
                                          }
                                        }>
                                        4
                                      </span>
                                      }
                                    </span>
                                  </span>
                                </span>
                                
                              </span>
                            </span>
                            <span
                              style={
                                Object {
                                  "color": "#777",
                                }
                              }>
                              >
                            </span>
                          </div>
                          <div
                            style={
                              Object {
                                "paddingLeft": 78,
                                "paddingRight": 3,
                              }
                            }>
                            <span
                              style={
                                Object {
                                  "color": "#777",
                                }
                              }>
                              Phone
                            </span>
                          </div>
                          <div
                            style={
                              Object {
                                "paddingLeft": 78,
                                "paddingRight": 3,
                              }
                            }>
                            <span
                              style={
                                Object {
                                  "color": "#777",
                                }
                              }>
                              </
                              PicklistItem
                              >
                            </span>
                          </div>
                        </div>
                        <div>
                          <div
                            style={
                              Object {
                                "paddingLeft": 78,
                                "paddingRight": 3,
                              }
                            }>
                            <span
                              style={
                                Object {
                                  "color": "#777",
                                }
                              }>
                              <
                              PicklistItem
                            </span>
                            <span>
                              <span>
                                 
                                <span
                                  style={Object {}}>
                                  value
                                </span>
                                <span>
                                  =
                                  <span
                                    style={Object {}}>
                                    <span>
                                      {
                                      <span
                                        style={
                                          Object {
                                            "color": "#a11",
                                          }
                                        }>
                                        5
                                      </span>
                                      }
                                    </span>
                                  </span>
                                </span>
                                
                              </span>
                            </span>
                            <span
                              style={
                                Object {
                                  "color": "#777",
                                }
                              }>
                              >
                            </span>
                          </div>
                          <div
                            style={
                              Object {
                                "paddingLeft": 78,
                                "paddingRight": 3,
                              }
                            }>
                            <span
                              style={
                                Object {
                                  "color": "#777",
                                }
                              }>
                              Event
                            </span>
                          </div>
                          <div
                            style={
                              Object {
                                "paddingLeft": 78,
                                "paddingRight": 3,
                              }
                            }>
                            <span
                              style={
                                Object {
                                  "color": "#777",
                                }
                              }>
                              </
                              PicklistItem
                              >
                            </span>
                          </div>
                        </div>
                        <div
                          style={
                            Object {
                              "paddingLeft": 63,
                              "paddingRight": 3,
                            }
                          }>
                          <span
                            style={
                              Object {
                                "color": "#777",
                              }
                            }>
                            </
                            Picklist
                            >
                          </span>
                        </div>
                      </div>
                      <div
                        style={
                          Object {
                            "paddingLeft": 78,
                            "paddingRight": 3,
                          }
                        }>
                        <span
                          style={
                            Object {
                              "color": "#777",
                            }
                          }>
                          <
                          DateInput
                        </span>
                        <span>
                          <span>
                             
                            <span
                              style={Object {}}>
                              label
                            </span>
                            <span>
                              =
                              <span
                                style={Object {}}>
                                <span
                                  style={
                                    Object {
                                      "color": "#22a",
                                      "wordBreak": "break-word",
                                    }
                                  }>
                                  "
                                  Contact Date
                                  "
                                </span>
                              </span>
                            </span>
                          </span>
                          <span>
                             
                            <span
                              style={Object {}}>
                              placeholder
                            </span>
                            <span>
                              =
                              <span
                                style={Object {}}>
                                <span
                                  style={
                                    Object {
                                      "color": "#22a",
                                      "wordBreak": "break-word",
                                    }
                                  }>
                                  "
                                  YYYY/MM/DD
                                  "
                                </span>
                              </span>
                            </span>
                          </span>
                          <span>
                             
                            <span
                              style={Object {}}>
                              dateFormat
                            </span>
                            <span>
                              =
                              <span
                                style={Object {}}>
                                <span
                                  style={
                                    Object {
                                      "color": "#22a",
                                      "wordBreak": "break-word",
                                    }
                                  }>
                                  "
                                  YYYY/MM/DD
                                  "
                                </span>
                              </span>
                            </span>
                             
                          </span>
                        </span>
                        <span
                          style={
                            Object {
                              "color": "#777",
                            }
                          }>
                          />
                        </span>
                      </div>
                      <div
                        style={
                          Object {
                            "paddingLeft": 48,
                            "paddingRight": 3,
                          }
                        }>
                        <span
                          style={
                            Object {
                              "color": "#777",
                            }
                          }>
                          </
                          Row
                          >
                        </span>
                      </div>
                    </div>
                    <div>
                      <div
                        style={
                          Object {
                            "paddingLeft": 48,
                            "paddingRight": 3,
                          }
                        }>
                        <span
                          style={
                            Object {
                              "color": "#777",
                            }
                          }>
                          <
                          Row
                        </span>
                        <span>
                          <span>
                             
                            <span
                              style={Object {}}>
                              cols
                            </span>
                            <span>
                              =
                              <span
                                style={Object {}}>
                                <span>
                                  {
                                  <span
                                    style={
                                      Object {
                                        "color": "#a11",
                                      }
                                    }>
                                    4
                                  </span>
                                  }
                                </span>
                              </span>
                            </span>
                            
                          </span>
                        </span>
                        <span
                          style={
                            Object {
                              "color": "#777",
                            }
                          }>
                          >
                        </span>
                      </div>
                      <div
                        style={
                          Object {
                            "paddingLeft": 78,
                            "paddingRight": 3,
                          }
                        }>
                        <span
                          style={
                            Object {
                              "color": "#777",
                            }
                          }>
                          <
                          Lookup
                        </span>
                        <span>
                          <span>
                             
                            <span
                              style={Object {}}>
                              label
                            </span>
                            <span>
                              =
                              <span
                                style={Object {}}>
                                <span
                                  style={
                                    Object {
                                      "color": "#22a",
                                      "wordBreak": "break-word",
                                    }
                                  }>
                                  "
                                  Related Type
                                  "
                                </span>
                              </span>
                            </span>
                          </span>
                          <span>
                             
                            <span
                              style={Object {}}>
                              data
                            </span>
                            <span>
                              =
                              <span
                                style={Object {}}>
                                <span>
                                  {
                                  <span
                                    style={
                                      Object {
                                        "color": "#666",
                                      }
                                    }>
                                    [
                                    <span>
                                      {
                                      <span
                                        style={
                                          Object {
                                            "color": "#666",
                                          }
                                        }>
                                        {
                                        <span
                                          style={
                                            Object {
                                              "color": "#666",
                                            }
                                          }>
                                          label
                                        </span>
                                        : 
                                        <span
                                          style={
                                            Object {
                                              "color": "#22a",
                                              "wordBreak": "break-word",
                                            }
                                          }>
                                          "
                                          Account
                                          "
                                        </span>
                                        , 
                                        <span
                                          style={
                                            Object {
                                              "color": "#666",
                                            }
                                          }>
                                          value
                                        </span>
                                        : 
                                        <span
                                          style={
                                            Object {
                                              "color": "#22a",
                                              "wordBreak": "break-word",
                                            }
                                          }>
                                          "
                                          1
                                          "
                                        </span>
                                        , 
                                        <span
                                          style={
                                            Object {
                                              "color": "#666",
                                            }
                                          }>
                                          icon
                                        </span>
                                        : 
                                        <span
                                          style={
                                            Object {
                                              "color": "#22a",
                                              "wordBreak": "break-word",
                                            }
                                          }>
                                          "
                                          standard:account
                                          "
                                        </span>
                                        }
                                      </span>
                                      }
                                    </span>
                                    , 
                                    <span>
                                      {
                                      <span
                                        style={
                                          Object {
                                            "color": "#666",
                                          }
                                        }>
                                        {
                                        <span
                                          style={
                                            Object {
                                              "color": "#666",
                                            }
                                          }>
                                          label
                                        </span>
                                        : 
                                        <span
                                          style={
                                            Object {
                                              "color": "#22a",
                                              "wordBreak": "break-word",
                                            }
                                          }>
                                          "
                                          Contact
                                          "
                                        </span>
                                        , 
                                        <span
                                          style={
                                            Object {
                                              "color": "#666",
                                            }
                                          }>
                                          value
                                        </span>
                                        : 
                                        <span
                                          style={
                                            Object {
                                              "color": "#22a",
                                              "wordBreak": "break-word",
                                            }
                                          }>
                                          "
                                          2
                                          "
                                        </span>
                                        , 
                                        <span
                                          style={
                                            Object {
                                              "color": "#666",
                                            }
                                          }>
                                          icon
                                        </span>
                                        : 
                                        <span
                                          style={
                                            Object {
                                              "color": "#22a",
                                              "wordBreak": "break-word",
                                            }
                                          }>
                                          "
                                          standard:contact
                                          "
                                        </span>
                                        }
                                      </span>
                                      }
                                    </span>
                                    , 
                                    <span>
                                      {
                                      <span
                                        style={
                                          Object {
                                            "color": "#666",
                                          }
                                        }>
                                        {
                                        <span
                                          style={
                                            Object {
                                              "color": "#666",
                                            }
                                          }>
                                          label
                                        </span>
                                        : 
                                        <span
                                          style={
                                            Object {
                                              "color": "#22a",
                                              "wordBreak": "break-word",
                                            }
                                          }>
                                          "
                                          Opportunity
                                          "
                                        </span>
                                        , 
                                        <span
                                          style={
                                            Object {
                                              "color": "#666",
                                            }
                                          }>
                                          value
                                        </span>
                                        : 
                                        <span
                                          style={
                                            Object {
                                              "color": "#22a",
                                              "wordBreak": "break-word",
                                            }
                                          }>
                                          "
                                          3
                                          "
                                        </span>
                                        , 
                                        <span
                                          style={
                                            Object {
                                              "color": "#666",
                                            }
                                          }>
                                          icon
                                        </span>
                                        : 
                                        <span
                                          style={
                                            Object {
                                              "color": "#22a",
                                              "wordBreak": "break-word",
                                            }
                                          }>
                                          "
                                          standard:opportunity
                                          "
                                        </span>
                                        }
                                      </span>
                                      }
                                    </span>
                                    ]
                                  </span>
                                  }
                                </span>
                              </span>
                            </span>
                          </span>
                          <span>
                             
                            <span
                              style={Object {}}>
                              cols
                            </span>
                            <span>
                              =
                              <span
                                style={Object {}}>
                                <span>
                                  {
                                  <span
                                    style={
                                      Object {
                                        "color": "#a11",
                                      }
                                    }>
                                    3
                                  </span>
                                  }
                                </span>
                              </span>
                            </span>
                             
                          </span>
                        </span>
                        <span
                          style={
                            Object {
                              "color": "#777",
                            }
                          }>
                          />
                        </span>
                      </div>
                      <div
                        style={
                          Object {
                            "paddingLeft": 48,
                            "paddingRight": 3,
                          }
                        }>
                        <span
                          style={
                            Object {
                              "color": "#777",
                            }
                          }>
                          </
                          Row
                          >
                        </span>
                      </div>
                    </div>
                    <div
                      style={
                        Object {
                          "paddingLeft": 33,
                          "paddingRight": 3,
                        }
                      }>
                      <span
                        style={
                          Object {
                            "color": "#777",
                          }
                        }>
                        </
                        FieldSet
                        >
                      </span>
                    </div>
                  </div>
                  <div>
                    <div
                      style={
                        Object {
                          "paddingLeft": 33,
                          "paddingRight": 3,
                        }
                      }>
                      <span
                        style={
                          Object {
                            "color": "#777",
                          }
                        }>
                        <
                        FieldSet
                      </span>
                      <span>
                        <span>
                           
                          <span
                            style={Object {}}>
                            label
                          </span>
                          <span>
                            =
                            <span
                              style={Object {}}>
                              <span
                                style={
                                  Object {
                                    "color": "#22a",
                                    "wordBreak": "break-word",
                                  }
                                }>
                                "
                                Other
                                "
                              </span>
                            </span>
                          </span>
                          
                        </span>
                      </span>
                      <span
                        style={
                          Object {
                            "color": "#777",
                          }
                        }>
                        >
                      </span>
                    </div>
                    <div>
                      <div
                        style={
                          Object {
                            "paddingLeft": 48,
                            "paddingRight": 3,
                          }
                        }>
                        <span
                          style={
                            Object {
                              "color": "#777",
                            }
                          }>
                          <
                          Row
                        </span>
                        <span />
                        <span
                          style={
                            Object {
                              "color": "#777",
                            }
                          }>
                          >
                        </span>
                      </div>
                      <div>
                        <div
                          style={
                            Object {
                              "paddingLeft": 63,
                              "paddingRight": 3,
                            }
                          }>
                          <span
                            style={
                              Object {
                                "color": "#777",
                              }
                            }>
                            <
                            RadioGroup
                          </span>
                          <span>
                            <span>
                               
                              <span
                                style={Object {}}>
                                label
                              </span>
                              <span>
                                =
                                <span
                                  style={Object {}}>
                                  <span
                                    style={
                                      Object {
                                        "color": "#22a",
                                        "wordBreak": "break-word",
                                      }
                                    }>
                                    "
                                    Gender
                                    "
                                  </span>
                                </span>
                              </span>
                            </span>
                            <span>
                               
                              <span
                                style={Object {}}>
                                name
                              </span>
                              <span>
                                =
                                <span
                                  style={Object {}}>
                                  <span
                                    style={
                                      Object {
                                        "color": "#22a",
                                        "wordBreak": "break-word",
                                      }
                                    }>
                                    "
                                    gender
                                    "
                                  </span>
                                </span>
                              </span>
                              
                            </span>
                          </span>
                          <span
                            style={
                              Object {
                                "color": "#777",
                              }
                            }>
                            >
                          </span>
                        </div>
                        <div
                          style={
                            Object {
                              "paddingLeft": 78,
                              "paddingRight": 3,
                            }
                          }>
                          <span
                            style={
                              Object {
                                "color": "#777",
                              }
                            }>
                            <
                            Radio
                          </span>
                          <span>
                            <span>
                               
                              <span
                                style={Object {}}>
                                label
                              </span>
                              <span>
                                =
                                <span
                                  style={Object {}}>
                                  <span
                                    style={
                                      Object {
                                        "color": "#22a",
                                        "wordBreak": "break-word",
                                      }
                                    }>
                                    "
                                    Male
                                    "
                                  </span>
                                </span>
                              </span>
                            </span>
                            <span>
                               
                              <span
                                style={Object {}}>
                                value
                              </span>
                              <span>
                                =
                                <span
                                  style={Object {}}>
                                  <span>
                                    {
                                    <span
                                      style={
                                        Object {
                                          "color": "#a11",
                                        }
                                      }>
                                      1
                                    </span>
                                    }
                                  </span>
                                </span>
                              </span>
                               
                            </span>
                          </span>
                          <span
                            style={
                              Object {
                                "color": "#777",
                              }
                            }>
                            />
                          </span>
                        </div>
                        <div
                          style={
                            Object {
                              "paddingLeft": 78,
                              "paddingRight": 3,
                            }
                          }>
                          <span
                            style={
                              Object {
                                "color": "#777",
                              }
                            }>
                            <
                            Radio
                          </span>
                          <span>
                            <span>
                               
                              <span
                                style={Object {}}>
                                label
                              </span>
                              <span>
                                =
                                <span
                                  style={Object {}}>
                                  <span
                                    style={
                                      Object {
                                        "color": "#22a",
                                        "wordBreak": "break-word",
                                      }
                                    }>
                                    "
                                    Female
                                    "
                                  </span>
                                </span>
                              </span>
                            </span>
                            <span>
                               
                              <span
                                style={Object {}}>
                                value
                              </span>
                              <span>
                                =
                                <span
                                  style={Object {}}>
                                  <span>
                                    {
                                    <span
                                      style={
                                        Object {
                                          "color": "#a11",
                                        }
                                      }>
                                      2
                                    </span>
                                    }
                                  </span>
                                </span>
                              </span>
                               
                            </span>
                          </span>
                          <span
                            style={
                              Object {
                                "color": "#777",
                              }
                            }>
                            />
                          </span>
                        </div>
                        <div
                          style={
                            Object {
                              "paddingLeft": 78,
                              "paddingRight": 3,
                            }
                          }>
                          <span
                            style={
                              Object {
                                "color": "#777",
                              }
                            }>
                            <
                            Radio
                          </span>
                          <span>
                            <span>
                               
                              <span
                                style={Object {}}>
                                label
                              </span>
                              <span>
                                =
                                <span
                                  style={Object {}}>
                                  <span
                                    style={
                                      Object {
                                        "color": "#22a",
                                        "wordBreak": "break-word",
                                      }
                                    }>
                                    "
                                    Other
                                    "
                                  </span>
                                </span>
                              </span>
                            </span>
                            <span>
                               
                              <span
                                style={Object {}}>
                                value
                              </span>
                              <span>
                                =
                                <span
                                  style={Object {}}>
                                  <span>
                                    {
                                    <span
                                      style={
                                        Object {
                                          "color": "#a11",
                                        }
                                      }>
                                      3
                                    </span>
                                    }
                                  </span>
                                </span>
                              </span>
                               
                            </span>
                          </span>
                          <span
                            style={
                              Object {
                                "color": "#777",
                              }
                            }>
                            />
                          </span>
                        </div>
                        <div
                          style={
                            Object {
                              "paddingLeft": 63,
                              "paddingRight": 3,
                            }
                          }>
                          <span
                            style={
                              Object {
                                "color": "#777",
                              }
                            }>
                            </
                            RadioGroup
                            >
                          </span>
                        </div>
                      </div>
                      <div>
                        <div
                          style={
                            Object {
                              "paddingLeft": 63,
                              "paddingRight": 3,
                            }
                          }>
                          <span
                            style={
                              Object {
                                "color": "#777",
                              }
                            }>
                            <
                            CheckboxGroup
                          </span>
                          <span>
                            <span>
                               
                              <span
                                style={Object {}}>
                                label
                              </span>
                              <span>
                                =
                                <span
                                  style={Object {}}>
                                  <span
                                    style={
                                      Object {
                                        "color": "#22a",
                                        "wordBreak": "break-word",
                                      }
                                    }>
                                    "
                                    Lead Source
                                    "
                                  </span>
                                </span>
                              </span>
                            </span>
                            <span>
                               
                              <span
                                style={Object {}}>
                                name
                              </span>
                              <span>
                                =
                                <span
                                  style={Object {}}>
                                  <span
                                    style={
                                      Object {
                                        "color": "#22a",
                                        "wordBreak": "break-word",
                                      }
                                    }>
                                    "
                                    leadSource
                                    "
                                  </span>
                                </span>
                              </span>
                              
                            </span>
                          </span>
                          <span
                            style={
                              Object {
                                "color": "#777",
                              }
                            }>
                            >
                          </span>
                        </div>
                        <div
                          style={
                            Object {
                              "paddingLeft": 78,
                              "paddingRight": 3,
                            }
                          }>
                          <span
                            style={
                              Object {
                                "color": "#777",
                              }
                            }>
                            <
                            Checkbox
                          </span>
                          <span>
                            <span>
                               
                              <span
                                style={Object {}}>
                                label
                              </span>
                              <span>
                                =
                                <span
                                  style={Object {}}>
                                  <span
                                    style={
                                      Object {
                                        "color": "#22a",
                                        "wordBreak": "break-word",
                                      }
                                    }>
                                    "
                                    Web
                                    "
                                  </span>
                                </span>
                              </span>
                            </span>
                            <span>
                               
                              <span
                                style={Object {}}>
                                value
                              </span>
                              <span>
                                =
                                <span
                                  style={Object {}}>
                                  <span>
                                    {
                                    <span
                                      style={
                                        Object {
                                          "color": "#a11",
                                        }
                                      }>
                                      1
                                    </span>
                                    }
                                  </span>
                                </span>
                              </span>
                               
                            </span>
                          </span>
                          <span
                            style={
                              Object {
                                "color": "#777",
                              }
                            }>
                            />
                          </span>
                        </div>
                        <div
                          style={
                            Object {
                              "paddingLeft": 78,
                              "paddingRight": 3,
                            }
                          }>
                          <span
                            style={
                              Object {
                                "color": "#777",
                              }
                            }>
                            <
                            Checkbox
                          </span>
                          <span>
                            <span>
                               
                              <span
                                style={Object {}}>
                                label
                              </span>
                              <span>
                                =
                                <span
                                  style={Object {}}>
                                  <span
                                    style={
                                      Object {
                                        "color": "#22a",
                                        "wordBreak": "break-word",
                                      }
                                    }>
                                    "
                                    Email
                                    "
                                  </span>
                                </span>
                              </span>
                            </span>
                            <span>
                               
                              <span
                                style={Object {}}>
                                value
                              </span>
                              <span>
                                =
                                <span
                                  style={Object {}}>
                                  <span>
                                    {
                                    <span
                                      style={
                                        Object {
                                          "color": "#a11",
                                        }
                                      }>
                                      2
                                    </span>
                                    }
                                  </span>
                                </span>
                              </span>
                               
                            </span>
                          </span>
                          <span
                            style={
                              Object {
                                "color": "#777",
                              }
                            }>
                            />
                          </span>
                        </div>
                        <div
                          style={
                            Object {
                              "paddingLeft": 78,
                              "paddingRight": 3,
                            }
                          }>
                          <span
                            style={
                              Object {
                                "color": "#777",
                              }
                            }>
                            <
                            Checkbox
                          </span>
                          <span>
                            <span>
                               
                              <span
                                style={Object {}}>
                                label
                              </span>
                              <span>
                                =
                                <span
                                  style={Object {}}>
                                  <span
                                    style={
                                      Object {
                                        "color": "#22a",
                                        "wordBreak": "break-word",
                                      }
                                    }>
                                    "
                                    Phone
                                    "
                                  </span>
                                </span>
                              </span>
                            </span>
                            <span>
                               
                              <span
                                style={Object {}}>
                                value
                              </span>
                              <span>
                                =
                                <span
                                  style={Object {}}>
                                  <span>
                                    {
                                    <span
                                      style={
                                        Object {
                                          "color": "#a11",
                                        }
                                      }>
                                      3
                                    </span>
                                    }
                                  </span>
                                </span>
                              </span>
                               
                            </span>
                          </span>
                          <span
                            style={
                              Object {
                                "color": "#777",
                              }
                            }>
                            />
                          </span>
                        </div>
                        <div
                          style={
                            Object {
                              "paddingLeft": 63,
                              "paddingRight": 3,
                            }
                          }>
                          <span
                            style={
                              Object {
                                "color": "#777",
                              }
                            }>
                            </
                            CheckboxGroup
                            >
                          </span>
                        </div>
                      </div>
                      <div
                        style={
                          Object {
                            "paddingLeft": 48,
                            "paddingRight": 3,
                          }
                        }>
                        <span
                          style={
                            Object {
                              "color": "#777",
                            }
                          }>
                          </
                          Row
                          >
                        </span>
                      </div>
                    </div>
                    <div
                      style={
                        Object {
                          "paddingLeft": 33,
                          "paddingRight": 3,
                        }
                      }>
                      <span
                        style={
                          Object {
                            "color": "#777",
                          }
                        }>
                        </
                        FieldSet
                        >
                      </span>
                    </div>
                  </div>
                  <div
                    style={
                      Object {
                        "paddingLeft": 18,
                        "paddingRight": 3,
                      }
                    }>
                    <span
                      style={
                        Object {
                          "color": "#777",
                        }
                      }>
                      </
                      Form
                      >
                    </span>
                  </div>
                </div>
              </pre>
            </div>
            <div>
              <h1
                style={
                  Object {
                    "borderBottom": "1px solid #EEE",
  -                 "fontSize": 25,
  +                 "fontSize": "25px",
                    "margin": "20px 0 0 0",
                    "padding": "0 0 5px 0",
                  }
                }>
                Prop Types
              </h1>
              <div>
                <h2
                  style={
                    Object {
                      "margin": "20px 0 0 0",
                    }
                  }>
                  "
                  Picklist
                  " Component
                </h2>
                <table
                  style={
                    Object {
                      "borderCollapse": "separate",
                      "borderSpacing": "10px 5px",
                      "marginLeft": -10,
                    }
                  }>
                  <thead>
                    <tr>
                      <th>
                        property
                      </th>
                      <th>
                        propType
                      </th>
                      <th>
                        required
                      </th>
                      <th>
                        default
                      </th>
                    </tr>
                  </thead>
                  <tbody>
                    <tr>
                      <td>
                        selectedText
                      </td>
                      <td>
                        string
                      </td>
                      <td>
                        no
                      </td>
                      <td>
                        <span
                          style={
                            Object {
                              "color": "#22a",
                              "wordBreak": "break-word",
                            }
                          }>
                          "
                          
                          "
                        </span>
                      </td>
                    </tr>
                    <tr>
                      <td>
                        id
                      </td>
                      <td>
                        string
                      </td>
                      <td>
                        no
                      </td>
                      <td>
                        -
                      </td>
                    </tr>
                    <tr>
                      <td>
                        children
                      </td>
                      <td>
                        node
                      </td>
                      <td>
                        no
                      </td>
                      <td>
                        -
                      </td>
                    </tr>
                    <tr>
                      <td>
                        defaultOpened
                      </td>
                      <td>
                        bool
                      </td>
                      <td>
                        no
                      </td>
                      <td>
                        -
                      </td>
                    </tr>
                    <tr>
                      <td>
                        className
                      </td>
                      <td>
                        string
                      </td>
                      <td>
                        no
                      </td>
                      <td>
                        -
                      </td>
                    </tr>
                    <tr>
                      <td>
                        error
                      </td>
                      <td>
                        other
                      </td>
                      <td>
                        no
                      </td>
                      <td>
                        -
                      </td>
                    </tr>
                    <tr>
                      <td>
                        defaultValue
                      </td>
                      <td>
                        other
                      </td>
                      <td>
                        no
                      </td>
                      <td>
                        <span>
                          {
                          <span
                            style={
                              Object {
                                "color": "#666",
                              }
                            }>
                            [
                            ]
                          </span>
                          }
                        </span>
                      </td>
                    </tr>
                    <tr>
                      <td>
                        cols
                      </td>
                      <td>
                        number
                      </td>
                      <td>
                        no
                      </td>
                      <td>
                        -
                      </td>
                    </tr>
                    <tr>
                      <td>
                        onSelect
                      </td>
                      <td>
                        func
                      </td>
                      <td>
                        no
                      </td>
                      <td>
                        -
                      </td>
                    </tr>
                    <tr>
                      <td>
                        name
                      </td>
                      <td>
                        string
                      </td>
                      <td>
                        no
                      </td>
                      <td>
                        -
                      </td>
                    </tr>
                    <tr>
                      <td>
                        label
                      </td>
                      <td>
                        string
                      </td>
                      <td>
                        no
                      </td>
                      <td>
                        -
                      </td>
                    </tr>
                    <tr>
                      <td>
                        multiSelect
                      </td>
                      <td>
                        bool
                      </td>
                      <td>
                        no
                      </td>
                      <td>
                        <span>
                          {
                          <span
                            style={
                              Object {
                                "color": "#a11",
                              }
                            }>
                            false
                          </span>
                          }
                        </span>
                      </td>
                    </tr>
                    <tr>
                      <td>
                        menuSize
                      </td>
                      <td>
                        string
                      </td>
                      <td>
                        no
                      </td>
                      <td>
                        -
                      </td>
                    </tr>
                    <tr>
                      <td>
                        onBlur
                      </td>
                      <td>
                        func
                      </td>
                      <td>
                        no
                      </td>
                      <td>
                        -
                      </td>
                    </tr>
                    <tr>
                      <td>
                        onChange
                      </td>
                      <td>
                        func
                      </td>
                      <td>
                        no
                      </td>
                      <td>
                        -
                      </td>
                    </tr>
                    <tr>
                      <td>
                        onComplete
                      </td>
                      <td>
                        func
                      </td>
                      <td>
                        no
                      </td>
                      <td>
                        -
                      </td>
                    </tr>
                    <tr>
                      <td>
                        onKeyDown
                      </td>
                      <td>
                        func
                      </td>
                      <td>
                        no
                      </td>
                      <td>
                        -
                      </td>
                    </tr>
                    <tr>
                      <td>
                        onValueChange
                      </td>
                      <td>
                        func
                      </td>
                      <td>
                        no
                      </td>
                      <td>
                        -
                      </td>
                    </tr>
                    <tr>
                      <td>
                        optionsSelectedText
                      </td>
                      <td>
                        string
                      </td>
                      <td>
                        no
                      </td>
                      <td>
                        <span
                          style={
                            Object {
                              "color": "#22a",
                              "wordBreak": "break-word",
                            }
                          }>
                          "
                          
                          "
                        </span>
                      </td>
                    </tr>
                    <tr>
                      <td>
                        required
                      </td>
                      <td>
                        bool
                      </td>
                      <td>
                        no
                      </td>
                      <td>
                        -
                      </td>
                    </tr>
                    <tr>
                      <td>
                        totalCols
                      </td>
                      <td>
                        number
                      </td>
                      <td>
                        no
                      </td>
                      <td>
                        -
                      </td>
                    </tr>
                    <tr>
                      <td>
                        value
                      </td>
                      <td>
                        other
                      </td>
                      <td>
                        no
                      </td>
                      <td>
                        -
                      </td>
                    </tr>
                  </tbody>
                </table>
              </div>
              <div>
                <h2
                  style={
                    Object {
                      "margin": "20px 0 0 0",
                    }
                  }>
                  "
                  Form
                  " Component
                </h2>
                <table
                  style={
                    Object {
                      "borderCollapse": "separate",
                      "borderSpacing": "10px 5px",
                      "marginLeft": -10,
                    }
                  }>
                  <thead>
                    <tr>
                      <th>
                        property
                      </th>
                      <th>
                        propType
                      </th>
                      <th>
                        required
                      </th>
                      <th>
                        default
                      </th>
                    </tr>
                  </thead>
                  <tbody>
                    <tr>
                      <td>
                        children
                      </td>
                      <td>
                        node
                      </td>
                      <td>
                        no
                      </td>
                      <td>
                        -
                      </td>
                    </tr>
                    <tr>
                      <td>
                        className
                      </td>
                      <td>
                        string
                      </td>
                      <td>
                        no
                      </td>
                      <td>
                        -
                      </td>
                    </tr>
                    <tr>
                      <td>
                        type
                      </td>
                      <td>
                        other
                      </td>
                      <td>
                        no
                      </td>
                      <td>
                        <span
                          style={
                            Object {
                              "color": "#22a",
                              "wordBreak": "break-word",
                            }
                          }>
                          "
                          stacked
                          "
                        </span>
                      </td>
                    </tr>
                  </tbody>
                </table>
              </div>
              <div>
                <h2
                  style={
                    Object {
                      "margin": "20px 0 0 0",
                    }
                  }>
                  "
                  FieldSet
                  " Component
                </h2>
                <table
                  style={
                    Object {
                      "borderCollapse": "separate",
                      "borderSpacing": "10px 5px",
                      "marginLeft": -10,
                    }
                  }>
                  <thead>
                    <tr>
                      <th>
                        property
                      </th>
                      <th>
                        propType
                      </th>
                      <th>
                        required
                      </th>
                      <th>
                        default
                      </th>
                    </tr>
                  </thead>
                  <tbody>
                    <tr>
                      <td>
                        children
                      </td>
                      <td>
                        node
                      </td>
                      <td>
                        no
                      </td>
                      <td>
                        -
                      </td>
                    </tr>
                    <tr>
                      <td>
                        className
                      </td>
                      <td>
                        string
                      </td>
                      <td>
                        no
                      </td>
                      <td>
                        -
                      </td>
                    </tr>
                    <tr>
                      <td>
                        label
                      </td>
                      <td>
                        string
                      </td>
                      <td>
                        no
                      </td>
                      <td>
                        -
                      </td>
                    </tr>
                  </tbody>
                </table>
              </div>
              <div>
                <h2
                  style={
                    Object {
                      "margin": "20px 0 0 0",
                    }
                  }>
                  "
                  CheckboxGroup
                  " Component
                </h2>
                <table
                  style={
                    Object {
                      "borderCollapse": "separate",
                      "borderSpacing": "10px 5px",
                      "marginLeft": -10,
                    }
                  }>
                  <thead>
                    <tr>
                      <th>
                        property
                      </th>
                      <th>
                        propType
                      </th>
                      <th>
                        required
                      </th>
                      <th>
                        default
                      </th>
                    </tr>
                  </thead>
                  <tbody>
                    <tr>
                      <td>
                        children
                      </td>
                      <td>
                        node
                      </td>
                      <td>
                        no
                      </td>
                      <td>
                        -
                      </td>
                    </tr>
                    <tr>
                      <td>
                        className
                      </td>
                      <td>
                        string
                      </td>
                      <td>
                        no
                      </td>
                      <td>
                        -
                      </td>
                    </tr>
                    <tr>
                      <td>
                        cols
                      </td>
                      <td>
                        number
                      </td>
                      <td>
                        no
                      </td>
                      <td>
                        -
                      </td>
                    </tr>
                    <tr>
                      <td>
                        error
                      </td>
                      <td>
                        other
                      </td>
                      <td>
                        no
                      </td>
                      <td>
                        -
                      </td>
                    </tr>
                    <tr>
                      <td>
                        label
                      </td>
                      <td>
                        string
                      </td>
                      <td>
                        no
                      </td>
                      <td>
                        -
                      </td>
                    </tr>
                    <tr>
                      <td>
                        name
                      </td>
                      <td>
                        string
                      </td>
                      <td>
                        no
                      </td>
                      <td>
                        -
                      </td>
                    </tr>
                    <tr>
                      <td>
                        onChange
                      </td>
                      <td>
                        func
                      </td>
                      <td>
                        no
                      </td>
                      <td>
                        -
                      </td>
                    </tr>
                    <tr>
                      <td>
                        required
                      </td>
                      <td>
                        bool
                      </td>
                      <td>
                        no
                      </td>
                      <td>
                        -
                      </td>
                    </tr>
                    <tr>
                      <td>
                        style
                      </td>
                      <td>
                        object
                      </td>
                      <td>
                        no
                      </td>
                      <td>
                        -
                      </td>
                    </tr>
                    <tr>
                      <td>
                        totalCols
                      </td>
                      <td>
                        number
                      </td>
                      <td>
                        no
                      </td>
                      <td>
                        -
                      </td>
                    </tr>
                  </tbody>
                </table>
              </div>
              <div>
                <h2
                  style={
                    Object {
                      "margin": "20px 0 0 0",
                    }
                  }>
                  "
                  Checkbox
                  " Component
                </h2>
                <table
                  style={
                    Object {
                      "borderCollapse": "separate",
                      "borderSpacing": "10px 5px",
                      "marginLeft": -10,
                    }
                  }>
                  <thead>
                    <tr>
                      <th>
                        property
                      </th>
                      <th>
                        propType
                      </th>
                      <th>
                        required
                      </th>
                      <th>
                        default
                      </th>
                    </tr>
                  </thead>
                  <tbody>
                    <tr>
                      <td>
                        grouped
                      </td>
                      <td>
                        bool
                      </td>
                      <td>
                        no
                      </td>
                      <td>
                        -
                      </td>
                    </tr>
                    <tr>
                      <td>
                        className
                      </td>
                      <td>
                        string
                      </td>
                      <td>
                        no
                      </td>
                      <td>
                        -
                      </td>
                    </tr>
                    <tr>
                      <td>
                        checked
                      </td>
                      <td>
                        bool
                      </td>
                      <td>
                        no
                      </td>
                      <td>
                        -
                      </td>
                    </tr>
                    <tr>
                      <td>
                        checkboxRef
                      </td>
                      <td>
                        func
                      </td>
                      <td>
                        no
                      </td>
                      <td>
                        -
                      </td>
                    </tr>
                    <tr>
                      <td>
                        cols
                      </td>
                      <td>
                        number
                      </td>
                      <td>
                        no
                      </td>
                      <td>
                        -
                      </td>
                    </tr>
                    <tr>
                      <td>
                        defaultChecked
                      </td>
                      <td>
                        bool
                      </td>
                      <td>
                        no
                      </td>
                      <td>
                        -
                      </td>
                    </tr>
                    <tr>
                      <td>
                        error
                      </td>
                      <td>
                        other
                      </td>
                      <td>
                        no
                      </td>
                      <td>
                        -
                      </td>
                    </tr>
                    <tr>
                      <td>
                        label
                      </td>
                      <td>
                        string
                      </td>
                      <td>
                        no
                      </td>
                      <td>
                        -
                      </td>
                    </tr>
                    <tr>
                      <td>
                        name
                      </td>
                      <td>
                        string
                      </td>
                      <td>
                        no
                      </td>
                      <td>
                        -
                      </td>
                    </tr>
                    <tr>
                      <td>
                        required
                      </td>
                      <td>
                        bool
                      </td>
                      <td>
                        no
                      </td>
                      <td>
                        -
                      </td>
                    </tr>
                    <tr>
                      <td>
                        totalCols
                      </td>
                      <td>
                        number
                      </td>
                      <td>
                        no
                      </td>
                      <td>
                        -
                      </td>
                    </tr>
                    <tr>
                      <td>
                        value
                      </td>
                      <td>
                        other
                      </td>
                      <td>
                        no
                      </td>
                      <td>
                        -
                      </td>
                    </tr>
                  </tbody>
                </table>
              </div>
              <div>
                <h2
                  style={
                    Object {
                      "margin": "20px 0 0 0",
                    }
                  }>
                  "
                  DateInput
                  " Component
                </h2>
                <table
                  style={
                    Object {
                      "borderCollapse": "separate",
                      "borderSpacing": "10px 5px",
                      "marginLeft": -10,
                    }
                  }>
                  <thead>
                    <tr>
                      <th>
                        property
                      </th>
                      <th>
                        propType
                      </th>
                      <th>
                        required
                      </th>
                      <th>
                        default
                      </th>
                    </tr>
                  </thead>
                  <tbody>
                    <tr>
                      <td>
                        includeTime
                      </td>
                      <td>
                        bool
                      </td>
                      <td>
                        no
                      </td>
                      <td>
                        -
                      </td>
                    </tr>
                    <tr>
                      <td>
                        extensionRenderer
                      </td>
                      <td>
                        func
                      </td>
                      <td>
                        no
                      </td>
                      <td>
                        -
                      </td>
                    </tr>
                    <tr>
                      <td>
                        dateFormat
                      </td>
                      <td>
                        string
                      </td>
                      <td>
                        no
                      </td>
                      <td>
                        -
                      </td>
                    </tr>
                    <tr>
                      <td>
                        error
                      </td>
                      <td>
                        other
                      </td>
                      <td>
                        no
                      </td>
                      <td>
                        -
                      </td>
                    </tr>
                    <tr>
                      <td>
                        defaultOpened
                      </td>
                      <td>
                        bool
                      </td>
                      <td>
                        no
                      </td>
                      <td>
                        -
                      </td>
                    </tr>
                    <tr>
                      <td>
                        cols
                      </td>
                      <td>
                        number
                      </td>
                      <td>
                        no
                      </td>
                      <td>
                        -
                      </td>
                    </tr>
                    <tr>
                      <td>
                        defaultValue
                      </td>
                      <td>
                        string
                      </td>
                      <td>
                        no
                      </td>
                      <td>
                        -
                      </td>
                    </tr>
                    <tr>
                      <td>
                        onChange
                      </td>
                      <td>
                        func
                      </td>
                      <td>
                        no
                      </td>
                      <td>
                        -
                      </td>
                    </tr>
                    <tr>
                      <td>
                        id
                      </td>
                      <td>
                        string
                      </td>
                      <td>
                        no
                      </td>
                      <td>
                        -
                      </td>
                    </tr>
                    <tr>
                      <td>
                        onValueChange
                      </td>
                      <td>
                        func
                      </td>
                      <td>
                        no
                      </td>
                      <td>
                        -
                      </td>
                    </tr>
                    <tr>
                      <td>
                        required
                      </td>
                      <td>
                        bool
                      </td>
                      <td>
                        no
                      </td>
                      <td>
                        -
                      </td>
                    </tr>
                    <tr>
                      <td>
                        onKeyDown
                      </td>
                      <td>
                        func
                      </td>
                      <td>
                        no
                      </td>
                      <td>
                        -
                      </td>
                    </tr>
                    <tr>
                      <td>
                        onBlur
                      </td>
                      <td>
                        func
                      </td>
                      <td>
                        no
                      </td>
                      <td>
                        -
                      </td>
                    </tr>
                    <tr>
                      <td>
                        maxDate
                      </td>
                      <td>
                        string
                      </td>
                      <td>
                        no
                      </td>
                      <td>
                        -
                      </td>
                    </tr>
                    <tr>
                      <td>
                        label
                      </td>
                      <td>
                        string
                      </td>
                      <td>
                        no
                      </td>
                      <td>
                        -
                      </td>
                    </tr>
                    <tr>
                      <td>
                        onComplete
                      </td>
                      <td>
                        func
                      </td>
                      <td>
                        no
                      </td>
                      <td>
                        -
                      </td>
                    </tr>
                    <tr>
                      <td>
                        menuAlign
                      </td>
                      <td>
                        other
                      </td>
                      <td>
                        no
                      </td>
                      <td>
                        <span
                          style={
                            Object {
                              "color": "#22a",
                              "wordBreak": "break-word",
                            }
                          }>
                          "
                          left
                          "
                        </span>
                      </td>
                    </tr>
                    <tr>
                      <td>
                        minDate
                      </td>
                      <td>
                        string
                      </td>
                      <td>
                        no
                      </td>
                      <td>
                        -
                      </td>
                    </tr>
                    <tr>
                      <td>
                        totalCols
                      </td>
                      <td>
                        number
                      </td>
                      <td>
                        no
                      </td>
                      <td>
                        -
                      </td>
                    </tr>
                    <tr>
                      <td>
                        value
                      </td>
                      <td>
                        string
                      </td>
                      <td>
                        no
                      </td>
                      <td>
                        -
                      </td>
                    </tr>
                  </tbody>
                </table>
              </div>
              <div>
                <h2
                  style={
                    Object {
                      "margin": "20px 0 0 0",
                    }
                  }>
                  "
                  Input
                  " Component
                </h2>
                <table
                  style={
                    Object {
                      "borderCollapse": "separate",
                      "borderSpacing": "10px 5px",
                      "marginLeft": -10,
                    }
                  }>
                  <thead>
                    <tr>
                      <th>
                        property
                      </th>
                      <th>
                        propType
                      </th>
                      <th>
                        required
                      </th>
                      <th>
                        default
                      </th>
                    </tr>
                  </thead>
                  <tbody>
                    <tr>
                      <td>
                        bare
                      </td>
                      <td>
                        bool
                      </td>
                      <td>
                        no
                      </td>
                      <td>
                        -
                      </td>
                    </tr>
                    <tr>
                      <td>
                        id
                      </td>
                      <td>
                        string
                      </td>
                      <td>
                        no
                      </td>
                      <td>
                        -
                      </td>
                    </tr>
                    <tr>
                      <td>
                        addonRight
                      </td>
                      <td>
                        string
                      </td>
                      <td>
                        no
                      </td>
                      <td>
                        -
                      </td>
                    </tr>
                    <tr>
                      <td>
                        addonLeft
                      </td>
                      <td>
                        string
                      </td>
                      <td>
                        no
                      </td>
                      <td>
                        -
                      </td>
                    </tr>
                    <tr>
                      <td>
                        error
                      </td>
                      <td>
                        other
                      </td>
                      <td>
                        no
                      </td>
                      <td>
                        -
                      </td>
                    </tr>
                    <tr>
                      <td>
                        iconRight
                      </td>
                      <td>
                        other
                      </td>
                      <td>
                        no
                      </td>
                      <td>
                        -
                      </td>
                    </tr>
                    <tr>
                      <td>
                        cols
                      </td>
                      <td>
                        number
                      </td>
                      <td>
                        no
                      </td>
                      <td>
                        -
                      </td>
                    </tr>
                    <tr>
                      <td>
                        iconLeft
                      </td>
                      <td>
                        other
                      </td>
                      <td>
                        no
                      </td>
                      <td>
                        -
                      </td>
                    </tr>
                    <tr>
                      <td>
                        defaultValue
                      </td>
                      <td>
                        string
                      </td>
                      <td>
                        no
                      </td>
                      <td>
                        -
                      </td>
                    </tr>
                    <tr>
                      <td>
                        htmlReadOnly
                      </td>
                      <td>
                        bool
                      </td>
                      <td>
                        no
                      </td>
                      <td>
                        -
                      </td>
                    </tr>
                    <tr>
                      <td>
                        className
                      </td>
                      <td>
                        string
                      </td>
                      <td>
                        no
                      </td>
                      <td>
                        -
                      </td>
                    </tr>
                    <tr>
                      <td>
                        inputRef
                      </td>
                      <td>
                        func
                      </td>
                      <td>
                        no
                      </td>
                      <td>
                        -
                      </td>
                    </tr>
                    <tr>
                      <td>
                        label
                      </td>
                      <td>
                        string
                      </td>
                      <td>
                        no
                      </td>
                      <td>
                        -
                      </td>
                    </tr>
                    <tr>
                      <td>
                        onChange
                      </td>
                      <td>
                        func
                      </td>
                      <td>
                        no
                      </td>
                      <td>
                        -
                      </td>
                    </tr>
                    <tr>
                      <td>
                        onKeyDown
                      </td>
                      <td>
                        func
                      </td>
                      <td>
                        no
                      </td>
                      <td>
                        -
                      </td>
                    </tr>
                    <tr>
                      <td>
                        placeholder
                      </td>
                      <td>
                        string
                      </td>
                      <td>
                        no
                      </td>
                      <td>
                        -
                      </td>
                    </tr>
                    <tr>
                      <td>
                        readOnly
                      </td>
                      <td>
                        bool
                      </td>
                      <td>
                        no
                      </td>
                      <td>
                        -
                      </td>
                    </tr>
                    <tr>
                      <td>
                        required
                      </td>
                      <td>
                        bool
                      </td>
                      <td>
                        no
                      </td>
                      <td>
                        -
                      </td>
                    </tr>
                    <tr>
                      <td>
                        symbolPattern
                      </td>
                      <td>
                        string
                      </td>
                      <td>
                        no
                      </td>
                      <td>
                        -
                      </td>
                    </tr>
                    <tr>
                      <td>
                        totalCols
                      </td>
                      <td>
                        number
                      </td>
                      <td>
                        no
                      </td>
                      <td>
                        -
                      </td>
                    </tr>
                    <tr>
                      <td>
                        value
                      </td>
                      <td>
                        string
                      </td>
                      <td>
                        no
                      </td>
                      <td>
                        -
                      </td>
                    </tr>
                  </tbody>
                </table>
              </div>
              <div>
                <h2
                  style={
                    Object {
                      "margin": "20px 0 0 0",
                    }
                  }>
                  "
                  Lookup
                  " Component
                </h2>
                <table
                  style={
                    Object {
                      "borderCollapse": "separate",
                      "borderSpacing": "10px 5px",
                      "marginLeft": -10,
                    }
                  }>
                  <thead>
                    <tr>
                      <th>
                        property
                      </th>
                      <th>
                        propType
                      </th>
                      <th>
                        required
                      </th>
                      <th>
                        default
                      </th>
                    </tr>
                  </thead>
                  <tbody>
                    <tr>
                      <td>
                        lookupFilter
                      </td>
                      <td>
                        func
                      </td>
                      <td>
                        no
                      </td>
                      <td>
                        -
                      </td>
                    </tr>
                    <tr>
                      <td>
                        cols
                      </td>
                      <td>
                        number
                      </td>
                      <td>
                        no
                      </td>
                      <td>
                        -
                      </td>
                    </tr>
                    <tr>
                      <td>
                        className
                      </td>
                      <td>
                        string
                      </td>
                      <td>
                        no
                      </td>
                      <td>
                        -
                      </td>
                    </tr>
                    <tr>
                      <td>
                        listFooter
                      </td>
                      <td>
                        node
                      </td>
                      <td>
                        no
                      </td>
                      <td>
                        -
                      </td>
                    </tr>
                    <tr>
                      <td>
                        id
                      </td>
                      <td>
                        string
                      </td>
                      <td>
                        no
                      </td>
                      <td>
                        -
                      </td>
                    </tr>
                    <tr>
                      <td>
                        defaultTargetScope
                      </td>
                      <td>
                        string
                      </td>
                      <td>
                        no
                      </td>
                      <td>
                        -
                      </td>
                    </tr>
                    <tr>
                      <td>
                        defaultValue
                      </td>
                      <td>
                        string
                      </td>
                      <td>
                        no
                      </td>
                      <td>
                        -
                      </td>
                    </tr>
                    <tr>
                      <td>
                        iconAlign
                      </td>
                      <td>
                        other
                      </td>
                      <td>
                        no
                      </td>
                      <td>
                        -
                      </td>
                    </tr>
                    <tr>
                      <td>
                        defaultSelected
                      </td>
                      <td>
                        other
                      </td>
                      <td>
                        no
                      </td>
                      <td>
                        -
                      </td>
                    </tr>
                    <tr>
                      <td>
                        error
                      </td>
                      <td>
                        other
                      </td>
                      <td>
                        no
                      </td>
                      <td>
                        -
                      </td>
                    </tr>
                    <tr>
                      <td>
                        defaultOpened
                      </td>
                      <td>
                        bool
                      </td>
                      <td>
                        no
                      </td>
                      <td>
                        -
                      </td>
                    </tr>
                    <tr>
                      <td>
                        data
                      </td>
                      <td>
                        other
                      </td>
                      <td>
                        no
                      </td>
                      <td>
                        -
                      </td>
                    </tr>
                    <tr>
                      <td>
                        defaultSearchText
                      </td>
                      <td>
                        string
                      </td>
                      <td>
                        no
                      </td>
                      <td>
                        -
                      </td>
                    </tr>
                    <tr>
                      <td>
                        onSearchTextChange
                      </td>
                      <td>
                        func
                      </td>
                      <td>
                        no
                      </td>
                      <td>
                        -
                      </td>
                    </tr>
                    <tr>
                      <td>
                        loading
                      </td>
                      <td>
                        bool
                      </td>
                      <td>
                        no
                      </td>
                      <td>
                        -
                      </td>
                    </tr>
                    <tr>
                      <td>
                        label
                      </td>
                      <td>
                        string
                      </td>
                      <td>
                        no
                      </td>
                      <td>
                        -
                      </td>
                    </tr>
                    <tr>
                      <td>
                        listHeader
                      </td>
                      <td>
                        node
                      </td>
                      <td>
                        no
                      </td>
                      <td>
                        -
                      </td>
                    </tr>
                    <tr>
                      <td>
                        onScopeChange
                      </td>
                      <td>
                        func
                      </td>
                      <td>
                        no
                      </td>
                      <td>
                        -
                      </td>
                    </tr>
                    <tr>
                      <td>
                        opened
                      </td>
                      <td>
                        bool
                      </td>
                      <td>
                        no
                      </td>
                      <td>
                        -
                      </td>
                    </tr>
                    <tr>
                      <td>
                        onComplete
                      </td>
                      <td>
                        func
                      </td>
                      <td>
                        no
                      </td>
                      <td>
                        -
                      </td>
                    </tr>
                    <tr>
                      <td>
                        onSelect
                      </td>
                      <td>
                        func
                      </td>
                      <td>
                        no
                      </td>
                      <td>
                        -
                      </td>
                    </tr>
                    <tr>
                      <td>
                        onBlur
                      </td>
                      <td>
                        func
                      </td>
                      <td>
                        no
                      </td>
                      <td>
                        -
                      </td>
                    </tr>
                    <tr>
                      <td>
                        onLookupRequest
                      </td>
                      <td>
                        func
                      </td>
                      <td>
                        no
                      </td>
                      <td>
                        -
                      </td>
                    </tr>
                    <tr>
                      <td>
                        onScopeMenuClick
                      </td>
                      <td>
                        func
                      </td>
                      <td>
                        no
                      </td>
                      <td>
                        -
                      </td>
                    </tr>
                    <tr>
                      <td>
                        required
                      </td>
                      <td>
                        bool
                      </td>
                      <td>
                        no
                      </td>
                      <td>
                        -
                      </td>
                    </tr>
                    <tr>
                      <td>
                        scopes
                      </td>
                      <td>
                        other
                      </td>
                      <td>
                        no
                      </td>
                      <td>
                        -
                      </td>
                    </tr>
                    <tr>
                      <td>
                        searchText
                      </td>
                      <td>
                        string
                      </td>
                      <td>
                        no
                      </td>
                      <td>
                        -
                      </td>
                    </tr>
                    <tr>
                      <td>
                        selected
                      </td>
                      <td>
                        other
      